2025-06-21 18:01:44,044 - Image_Processor - DEBUG - Loading YOLO model...
2025-06-21 18:01:45,214 - Image_Processor - DEBUG - Waiting for 'start_ip'...
2025-06-21 18:01:45,218 - Image_Processor - DEBUG - Watching images16 for up to 6 new images...
2025-06-21 18:02:15,789 - Image_Processor - DEBUG - Processing image (tiled): images16/image_1.jpg
2025-06-21 18:02:20,390 - Image_Processor - INFO - Toplam 2 obje tespit edildi.
2025-06-21 18:02:20,391 - Image_Processor - DEBUG - Processed images16/image_1.jpg (1/6)
2025-06-21 18:02:20,391 - Image_Processor - DEBUG - Processing image (tiled): images16/image_2.jpg
2025-06-21 18:02:20,789 - Image_Processor - INFO - Toplam 4 obje tespit edildi.
2025-06-21 18:02:20,789 - Image_Processor - DEBUG - Processed images16/image_2.jpg (2/6)
2025-06-21 18:02:20,789 - Image_Processor - DEBUG - Processing image (tiled): images16/image_3.jpg
2025-06-21 18:02:21,142 - Image_Processor - INFO - Toplam 7 obje tespit edildi.
2025-06-21 18:02:21,142 - Image_Processor - DEBUG - Processed images16/image_3.jpg (3/6)
2025-06-21 18:02:21,142 - Image_Processor - DEBUG - Processing image (tiled): images16/image_4.jpg
2025-06-21 18:02:21,481 - Image_Processor - INFO - Toplam 9 obje tespit edildi.
2025-06-21 18:02:21,481 - Image_Processor - DEBUG - Processed images16/image_4.jpg (4/6)
2025-06-21 18:02:21,481 - Image_Processor - DEBUG - Processing image (tiled): images16/image_5.jpg
2025-06-21 18:02:21,806 - Image_Processor - INFO - Toplam 9 obje tespit edildi.
2025-06-21 18:02:21,806 - Image_Processor - DEBUG - Processed images16/image_5.jpg (5/6)
2025-06-21 18:02:21,807 - Image_Processor - DEBUG - Processing image (tiled): images16/image_6.jpg
2025-06-21 18:02:22,127 - Image_Processor - INFO - Toplam 10 obje tespit edildi.
2025-06-21 18:02:22,128 - Image_Processor - DEBUG - Processed images16/image_6.jpg (6/6)
2025-06-21 18:02:22,628 - Image_Processor - DEBUG - All 6 images processed.
2025-06-21 18:02:22,646 - Image_Processor - DEBUG - Saved detection_file16.csv
