2025-06-23 18:19:54,219 - Image_Processor - DEBUG - Loading YOLO model...
2025-06-23 18:19:55,282 - Image_Processor - DEBUG - Waiting for 'start_ip'...
2025-06-23 18:19:55,283 - Image_Processor - DEBUG - Watching images21 for up to 6 new images...
2025-06-23 18:20:11,822 - Image_Processor - DEBUG - Processing image (tiled): images21/image_1.jpg
2025-06-23 18:20:15,986 - Image_Processor - INFO - Toplam 1 obje tespit edildi.
2025-06-23 18:20:15,986 - Image_Processor - DEBUG - Processed images21/image_1.jpg (1/6)
2025-06-23 18:20:15,986 - Image_Processor - DEBUG - Processing image (tiled): images21/image_2.jpg
2025-06-23 18:20:16,327 - Image_Processor - INFO - Toplam 2 obje tespit edildi.
2025-06-23 18:20:16,328 - Image_Processor - DEBUG - Processed images21/image_2.jpg (2/6)
2025-06-23 18:20:16,328 - Image_Processor - DEBUG - Processing image (tiled): images21/image_3.jpg
2025-06-23 18:20:16,725 - Image_Processor - INFO - Toplam 5 obje tespit edildi.
2025-06-23 18:20:16,725 - Image_Processor - DEBUG - Processed images21/image_3.jpg (3/6)
2025-06-23 18:20:16,725 - Image_Processor - DEBUG - Processing image (tiled): images21/image_4.jpg
2025-06-23 18:20:17,082 - Image_Processor - INFO - Toplam 5 obje tespit edildi.
2025-06-23 18:20:17,082 - Image_Processor - DEBUG - Processed images21/image_4.jpg (4/6)
2025-06-23 18:20:17,082 - Image_Processor - DEBUG - Processing image (tiled): images21/image_5.jpg
2025-06-23 18:20:17,456 - Image_Processor - INFO - Toplam 6 obje tespit edildi.
2025-06-23 18:20:17,457 - Image_Processor - DEBUG - Processed images21/image_5.jpg (5/6)
2025-06-23 18:20:17,457 - Image_Processor - DEBUG - Processing image (tiled): images21/image_6.jpg
2025-06-23 18:20:17,810 - Image_Processor - INFO - Toplam 6 obje tespit edildi.
2025-06-23 18:20:17,810 - Image_Processor - DEBUG - Processed images21/image_6.jpg (6/6)
2025-06-23 18:20:18,311 - Image_Processor - DEBUG - All 6 images processed.
2025-06-23 18:20:18,320 - Image_Processor - DEBUG - Saved detection_file21.csv
