2025-06-22 18:32:06,166 - Image_Processor - DEBUG - Loading YOLO model...
2025-06-22 18:32:07,658 - Image_Processor - DEBUG - Waiting for 'start_ip'...
2025-06-22 19:23:37,317 - Image_Processor - DEBUG - Watching images19 for up to 6 new images...
2025-06-22 19:23:53,356 - Image_Processor - DEBUG - Processing image (tiled): images19/image_1.jpg
2025-06-22 19:23:58,937 - Image_Processor - INFO - Toplam 1 obje tespit edildi.
2025-06-22 19:23:58,938 - Image_Processor - DEBUG - Processed images19/image_1.jpg (1/6)
2025-06-22 19:24:08,462 - Image_Processor - DEBUG - Processing image (tiled): images19/image_2.jpg
2025-06-22 19:24:08,797 - Image_Processor - INFO - Toplam 2 obje tespit edildi.
2025-06-22 19:24:08,797 - Image_Processor - DEBUG - Processed images19/image_2.jpg (2/6)
2025-06-22 19:24:23,331 - Image_Processor - DEBUG - Processing image (tiled): images19/image_3.jpg
2025-06-22 19:24:23,657 - Image_Processor - INFO - Toplam 5 obje tespit edildi.
2025-06-22 19:24:23,658 - Image_Processor - DEBUG - Processed images19/image_3.jpg (3/6)
2025-06-22 19:24:35,685 - Image_Processor - DEBUG - Processing image (tiled): images19/image_4.jpg
2025-06-22 19:24:35,999 - Image_Processor - INFO - Toplam 5 obje tespit edildi.
2025-06-22 19:24:35,999 - Image_Processor - DEBUG - Processed images19/image_4.jpg (4/6)
2025-06-22 19:24:47,526 - Image_Processor - DEBUG - Processing image (tiled): images19/image_5.jpg
2025-06-22 19:24:47,872 - Image_Processor - INFO - Toplam 6 obje tespit edildi.
2025-06-22 19:24:47,872 - Image_Processor - DEBUG - Processed images19/image_5.jpg (5/6)
2025-06-22 19:25:01,405 - Image_Processor - DEBUG - Processing image (tiled): images19/image_6.jpg
2025-06-22 19:25:01,705 - Image_Processor - INFO - Toplam 6 obje tespit edildi.
2025-06-22 19:25:01,706 - Image_Processor - DEBUG - Processed images19/image_6.jpg (6/6)
2025-06-22 19:25:02,206 - Image_Processor - DEBUG - All 6 images processed.
2025-06-22 19:25:02,221 - Image_Processor - DEBUG - Saved detection_file19.csv
