2025-06-22 01:53:43,691 - Image_Processor - DEBUG - Loading YOLO model...
2025-06-22 01:53:44,831 - Image_Processor - DEBUG - Waiting for 'start_ip'...
2025-06-22 02:35:14,522 - Image_Processor - DEBUG - Watching images18 for up to 6 new images...
2025-06-22 02:35:31,057 - Image_Processor - DEBUG - Processing image (tiled): images18/image_1.jpg
2025-06-22 02:35:36,175 - Image_Processor - INFO - Toplam 1 obje tespit edildi.
2025-06-22 02:35:36,175 - Image_Processor - DEBUG - Processed images18/image_1.jpg (1/6)
2025-06-22 02:35:42,691 - Image_Processor - DEBUG - Processing image (tiled): images18/image_2.jpg
2025-06-22 02:35:43,041 - Image_Processor - INFO - Toplam 3 obje tespit edildi.
2025-06-22 02:35:43,041 - Image_Processor - DEBUG - Processed images18/image_2.jpg (2/6)
2025-06-22 02:35:53,566 - Image_Processor - DEBUG - Processing image (tiled): images18/image_3.jpg
2025-06-22 02:35:54,078 - Image_Processor - INFO - Toplam 4 obje tespit edildi.
2025-06-22 02:35:54,078 - Image_Processor - DEBUG - Processed images18/image_3.jpg (3/6)
2025-06-22 02:36:04,603 - Image_Processor - DEBUG - Processing image (tiled): images18/image_4.jpg
2025-06-22 02:36:04,961 - Image_Processor - INFO - Toplam 5 obje tespit edildi.
2025-06-22 02:36:04,961 - Image_Processor - DEBUG - Processed images18/image_4.jpg (4/6)
2025-06-22 02:36:17,488 - Image_Processor - DEBUG - Processing image (tiled): images18/image_5.jpg
2025-06-22 02:36:17,914 - Image_Processor - INFO - Toplam 5 obje tespit edildi.
2025-06-22 02:36:17,915 - Image_Processor - DEBUG - Processed images18/image_5.jpg (5/6)
2025-06-22 02:36:29,443 - Image_Processor - DEBUG - Processing image (tiled): images18/image_6.jpg
2025-06-22 02:36:29,806 - Image_Processor - INFO - Toplam 7 obje tespit edildi.
2025-06-22 02:36:29,806 - Image_Processor - DEBUG - Processed images18/image_6.jpg (6/6)
2025-06-22 02:36:30,307 - Image_Processor - DEBUG - All 6 images processed.
2025-06-22 02:36:30,323 - Image_Processor - DEBUG - Saved detection_file18.csv
