2025-06-20 23:17:40,653 - map_video - DEBUG - [mapping_recorder.main:75] - Test başlatılıyor: 10 saniye video kaydı.
2025-06-20 23:17:41,420 - map_video - DEBUG - [mapping_recorder.main:89] - [20250620_231741] Test video kaydı başladı → test_video_20250620_231741.mp4
2025-06-20 23:17:51,451 - map_video - DEBUG - [mapping_recorder.main:101] - [23:17:51] Test kaydı durduruluyor.
2025-06-20 23:17:51,519 - map_video - DEBUG - [mapping_recorder.main:109] - Ana işlem başlatılıyor. Redis ile iletişim kurulacak.
2025-06-20 23:17:51,520 - map_video - DEBUG - [mapping_recorder.main:114] - beklemedyiz hacıdayı
2025-06-20 23:17:51,571 - map_video - DEBUG - [mapping_recorder.main:114] - beklemedyiz hacıdayı
2025-06-20 23:17:51,622 - map_video - DEBUG - [mapping_recorder.main:114] - beklemedyiz hacıdayı
2025-06-20 23:17:51,673 - map_video - DEBUG - [mapping_recorder.main:114] - beklemedyiz hacıdayı
2025-06-20 23:17:51,724 - map_video - DEBUG - [mapping_recorder.main:114] - beklemedyiz hacıdayı
2025-06-20 23:17:51,775 - map_video - DEBUG - [mapping_recorder.main:114] - beklemedyiz hacıdayı
2025-06-20 23:17:51,825 - map_video - DEBUG - [mapping_recorder.main:114] - beklemedyiz hacıdayı
2025-06-20 23:17:51,876 - map_video - DEBUG - [mapping_recorder.main:114] - beklemedyiz hacıdayı
2025-06-20 23:17:51,927 - map_video - DEBUG - [mapping_recorder.main:114] - beklemedyiz hacıdayı
2025-06-20 23:17:51,978 - map_video - DEBUG - [mapping_recorder.main:114] - beklemedyiz hacıdayı
2025-06-20 23:17:52,029 - map_video - DEBUG - [mapping_recorder.main:114] - beklemedyiz hacıdayı
2025-06-20 23:17:52,080 - map_video - DEBUG - [mapping_recorder.main:114] - beklemedyiz hacıdayı
2025-06-20 23:17:52,131 - map_video - DEBUG - [mapping_recorder.main:114] - beklemedyiz hacıdayı
2025-06-20 23:17:52,182 - map_video - DEBUG - [mapping_recorder.main:114] - beklemedyiz hacıdayı
2025-06-20 23:17:52,233 - map_video - DEBUG - [mapping_recorder.main:114] - beklemedyiz hacıdayı
2025-06-20 23:17:52,284 - map_video - DEBUG - [mapping_recorder.main:114] - beklemedyiz hacıdayı
2025-06-20 23:17:52,335 - map_video - DEBUG - [mapping_recorder.main:114] - beklemedyiz hacıdayı
2025-06-20 23:17:52,386 - map_video - DEBUG - [mapping_recorder.main:114] - beklemedyiz hacıdayı
2025-06-20 23:17:52,437 - map_video - DEBUG - [mapping_recorder.main:114] - beklemedyiz hacıdayı
2025-06-20 23:17:52,488 - map_video - DEBUG - [mapping_recorder.main:114] - beklemedyiz hacıdayı
2025-06-20 23:17:52,539 - map_video - DEBUG - [mapping_recorder.main:114] - beklemedyiz hacıdayı
2025-06-20 23:17:52,589 - map_video - DEBUG - [mapping_recorder.main:114] - beklemedyiz hacıdayı
2025-06-20 23:17:52,640 - map_video - DEBUG - [mapping_recorder.main:114] - beklemedyiz hacıdayı
2025-06-20 23:17:52,691 - map_video - DEBUG - [mapping_recorder.main:114] - beklemedyiz hacıdayı
2025-06-20 23:17:52,742 - map_video - DEBUG - [mapping_recorder.main:114] - beklemedyiz hacıdayı
2025-06-20 23:17:52,793 - map_video - DEBUG - [mapping_recorder.main:114] - beklemedyiz hacıdayı
2025-06-20 23:17:52,844 - map_video - DEBUG - [mapping_recorder.main:114] - beklemedyiz hacıdayı
2025-06-20 23:17:52,895 - map_video - DEBUG - [mapping_recorder.main:114] - beklemedyiz hacıdayı
2025-06-20 23:17:52,946 - map_video - DEBUG - [mapping_recorder.main:114] - beklemedyiz hacıdayı
2025-06-20 23:17:52,996 - map_video - DEBUG - [mapping_recorder.main:114] - beklemedyiz hacıdayı
2025-06-20 23:17:53,047 - map_video - DEBUG - [mapping_recorder.main:114] - beklemedyiz hacıdayı
2025-06-20 23:17:53,098 - map_video - DEBUG - [mapping_recorder.main:114] - beklemedyiz hacıdayı
2025-06-20 23:17:53,149 - map_video - DEBUG - [mapping_recorder.main:114] - beklemedyiz hacıdayı
2025-06-20 23:17:53,200 - map_video - DEBUG - [mapping_recorder.main:114] - beklemedyiz hacıdayı
2025-06-20 23:17:53,251 - map_video - DEBUG - [mapping_recorder.main:114] - beklemedyiz hacıdayı
2025-06-20 23:17:53,302 - map_video - DEBUG - [mapping_recorder.main:114] - beklemedyiz hacıdayı
2025-06-20 23:17:53,353 - map_video - DEBUG - [mapping_recorder.main:114] - beklemedyiz hacıdayı
2025-06-20 23:17:53,404 - map_video - DEBUG - [mapping_recorder.main:114] - beklemedyiz hacıdayı
2025-06-20 23:17:53,455 - map_video - DEBUG - [mapping_recorder.main:114] - beklemedyiz hacıdayı
2025-06-20 23:17:53,505 - map_video - DEBUG - [mapping_recorder.main:114] - beklemedyiz hacıdayı
2025-06-20 23:17:53,556 - map_video - DEBUG - [mapping_recorder.main:114] - beklemedyiz hacıdayı
2025-06-20 23:17:53,607 - map_video - DEBUG - [mapping_recorder.main:114] - beklemedyiz hacıdayı
2025-06-20 23:17:53,658 - map_video - DEBUG - [mapping_recorder.main:114] - beklemedyiz hacıdayı
2025-06-20 23:17:53,709 - map_video - DEBUG - [mapping_recorder.main:114] - beklemedyiz hacıdayı
2025-06-20 23:17:53,760 - map_video - DEBUG - [mapping_recorder.main:114] - beklemedyiz hacıdayı
2025-06-20 23:17:53,811 - map_video - DEBUG - [mapping_recorder.main:114] - beklemedyiz hacıdayı
2025-06-20 23:17:53,862 - map_video - DEBUG - [mapping_recorder.main:114] - beklemedyiz hacıdayı
2025-06-20 23:17:53,913 - map_video - DEBUG - [mapping_recorder.main:114] - beklemedyiz hacıdayı
2025-06-20 23:17:53,964 - map_video - DEBUG - [mapping_recorder.main:114] - beklemedyiz hacıdayı
2025-06-20 23:17:54,014 - map_video - DEBUG - [mapping_recorder.main:114] - beklemedyiz hacıdayı
2025-06-20 23:17:54,065 - map_video - DEBUG - [mapping_recorder.main:114] - beklemedyiz hacıdayı
2025-06-20 23:17:54,116 - map_video - DEBUG - [mapping_recorder.main:114] - beklemedyiz hacıdayı
2025-06-20 23:17:54,167 - map_video - DEBUG - [mapping_recorder.main:114] - beklemedyiz hacıdayı
2025-06-20 23:17:54,218 - map_video - DEBUG - [mapping_recorder.main:114] - beklemedyiz hacıdayı
2025-06-20 23:17:54,269 - map_video - DEBUG - [mapping_recorder.main:114] - beklemedyiz hacıdayı
2025-06-20 23:17:54,320 - map_video - DEBUG - [mapping_recorder.main:114] - beklemedyiz hacıdayı
2025-06-20 23:17:54,371 - map_video - DEBUG - [mapping_recorder.main:114] - beklemedyiz hacıdayı
2025-06-20 23:17:54,422 - map_video - DEBUG - [mapping_recorder.main:114] - beklemedyiz hacıdayı
2025-06-20 23:17:54,473 - map_video - DEBUG - [mapping_recorder.main:114] - beklemedyiz hacıdayı
2025-06-20 23:17:54,524 - map_video - DEBUG - [mapping_recorder.main:114] - beklemedyiz hacıdayı
2025-06-20 23:17:54,575 - map_video - DEBUG - [mapping_recorder.main:114] - beklemedyiz hacıdayı
2025-06-20 23:17:54,626 - map_video - DEBUG - [mapping_recorder.main:114] - beklemedyiz hacıdayı
2025-06-20 23:17:54,677 - map_video - DEBUG - [mapping_recorder.main:114] - beklemedyiz hacıdayı
2025-06-20 23:17:54,727 - map_video - DEBUG - [mapping_recorder.main:114] - beklemedyiz hacıdayı
2025-06-20 23:17:54,778 - map_video - DEBUG - [mapping_recorder.main:114] - beklemedyiz hacıdayı
2025-06-20 23:17:54,829 - map_video - DEBUG - [mapping_recorder.main:114] - beklemedyiz hacıdayı
2025-06-20 23:17:54,880 - map_video - DEBUG - [mapping_recorder.main:114] - beklemedyiz hacıdayı
2025-06-20 23:17:54,931 - map_video - DEBUG - [mapping_recorder.main:114] - beklemedyiz hacıdayı
2025-06-20 23:17:54,982 - map_video - DEBUG - [mapping_recorder.main:114] - beklemedyiz hacıdayı
2025-06-20 23:17:55,033 - map_video - DEBUG - [mapping_recorder.main:114] - beklemedyiz hacıdayı
2025-06-20 23:17:55,084 - map_video - DEBUG - [mapping_recorder.main:114] - beklemedyiz hacıdayı
2025-06-20 23:17:55,135 - map_video - DEBUG - [mapping_recorder.main:114] - beklemedyiz hacıdayı
2025-06-20 23:17:55,186 - map_video - DEBUG - [mapping_recorder.main:114] - beklemedyiz hacıdayı
2025-06-20 23:17:55,237 - map_video - DEBUG - [mapping_recorder.main:114] - beklemedyiz hacıdayı
2025-06-20 23:17:55,288 - map_video - DEBUG - [mapping_recorder.main:114] - beklemedyiz hacıdayı
2025-06-20 23:17:55,339 - map_video - DEBUG - [mapping_recorder.main:114] - beklemedyiz hacıdayı
2025-06-20 23:17:55,390 - map_video - DEBUG - [mapping_recorder.main:114] - beklemedyiz hacıdayı
2025-06-20 23:17:55,441 - map_video - DEBUG - [mapping_recorder.main:114] - beklemedyiz hacıdayı
2025-06-20 23:17:55,492 - map_video - DEBUG - [mapping_recorder.main:114] - beklemedyiz hacıdayı
2025-06-20 23:17:55,543 - map_video - DEBUG - [mapping_recorder.main:114] - beklemedyiz hacıdayı
2025-06-20 23:17:55,594 - map_video - DEBUG - [mapping_recorder.main:114] - beklemedyiz hacıdayı
2025-06-20 23:17:55,645 - map_video - DEBUG - [mapping_recorder.main:114] - beklemedyiz hacıdayı
2025-06-20 23:17:55,695 - map_video - DEBUG - [mapping_recorder.main:114] - beklemedyiz hacıdayı
2025-06-20 23:17:55,746 - map_video - DEBUG - [mapping_recorder.main:114] - beklemedyiz hacıdayı
2025-06-20 23:17:55,797 - map_video - DEBUG - [mapping_recorder.main:114] - beklemedyiz hacıdayı
2025-06-20 23:17:55,848 - map_video - DEBUG - [mapping_recorder.main:114] - beklemedyiz hacıdayı
2025-06-20 23:17:55,899 - map_video - DEBUG - [mapping_recorder.main:114] - beklemedyiz hacıdayı
2025-06-20 23:17:55,950 - map_video - DEBUG - [mapping_recorder.main:114] - beklemedyiz hacıdayı
2025-06-20 23:17:56,001 - map_video - DEBUG - [mapping_recorder.main:114] - beklemedyiz hacıdayı
2025-06-20 23:17:56,052 - map_video - DEBUG - [mapping_recorder.main:114] - beklemedyiz hacıdayı
2025-06-20 23:17:56,103 - map_video - DEBUG - [mapping_recorder.main:114] - beklemedyiz hacıdayı
2025-06-20 23:17:56,154 - map_video - DEBUG - [mapping_recorder.main:114] - beklemedyiz hacıdayı
2025-06-20 23:17:56,204 - map_video - DEBUG - [mapping_recorder.main:114] - beklemedyiz hacıdayı
2025-06-20 23:17:56,255 - map_video - DEBUG - [mapping_recorder.main:114] - beklemedyiz hacıdayı
2025-06-20 23:17:56,306 - map_video - DEBUG - [mapping_recorder.main:114] - beklemedyiz hacıdayı
2025-06-20 23:17:56,357 - map_video - DEBUG - [mapping_recorder.main:114] - beklemedyiz hacıdayı
2025-06-20 23:17:56,408 - map_video - DEBUG - [mapping_recorder.main:114] - beklemedyiz hacıdayı
2025-06-20 23:17:56,459 - map_video - DEBUG - [mapping_recorder.main:114] - beklemedyiz hacıdayı
2025-06-20 23:17:56,510 - map_video - DEBUG - [mapping_recorder.main:114] - beklemedyiz hacıdayı
2025-06-20 23:17:56,561 - map_video - DEBUG - [mapping_recorder.main:114] - beklemedyiz hacıdayı
2025-06-20 23:17:56,612 - map_video - DEBUG - [mapping_recorder.main:114] - beklemedyiz hacıdayı
2025-06-20 23:17:56,663 - map_video - DEBUG - [mapping_recorder.main:114] - beklemedyiz hacıdayı
2025-06-20 23:17:56,714 - map_video - DEBUG - [mapping_recorder.main:114] - beklemedyiz hacıdayı
2025-06-20 23:17:56,765 - map_video - DEBUG - [mapping_recorder.main:114] - beklemedyiz hacıdayı
2025-06-20 23:17:56,816 - map_video - DEBUG - [mapping_recorder.main:114] - beklemedyiz hacıdayı
2025-06-20 23:17:56,867 - map_video - DEBUG - [mapping_recorder.main:114] - beklemedyiz hacıdayı
2025-06-20 23:17:56,917 - map_video - DEBUG - [mapping_recorder.main:114] - beklemedyiz hacıdayı
2025-06-20 23:17:56,968 - map_video - DEBUG - [mapping_recorder.main:114] - beklemedyiz hacıdayı
2025-06-20 23:17:57,019 - map_video - DEBUG - [mapping_recorder.main:114] - beklemedyiz hacıdayı
2025-06-20 23:17:57,070 - map_video - DEBUG - [mapping_recorder.main:114] - beklemedyiz hacıdayı
2025-06-20 23:17:57,121 - map_video - DEBUG - [mapping_recorder.main:114] - beklemedyiz hacıdayı
2025-06-20 23:17:57,172 - map_video - DEBUG - [mapping_recorder.main:114] - beklemedyiz hacıdayı
2025-06-20 23:17:57,223 - map_video - DEBUG - [mapping_recorder.main:114] - beklemedyiz hacıdayı
2025-06-20 23:17:57,274 - map_video - DEBUG - [mapping_recorder.main:114] - beklemedyiz hacıdayı
2025-06-20 23:17:57,325 - map_video - DEBUG - [mapping_recorder.main:114] - beklemedyiz hacıdayı
2025-06-20 23:17:57,376 - map_video - DEBUG - [mapping_recorder.main:114] - beklemedyiz hacıdayı
2025-06-20 23:17:57,427 - map_video - DEBUG - [mapping_recorder.main:114] - beklemedyiz hacıdayı
2025-06-20 23:17:57,478 - map_video - DEBUG - [mapping_recorder.main:114] - beklemedyiz hacıdayı
2025-06-20 23:17:57,529 - map_video - DEBUG - [mapping_recorder.main:114] - beklemedyiz hacıdayı
2025-06-20 23:17:57,580 - map_video - DEBUG - [mapping_recorder.main:114] - beklemedyiz hacıdayı
2025-06-20 23:17:57,631 - map_video - DEBUG - [mapping_recorder.main:114] - beklemedyiz hacıdayı
2025-06-20 23:17:57,682 - map_video - DEBUG - [mapping_recorder.main:114] - beklemedyiz hacıdayı
2025-06-20 23:17:57,733 - map_video - DEBUG - [mapping_recorder.main:114] - beklemedyiz hacıdayı
2025-06-20 23:17:57,784 - map_video - DEBUG - [mapping_recorder.main:114] - beklemedyiz hacıdayı
2025-06-20 23:17:57,835 - map_video - DEBUG - [mapping_recorder.main:114] - beklemedyiz hacıdayı
2025-06-20 23:17:57,886 - map_video - DEBUG - [mapping_recorder.main:114] - beklemedyiz hacıdayı
2025-06-20 23:17:57,937 - map_video - DEBUG - [mapping_recorder.main:114] - beklemedyiz hacıdayı
2025-06-20 23:17:57,988 - map_video - DEBUG - [mapping_recorder.main:114] - beklemedyiz hacıdayı
2025-06-20 23:17:58,039 - map_video - DEBUG - [mapping_recorder.main:114] - beklemedyiz hacıdayı
2025-06-20 23:17:58,090 - map_video - DEBUG - [mapping_recorder.main:114] - beklemedyiz hacıdayı
2025-06-20 23:17:58,141 - map_video - DEBUG - [mapping_recorder.main:114] - beklemedyiz hacıdayı
2025-06-20 23:17:58,192 - map_video - DEBUG - [mapping_recorder.main:114] - beklemedyiz hacıdayı
2025-06-20 23:17:58,243 - map_video - DEBUG - [mapping_recorder.main:114] - beklemedyiz hacıdayı
2025-06-20 23:17:58,294 - map_video - DEBUG - [mapping_recorder.main:114] - beklemedyiz hacıdayı
2025-06-20 23:17:58,345 - map_video - DEBUG - [mapping_recorder.main:114] - beklemedyiz hacıdayı
2025-06-20 23:17:58,396 - map_video - DEBUG - [mapping_recorder.main:114] - beklemedyiz hacıdayı
2025-06-20 23:17:58,447 - map_video - DEBUG - [mapping_recorder.main:114] - beklemedyiz hacıdayı
2025-06-20 23:17:58,498 - map_video - DEBUG - [mapping_recorder.main:114] - beklemedyiz hacıdayı
2025-06-20 23:17:58,549 - map_video - DEBUG - [mapping_recorder.main:114] - beklemedyiz hacıdayı
2025-06-20 23:17:58,600 - map_video - DEBUG - [mapping_recorder.main:114] - beklemedyiz hacıdayı
2025-06-20 23:17:58,651 - map_video - DEBUG - [mapping_recorder.main:114] - beklemedyiz hacıdayı
2025-06-20 23:17:58,702 - map_video - DEBUG - [mapping_recorder.main:114] - beklemedyiz hacıdayı
2025-06-20 23:17:58,753 - map_video - DEBUG - [mapping_recorder.main:114] - beklemedyiz hacıdayı
2025-06-20 23:17:58,804 - map_video - DEBUG - [mapping_recorder.main:114] - beklemedyiz hacıdayı
2025-06-20 23:17:58,854 - map_video - DEBUG - [mapping_recorder.main:114] - beklemedyiz hacıdayı
2025-06-20 23:17:58,905 - map_video - DEBUG - [mapping_recorder.main:114] - beklemedyiz hacıdayı
2025-06-20 23:17:58,956 - map_video - DEBUG - [mapping_recorder.main:114] - beklemedyiz hacıdayı
2025-06-20 23:17:59,007 - map_video - DEBUG - [mapping_recorder.main:114] - beklemedyiz hacıdayı
2025-06-20 23:17:59,058 - map_video - DEBUG - [mapping_recorder.main:114] - beklemedyiz hacıdayı
2025-06-20 23:17:59,109 - map_video - DEBUG - [mapping_recorder.main:114] - beklemedyiz hacıdayı
2025-06-20 23:17:59,160 - map_video - DEBUG - [mapping_recorder.main:114] - beklemedyiz hacıdayı
2025-06-20 23:17:59,211 - map_video - DEBUG - [mapping_recorder.main:114] - beklemedyiz hacıdayı
2025-06-20 23:17:59,262 - map_video - DEBUG - [mapping_recorder.main:114] - beklemedyiz hacıdayı
2025-06-20 23:17:59,312 - map_video - DEBUG - [mapping_recorder.main:114] - beklemedyiz hacıdayı
2025-06-20 23:17:59,363 - map_video - DEBUG - [mapping_recorder.main:114] - beklemedyiz hacıdayı
2025-06-20 23:17:59,414 - map_video - DEBUG - [mapping_recorder.main:114] - beklemedyiz hacıdayı
2025-06-20 23:17:59,465 - map_video - DEBUG - [mapping_recorder.main:114] - beklemedyiz hacıdayı
2025-06-20 23:17:59,516 - map_video - DEBUG - [mapping_recorder.main:114] - beklemedyiz hacıdayı
2025-06-20 23:17:59,567 - map_video - DEBUG - [mapping_recorder.main:114] - beklemedyiz hacıdayı
2025-06-20 23:17:59,618 - map_video - DEBUG - [mapping_recorder.main:114] - beklemedyiz hacıdayı
2025-06-20 23:17:59,669 - map_video - DEBUG - [mapping_recorder.main:114] - beklemedyiz hacıdayı
2025-06-20 23:17:59,720 - map_video - DEBUG - [mapping_recorder.main:114] - beklemedyiz hacıdayı
2025-06-20 23:17:59,771 - map_video - DEBUG - [mapping_recorder.main:114] - beklemedyiz hacıdayı
2025-06-20 23:17:59,822 - map_video - DEBUG - [mapping_recorder.main:114] - beklemedyiz hacıdayı
2025-06-20 23:17:59,873 - map_video - DEBUG - [mapping_recorder.main:114] - beklemedyiz hacıdayı
2025-06-20 23:17:59,924 - map_video - DEBUG - [mapping_recorder.main:114] - beklemedyiz hacıdayı
2025-06-20 23:17:59,974 - map_video - DEBUG - [mapping_recorder.main:114] - beklemedyiz hacıdayı
2025-06-20 23:18:00,025 - map_video - DEBUG - [mapping_recorder.main:114] - beklemedyiz hacıdayı
2025-06-20 23:18:00,076 - map_video - DEBUG - [mapping_recorder.main:114] - beklemedyiz hacıdayı
2025-06-20 23:18:00,127 - map_video - DEBUG - [mapping_recorder.main:114] - beklemedyiz hacıdayı
2025-06-20 23:18:00,178 - map_video - DEBUG - [mapping_recorder.main:114] - beklemedyiz hacıdayı
2025-06-20 23:18:00,229 - map_video - DEBUG - [mapping_recorder.main:114] - beklemedyiz hacıdayı
2025-06-20 23:18:00,280 - map_video - DEBUG - [mapping_recorder.main:114] - beklemedyiz hacıdayı
2025-06-20 23:18:00,331 - map_video - DEBUG - [mapping_recorder.main:114] - beklemedyiz hacıdayı
2025-06-20 23:18:00,382 - map_video - DEBUG - [mapping_recorder.main:114] - beklemedyiz hacıdayı
2025-06-20 23:18:00,433 - map_video - DEBUG - [mapping_recorder.main:114] - beklemedyiz hacıdayı
2025-06-20 23:18:00,484 - map_video - DEBUG - [mapping_recorder.main:114] - beklemedyiz hacıdayı
2025-06-20 23:18:00,535 - map_video - DEBUG - [mapping_recorder.main:114] - beklemedyiz hacıdayı
2025-06-20 23:18:00,585 - map_video - DEBUG - [mapping_recorder.main:114] - beklemedyiz hacıdayı
2025-06-20 23:18:00,636 - map_video - DEBUG - [mapping_recorder.main:114] - beklemedyiz hacıdayı
2025-06-20 23:18:00,687 - map_video - DEBUG - [mapping_recorder.main:114] - beklemedyiz hacıdayı
2025-06-20 23:18:00,738 - map_video - DEBUG - [mapping_recorder.main:114] - beklemedyiz hacıdayı
2025-06-20 23:18:00,789 - map_video - DEBUG - [mapping_recorder.main:114] - beklemedyiz hacıdayı
2025-06-20 23:18:00,840 - map_video - DEBUG - [mapping_recorder.main:114] - beklemedyiz hacıdayı
2025-06-20 23:18:00,891 - map_video - DEBUG - [mapping_recorder.main:114] - beklemedyiz hacıdayı
2025-06-20 23:18:00,942 - map_video - DEBUG - [mapping_recorder.main:114] - beklemedyiz hacıdayı
2025-06-20 23:18:00,993 - map_video - DEBUG - [mapping_recorder.main:114] - beklemedyiz hacıdayı
2025-06-20 23:18:01,044 - map_video - DEBUG - [mapping_recorder.main:114] - beklemedyiz hacıdayı
2025-06-20 23:18:01,095 - map_video - DEBUG - [mapping_recorder.main:114] - beklemedyiz hacıdayı
2025-06-20 23:18:01,145 - map_video - DEBUG - [mapping_recorder.main:114] - beklemedyiz hacıdayı
2025-06-20 23:18:01,196 - map_video - DEBUG - [mapping_recorder.main:114] - beklemedyiz hacıdayı
2025-06-20 23:18:01,247 - map_video - DEBUG - [mapping_recorder.main:114] - beklemedyiz hacıdayı
2025-06-20 23:18:01,298 - map_video - DEBUG - [mapping_recorder.main:114] - beklemedyiz hacıdayı
2025-06-20 23:18:01,349 - map_video - DEBUG - [mapping_recorder.main:114] - beklemedyiz hacıdayı
2025-06-20 23:18:01,400 - map_video - DEBUG - [mapping_recorder.main:114] - beklemedyiz hacıdayı
2025-06-20 23:18:01,451 - map_video - DEBUG - [mapping_recorder.main:114] - beklemedyiz hacıdayı
2025-06-20 23:18:01,502 - map_video - DEBUG - [mapping_recorder.main:114] - beklemedyiz hacıdayı
2025-06-20 23:18:01,553 - map_video - DEBUG - [mapping_recorder.main:114] - beklemedyiz hacıdayı
2025-06-20 23:18:01,604 - map_video - DEBUG - [mapping_recorder.main:114] - beklemedyiz hacıdayı
2025-06-20 23:18:01,655 - map_video - DEBUG - [mapping_recorder.main:114] - beklemedyiz hacıdayı
2025-06-20 23:18:01,706 - map_video - DEBUG - [mapping_recorder.main:114] - beklemedyiz hacıdayı
2025-06-20 23:18:01,756 - map_video - DEBUG - [mapping_recorder.main:114] - beklemedyiz hacıdayı
2025-06-20 23:18:01,807 - map_video - DEBUG - [mapping_recorder.main:114] - beklemedyiz hacıdayı
2025-06-20 23:18:01,858 - map_video - DEBUG - [mapping_recorder.main:114] - beklemedyiz hacıdayı
2025-06-20 23:18:01,909 - map_video - DEBUG - [mapping_recorder.main:114] - beklemedyiz hacıdayı
2025-06-20 23:18:01,960 - map_video - DEBUG - [mapping_recorder.main:114] - beklemedyiz hacıdayı
2025-06-20 23:18:02,011 - map_video - DEBUG - [mapping_recorder.main:114] - beklemedyiz hacıdayı
2025-06-20 23:18:02,062 - map_video - DEBUG - [mapping_recorder.main:114] - beklemedyiz hacıdayı
2025-06-20 23:18:02,113 - map_video - DEBUG - [mapping_recorder.main:114] - beklemedyiz hacıdayı
2025-06-20 23:18:02,164 - map_video - DEBUG - [mapping_recorder.main:114] - beklemedyiz hacıdayı
2025-06-20 23:18:02,215 - map_video - DEBUG - [mapping_recorder.main:114] - beklemedyiz hacıdayı
2025-06-20 23:18:02,266 - map_video - DEBUG - [mapping_recorder.main:114] - beklemedyiz hacıdayı
2025-06-20 23:18:02,316 - map_video - DEBUG - [mapping_recorder.main:114] - beklemedyiz hacıdayı
2025-06-20 23:18:02,367 - map_video - DEBUG - [mapping_recorder.main:114] - beklemedyiz hacıdayı
2025-06-20 23:18:02,418 - map_video - DEBUG - [mapping_recorder.main:114] - beklemedyiz hacıdayı
2025-06-20 23:18:02,469 - map_video - DEBUG - [mapping_recorder.main:114] - beklemedyiz hacıdayı
2025-06-20 23:18:02,520 - map_video - DEBUG - [mapping_recorder.main:114] - beklemedyiz hacıdayı
2025-06-20 23:18:02,571 - map_video - DEBUG - [mapping_recorder.main:114] - beklemedyiz hacıdayı
2025-06-20 23:18:02,622 - map_video - DEBUG - [mapping_recorder.main:114] - beklemedyiz hacıdayı
2025-06-20 23:18:02,673 - map_video - DEBUG - [mapping_recorder.main:114] - beklemedyiz hacıdayı
2025-06-20 23:18:02,724 - map_video - DEBUG - [mapping_recorder.main:114] - beklemedyiz hacıdayı
2025-06-20 23:18:02,775 - map_video - DEBUG - [mapping_recorder.main:114] - beklemedyiz hacıdayı
2025-06-20 23:18:02,825 - map_video - DEBUG - [mapping_recorder.main:114] - beklemedyiz hacıdayı
2025-06-20 23:18:02,876 - map_video - DEBUG - [mapping_recorder.main:114] - beklemedyiz hacıdayı
2025-06-20 23:18:02,927 - map_video - DEBUG - [mapping_recorder.main:114] - beklemedyiz hacıdayı
2025-06-20 23:18:02,978 - map_video - DEBUG - [mapping_recorder.main:114] - beklemedyiz hacıdayı
2025-06-20 23:18:03,029 - map_video - DEBUG - [mapping_recorder.main:114] - beklemedyiz hacıdayı
2025-06-20 23:18:03,080 - map_video - DEBUG - [mapping_recorder.main:114] - beklemedyiz hacıdayı
2025-06-20 23:18:03,131 - map_video - DEBUG - [mapping_recorder.main:114] - beklemedyiz hacıdayı
2025-06-20 23:18:03,181 - map_video - DEBUG - [mapping_recorder.main:114] - beklemedyiz hacıdayı
2025-06-20 23:18:03,232 - map_video - DEBUG - [mapping_recorder.main:114] - beklemedyiz hacıdayı
2025-06-20 23:18:03,283 - map_video - DEBUG - [mapping_recorder.main:114] - beklemedyiz hacıdayı
2025-06-20 23:18:03,334 - map_video - DEBUG - [mapping_recorder.main:114] - beklemedyiz hacıdayı
2025-06-20 23:18:03,385 - map_video - DEBUG - [mapping_recorder.main:114] - beklemedyiz hacıdayı
2025-06-20 23:18:03,436 - map_video - DEBUG - [mapping_recorder.main:114] - beklemedyiz hacıdayı
2025-06-20 23:18:03,487 - map_video - DEBUG - [mapping_recorder.main:114] - beklemedyiz hacıdayı
2025-06-20 23:18:03,538 - map_video - DEBUG - [mapping_recorder.main:114] - beklemedyiz hacıdayı
2025-06-20 23:18:03,588 - map_video - DEBUG - [mapping_recorder.main:114] - beklemedyiz hacıdayı
2025-06-20 23:18:03,639 - map_video - DEBUG - [mapping_recorder.main:114] - beklemedyiz hacıdayı
2025-06-20 23:18:03,690 - map_video - DEBUG - [mapping_recorder.main:114] - beklemedyiz hacıdayı
2025-06-20 23:18:03,741 - map_video - DEBUG - [mapping_recorder.main:114] - beklemedyiz hacıdayı
2025-06-20 23:18:03,792 - map_video - DEBUG - [mapping_recorder.main:114] - beklemedyiz hacıdayı
2025-06-20 23:18:03,843 - map_video - DEBUG - [mapping_recorder.main:114] - beklemedyiz hacıdayı
2025-06-20 23:18:03,894 - map_video - DEBUG - [mapping_recorder.main:114] - beklemedyiz hacıdayı
2025-06-20 23:18:03,945 - map_video - DEBUG - [mapping_recorder.main:114] - beklemedyiz hacıdayı
2025-06-20 23:18:03,996 - map_video - DEBUG - [mapping_recorder.main:114] - beklemedyiz hacıdayı
2025-06-20 23:18:04,046 - map_video - DEBUG - [mapping_recorder.main:114] - beklemedyiz hacıdayı
2025-06-20 23:18:04,097 - map_video - DEBUG - [mapping_recorder.main:114] - beklemedyiz hacıdayı
2025-06-20 23:18:04,148 - map_video - DEBUG - [mapping_recorder.main:114] - beklemedyiz hacıdayı
2025-06-20 23:18:04,199 - map_video - DEBUG - [mapping_recorder.main:114] - beklemedyiz hacıdayı
2025-06-20 23:18:04,250 - map_video - DEBUG - [mapping_recorder.main:114] - beklemedyiz hacıdayı
2025-06-20 23:18:04,301 - map_video - DEBUG - [mapping_recorder.main:114] - beklemedyiz hacıdayı
2025-06-20 23:18:04,352 - map_video - DEBUG - [mapping_recorder.main:114] - beklemedyiz hacıdayı
2025-06-20 23:18:04,403 - map_video - DEBUG - [mapping_recorder.main:114] - beklemedyiz hacıdayı
2025-06-20 23:18:04,454 - map_video - DEBUG - [mapping_recorder.main:114] - beklemedyiz hacıdayı
2025-06-20 23:18:04,505 - map_video - DEBUG - [mapping_recorder.main:114] - beklemedyiz hacıdayı
2025-06-20 23:18:04,556 - map_video - DEBUG - [mapping_recorder.main:114] - beklemedyiz hacıdayı
2025-06-20 23:18:04,607 - map_video - DEBUG - [mapping_recorder.main:114] - beklemedyiz hacıdayı
2025-06-20 23:18:04,658 - map_video - DEBUG - [mapping_recorder.main:114] - beklemedyiz hacıdayı
2025-06-20 23:18:04,709 - map_video - DEBUG - [mapping_recorder.main:114] - beklemedyiz hacıdayı
2025-06-20 23:18:04,760 - map_video - DEBUG - [mapping_recorder.main:114] - beklemedyiz hacıdayı
2025-06-20 23:18:04,811 - map_video - DEBUG - [mapping_recorder.main:114] - beklemedyiz hacıdayı
2025-06-20 23:18:04,862 - map_video - DEBUG - [mapping_recorder.main:114] - beklemedyiz hacıdayı
2025-06-20 23:18:04,913 - map_video - DEBUG - [mapping_recorder.main:114] - beklemedyiz hacıdayı
2025-06-20 23:18:04,964 - map_video - DEBUG - [mapping_recorder.main:114] - beklemedyiz hacıdayı
2025-06-20 23:18:05,014 - map_video - DEBUG - [mapping_recorder.main:114] - beklemedyiz hacıdayı
2025-06-20 23:18:05,065 - map_video - DEBUG - [mapping_recorder.main:114] - beklemedyiz hacıdayı
2025-06-20 23:18:05,116 - map_video - DEBUG - [mapping_recorder.main:114] - beklemedyiz hacıdayı
2025-06-20 23:18:05,167 - map_video - DEBUG - [mapping_recorder.main:114] - beklemedyiz hacıdayı
2025-06-20 23:18:05,218 - map_video - DEBUG - [mapping_recorder.main:114] - beklemedyiz hacıdayı
2025-06-20 23:18:05,269 - map_video - DEBUG - [mapping_recorder.main:114] - beklemedyiz hacıdayı
2025-06-20 23:18:05,320 - map_video - DEBUG - [mapping_recorder.main:114] - beklemedyiz hacıdayı
2025-06-20 23:18:05,371 - map_video - DEBUG - [mapping_recorder.main:114] - beklemedyiz hacıdayı
2025-06-20 23:18:05,422 - map_video - DEBUG - [mapping_recorder.main:114] - beklemedyiz hacıdayı
2025-06-20 23:18:05,473 - map_video - DEBUG - [mapping_recorder.main:114] - beklemedyiz hacıdayı
2025-06-20 23:18:05,524 - map_video - DEBUG - [mapping_recorder.main:114] - beklemedyiz hacıdayı
2025-06-20 23:18:05,575 - map_video - DEBUG - [mapping_recorder.main:114] - beklemedyiz hacıdayı
2025-06-20 23:18:05,626 - map_video - DEBUG - [mapping_recorder.main:114] - beklemedyiz hacıdayı
2025-06-20 23:18:05,677 - map_video - DEBUG - [mapping_recorder.main:114] - beklemedyiz hacıdayı
2025-06-20 23:18:05,728 - map_video - DEBUG - [mapping_recorder.main:114] - beklemedyiz hacıdayı
2025-06-20 23:18:05,779 - map_video - DEBUG - [mapping_recorder.main:114] - beklemedyiz hacıdayı
2025-06-20 23:18:05,830 - map_video - DEBUG - [mapping_recorder.main:114] - beklemedyiz hacıdayı
2025-06-20 23:18:05,881 - map_video - DEBUG - [mapping_recorder.main:114] - beklemedyiz hacıdayı
2025-06-20 23:18:05,932 - map_video - DEBUG - [mapping_recorder.main:114] - beklemedyiz hacıdayı
2025-06-20 23:18:05,983 - map_video - DEBUG - [mapping_recorder.main:114] - beklemedyiz hacıdayı
2025-06-20 23:18:06,034 - map_video - DEBUG - [mapping_recorder.main:114] - beklemedyiz hacıdayı
2025-06-20 23:18:06,085 - map_video - DEBUG - [mapping_recorder.main:114] - beklemedyiz hacıdayı
2025-06-20 23:18:06,136 - map_video - DEBUG - [mapping_recorder.main:114] - beklemedyiz hacıdayı
2025-06-20 23:18:06,187 - map_video - DEBUG - [mapping_recorder.main:114] - beklemedyiz hacıdayı
2025-06-20 23:18:06,237 - map_video - DEBUG - [mapping_recorder.main:114] - beklemedyiz hacıdayı
2025-06-20 23:18:06,288 - map_video - DEBUG - [mapping_recorder.main:114] - beklemedyiz hacıdayı
2025-06-20 23:18:06,339 - map_video - DEBUG - [mapping_recorder.main:114] - beklemedyiz hacıdayı
2025-06-20 23:18:06,390 - map_video - DEBUG - [mapping_recorder.main:114] - beklemedyiz hacıdayı
2025-06-20 23:18:06,441 - map_video - DEBUG - [mapping_recorder.main:114] - beklemedyiz hacıdayı
2025-06-20 23:18:06,492 - map_video - DEBUG - [mapping_recorder.main:114] - beklemedyiz hacıdayı
2025-06-20 23:18:06,543 - map_video - DEBUG - [mapping_recorder.main:114] - beklemedyiz hacıdayı
2025-06-20 23:18:06,594 - map_video - DEBUG - [mapping_recorder.main:114] - beklemedyiz hacıdayı
2025-06-20 23:18:06,645 - map_video - DEBUG - [mapping_recorder.main:114] - beklemedyiz hacıdayı
2025-06-20 23:18:06,696 - map_video - DEBUG - [mapping_recorder.main:114] - beklemedyiz hacıdayı
2025-06-20 23:18:06,747 - map_video - DEBUG - [mapping_recorder.main:114] - beklemedyiz hacıdayı
2025-06-20 23:18:06,798 - map_video - DEBUG - [mapping_recorder.main:114] - beklemedyiz hacıdayı
2025-06-20 23:18:06,849 - map_video - DEBUG - [mapping_recorder.main:114] - beklemedyiz hacıdayı
2025-06-20 23:18:06,899 - map_video - DEBUG - [mapping_recorder.main:114] - beklemedyiz hacıdayı
2025-06-20 23:18:06,950 - map_video - DEBUG - [mapping_recorder.main:114] - beklemedyiz hacıdayı
2025-06-20 23:18:07,001 - map_video - DEBUG - [mapping_recorder.main:114] - beklemedyiz hacıdayı
2025-06-20 23:18:07,052 - map_video - DEBUG - [mapping_recorder.main:114] - beklemedyiz hacıdayı
2025-06-20 23:18:07,103 - map_video - DEBUG - [mapping_recorder.main:114] - beklemedyiz hacıdayı
2025-06-20 23:18:07,154 - map_video - DEBUG - [mapping_recorder.main:114] - beklemedyiz hacıdayı
2025-06-20 23:18:07,205 - map_video - DEBUG - [mapping_recorder.main:114] - beklemedyiz hacıdayı
2025-06-20 23:18:07,256 - map_video - DEBUG - [mapping_recorder.main:114] - beklemedyiz hacıdayı
2025-06-20 23:18:07,307 - map_video - DEBUG - [mapping_recorder.main:114] - beklemedyiz hacıdayı
2025-06-20 23:18:07,358 - map_video - DEBUG - [mapping_recorder.main:114] - beklemedyiz hacıdayı
2025-06-20 23:18:07,409 - map_video - DEBUG - [mapping_recorder.main:114] - beklemedyiz hacıdayı
2025-06-20 23:18:07,460 - map_video - DEBUG - [mapping_recorder.main:114] - beklemedyiz hacıdayı
2025-06-20 23:18:07,511 - map_video - DEBUG - [mapping_recorder.main:114] - beklemedyiz hacıdayı
2025-06-20 23:18:07,562 - map_video - DEBUG - [mapping_recorder.main:114] - beklemedyiz hacıdayı
2025-06-20 23:18:07,613 - map_video - DEBUG - [mapping_recorder.main:114] - beklemedyiz hacıdayı
2025-06-20 23:18:07,664 - map_video - DEBUG - [mapping_recorder.main:114] - beklemedyiz hacıdayı
2025-06-20 23:18:07,715 - map_video - DEBUG - [mapping_recorder.main:114] - beklemedyiz hacıdayı
2025-06-20 23:18:07,766 - map_video - DEBUG - [mapping_recorder.main:114] - beklemedyiz hacıdayı
2025-06-20 23:18:07,817 - map_video - DEBUG - [mapping_recorder.main:114] - beklemedyiz hacıdayı
2025-06-20 23:18:07,868 - map_video - DEBUG - [mapping_recorder.main:114] - beklemedyiz hacıdayı
2025-06-20 23:18:07,919 - map_video - DEBUG - [mapping_recorder.main:114] - beklemedyiz hacıdayı
2025-06-20 23:18:07,970 - map_video - DEBUG - [mapping_recorder.main:114] - beklemedyiz hacıdayı
2025-06-20 23:18:08,021 - map_video - DEBUG - [mapping_recorder.main:114] - beklemedyiz hacıdayı
2025-06-20 23:18:08,072 - map_video - DEBUG - [mapping_recorder.main:114] - beklemedyiz hacıdayı
2025-06-20 23:18:08,123 - map_video - DEBUG - [mapping_recorder.main:114] - beklemedyiz hacıdayı
2025-06-20 23:18:08,174 - map_video - DEBUG - [mapping_recorder.main:114] - beklemedyiz hacıdayı
2025-06-20 23:18:08,225 - map_video - DEBUG - [mapping_recorder.main:114] - beklemedyiz hacıdayı
2025-06-20 23:18:08,276 - map_video - DEBUG - [mapping_recorder.main:114] - beklemedyiz hacıdayı
2025-06-20 23:18:08,327 - map_video - DEBUG - [mapping_recorder.main:114] - beklemedyiz hacıdayı
2025-06-20 23:18:08,377 - map_video - DEBUG - [mapping_recorder.main:114] - beklemedyiz hacıdayı
2025-06-20 23:18:08,428 - map_video - DEBUG - [mapping_recorder.main:114] - beklemedyiz hacıdayı
2025-06-20 23:18:08,479 - map_video - DEBUG - [mapping_recorder.main:114] - beklemedyiz hacıdayı
2025-06-20 23:18:08,530 - map_video - DEBUG - [mapping_recorder.main:114] - beklemedyiz hacıdayı
2025-06-20 23:18:08,581 - map_video - DEBUG - [mapping_recorder.main:114] - beklemedyiz hacıdayı
2025-06-20 23:18:08,632 - map_video - DEBUG - [mapping_recorder.main:114] - beklemedyiz hacıdayı
2025-06-20 23:18:08,683 - map_video - DEBUG - [mapping_recorder.main:114] - beklemedyiz hacıdayı
2025-06-20 23:18:08,734 - map_video - DEBUG - [mapping_recorder.main:114] - beklemedyiz hacıdayı
2025-06-20 23:18:08,785 - map_video - DEBUG - [mapping_recorder.main:114] - beklemedyiz hacıdayı
2025-06-20 23:18:08,836 - map_video - DEBUG - [mapping_recorder.main:114] - beklemedyiz hacıdayı
2025-06-20 23:18:08,887 - map_video - DEBUG - [mapping_recorder.main:114] - beklemedyiz hacıdayı
2025-06-20 23:18:08,938 - map_video - DEBUG - [mapping_recorder.main:114] - beklemedyiz hacıdayı
2025-06-20 23:18:08,989 - map_video - DEBUG - [mapping_recorder.main:114] - beklemedyiz hacıdayı
2025-06-20 23:18:09,040 - map_video - DEBUG - [mapping_recorder.main:114] - beklemedyiz hacıdayı
2025-06-20 23:18:09,091 - map_video - DEBUG - [mapping_recorder.main:114] - beklemedyiz hacıdayı
2025-06-20 23:18:09,141 - map_video - DEBUG - [mapping_recorder.main:114] - beklemedyiz hacıdayı
2025-06-20 23:18:09,192 - map_video - DEBUG - [mapping_recorder.main:114] - beklemedyiz hacıdayı
2025-06-20 23:18:09,243 - map_video - DEBUG - [mapping_recorder.main:114] - beklemedyiz hacıdayı
2025-06-20 23:18:09,294 - map_video - DEBUG - [mapping_recorder.main:114] - beklemedyiz hacıdayı
2025-06-20 23:18:09,345 - map_video - DEBUG - [mapping_recorder.main:114] - beklemedyiz hacıdayı
2025-06-20 23:18:09,396 - map_video - DEBUG - [mapping_recorder.main:114] - beklemedyiz hacıdayı
2025-06-20 23:18:09,447 - map_video - DEBUG - [mapping_recorder.main:114] - beklemedyiz hacıdayı
2025-06-20 23:18:09,498 - map_video - DEBUG - [mapping_recorder.main:114] - beklemedyiz hacıdayı
2025-06-20 23:18:09,549 - map_video - DEBUG - [mapping_recorder.main:114] - beklemedyiz hacıdayı
2025-06-20 23:18:09,600 - map_video - DEBUG - [mapping_recorder.main:114] - beklemedyiz hacıdayı
2025-06-20 23:18:09,651 - map_video - DEBUG - [mapping_recorder.main:114] - beklemedyiz hacıdayı
2025-06-20 23:18:09,702 - map_video - DEBUG - [mapping_recorder.main:114] - beklemedyiz hacıdayı
2025-06-20 23:18:09,753 - map_video - DEBUG - [mapping_recorder.main:114] - beklemedyiz hacıdayı
2025-06-20 23:18:09,804 - map_video - DEBUG - [mapping_recorder.main:114] - beklemedyiz hacıdayı
2025-06-20 23:18:09,855 - map_video - DEBUG - [mapping_recorder.main:114] - beklemedyiz hacıdayı
2025-06-20 23:18:09,906 - map_video - DEBUG - [mapping_recorder.main:114] - beklemedyiz hacıdayı
2025-06-20 23:18:09,957 - map_video - DEBUG - [mapping_recorder.main:114] - beklemedyiz hacıdayı
2025-06-20 23:18:10,008 - map_video - DEBUG - [mapping_recorder.main:114] - beklemedyiz hacıdayı
2025-06-20 23:18:10,059 - map_video - DEBUG - [mapping_recorder.main:114] - beklemedyiz hacıdayı
2025-06-20 23:18:10,110 - map_video - DEBUG - [mapping_recorder.main:114] - beklemedyiz hacıdayı
2025-06-20 23:18:10,161 - map_video - DEBUG - [mapping_recorder.main:114] - beklemedyiz hacıdayı
2025-06-20 23:18:10,212 - map_video - DEBUG - [mapping_recorder.main:114] - beklemedyiz hacıdayı
2025-06-20 23:18:10,263 - map_video - DEBUG - [mapping_recorder.main:114] - beklemedyiz hacıdayı
2025-06-20 23:18:10,314 - map_video - DEBUG - [mapping_recorder.main:114] - beklemedyiz hacıdayı
2025-06-20 23:18:10,366 - map_video - DEBUG - [mapping_recorder.main:114] - beklemedyiz hacıdayı
2025-06-20 23:18:10,417 - map_video - DEBUG - [mapping_recorder.main:114] - beklemedyiz hacıdayı
2025-06-20 23:18:10,468 - map_video - DEBUG - [mapping_recorder.main:114] - beklemedyiz hacıdayı
2025-06-20 23:18:10,519 - map_video - DEBUG - [mapping_recorder.main:114] - beklemedyiz hacıdayı
2025-06-20 23:18:10,570 - map_video - DEBUG - [mapping_recorder.main:114] - beklemedyiz hacıdayı
2025-06-20 23:18:10,621 - map_video - DEBUG - [mapping_recorder.main:114] - beklemedyiz hacıdayı
2025-06-20 23:18:10,672 - map_video - DEBUG - [mapping_recorder.main:114] - beklemedyiz hacıdayı
2025-06-20 23:18:10,723 - map_video - DEBUG - [mapping_recorder.main:114] - beklemedyiz hacıdayı
2025-06-20 23:18:10,775 - map_video - DEBUG - [mapping_recorder.main:114] - beklemedyiz hacıdayı
2025-06-20 23:18:10,826 - map_video - DEBUG - [mapping_recorder.main:114] - beklemedyiz hacıdayı
2025-06-20 23:18:10,877 - map_video - DEBUG - [mapping_recorder.main:114] - beklemedyiz hacıdayı
2025-06-20 23:18:10,928 - map_video - DEBUG - [mapping_recorder.main:114] - beklemedyiz hacıdayı
2025-06-20 23:18:10,979 - map_video - DEBUG - [mapping_recorder.main:114] - beklemedyiz hacıdayı
2025-06-20 23:18:11,029 - map_video - DEBUG - [mapping_recorder.main:114] - beklemedyiz hacıdayı
2025-06-20 23:18:11,080 - map_video - DEBUG - [mapping_recorder.main:114] - beklemedyiz hacıdayı
2025-06-20 23:18:11,131 - map_video - DEBUG - [mapping_recorder.main:114] - beklemedyiz hacıdayı
2025-06-20 23:18:11,182 - map_video - DEBUG - [mapping_recorder.main:114] - beklemedyiz hacıdayı
2025-06-20 23:18:11,233 - map_video - DEBUG - [mapping_recorder.main:114] - beklemedyiz hacıdayı
2025-06-20 23:18:11,284 - map_video - DEBUG - [mapping_recorder.main:114] - beklemedyiz hacıdayı
2025-06-20 23:18:11,335 - map_video - DEBUG - [mapping_recorder.main:114] - beklemedyiz hacıdayı
2025-06-20 23:18:11,386 - map_video - DEBUG - [mapping_recorder.main:114] - beklemedyiz hacıdayı
2025-06-20 23:18:11,437 - map_video - DEBUG - [mapping_recorder.main:114] - beklemedyiz hacıdayı
2025-06-20 23:18:11,488 - map_video - DEBUG - [mapping_recorder.main:114] - beklemedyiz hacıdayı
2025-06-20 23:18:11,539 - map_video - DEBUG - [mapping_recorder.main:114] - beklemedyiz hacıdayı
2025-06-20 23:18:11,590 - map_video - DEBUG - [mapping_recorder.main:114] - beklemedyiz hacıdayı
2025-06-20 23:18:11,640 - map_video - DEBUG - [mapping_recorder.main:114] - beklemedyiz hacıdayı
2025-06-20 23:18:11,691 - map_video - DEBUG - [mapping_recorder.main:114] - beklemedyiz hacıdayı
2025-06-20 23:18:11,742 - map_video - DEBUG - [mapping_recorder.main:114] - beklemedyiz hacıdayı
2025-06-20 23:18:11,793 - map_video - DEBUG - [mapping_recorder.main:114] - beklemedyiz hacıdayı
2025-06-20 23:18:11,844 - map_video - DEBUG - [mapping_recorder.main:114] - beklemedyiz hacıdayı
2025-06-20 23:18:11,895 - map_video - DEBUG - [mapping_recorder.main:114] - beklemedyiz hacıdayı
2025-06-20 23:18:11,946 - map_video - DEBUG - [mapping_recorder.main:114] - beklemedyiz hacıdayı
2025-06-20 23:18:11,997 - map_video - DEBUG - [mapping_recorder.main:114] - beklemedyiz hacıdayı
2025-06-20 23:18:12,048 - map_video - DEBUG - [mapping_recorder.main:114] - beklemedyiz hacıdayı
2025-06-20 23:18:12,099 - map_video - DEBUG - [mapping_recorder.main:114] - beklemedyiz hacıdayı
2025-06-20 23:18:12,150 - map_video - DEBUG - [mapping_recorder.main:114] - beklemedyiz hacıdayı
2025-06-20 23:18:12,201 - map_video - DEBUG - [mapping_recorder.main:114] - beklemedyiz hacıdayı
2025-06-20 23:18:12,252 - map_video - DEBUG - [mapping_recorder.main:114] - beklemedyiz hacıdayı
2025-06-20 23:18:12,303 - map_video - DEBUG - [mapping_recorder.main:114] - beklemedyiz hacıdayı
2025-06-20 23:18:12,354 - map_video - DEBUG - [mapping_recorder.main:114] - beklemedyiz hacıdayı
2025-06-20 23:18:12,405 - map_video - DEBUG - [mapping_recorder.main:114] - beklemedyiz hacıdayı
2025-06-20 23:18:12,456 - map_video - DEBUG - [mapping_recorder.main:114] - beklemedyiz hacıdayı
2025-06-20 23:18:12,507 - map_video - DEBUG - [mapping_recorder.main:114] - beklemedyiz hacıdayı
2025-06-20 23:18:12,558 - map_video - DEBUG - [mapping_recorder.main:114] - beklemedyiz hacıdayı
2025-06-20 23:18:12,609 - map_video - DEBUG - [mapping_recorder.main:114] - beklemedyiz hacıdayı
2025-06-20 23:18:12,660 - map_video - DEBUG - [mapping_recorder.main:114] - beklemedyiz hacıdayı
2025-06-20 23:18:12,711 - map_video - DEBUG - [mapping_recorder.main:114] - beklemedyiz hacıdayı
2025-06-20 23:18:12,762 - map_video - DEBUG - [mapping_recorder.main:114] - beklemedyiz hacıdayı
2025-06-20 23:18:12,813 - map_video - DEBUG - [mapping_recorder.main:114] - beklemedyiz hacıdayı
2025-06-20 23:18:12,864 - map_video - DEBUG - [mapping_recorder.main:114] - beklemedyiz hacıdayı
2025-06-20 23:18:12,915 - map_video - DEBUG - [mapping_recorder.main:114] - beklemedyiz hacıdayı
2025-06-20 23:18:12,966 - map_video - DEBUG - [mapping_recorder.main:114] - beklemedyiz hacıdayı
2025-06-20 23:18:13,017 - map_video - DEBUG - [mapping_recorder.main:114] - beklemedyiz hacıdayı
2025-06-20 23:18:13,068 - map_video - DEBUG - [mapping_recorder.main:114] - beklemedyiz hacıdayı
2025-06-20 23:18:13,118 - map_video - DEBUG - [mapping_recorder.main:114] - beklemedyiz hacıdayı
2025-06-20 23:18:13,169 - map_video - DEBUG - [mapping_recorder.main:114] - beklemedyiz hacıdayı
2025-06-20 23:18:13,220 - map_video - DEBUG - [mapping_recorder.main:114] - beklemedyiz hacıdayı
2025-06-20 23:18:13,271 - map_video - DEBUG - [mapping_recorder.main:114] - beklemedyiz hacıdayı
2025-06-20 23:18:13,322 - map_video - DEBUG - [mapping_recorder.main:114] - beklemedyiz hacıdayı
2025-06-20 23:18:13,373 - map_video - DEBUG - [mapping_recorder.main:114] - beklemedyiz hacıdayı
2025-06-20 23:18:13,424 - map_video - DEBUG - [mapping_recorder.main:114] - beklemedyiz hacıdayı
2025-06-20 23:18:13,475 - map_video - DEBUG - [mapping_recorder.main:114] - beklemedyiz hacıdayı
2025-06-20 23:18:13,526 - map_video - DEBUG - [mapping_recorder.main:114] - beklemedyiz hacıdayı
2025-06-20 23:18:13,577 - map_video - DEBUG - [mapping_recorder.main:114] - beklemedyiz hacıdayı
2025-06-20 23:18:13,628 - map_video - DEBUG - [mapping_recorder.main:114] - beklemedyiz hacıdayı
2025-06-20 23:18:13,679 - map_video - DEBUG - [mapping_recorder.main:114] - beklemedyiz hacıdayı
2025-06-20 23:18:13,730 - map_video - DEBUG - [mapping_recorder.main:114] - beklemedyiz hacıdayı
2025-06-20 23:18:13,781 - map_video - DEBUG - [mapping_recorder.main:114] - beklemedyiz hacıdayı
2025-06-20 23:18:13,832 - map_video - DEBUG - [mapping_recorder.main:114] - beklemedyiz hacıdayı
2025-06-20 23:18:13,883 - map_video - DEBUG - [mapping_recorder.main:114] - beklemedyiz hacıdayı
2025-06-20 23:18:13,934 - map_video - DEBUG - [mapping_recorder.main:114] - beklemedyiz hacıdayı
2025-06-20 23:18:13,985 - map_video - DEBUG - [mapping_recorder.main:114] - beklemedyiz hacıdayı
2025-06-20 23:18:14,036 - map_video - DEBUG - [mapping_recorder.main:114] - beklemedyiz hacıdayı
2025-06-20 23:18:14,087 - map_video - DEBUG - [mapping_recorder.main:114] - beklemedyiz hacıdayı
2025-06-20 23:18:14,138 - map_video - DEBUG - [mapping_recorder.main:114] - beklemedyiz hacıdayı
2025-06-20 23:18:14,189 - map_video - DEBUG - [mapping_recorder.main:114] - beklemedyiz hacıdayı
2025-06-20 23:18:14,240 - map_video - DEBUG - [mapping_recorder.main:114] - beklemedyiz hacıdayı
2025-06-20 23:18:14,291 - map_video - DEBUG - [mapping_recorder.main:114] - beklemedyiz hacıdayı
2025-06-20 23:18:14,342 - map_video - DEBUG - [mapping_recorder.main:114] - beklemedyiz hacıdayı
2025-06-20 23:18:14,393 - map_video - DEBUG - [mapping_recorder.main:114] - beklemedyiz hacıdayı
2025-06-20 23:18:14,444 - map_video - DEBUG - [mapping_recorder.main:114] - beklemedyiz hacıdayı
2025-06-20 23:18:14,495 - map_video - DEBUG - [mapping_recorder.main:114] - beklemedyiz hacıdayı
2025-06-20 23:18:14,546 - map_video - DEBUG - [mapping_recorder.main:114] - beklemedyiz hacıdayı
2025-06-20 23:18:14,597 - map_video - DEBUG - [mapping_recorder.main:114] - beklemedyiz hacıdayı
2025-06-20 23:18:14,648 - map_video - DEBUG - [mapping_recorder.main:114] - beklemedyiz hacıdayı
2025-06-20 23:18:14,699 - map_video - DEBUG - [mapping_recorder.main:114] - beklemedyiz hacıdayı
2025-06-20 23:18:14,751 - map_video - DEBUG - [mapping_recorder.main:114] - beklemedyiz hacıdayı
2025-06-20 23:18:14,802 - map_video - DEBUG - [mapping_recorder.main:114] - beklemedyiz hacıdayı
2025-06-20 23:18:14,853 - map_video - DEBUG - [mapping_recorder.main:114] - beklemedyiz hacıdayı
2025-06-20 23:18:14,904 - map_video - DEBUG - [mapping_recorder.main:114] - beklemedyiz hacıdayı
2025-06-20 23:18:14,955 - map_video - DEBUG - [mapping_recorder.main:114] - beklemedyiz hacıdayı
2025-06-20 23:18:15,006 - map_video - DEBUG - [mapping_recorder.main:114] - beklemedyiz hacıdayı
2025-06-20 23:18:15,057 - map_video - DEBUG - [mapping_recorder.main:114] - beklemedyiz hacıdayı
2025-06-20 23:18:15,108 - map_video - DEBUG - [mapping_recorder.main:114] - beklemedyiz hacıdayı
2025-06-20 23:18:15,159 - map_video - DEBUG - [mapping_recorder.main:114] - beklemedyiz hacıdayı
2025-06-20 23:18:15,211 - map_video - DEBUG - [mapping_recorder.main:114] - beklemedyiz hacıdayı
2025-06-20 23:18:15,261 - map_video - DEBUG - [mapping_recorder.main:114] - beklemedyiz hacıdayı
2025-06-20 23:18:15,312 - map_video - DEBUG - [mapping_recorder.main:114] - beklemedyiz hacıdayı
2025-06-20 23:18:15,363 - map_video - DEBUG - [mapping_recorder.main:114] - beklemedyiz hacıdayı
2025-06-20 23:18:15,414 - map_video - DEBUG - [mapping_recorder.main:114] - beklemedyiz hacıdayı
2025-06-20 23:18:15,465 - map_video - DEBUG - [mapping_recorder.main:114] - beklemedyiz hacıdayı
2025-06-20 23:18:15,516 - map_video - DEBUG - [mapping_recorder.main:114] - beklemedyiz hacıdayı
2025-06-20 23:18:15,567 - map_video - DEBUG - [mapping_recorder.main:114] - beklemedyiz hacıdayı
2025-06-20 23:18:15,618 - map_video - DEBUG - [mapping_recorder.main:114] - beklemedyiz hacıdayı
2025-06-20 23:18:15,669 - map_video - DEBUG - [mapping_recorder.main:114] - beklemedyiz hacıdayı
2025-06-20 23:18:15,720 - map_video - DEBUG - [mapping_recorder.main:114] - beklemedyiz hacıdayı
2025-06-20 23:18:15,771 - map_video - DEBUG - [mapping_recorder.main:114] - beklemedyiz hacıdayı
2025-06-20 23:18:15,822 - map_video - DEBUG - [mapping_recorder.main:114] - beklemedyiz hacıdayı
2025-06-20 23:18:15,873 - map_video - DEBUG - [mapping_recorder.main:114] - beklemedyiz hacıdayı
2025-06-20 23:18:15,923 - map_video - DEBUG - [mapping_recorder.main:114] - beklemedyiz hacıdayı
2025-06-20 23:18:15,974 - map_video - DEBUG - [mapping_recorder.main:114] - beklemedyiz hacıdayı
2025-06-20 23:18:16,025 - map_video - DEBUG - [mapping_recorder.main:114] - beklemedyiz hacıdayı
2025-06-20 23:18:16,076 - map_video - DEBUG - [mapping_recorder.main:114] - beklemedyiz hacıdayı
2025-06-20 23:18:16,127 - map_video - DEBUG - [mapping_recorder.main:114] - beklemedyiz hacıdayı
2025-06-20 23:18:16,178 - map_video - DEBUG - [mapping_recorder.main:114] - beklemedyiz hacıdayı
2025-06-20 23:18:16,229 - map_video - DEBUG - [mapping_recorder.main:114] - beklemedyiz hacıdayı
2025-06-20 23:18:16,280 - map_video - DEBUG - [mapping_recorder.main:114] - beklemedyiz hacıdayı
2025-06-20 23:18:16,331 - map_video - DEBUG - [mapping_recorder.main:114] - beklemedyiz hacıdayı
2025-06-20 23:18:16,382 - map_video - DEBUG - [mapping_recorder.main:114] - beklemedyiz hacıdayı
2025-06-20 23:18:16,433 - map_video - DEBUG - [mapping_recorder.main:114] - beklemedyiz hacıdayı
2025-06-20 23:18:16,484 - map_video - DEBUG - [mapping_recorder.main:114] - beklemedyiz hacıdayı
2025-06-20 23:18:16,534 - map_video - DEBUG - [mapping_recorder.main:114] - beklemedyiz hacıdayı
2025-06-20 23:18:16,585 - map_video - DEBUG - [mapping_recorder.main:114] - beklemedyiz hacıdayı
2025-06-20 23:18:16,636 - map_video - DEBUG - [mapping_recorder.main:114] - beklemedyiz hacıdayı
2025-06-20 23:18:16,687 - map_video - DEBUG - [mapping_recorder.main:114] - beklemedyiz hacıdayı
2025-06-20 23:18:16,738 - map_video - DEBUG - [mapping_recorder.main:114] - beklemedyiz hacıdayı
2025-06-20 23:18:16,789 - map_video - DEBUG - [mapping_recorder.main:114] - beklemedyiz hacıdayı
2025-06-20 23:18:16,841 - map_video - DEBUG - [mapping_recorder.main:114] - beklemedyiz hacıdayı
2025-06-20 23:18:16,892 - map_video - DEBUG - [mapping_recorder.main:114] - beklemedyiz hacıdayı
2025-06-20 23:18:16,943 - map_video - DEBUG - [mapping_recorder.main:114] - beklemedyiz hacıdayı
2025-06-20 23:18:16,994 - map_video - DEBUG - [mapping_recorder.main:114] - beklemedyiz hacıdayı
2025-06-20 23:18:17,045 - map_video - DEBUG - [mapping_recorder.main:114] - beklemedyiz hacıdayı
2025-06-20 23:18:17,096 - map_video - DEBUG - [mapping_recorder.main:114] - beklemedyiz hacıdayı
2025-06-20 23:18:17,147 - map_video - DEBUG - [mapping_recorder.main:114] - beklemedyiz hacıdayı
2025-06-20 23:18:17,198 - map_video - DEBUG - [mapping_recorder.main:114] - beklemedyiz hacıdayı
2025-06-20 23:18:17,249 - map_video - DEBUG - [mapping_recorder.main:114] - beklemedyiz hacıdayı
2025-06-20 23:18:17,300 - map_video - DEBUG - [mapping_recorder.main:114] - beklemedyiz hacıdayı
2025-06-20 23:18:17,351 - map_video - DEBUG - [mapping_recorder.main:114] - beklemedyiz hacıdayı
2025-06-20 23:18:17,402 - map_video - DEBUG - [mapping_recorder.main:114] - beklemedyiz hacıdayı
2025-06-20 23:18:17,452 - map_video - DEBUG - [mapping_recorder.main:114] - beklemedyiz hacıdayı
2025-06-20 23:18:17,503 - map_video - DEBUG - [mapping_recorder.main:114] - beklemedyiz hacıdayı
2025-06-20 23:18:17,554 - map_video - DEBUG - [mapping_recorder.main:114] - beklemedyiz hacıdayı
2025-06-20 23:18:17,605 - map_video - DEBUG - [mapping_recorder.main:114] - beklemedyiz hacıdayı
2025-06-20 23:18:17,656 - map_video - DEBUG - [mapping_recorder.main:114] - beklemedyiz hacıdayı
2025-06-20 23:18:17,707 - map_video - DEBUG - [mapping_recorder.main:114] - beklemedyiz hacıdayı
2025-06-20 23:18:17,758 - map_video - DEBUG - [mapping_recorder.main:114] - beklemedyiz hacıdayı
2025-06-20 23:18:17,809 - map_video - DEBUG - [mapping_recorder.main:114] - beklemedyiz hacıdayı
2025-06-20 23:18:17,860 - map_video - DEBUG - [mapping_recorder.main:114] - beklemedyiz hacıdayı
2025-06-20 23:18:17,911 - map_video - DEBUG - [mapping_recorder.main:114] - beklemedyiz hacıdayı
