2025-06-21 20:28:58,651 - map_video - DEBUG - [mapping_recorder.main:257] - Test başlatılıyor: 10 saniye video kaydı.
2025-06-21 20:28:59,715 - map_video - DEBUG - [mapping_recorder.main:270] - [20250621_202859] Test video kaydı başladı → test_video_20250621_202859.mp4
2025-06-21 20:29:10,150 - map_video - DEBUG - [mapping_recorder.main:283] - Test kaydı tamamlandı, USB'ye taşınıyor.
2025-06-21 20:29:10,150 - map_video - ERROR - [mapping_recorder.move_to_usb:246] - USB dizini bulunamadı: /media/itunom/toshiba usb
2025-06-21 20:29:10,151 - map_video - DEBUG - [mapping_recorder.main:287] - Ana işlem başlatılıyor. Redis ile iletişim kurulacak.
2025-06-21 20:29:10,155 - map_video - DEBUG - [mapping_recorder.main:291] - [20:29:10] Beklemede... start_rec=False
2025-06-21 20:29:11,157 - map_video - DEBUG - [mapping_recorder.main:291] - [20:29:11] Beklemede... start_rec=False
2025-06-21 20:29:12,158 - map_video - DEBUG - [mapping_recorder.main:291] - [20:29:12] Beklemede... start_rec=False
2025-06-21 20:29:13,160 - map_video - DEBUG - [mapping_recorder.main:291] - [20:29:13] Beklemede... start_rec=False
2025-06-21 20:29:14,161 - map_video - DEBUG - [mapping_recorder.main:291] - [20:29:14] Beklemede... start_rec=False
2025-06-21 20:29:15,163 - map_video - DEBUG - [mapping_recorder.main:291] - [20:29:15] Beklemede... start_rec=False
2025-06-21 20:29:16,165 - map_video - DEBUG - [mapping_recorder.main:291] - [20:29:16] Beklemede... start_rec=False
2025-06-21 20:29:17,167 - map_video - DEBUG - [mapping_recorder.main:291] - [20:29:17] Beklemede... start_rec=False
2025-06-21 20:29:18,168 - map_video - DEBUG - [mapping_recorder.main:291] - [20:29:18] Beklemede... start_rec=False
2025-06-21 20:29:19,170 - map_video - DEBUG - [mapping_recorder.main:291] - [20:29:19] Beklemede... start_rec=False
2025-06-21 20:29:20,172 - map_video - DEBUG - [mapping_recorder.main:291] - [20:29:20] Beklemede... start_rec=False
2025-06-21 20:29:21,173 - map_video - DEBUG - [mapping_recorder.main:291] - [20:29:21] Beklemede... start_rec=False
2025-06-21 20:29:22,175 - map_video - DEBUG - [mapping_recorder.main:291] - [20:29:22] Beklemede... start_rec=False
2025-06-21 20:29:23,177 - map_video - DEBUG - [mapping_recorder.main:291] - [20:29:23] Beklemede... start_rec=False
2025-06-21 20:29:24,179 - map_video - DEBUG - [mapping_recorder.main:291] - [20:29:24] Beklemede... start_rec=False
2025-06-21 20:29:25,213 - map_video - DEBUG - [mapping_recorder.main:291] - [20:29:25] Beklemede... start_rec=False
2025-06-21 20:29:26,215 - map_video - DEBUG - [mapping_recorder.main:291] - [20:29:26] Beklemede... start_rec=False
2025-06-21 20:29:27,217 - map_video - DEBUG - [mapping_recorder.main:291] - [20:29:27] Beklemede... start_rec=False
2025-06-21 20:29:28,219 - map_video - DEBUG - [mapping_recorder.main:291] - [20:29:28] Beklemede... start_rec=False
2025-06-21 20:29:29,221 - map_video - DEBUG - [mapping_recorder.main:291] - [20:29:29] Beklemede... start_rec=False
2025-06-21 20:29:30,223 - map_video - DEBUG - [mapping_recorder.main:291] - [20:29:30] Beklemede... start_rec=False
2025-06-21 20:29:31,225 - map_video - DEBUG - [mapping_recorder.main:291] - [20:29:31] Beklemede... start_rec=False
2025-06-21 20:29:32,227 - map_video - DEBUG - [mapping_recorder.main:291] - [20:29:32] Beklemede... start_rec=False
2025-06-21 20:29:33,229 - map_video - DEBUG - [mapping_recorder.main:291] - [20:29:33] Beklemede... start_rec=False
2025-06-21 20:29:34,231 - map_video - DEBUG - [mapping_recorder.main:291] - [20:29:34] Beklemede... start_rec=False
2025-06-21 20:29:35,233 - map_video - DEBUG - [mapping_recorder.main:291] - [20:29:35] Beklemede... start_rec=False
2025-06-21 20:29:36,235 - map_video - DEBUG - [mapping_recorder.main:291] - [20:29:36] Beklemede... start_rec=False
2025-06-21 20:29:37,237 - map_video - DEBUG - [mapping_recorder.main:291] - [20:29:37] Beklemede... start_rec=False
2025-06-21 20:29:38,239 - map_video - DEBUG - [mapping_recorder.main:291] - [20:29:38] Beklemede... start_rec=False
2025-06-21 20:29:39,240 - map_video - DEBUG - [mapping_recorder.main:291] - [20:29:39] Beklemede... start_rec=False
2025-06-21 20:29:40,242 - map_video - DEBUG - [mapping_recorder.main:291] - [20:29:40] Beklemede... start_rec=False
2025-06-21 20:29:41,264 - map_video - DEBUG - [mapping_recorder.main:291] - [20:29:41] Beklemede... start_rec=False
2025-06-21 20:29:42,265 - map_video - DEBUG - [mapping_recorder.main:291] - [20:29:42] Beklemede... start_rec=False
2025-06-21 20:29:43,267 - map_video - DEBUG - [mapping_recorder.main:291] - [20:29:43] Beklemede... start_rec=False
2025-06-21 20:29:44,269 - map_video - DEBUG - [mapping_recorder.main:291] - [20:29:44] Beklemede... start_rec=False
2025-06-21 20:29:45,271 - map_video - DEBUG - [mapping_recorder.main:291] - [20:29:45] Beklemede... start_rec=False
2025-06-21 20:29:46,273 - map_video - DEBUG - [mapping_recorder.main:291] - [20:29:46] Beklemede... start_rec=False
2025-06-21 20:29:47,275 - map_video - DEBUG - [mapping_recorder.main:291] - [20:29:47] Beklemede... start_rec=False
2025-06-21 20:29:48,276 - map_video - DEBUG - [mapping_recorder.main:291] - [20:29:48] Beklemede... start_rec=False
2025-06-21 20:29:49,278 - map_video - DEBUG - [mapping_recorder.main:291] - [20:29:49] Beklemede... start_rec=False
2025-06-21 20:29:50,280 - map_video - DEBUG - [mapping_recorder.main:291] - [20:29:50] Beklemede... start_rec=False
2025-06-21 20:29:51,282 - map_video - DEBUG - [mapping_recorder.main:291] - [20:29:51] Beklemede... start_rec=False
2025-06-21 20:29:52,283 - map_video - DEBUG - [mapping_recorder.main:291] - [20:29:52] Beklemede... start_rec=False
2025-06-21 20:29:53,285 - map_video - DEBUG - [mapping_recorder.main:291] - [20:29:53] Beklemede... start_rec=False
2025-06-21 20:29:54,287 - map_video - DEBUG - [mapping_recorder.main:291] - [20:29:54] Beklemede... start_rec=False
2025-06-21 20:29:55,289 - map_video - DEBUG - [mapping_recorder.main:291] - [20:29:55] Beklemede... start_rec=False
2025-06-21 20:29:56,291 - map_video - DEBUG - [mapping_recorder.main:291] - [20:29:56] Beklemede... start_rec=False
2025-06-21 20:29:57,293 - map_video - DEBUG - [mapping_recorder.main:291] - [20:29:57] Beklemede... start_rec=False
2025-06-21 20:29:58,295 - map_video - DEBUG - [mapping_recorder.main:291] - [20:29:58] Beklemede... start_rec=False
2025-06-21 20:29:59,297 - map_video - DEBUG - [mapping_recorder.main:291] - [20:29:59] Beklemede... start_rec=False
2025-06-21 20:30:00,299 - map_video - DEBUG - [mapping_recorder.main:291] - [20:30:00] Beklemede... start_rec=False
2025-06-21 20:30:01,301 - map_video - DEBUG - [mapping_recorder.main:291] - [20:30:01] Beklemede... start_rec=False
2025-06-21 20:30:02,303 - map_video - DEBUG - [mapping_recorder.main:291] - [20:30:02] Beklemede... start_rec=False
2025-06-21 20:30:03,305 - map_video - DEBUG - [mapping_recorder.main:291] - [20:30:03] Beklemede... start_rec=False
2025-06-21 20:30:04,306 - map_video - DEBUG - [mapping_recorder.main:291] - [20:30:04] Beklemede... start_rec=False
2025-06-21 20:30:05,307 - map_video - DEBUG - [mapping_recorder.main:291] - [20:30:05] Beklemede... start_rec=False
2025-06-21 20:30:06,309 - map_video - DEBUG - [mapping_recorder.main:291] - [20:30:06] Beklemede... start_rec=False
2025-06-21 20:30:07,311 - map_video - DEBUG - [mapping_recorder.main:291] - [20:30:07] Beklemede... start_rec=False
2025-06-21 20:30:08,313 - map_video - DEBUG - [mapping_recorder.main:291] - [20:30:08] Beklemede... start_rec=False
2025-06-21 20:30:09,315 - map_video - DEBUG - [mapping_recorder.main:291] - [20:30:09] Beklemede... start_rec=False
2025-06-21 20:30:10,317 - map_video - DEBUG - [mapping_recorder.main:291] - [20:30:10] Beklemede... start_rec=False
2025-06-21 20:30:11,319 - map_video - DEBUG - [mapping_recorder.main:291] - [20:30:11] Beklemede... start_rec=False
2025-06-21 20:30:12,321 - map_video - DEBUG - [mapping_recorder.main:291] - [20:30:12] Beklemede... start_rec=False
2025-06-21 20:30:13,322 - map_video - DEBUG - [mapping_recorder.main:291] - [20:30:13] Beklemede... start_rec=False
2025-06-21 20:30:14,324 - map_video - DEBUG - [mapping_recorder.main:291] - [20:30:14] Beklemede... start_rec=False
2025-06-21 20:30:15,326 - map_video - DEBUG - [mapping_recorder.main:291] - [20:30:15] Beklemede... start_rec=False
2025-06-21 20:30:16,328 - map_video - DEBUG - [mapping_recorder.main:291] - [20:30:16] Beklemede... start_rec=False
2025-06-21 20:30:17,329 - map_video - DEBUG - [mapping_recorder.main:291] - [20:30:17] Beklemede... start_rec=False
2025-06-21 20:30:18,331 - map_video - DEBUG - [mapping_recorder.main:291] - [20:30:18] Beklemede... start_rec=False
2025-06-21 20:30:19,333 - map_video - DEBUG - [mapping_recorder.main:291] - [20:30:19] Beklemede... start_rec=False
2025-06-21 20:30:20,334 - map_video - DEBUG - [mapping_recorder.main:291] - [20:30:20] Beklemede... start_rec=False
2025-06-21 20:30:21,336 - map_video - DEBUG - [mapping_recorder.main:291] - [20:30:21] Beklemede... start_rec=False
2025-06-21 20:30:22,338 - map_video - DEBUG - [mapping_recorder.main:291] - [20:30:22] Beklemede... start_rec=False
2025-06-21 20:30:23,340 - map_video - DEBUG - [mapping_recorder.main:291] - [20:30:23] Beklemede... start_rec=False
2025-06-21 20:30:24,341 - map_video - DEBUG - [mapping_recorder.main:291] - [20:30:24] Beklemede... start_rec=False
2025-06-21 20:30:25,343 - map_video - DEBUG - [mapping_recorder.main:291] - [20:30:25] Beklemede... start_rec=False
2025-06-21 20:30:26,345 - map_video - DEBUG - [mapping_recorder.main:291] - [20:30:26] Beklemede... start_rec=False
2025-06-21 20:30:27,380 - map_video - DEBUG - [mapping_recorder.main:291] - [20:30:27] Beklemede... start_rec=False
2025-06-21 20:30:28,382 - map_video - DEBUG - [mapping_recorder.main:291] - [20:30:28] Beklemede... start_rec=False
2025-06-21 20:30:29,383 - map_video - DEBUG - [mapping_recorder.main:291] - [20:30:29] Beklemede... start_rec=False
2025-06-21 20:30:30,385 - map_video - DEBUG - [mapping_recorder.main:291] - [20:30:30] Beklemede... start_rec=False
2025-06-21 20:30:31,387 - map_video - DEBUG - [mapping_recorder.main:291] - [20:30:31] Beklemede... start_rec=False
2025-06-21 20:30:32,389 - map_video - DEBUG - [mapping_recorder.main:291] - [20:30:32] Beklemede... start_rec=False
2025-06-21 20:30:33,391 - map_video - DEBUG - [mapping_recorder.main:291] - [20:30:33] Beklemede... start_rec=False
2025-06-21 20:30:34,393 - map_video - DEBUG - [mapping_recorder.main:291] - [20:30:34] Beklemede... start_rec=False
2025-06-21 20:30:35,395 - map_video - DEBUG - [mapping_recorder.main:291] - [20:30:35] Beklemede... start_rec=False
2025-06-21 20:30:36,397 - map_video - DEBUG - [mapping_recorder.main:291] - [20:30:36] Beklemede... start_rec=False
2025-06-21 20:30:37,399 - map_video - DEBUG - [mapping_recorder.main:291] - [20:30:37] Beklemede... start_rec=False
