2025-06-23 19:15:39,589 - map_video - DEBUG - [mapping_recorder.main:75] - Test başlatılıyor: 10 saniye video kaydı.
2025-06-23 19:15:40,832 - map_video - DEBUG - [mapping_recorder.main:89] - [20250623_191540] Test video kaydı başladı → test_video_20250623_191540.mp4
2025-06-23 19:15:50,875 - map_video - DEBUG - [mapping_recorder.main:101] - [19:15:50] Test kaydı durduruluyor.
2025-06-23 19:15:51,103 - map_video - DEBUG - [mapping_recorder.main:109] - Ana işlem başlatılıyor. Redis ile iletişim kurulacak.
2025-06-23 19:15:51,103 - map_video - DEBUG - [mapping_recorder.main:112] - beklemedyiz hacıdayı
2025-06-23 19:15:51,104 - map_video - DEBUG - [mapping_recorder.main:115] - [19:15:51] Redndı: False
2025-06-23 19:15:52,106 - map_video - DEBUG - [mapping_recorder.main:115] - [19:15:52] Redndı: False
2025-06-23 19:15:53,108 - map_video - DEBUG - [mapping_recorder.main:115] - [19:15:53] Redndı: False
2025-06-23 19:15:54,110 - map_video - DEBUG - [mapping_recorder.main:115] - [19:15:54] Redndı: False
2025-06-23 19:15:55,111 - map_video - DEBUG - [mapping_recorder.main:115] - [19:15:55] Redndı: False
2025-06-23 19:15:56,113 - map_video - DEBUG - [mapping_recorder.main:115] - [19:15:56] Redndı: False
2025-06-23 19:15:57,114 - map_video - DEBUG - [mapping_recorder.main:115] - [19:15:57] Redndı: False
2025-06-23 19:15:58,116 - map_video - DEBUG - [mapping_recorder.main:115] - [19:15:58] Redndı: False
2025-06-23 19:15:59,117 - map_video - DEBUG - [mapping_recorder.main:115] - [19:15:59] Redndı: False
2025-06-23 19:16:00,119 - map_video - DEBUG - [mapping_recorder.main:115] - [19:16:00] Redndı: False
2025-06-23 19:16:01,121 - map_video - DEBUG - [mapping_recorder.main:115] - [19:16:01] Redndı: False
2025-06-23 19:16:02,123 - map_video - DEBUG - [mapping_recorder.main:115] - [19:16:02] Redndı: False
2025-06-23 19:16:03,125 - map_video - DEBUG - [mapping_recorder.main:115] - [19:16:03] Redndı: False
2025-06-23 19:16:04,126 - map_video - DEBUG - [mapping_recorder.main:115] - [19:16:04] Redndı: False
2025-06-23 19:16:05,128 - map_video - DEBUG - [mapping_recorder.main:115] - [19:16:05] Redndı: False
2025-06-23 19:16:06,130 - map_video - DEBUG - [mapping_recorder.main:115] - [19:16:06] Redndı: False
2025-06-23 19:16:07,132 - map_video - DEBUG - [mapping_recorder.main:115] - [19:16:07] Redndı: False
2025-06-23 19:16:08,134 - map_video - DEBUG - [mapping_recorder.main:115] - [19:16:08] Redndı: False
2025-06-23 19:16:09,136 - map_video - DEBUG - [mapping_recorder.main:115] - [19:16:09] Redndı: False
2025-06-23 19:16:10,137 - map_video - DEBUG - [mapping_recorder.main:115] - [19:16:10] Redndı: False
2025-06-23 19:16:11,139 - map_video - DEBUG - [mapping_recorder.main:115] - [19:16:11] Redndı: False
2025-06-23 19:16:12,141 - map_video - DEBUG - [mapping_recorder.main:115] - [19:16:12] Redndı: False
2025-06-23 19:16:13,143 - map_video - DEBUG - [mapping_recorder.main:115] - [19:16:13] Redndı: False
2025-06-23 19:16:14,145 - map_video - DEBUG - [mapping_recorder.main:115] - [19:16:14] Redndı: False
2025-06-23 19:16:15,146 - map_video - DEBUG - [mapping_recorder.main:115] - [19:16:15] Redndı: False
2025-06-23 19:16:16,148 - map_video - DEBUG - [mapping_recorder.main:115] - [19:16:16] Redndı: False
2025-06-23 19:16:17,150 - map_video - DEBUG - [mapping_recorder.main:115] - [19:16:17] Redndı: False
2025-06-23 19:16:18,152 - map_video - DEBUG - [mapping_recorder.main:115] - [19:16:18] Redndı: False
2025-06-23 19:16:19,153 - map_video - DEBUG - [mapping_recorder.main:115] - [19:16:19] Redndı: False
2025-06-23 19:16:20,155 - map_video - DEBUG - [mapping_recorder.main:115] - [19:16:20] Redndı: False
2025-06-23 19:16:21,157 - map_video - DEBUG - [mapping_recorder.main:115] - [19:16:21] Redndı: False
2025-06-23 19:16:22,159 - map_video - DEBUG - [mapping_recorder.main:115] - [19:16:22] Redndı: False
2025-06-23 19:16:23,161 - map_video - DEBUG - [mapping_recorder.main:115] - [19:16:23] Redndı: False
2025-06-23 19:16:24,163 - map_video - DEBUG - [mapping_recorder.main:115] - [19:16:24] Redndı: False
2025-06-23 19:16:25,165 - map_video - DEBUG - [mapping_recorder.main:115] - [19:16:25] Redndı: False
2025-06-23 19:16:26,167 - map_video - DEBUG - [mapping_recorder.main:115] - [19:16:26] Redndı: False
2025-06-23 19:16:27,169 - map_video - DEBUG - [mapping_recorder.main:115] - [19:16:27] Redndı: False
2025-06-23 19:16:28,171 - map_video - DEBUG - [mapping_recorder.main:115] - [19:16:28] Redndı: False
2025-06-23 19:16:29,173 - map_video - DEBUG - [mapping_recorder.main:115] - [19:16:29] Redndı: False
2025-06-23 19:16:30,175 - map_video - DEBUG - [mapping_recorder.main:115] - [19:16:30] Redndı: False
2025-06-23 19:16:31,209 - map_video - DEBUG - [mapping_recorder.main:115] - [19:16:31] Redndı: False
2025-06-23 19:16:32,211 - map_video - DEBUG - [mapping_recorder.main:115] - [19:16:32] Redndı: False
2025-06-23 19:16:33,213 - map_video - DEBUG - [mapping_recorder.main:115] - [19:16:33] Redndı: False
2025-06-23 19:16:34,215 - map_video - DEBUG - [mapping_recorder.main:115] - [19:16:34] Redndı: False
2025-06-23 19:16:35,217 - map_video - DEBUG - [mapping_recorder.main:115] - [19:16:35] Redndı: False
2025-06-23 19:16:36,219 - map_video - DEBUG - [mapping_recorder.main:115] - [19:16:36] Redndı: False
2025-06-23 19:16:37,221 - map_video - DEBUG - [mapping_recorder.main:115] - [19:16:37] Redndı: False
2025-06-23 19:16:38,223 - map_video - DEBUG - [mapping_recorder.main:115] - [19:16:38] Redndı: False
2025-06-23 19:16:39,225 - map_video - DEBUG - [mapping_recorder.main:115] - [19:16:39] Redndı: False
2025-06-23 19:16:40,227 - map_video - DEBUG - [mapping_recorder.main:115] - [19:16:40] Redndı: False
2025-06-23 19:16:41,229 - map_video - DEBUG - [mapping_recorder.main:115] - [19:16:41] Redndı: False
2025-06-23 19:16:42,231 - map_video - DEBUG - [mapping_recorder.main:115] - [19:16:42] Redndı: False
2025-06-23 19:16:43,233 - map_video - DEBUG - [mapping_recorder.main:115] - [19:16:43] Redndı: False
2025-06-23 19:16:44,234 - map_video - DEBUG - [mapping_recorder.main:115] - [19:16:44] Redndı: False
2025-06-23 19:16:45,235 - map_video - DEBUG - [mapping_recorder.main:115] - [19:16:45] Redndı: False
2025-06-23 19:16:46,237 - map_video - DEBUG - [mapping_recorder.main:115] - [19:16:46] Redndı: False
2025-06-23 19:16:47,238 - map_video - DEBUG - [mapping_recorder.main:115] - [19:16:47] Redndı: False
2025-06-23 19:16:48,240 - map_video - DEBUG - [mapping_recorder.main:115] - [19:16:48] Redndı: False
2025-06-23 19:16:49,242 - map_video - DEBUG - [mapping_recorder.main:115] - [19:16:49] Redndı: False
2025-06-23 19:16:50,243 - map_video - DEBUG - [mapping_recorder.main:115] - [19:16:50] Redndı: False
2025-06-23 19:16:51,245 - map_video - DEBUG - [mapping_recorder.main:115] - [19:16:51] Redndı: False
2025-06-23 19:16:52,247 - map_video - DEBUG - [mapping_recorder.main:115] - [19:16:52] Redndı: False
2025-06-23 19:16:53,249 - map_video - DEBUG - [mapping_recorder.main:115] - [19:16:53] Redndı: False
2025-06-23 19:16:54,252 - map_video - DEBUG - [mapping_recorder.main:115] - [19:16:54] Redndı: False
2025-06-23 19:16:55,253 - map_video - DEBUG - [mapping_recorder.main:115] - [19:16:55] Redndı: False
2025-06-23 19:16:56,255 - map_video - DEBUG - [mapping_recorder.main:115] - [19:16:56] Redndı: False
2025-06-23 19:16:57,257 - map_video - DEBUG - [mapping_recorder.main:115] - [19:16:57] Redndı: False
2025-06-23 19:16:58,259 - map_video - DEBUG - [mapping_recorder.main:115] - [19:16:58] Redndı: False
2025-06-23 19:16:59,261 - map_video - DEBUG - [mapping_recorder.main:115] - [19:16:59] Redndı: False
2025-06-23 19:17:00,263 - map_video - DEBUG - [mapping_recorder.main:115] - [19:17:00] Redndı: False
2025-06-23 19:17:01,265 - map_video - DEBUG - [mapping_recorder.main:115] - [19:17:01] Redndı: False
2025-06-23 19:17:02,267 - map_video - DEBUG - [mapping_recorder.main:115] - [19:17:02] Redndı: False
2025-06-23 19:17:03,269 - map_video - DEBUG - [mapping_recorder.main:115] - [19:17:03] Redndı: False
2025-06-23 19:17:04,271 - map_video - DEBUG - [mapping_recorder.main:115] - [19:17:04] Redndı: False
2025-06-23 19:17:05,273 - map_video - DEBUG - [mapping_recorder.main:115] - [19:17:05] Redndı: False
2025-06-23 19:17:06,275 - map_video - DEBUG - [mapping_recorder.main:115] - [19:17:06] Redndı: False
2025-06-23 19:17:07,277 - map_video - DEBUG - [mapping_recorder.main:115] - [19:17:07] Redndı: False
2025-06-23 19:17:08,279 - map_video - DEBUG - [mapping_recorder.main:115] - [19:17:08] Redndı: False
2025-06-23 19:17:09,281 - map_video - DEBUG - [mapping_recorder.main:115] - [19:17:09] Redndı: False
2025-06-23 19:17:10,283 - map_video - DEBUG - [mapping_recorder.main:115] - [19:17:10] Redndı: False
2025-06-23 19:17:11,285 - map_video - DEBUG - [mapping_recorder.main:115] - [19:17:11] Redndı: False
2025-06-23 19:17:12,287 - map_video - DEBUG - [mapping_recorder.main:115] - [19:17:12] Redndı: False
2025-06-23 19:17:13,289 - map_video - DEBUG - [mapping_recorder.main:115] - [19:17:13] Redndı: False
2025-06-23 19:17:14,291 - map_video - DEBUG - [mapping_recorder.main:115] - [19:17:14] Redndı: False
2025-06-23 19:17:15,293 - map_video - DEBUG - [mapping_recorder.main:115] - [19:17:15] Redndı: False
2025-06-23 19:17:16,295 - map_video - DEBUG - [mapping_recorder.main:115] - [19:17:16] Redndı: False
2025-06-23 19:17:17,297 - map_video - DEBUG - [mapping_recorder.main:115] - [19:17:17] Redndı: False
2025-06-23 19:17:18,298 - map_video - DEBUG - [mapping_recorder.main:115] - [19:17:18] Redndı: False
2025-06-23 19:17:19,300 - map_video - DEBUG - [mapping_recorder.main:115] - [19:17:19] Redndı: False
2025-06-23 19:17:20,302 - map_video - DEBUG - [mapping_recorder.main:115] - [19:17:20] Redndı: False
2025-06-23 19:17:21,303 - map_video - DEBUG - [mapping_recorder.main:115] - [19:17:21] Redndı: False
2025-06-23 19:17:22,305 - map_video - DEBUG - [mapping_recorder.main:115] - [19:17:22] Redndı: False
2025-06-23 19:17:23,306 - map_video - DEBUG - [mapping_recorder.main:115] - [19:17:23] Redndı: False
2025-06-23 19:17:24,308 - map_video - DEBUG - [mapping_recorder.main:115] - [19:17:24] Redndı: False
2025-06-23 19:17:25,309 - map_video - DEBUG - [mapping_recorder.main:115] - [19:17:25] Redndı: False
2025-06-23 19:17:26,311 - map_video - DEBUG - [mapping_recorder.main:115] - [19:17:26] Redndı: False
2025-06-23 19:17:27,313 - map_video - DEBUG - [mapping_recorder.main:115] - [19:17:27] Redndı: False
2025-06-23 19:17:28,315 - map_video - DEBUG - [mapping_recorder.main:115] - [19:17:28] Redndı: False
2025-06-23 19:17:29,317 - map_video - DEBUG - [mapping_recorder.main:115] - [19:17:29] Redndı: False
2025-06-23 19:17:30,319 - map_video - DEBUG - [mapping_recorder.main:115] - [19:17:30] Redndı: False
2025-06-23 19:17:31,321 - map_video - DEBUG - [mapping_recorder.main:115] - [19:17:31] Redndı: False
2025-06-23 19:17:32,323 - map_video - DEBUG - [mapping_recorder.main:115] - [19:17:32] Redndı: False
2025-06-23 19:17:33,325 - map_video - DEBUG - [mapping_recorder.main:115] - [19:17:33] Redndı: False
2025-06-23 19:17:34,326 - map_video - DEBUG - [mapping_recorder.main:115] - [19:17:34] Redndı: False
2025-06-23 19:17:35,328 - map_video - DEBUG - [mapping_recorder.main:115] - [19:17:35] Redndı: False
2025-06-23 19:17:36,329 - map_video - DEBUG - [mapping_recorder.main:115] - [19:17:36] Redndı: False
2025-06-23 19:17:37,331 - map_video - DEBUG - [mapping_recorder.main:115] - [19:17:37] Redndı: False
2025-06-23 19:17:38,332 - map_video - DEBUG - [mapping_recorder.main:115] - [19:17:38] Redndı: False
2025-06-23 19:17:39,334 - map_video - DEBUG - [mapping_recorder.main:115] - [19:17:39] Redndı: False
