2025-06-21 00:31:42,489 - map_video - DEBUG - [mapping_recorder.main:75] - Test başlatılıyor: 10 saniye video kaydı.
2025-06-21 00:31:43,306 - map_video - DEBUG - [mapping_recorder.main:89] - [20250621_003143] Test video kaydı başladı → test_video_20250621_003143.mp4
2025-06-21 00:31:53,327 - map_video - DEBUG - [mapping_recorder.main:101] - [00:31:53] Test kaydı durduruluyor.
2025-06-21 00:31:53,400 - map_video - DEBUG - [mapping_recorder.main:109] - Ana işlem başlatılıyor. Redis ile iletişim kurulacak.
2025-06-21 00:31:53,400 - map_video - DEBUG - [mapping_recorder.main:112] - beklemedyiz hacıdayı
2025-06-21 00:31:53,401 - map_video - DEBUG - [mapping_recorder.main:115] - [00:31:53] Redndı: False
2025-06-21 00:31:54,403 - map_video - DEBUG - [mapping_recorder.main:115] - [00:31:54] Redndı: False
2025-06-21 00:31:55,405 - map_video - DEBUG - [mapping_recorder.main:115] - [00:31:55] Redndı: False
2025-06-21 00:31:56,407 - map_video - DEBUG - [mapping_recorder.main:115] - [00:31:56] Redndı: False
2025-06-21 00:31:57,408 - map_video - DEBUG - [mapping_recorder.main:115] - [00:31:57] Redndı: False
2025-06-21 00:31:58,410 - map_video - DEBUG - [mapping_recorder.main:115] - [00:31:58] Redndı: False
2025-06-21 00:31:59,412 - map_video - DEBUG - [mapping_recorder.main:115] - [00:31:59] Redndı: False
2025-06-21 00:32:00,413 - map_video - DEBUG - [mapping_recorder.main:115] - [00:32:00] Redndı: False
2025-06-21 00:32:01,416 - map_video - DEBUG - [mapping_recorder.main:115] - [00:32:01] Redndı: False
2025-06-21 00:32:02,418 - map_video - DEBUG - [mapping_recorder.main:115] - [00:32:02] Redndı: False
2025-06-21 00:32:03,419 - map_video - DEBUG - [mapping_recorder.main:115] - [00:32:03] Redndı: False
2025-06-21 00:32:04,421 - map_video - DEBUG - [mapping_recorder.main:115] - [00:32:04] Redndı: False
2025-06-21 00:32:05,423 - map_video - DEBUG - [mapping_recorder.main:115] - [00:32:05] Redndı: False
2025-06-21 00:32:06,425 - map_video - DEBUG - [mapping_recorder.main:115] - [00:32:06] Redndı: False
2025-06-21 00:32:07,426 - map_video - DEBUG - [mapping_recorder.main:115] - [00:32:07] Redndı: False
2025-06-21 00:32:08,428 - map_video - DEBUG - [mapping_recorder.main:115] - [00:32:08] Redndı: False
2025-06-21 00:32:09,430 - map_video - DEBUG - [mapping_recorder.main:115] - [00:32:09] Redndı: False
2025-06-21 00:32:10,432 - map_video - DEBUG - [mapping_recorder.main:115] - [00:32:10] Redndı: False
2025-06-21 00:32:11,433 - map_video - DEBUG - [mapping_recorder.main:115] - [00:32:11] Redndı: False
2025-06-21 00:32:12,435 - map_video - DEBUG - [mapping_recorder.main:115] - [00:32:12] Redndı: False
2025-06-21 00:32:13,437 - map_video - DEBUG - [mapping_recorder.main:115] - [00:32:13] Redndı: False
2025-06-21 00:32:14,439 - map_video - DEBUG - [mapping_recorder.main:115] - [00:32:14] Redndı: False
2025-06-21 00:32:15,441 - map_video - DEBUG - [mapping_recorder.main:115] - [00:32:15] Redndı: False
2025-06-21 00:32:16,443 - map_video - DEBUG - [mapping_recorder.main:115] - [00:32:16] Redndı: False
2025-06-21 00:32:17,445 - map_video - DEBUG - [mapping_recorder.main:115] - [00:32:17] Redndı: False
2025-06-21 00:32:18,447 - map_video - DEBUG - [mapping_recorder.main:115] - [00:32:18] Redndı: False
2025-06-21 00:32:19,449 - map_video - DEBUG - [mapping_recorder.main:115] - [00:32:19] Redndı: False
2025-06-21 00:32:20,451 - map_video - DEBUG - [mapping_recorder.main:115] - [00:32:20] Redndı: False
2025-06-21 00:32:21,453 - map_video - DEBUG - [mapping_recorder.main:115] - [00:32:21] Redndı: False
2025-06-21 00:32:22,455 - map_video - DEBUG - [mapping_recorder.main:115] - [00:32:22] Redndı: False
2025-06-21 00:32:23,457 - map_video - DEBUG - [mapping_recorder.main:115] - [00:32:23] Redndı: False
2025-06-21 00:32:24,459 - map_video - DEBUG - [mapping_recorder.main:115] - [00:32:24] Redndı: False
2025-06-21 00:32:25,461 - map_video - DEBUG - [mapping_recorder.main:115] - [00:32:25] Redndı: False
2025-06-21 00:32:26,463 - map_video - DEBUG - [mapping_recorder.main:115] - [00:32:26] Redndı: False
2025-06-21 00:32:27,465 - map_video - DEBUG - [mapping_recorder.main:115] - [00:32:27] Redndı: False
2025-06-21 00:32:28,467 - map_video - DEBUG - [mapping_recorder.main:115] - [00:32:28] Redndı: False
2025-06-21 00:32:29,468 - map_video - DEBUG - [mapping_recorder.main:115] - [00:32:29] Redndı: False
2025-06-21 00:32:30,469 - map_video - DEBUG - [mapping_recorder.main:115] - [00:32:30] Redndı: False
2025-06-21 00:32:31,471 - map_video - DEBUG - [mapping_recorder.main:115] - [00:32:31] Redndı: False
2025-06-21 00:32:32,473 - map_video - DEBUG - [mapping_recorder.main:115] - [00:32:32] Redndı: False
2025-06-21 00:32:33,475 - map_video - DEBUG - [mapping_recorder.main:115] - [00:32:33] Redndı: False
2025-06-21 00:32:34,478 - map_video - DEBUG - [mapping_recorder.main:115] - [00:32:34] Redndı: False
2025-06-21 00:32:35,480 - map_video - DEBUG - [mapping_recorder.main:115] - [00:32:35] Redndı: False
2025-06-21 00:32:36,481 - map_video - DEBUG - [mapping_recorder.main:115] - [00:32:36] Redndı: False
2025-06-21 00:32:37,483 - map_video - DEBUG - [mapping_recorder.main:115] - [00:32:37] Redndı: False
2025-06-21 00:32:38,485 - map_video - DEBUG - [mapping_recorder.main:115] - [00:32:38] Redndı: False
2025-06-21 00:32:39,487 - map_video - DEBUG - [mapping_recorder.main:115] - [00:32:39] Redndı: False
2025-06-21 00:32:40,489 - map_video - DEBUG - [mapping_recorder.main:115] - [00:32:40] Redndı: False
2025-06-21 00:32:41,491 - map_video - DEBUG - [mapping_recorder.main:115] - [00:32:41] Redndı: False
2025-06-21 00:32:42,493 - map_video - DEBUG - [mapping_recorder.main:115] - [00:32:42] Redndı: False
2025-06-21 00:32:43,495 - map_video - DEBUG - [mapping_recorder.main:115] - [00:32:43] Redndı: False
2025-06-21 00:32:44,497 - map_video - DEBUG - [mapping_recorder.main:115] - [00:32:44] Redndı: False
2025-06-21 00:32:45,500 - map_video - DEBUG - [mapping_recorder.main:115] - [00:32:45] Redndı: False
2025-06-21 00:32:46,502 - map_video - DEBUG - [mapping_recorder.main:115] - [00:32:46] Redndı: False
2025-06-21 00:32:47,503 - map_video - DEBUG - [mapping_recorder.main:115] - [00:32:47] Redndı: False
2025-06-21 00:32:48,505 - map_video - DEBUG - [mapping_recorder.main:115] - [00:32:48] Redndı: False
2025-06-21 00:32:49,507 - map_video - DEBUG - [mapping_recorder.main:115] - [00:32:49] Redndı: False
2025-06-21 00:32:50,508 - map_video - DEBUG - [mapping_recorder.main:115] - [00:32:50] Redndı: False
2025-06-21 00:32:51,509 - map_video - DEBUG - [mapping_recorder.main:115] - [00:32:51] Redndı: False
2025-06-21 00:32:52,511 - map_video - DEBUG - [mapping_recorder.main:115] - [00:32:52] Redndı: False
2025-06-21 00:32:53,513 - map_video - DEBUG - [mapping_recorder.main:115] - [00:32:53] Redndı: False
2025-06-21 00:32:54,515 - map_video - DEBUG - [mapping_recorder.main:115] - [00:32:54] Redndı: False
2025-06-21 00:32:55,517 - map_video - DEBUG - [mapping_recorder.main:115] - [00:32:55] Redndı: False
2025-06-21 00:32:56,519 - map_video - DEBUG - [mapping_recorder.main:115] - [00:32:56] Redndı: False
2025-06-21 00:32:57,521 - map_video - DEBUG - [mapping_recorder.main:115] - [00:32:57] Redndı: False
2025-06-21 00:32:58,523 - map_video - DEBUG - [mapping_recorder.main:115] - [00:32:58] Redndı: False
2025-06-21 00:32:59,525 - map_video - DEBUG - [mapping_recorder.main:115] - [00:32:59] Redndı: False
2025-06-21 00:33:00,526 - map_video - DEBUG - [mapping_recorder.main:115] - [00:33:00] Redndı: False
2025-06-21 00:33:01,527 - map_video - DEBUG - [mapping_recorder.main:115] - [00:33:01] Redndı: False
2025-06-21 00:33:02,528 - map_video - DEBUG - [mapping_recorder.main:115] - [00:33:02] Redndı: False
2025-06-21 00:33:03,529 - map_video - DEBUG - [mapping_recorder.main:115] - [00:33:03] Redndı: False
2025-06-21 00:33:04,531 - map_video - DEBUG - [mapping_recorder.main:115] - [00:33:04] Redndı: False
2025-06-21 00:33:05,533 - map_video - DEBUG - [mapping_recorder.main:115] - [00:33:05] Redndı: False
2025-06-21 00:33:06,535 - map_video - DEBUG - [mapping_recorder.main:115] - [00:33:06] Redndı: False
2025-06-21 00:33:07,537 - map_video - DEBUG - [mapping_recorder.main:115] - [00:33:07] Redndı: False
2025-06-21 00:33:08,539 - map_video - DEBUG - [mapping_recorder.main:115] - [00:33:08] Redndı: False
2025-06-21 00:33:09,541 - map_video - DEBUG - [mapping_recorder.main:115] - [00:33:09] Redndı: False
2025-06-21 00:33:10,542 - map_video - DEBUG - [mapping_recorder.main:115] - [00:33:10] Redndı: False
2025-06-21 00:33:11,544 - map_video - DEBUG - [mapping_recorder.main:115] - [00:33:11] Redndı: False
2025-06-21 00:33:12,545 - map_video - DEBUG - [mapping_recorder.main:115] - [00:33:12] Redndı: False
2025-06-21 00:33:13,548 - map_video - DEBUG - [mapping_recorder.main:115] - [00:33:13] Redndı: False
2025-06-21 00:33:14,550 - map_video - DEBUG - [mapping_recorder.main:115] - [00:33:14] Redndı: False
2025-06-21 00:33:15,552 - map_video - DEBUG - [mapping_recorder.main:115] - [00:33:15] Redndı: False
2025-06-21 00:33:16,553 - map_video - DEBUG - [mapping_recorder.main:115] - [00:33:16] Redndı: False
2025-06-21 00:33:17,555 - map_video - DEBUG - [mapping_recorder.main:115] - [00:33:17] Redndı: False
2025-06-21 00:33:18,557 - map_video - DEBUG - [mapping_recorder.main:115] - [00:33:18] Redndı: False
2025-06-21 00:33:19,559 - map_video - DEBUG - [mapping_recorder.main:115] - [00:33:19] Redndı: False
2025-06-21 00:33:20,561 - map_video - DEBUG - [mapping_recorder.main:115] - [00:33:20] Redndı: False
2025-06-21 00:33:21,563 - map_video - DEBUG - [mapping_recorder.main:115] - [00:33:21] Redndı: False
2025-06-21 00:33:22,565 - map_video - DEBUG - [mapping_recorder.main:115] - [00:33:22] Redndı: False
2025-06-21 00:33:23,566 - map_video - DEBUG - [mapping_recorder.main:115] - [00:33:23] Redndı: False
2025-06-21 00:33:24,568 - map_video - DEBUG - [mapping_recorder.main:115] - [00:33:24] Redndı: False
2025-06-21 00:33:25,569 - map_video - DEBUG - [mapping_recorder.main:115] - [00:33:25] Redndı: False
2025-06-21 00:33:26,571 - map_video - DEBUG - [mapping_recorder.main:115] - [00:33:26] Redndı: False
2025-06-21 00:33:27,573 - map_video - DEBUG - [mapping_recorder.main:115] - [00:33:27] Redndı: False
2025-06-21 00:33:28,575 - map_video - DEBUG - [mapping_recorder.main:115] - [00:33:28] Redndı: False
2025-06-21 00:33:29,576 - map_video - DEBUG - [mapping_recorder.main:115] - [00:33:29] Redndı: False
2025-06-21 00:33:30,578 - map_video - DEBUG - [mapping_recorder.main:115] - [00:33:30] Redndı: False
2025-06-21 00:33:31,579 - map_video - DEBUG - [mapping_recorder.main:115] - [00:33:31] Redndı: False
2025-06-21 00:33:32,581 - map_video - DEBUG - [mapping_recorder.main:115] - [00:33:32] Redndı: False
2025-06-21 00:33:33,583 - map_video - DEBUG - [mapping_recorder.main:115] - [00:33:33] Redndı: False
2025-06-21 00:33:34,585 - map_video - DEBUG - [mapping_recorder.main:115] - [00:33:34] Redndı: False
2025-06-21 00:33:35,586 - map_video - DEBUG - [mapping_recorder.main:115] - [00:33:35] Redndı: False
2025-06-21 00:33:36,588 - map_video - DEBUG - [mapping_recorder.main:115] - [00:33:36] Redndı: False
2025-06-21 00:33:37,589 - map_video - DEBUG - [mapping_recorder.main:115] - [00:33:37] Redndı: False
2025-06-21 00:33:38,591 - map_video - DEBUG - [mapping_recorder.main:115] - [00:33:38] Redndı: False
2025-06-21 00:33:39,593 - map_video - DEBUG - [mapping_recorder.main:115] - [00:33:39] Redndı: False
2025-06-21 00:33:40,595 - map_video - DEBUG - [mapping_recorder.main:115] - [00:33:40] Redndı: False
2025-06-21 00:33:41,597 - map_video - DEBUG - [mapping_recorder.main:115] - [00:33:41] Redndı: False
2025-06-21 00:33:42,599 - map_video - DEBUG - [mapping_recorder.main:115] - [00:33:42] Redndı: False
2025-06-21 00:33:43,601 - map_video - DEBUG - [mapping_recorder.main:115] - [00:33:43] Redndı: False
2025-06-21 00:33:44,603 - map_video - DEBUG - [mapping_recorder.main:115] - [00:33:44] Redndı: False
2025-06-21 00:33:45,604 - map_video - DEBUG - [mapping_recorder.main:115] - [00:33:45] Redndı: False
2025-06-21 00:33:46,605 - map_video - DEBUG - [mapping_recorder.main:115] - [00:33:46] Redndı: False
2025-06-21 00:33:47,607 - map_video - DEBUG - [mapping_recorder.main:115] - [00:33:47] Redndı: False
2025-06-21 00:33:48,609 - map_video - DEBUG - [mapping_recorder.main:115] - [00:33:48] Redndı: False
2025-06-21 00:33:49,611 - map_video - DEBUG - [mapping_recorder.main:115] - [00:33:49] Redndı: False
2025-06-21 00:33:50,612 - map_video - DEBUG - [mapping_recorder.main:115] - [00:33:50] Redndı: False
2025-06-21 00:33:51,613 - map_video - DEBUG - [mapping_recorder.main:115] - [00:33:51] Redndı: False
2025-06-21 00:33:52,615 - map_video - DEBUG - [mapping_recorder.main:115] - [00:33:52] Redndı: False
2025-06-21 00:33:53,617 - map_video - DEBUG - [mapping_recorder.main:115] - [00:33:53] Redndı: False
2025-06-21 00:33:54,619 - map_video - DEBUG - [mapping_recorder.main:115] - [00:33:54] Redndı: False
2025-06-21 00:33:55,621 - map_video - DEBUG - [mapping_recorder.main:115] - [00:33:55] Redndı: False
2025-06-21 00:33:56,622 - map_video - DEBUG - [mapping_recorder.main:115] - [00:33:56] Redndı: False
2025-06-21 00:33:57,624 - map_video - DEBUG - [mapping_recorder.main:115] - [00:33:57] Redndı: False
2025-06-21 00:33:58,625 - map_video - DEBUG - [mapping_recorder.main:115] - [00:33:58] Redndı: False
2025-06-21 00:33:59,627 - map_video - DEBUG - [mapping_recorder.main:115] - [00:33:59] Redndı: False
2025-06-21 00:34:00,628 - map_video - DEBUG - [mapping_recorder.main:115] - [00:34:00] Redndı: False
2025-06-21 00:34:01,629 - map_video - DEBUG - [mapping_recorder.main:115] - [00:34:01] Redndı: False
2025-06-21 00:34:02,631 - map_video - DEBUG - [mapping_recorder.main:115] - [00:34:02] Redndı: False
2025-06-21 00:34:03,633 - map_video - DEBUG - [mapping_recorder.main:115] - [00:34:03] Redndı: False
2025-06-21 00:34:04,635 - map_video - DEBUG - [mapping_recorder.main:115] - [00:34:04] Redndı: False
2025-06-21 00:34:05,637 - map_video - DEBUG - [mapping_recorder.main:115] - [00:34:05] Redndı: False
2025-06-21 00:34:06,639 - map_video - DEBUG - [mapping_recorder.main:115] - [00:34:06] Redndı: False
2025-06-21 00:34:07,641 - map_video - DEBUG - [mapping_recorder.main:115] - [00:34:07] Redndı: False
2025-06-21 00:34:08,643 - map_video - DEBUG - [mapping_recorder.main:115] - [00:34:08] Redndı: False
2025-06-21 00:34:09,645 - map_video - DEBUG - [mapping_recorder.main:115] - [00:34:09] Redndı: False
2025-06-21 00:34:10,647 - map_video - DEBUG - [mapping_recorder.main:115] - [00:34:10] Redndı: False
2025-06-21 00:34:11,648 - map_video - DEBUG - [mapping_recorder.main:115] - [00:34:11] Redndı: False
2025-06-21 00:34:12,649 - map_video - DEBUG - [mapping_recorder.main:115] - [00:34:12] Redndı: False
2025-06-21 00:34:13,651 - map_video - DEBUG - [mapping_recorder.main:115] - [00:34:13] Redndı: False
2025-06-21 00:34:14,653 - map_video - DEBUG - [mapping_recorder.main:115] - [00:34:14] Redndı: False
2025-06-21 00:34:15,655 - map_video - DEBUG - [mapping_recorder.main:115] - [00:34:15] Redndı: False
2025-06-21 00:34:16,657 - map_video - DEBUG - [mapping_recorder.main:115] - [00:34:16] Redndı: False
2025-06-21 00:34:17,659 - map_video - DEBUG - [mapping_recorder.main:115] - [00:34:17] Redndı: False
2025-06-21 00:34:18,661 - map_video - DEBUG - [mapping_recorder.main:115] - [00:34:18] Redndı: False
2025-06-21 00:34:19,663 - map_video - DEBUG - [mapping_recorder.main:115] - [00:34:19] Redndı: False
2025-06-21 00:34:20,665 - map_video - DEBUG - [mapping_recorder.main:115] - [00:34:20] Redndı: False
2025-06-21 00:34:21,666 - map_video - DEBUG - [mapping_recorder.main:115] - [00:34:21] Redndı: False
2025-06-21 00:34:22,668 - map_video - DEBUG - [mapping_recorder.main:115] - [00:34:22] Redndı: False
2025-06-21 00:34:23,669 - map_video - DEBUG - [mapping_recorder.main:115] - [00:34:23] Redndı: False
2025-06-21 00:34:24,671 - map_video - DEBUG - [mapping_recorder.main:115] - [00:34:24] Redndı: False
2025-06-21 00:34:25,673 - map_video - DEBUG - [mapping_recorder.main:115] - [00:34:25] Redndı: False
2025-06-21 00:34:26,675 - map_video - DEBUG - [mapping_recorder.main:115] - [00:34:26] Redndı: False
2025-06-21 00:34:27,677 - map_video - DEBUG - [mapping_recorder.main:115] - [00:34:27] Redndı: False
2025-06-21 00:34:28,679 - map_video - DEBUG - [mapping_recorder.main:115] - [00:34:28] Redndı: False
2025-06-21 00:34:29,681 - map_video - DEBUG - [mapping_recorder.main:115] - [00:34:29] Redndı: False
2025-06-21 00:34:30,683 - map_video - DEBUG - [mapping_recorder.main:115] - [00:34:30] Redndı: False
2025-06-21 00:34:31,685 - map_video - DEBUG - [mapping_recorder.main:115] - [00:34:31] Redndı: False
2025-06-21 00:34:32,687 - map_video - DEBUG - [mapping_recorder.main:115] - [00:34:32] Redndı: False
2025-06-21 00:34:33,688 - map_video - DEBUG - [mapping_recorder.main:115] - [00:34:33] Redndı: False
2025-06-21 00:34:34,690 - map_video - DEBUG - [mapping_recorder.main:115] - [00:34:34] Redndı: False
2025-06-21 00:34:35,692 - map_video - DEBUG - [mapping_recorder.main:115] - [00:34:35] Redndı: False
2025-06-21 00:34:36,693 - map_video - DEBUG - [mapping_recorder.main:115] - [00:34:36] Redndı: False
2025-06-21 00:34:37,695 - map_video - DEBUG - [mapping_recorder.main:115] - [00:34:37] Redndı: False
2025-06-21 00:34:38,697 - map_video - DEBUG - [mapping_recorder.main:115] - [00:34:38] Redndı: False
2025-06-21 00:34:39,699 - map_video - DEBUG - [mapping_recorder.main:115] - [00:34:39] Redndı: False
2025-06-21 00:34:40,705 - map_video - DEBUG - [mapping_recorder.main:115] - [00:34:40] Redndı: False
2025-06-21 00:34:41,707 - map_video - DEBUG - [mapping_recorder.main:115] - [00:34:41] Redndı: False
2025-06-21 00:34:42,709 - map_video - DEBUG - [mapping_recorder.main:115] - [00:34:42] Redndı: False
2025-06-21 00:34:43,711 - map_video - DEBUG - [mapping_recorder.main:115] - [00:34:43] Redndı: False
2025-06-21 00:34:44,713 - map_video - DEBUG - [mapping_recorder.main:115] - [00:34:44] Redndı: False
2025-06-21 00:34:45,721 - map_video - DEBUG - [mapping_recorder.main:115] - [00:34:45] Redndı: False
2025-06-21 00:34:46,723 - map_video - DEBUG - [mapping_recorder.main:115] - [00:34:46] Redndı: False
2025-06-21 00:34:47,725 - map_video - DEBUG - [mapping_recorder.main:115] - [00:34:47] Redndı: False
2025-06-21 00:34:48,727 - map_video - DEBUG - [mapping_recorder.main:115] - [00:34:48] Redndı: False
2025-06-21 00:34:49,729 - map_video - DEBUG - [mapping_recorder.main:115] - [00:34:49] Redndı: False
2025-06-21 00:34:50,735 - map_video - DEBUG - [mapping_recorder.main:115] - [00:34:50] Redndı: False
2025-06-21 00:34:51,737 - map_video - DEBUG - [mapping_recorder.main:115] - [00:34:51] Redndı: False
2025-06-21 00:34:52,738 - map_video - DEBUG - [mapping_recorder.main:115] - [00:34:52] Redndı: False
2025-06-21 00:34:53,739 - map_video - DEBUG - [mapping_recorder.main:115] - [00:34:53] Redndı: False
2025-06-21 00:34:54,741 - map_video - DEBUG - [mapping_recorder.main:115] - [00:34:54] Redndı: False
2025-06-21 00:34:55,751 - map_video - DEBUG - [mapping_recorder.main:115] - [00:34:55] Redndı: False
2025-06-21 00:34:56,753 - map_video - DEBUG - [mapping_recorder.main:115] - [00:34:56] Redndı: False
2025-06-21 00:34:57,755 - map_video - DEBUG - [mapping_recorder.main:115] - [00:34:57] Redndı: False
2025-06-21 00:34:58,757 - map_video - DEBUG - [mapping_recorder.main:115] - [00:34:58] Redndı: False
2025-06-21 00:34:59,757 - map_video - DEBUG - [mapping_recorder.main:115] - [00:34:59] Redndı: False
2025-06-21 00:35:00,759 - map_video - DEBUG - [mapping_recorder.main:115] - [00:35:00] Redndı: False
2025-06-21 00:35:01,761 - map_video - DEBUG - [mapping_recorder.main:115] - [00:35:01] Redndı: False
2025-06-21 00:35:02,763 - map_video - DEBUG - [mapping_recorder.main:115] - [00:35:02] Redndı: False
2025-06-21 00:35:03,765 - map_video - DEBUG - [mapping_recorder.main:115] - [00:35:03] Redndı: False
2025-06-21 00:35:04,767 - map_video - DEBUG - [mapping_recorder.main:115] - [00:35:04] Redndı: False
2025-06-21 00:35:05,769 - map_video - DEBUG - [mapping_recorder.main:115] - [00:35:05] Redndı: False
2025-06-21 00:35:06,771 - map_video - DEBUG - [mapping_recorder.main:115] - [00:35:06] Redndı: False
2025-06-21 00:35:07,773 - map_video - DEBUG - [mapping_recorder.main:115] - [00:35:07] Redndı: False
2025-06-21 00:35:08,775 - map_video - DEBUG - [mapping_recorder.main:115] - [00:35:08] Redndı: False
2025-06-21 00:35:09,776 - map_video - DEBUG - [mapping_recorder.main:115] - [00:35:09] Redndı: False
2025-06-21 00:35:10,777 - map_video - DEBUG - [mapping_recorder.main:115] - [00:35:10] Redndı: False
2025-06-21 00:35:11,779 - map_video - DEBUG - [mapping_recorder.main:115] - [00:35:11] Redndı: False
2025-06-21 00:35:12,781 - map_video - DEBUG - [mapping_recorder.main:115] - [00:35:12] Redndı: False
2025-06-21 00:35:13,783 - map_video - DEBUG - [mapping_recorder.main:115] - [00:35:13] Redndı: False
2025-06-21 00:35:14,785 - map_video - DEBUG - [mapping_recorder.main:115] - [00:35:14] Redndı: False
2025-06-21 00:35:15,787 - map_video - DEBUG - [mapping_recorder.main:115] - [00:35:15] Redndı: False
2025-06-21 00:35:16,789 - map_video - DEBUG - [mapping_recorder.main:115] - [00:35:16] Redndı: False
2025-06-21 00:35:17,791 - map_video - DEBUG - [mapping_recorder.main:115] - [00:35:17] Redndı: False
2025-06-21 00:35:18,793 - map_video - DEBUG - [mapping_recorder.main:115] - [00:35:18] Redndı: False
2025-06-21 00:35:19,795 - map_video - DEBUG - [mapping_recorder.main:115] - [00:35:19] Redndı: False
2025-06-21 00:35:20,797 - map_video - DEBUG - [mapping_recorder.main:115] - [00:35:20] Redndı: False
2025-06-21 00:35:21,798 - map_video - DEBUG - [mapping_recorder.main:115] - [00:35:21] Redndı: False
2025-06-21 00:35:22,800 - map_video - DEBUG - [mapping_recorder.main:115] - [00:35:22] Redndı: False
2025-06-21 00:35:23,801 - map_video - DEBUG - [mapping_recorder.main:115] - [00:35:23] Redndı: False
2025-06-21 00:35:24,803 - map_video - DEBUG - [mapping_recorder.main:115] - [00:35:24] Redndı: False
2025-06-21 00:35:25,805 - map_video - DEBUG - [mapping_recorder.main:115] - [00:35:25] Redndı: False
2025-06-21 00:35:26,807 - map_video - DEBUG - [mapping_recorder.main:115] - [00:35:26] Redndı: False
2025-06-21 00:35:27,809 - map_video - DEBUG - [mapping_recorder.main:115] - [00:35:27] Redndı: False
2025-06-21 00:35:28,811 - map_video - DEBUG - [mapping_recorder.main:115] - [00:35:28] Redndı: False
2025-06-21 00:35:29,813 - map_video - DEBUG - [mapping_recorder.main:115] - [00:35:29] Redndı: False
2025-06-21 00:35:30,815 - map_video - DEBUG - [mapping_recorder.main:115] - [00:35:30] Redndı: False
2025-06-21 00:35:31,817 - map_video - DEBUG - [mapping_recorder.main:115] - [00:35:31] Redndı: False
2025-06-21 00:35:32,819 - map_video - DEBUG - [mapping_recorder.main:115] - [00:35:32] Redndı: False
2025-06-21 00:35:33,821 - map_video - DEBUG - [mapping_recorder.main:115] - [00:35:33] Redndı: False
2025-06-21 00:35:34,822 - map_video - DEBUG - [mapping_recorder.main:115] - [00:35:34] Redndı: False
2025-06-21 00:35:35,824 - map_video - DEBUG - [mapping_recorder.main:115] - [00:35:35] Redndı: False
2025-06-21 00:35:36,825 - map_video - DEBUG - [mapping_recorder.main:115] - [00:35:36] Redndı: False
2025-06-21 00:35:37,827 - map_video - DEBUG - [mapping_recorder.main:115] - [00:35:37] Redndı: False
2025-06-21 00:35:38,829 - map_video - DEBUG - [mapping_recorder.main:115] - [00:35:38] Redndı: False
2025-06-21 00:35:39,831 - map_video - DEBUG - [mapping_recorder.main:115] - [00:35:39] Redndı: False
2025-06-21 00:35:40,833 - map_video - DEBUG - [mapping_recorder.main:115] - [00:35:40] Redndı: False
2025-06-21 00:35:41,835 - map_video - DEBUG - [mapping_recorder.main:115] - [00:35:41] Redndı: False
2025-06-21 00:35:42,837 - map_video - DEBUG - [mapping_recorder.main:115] - [00:35:42] Redndı: False
2025-06-21 00:35:43,839 - map_video - DEBUG - [mapping_recorder.main:115] - [00:35:43] Redndı: False
2025-06-21 00:35:44,841 - map_video - DEBUG - [mapping_recorder.main:115] - [00:35:44] Redndı: False
2025-06-21 00:35:45,842 - map_video - DEBUG - [mapping_recorder.main:115] - [00:35:45] Redndı: False
2025-06-21 00:35:46,844 - map_video - DEBUG - [mapping_recorder.main:115] - [00:35:46] Redndı: False
2025-06-21 00:35:47,845 - map_video - DEBUG - [mapping_recorder.main:115] - [00:35:47] Redndı: False
2025-06-21 00:35:48,847 - map_video - DEBUG - [mapping_recorder.main:115] - [00:35:48] Redndı: False
2025-06-21 00:35:49,849 - map_video - DEBUG - [mapping_recorder.main:115] - [00:35:49] Redndı: False
2025-06-21 00:35:50,851 - map_video - DEBUG - [mapping_recorder.main:115] - [00:35:50] Redndı: False
2025-06-21 00:35:51,853 - map_video - DEBUG - [mapping_recorder.main:115] - [00:35:51] Redndı: False
2025-06-21 00:35:52,855 - map_video - DEBUG - [mapping_recorder.main:115] - [00:35:52] Redndı: False
2025-06-21 00:35:53,857 - map_video - DEBUG - [mapping_recorder.main:115] - [00:35:53] Redndı: False
2025-06-21 00:35:54,859 - map_video - DEBUG - [mapping_recorder.main:115] - [00:35:54] Redndı: False
2025-06-21 00:35:55,861 - map_video - DEBUG - [mapping_recorder.main:115] - [00:35:55] Redndı: False
2025-06-21 00:35:56,862 - map_video - DEBUG - [mapping_recorder.main:115] - [00:35:56] Redndı: False
2025-06-21 00:35:57,863 - map_video - DEBUG - [mapping_recorder.main:115] - [00:35:57] Redndı: False
2025-06-21 00:35:58,865 - map_video - DEBUG - [mapping_recorder.main:115] - [00:35:58] Redndı: False
2025-06-21 00:35:59,867 - map_video - DEBUG - [mapping_recorder.main:115] - [00:35:59] Redndı: False
2025-06-21 00:36:00,869 - map_video - DEBUG - [mapping_recorder.main:115] - [00:36:00] Redndı: False
2025-06-21 00:36:01,870 - map_video - DEBUG - [mapping_recorder.main:115] - [00:36:01] Redndı: False
2025-06-21 00:36:02,871 - map_video - DEBUG - [mapping_recorder.main:115] - [00:36:02] Redndı: False
2025-06-21 00:36:03,873 - map_video - DEBUG - [mapping_recorder.main:115] - [00:36:03] Redndı: False
2025-06-21 00:36:04,875 - map_video - DEBUG - [mapping_recorder.main:115] - [00:36:04] Redndı: False
2025-06-21 00:36:05,877 - map_video - DEBUG - [mapping_recorder.main:115] - [00:36:05] Redndı: False
2025-06-21 00:36:06,879 - map_video - DEBUG - [mapping_recorder.main:115] - [00:36:06] Redndı: False
2025-06-21 00:36:07,881 - map_video - DEBUG - [mapping_recorder.main:115] - [00:36:07] Redndı: False
2025-06-21 00:36:08,883 - map_video - DEBUG - [mapping_recorder.main:115] - [00:36:08] Redndı: False
2025-06-21 00:36:09,884 - map_video - DEBUG - [mapping_recorder.main:115] - [00:36:09] Redndı: False
2025-06-21 00:36:10,885 - map_video - DEBUG - [mapping_recorder.main:115] - [00:36:10] Redndı: False
2025-06-21 00:36:11,887 - map_video - DEBUG - [mapping_recorder.main:115] - [00:36:11] Redndı: False
2025-06-21 00:36:12,889 - map_video - DEBUG - [mapping_recorder.main:115] - [00:36:12] Redndı: False
2025-06-21 00:36:13,891 - map_video - DEBUG - [mapping_recorder.main:115] - [00:36:13] Redndı: False
2025-06-21 00:36:14,893 - map_video - DEBUG - [mapping_recorder.main:115] - [00:36:14] Redndı: False
2025-06-21 00:36:15,895 - map_video - DEBUG - [mapping_recorder.main:115] - [00:36:15] Redndı: False
2025-06-21 00:36:16,896 - map_video - DEBUG - [mapping_recorder.main:115] - [00:36:16] Redndı: False
2025-06-21 00:36:17,897 - map_video - DEBUG - [mapping_recorder.main:115] - [00:36:17] Redndı: False
2025-06-21 00:36:18,899 - map_video - DEBUG - [mapping_recorder.main:115] - [00:36:18] Redndı: False
2025-06-21 00:36:19,901 - map_video - DEBUG - [mapping_recorder.main:115] - [00:36:19] Redndı: False
2025-06-21 00:36:20,903 - map_video - DEBUG - [mapping_recorder.main:115] - [00:36:20] Redndı: False
2025-06-21 00:36:21,905 - map_video - DEBUG - [mapping_recorder.main:115] - [00:36:21] Redndı: False
2025-06-21 00:36:22,907 - map_video - DEBUG - [mapping_recorder.main:115] - [00:36:22] Redndı: False
2025-06-21 00:36:23,909 - map_video - DEBUG - [mapping_recorder.main:115] - [00:36:23] Redndı: False
2025-06-21 00:36:24,911 - map_video - DEBUG - [mapping_recorder.main:115] - [00:36:24] Redndı: False
2025-06-21 00:36:25,913 - map_video - DEBUG - [mapping_recorder.main:115] - [00:36:25] Redndı: False
2025-06-21 00:36:26,915 - map_video - DEBUG - [mapping_recorder.main:115] - [00:36:26] Redndı: False
2025-06-21 00:36:27,917 - map_video - DEBUG - [mapping_recorder.main:115] - [00:36:27] Redndı: False
2025-06-21 00:36:28,919 - map_video - DEBUG - [mapping_recorder.main:115] - [00:36:28] Redndı: False
2025-06-21 00:36:29,921 - map_video - DEBUG - [mapping_recorder.main:115] - [00:36:29] Redndı: False
2025-06-21 00:36:30,923 - map_video - DEBUG - [mapping_recorder.main:115] - [00:36:30] Redndı: False
2025-06-21 00:36:31,925 - map_video - DEBUG - [mapping_recorder.main:115] - [00:36:31] Redndı: False
2025-06-21 00:36:32,927 - map_video - DEBUG - [mapping_recorder.main:115] - [00:36:32] Redndı: False
2025-06-21 00:36:33,928 - map_video - DEBUG - [mapping_recorder.main:115] - [00:36:33] Redndı: False
2025-06-21 00:36:34,929 - map_video - DEBUG - [mapping_recorder.main:115] - [00:36:34] Redndı: False
2025-06-21 00:36:35,931 - map_video - DEBUG - [mapping_recorder.main:115] - [00:36:35] Redndı: False
2025-06-21 00:36:36,933 - map_video - DEBUG - [mapping_recorder.main:115] - [00:36:36] Redndı: False
2025-06-21 00:36:37,935 - map_video - DEBUG - [mapping_recorder.main:115] - [00:36:37] Redndı: False
2025-06-21 00:36:38,937 - map_video - DEBUG - [mapping_recorder.main:115] - [00:36:38] Redndı: False
2025-06-21 00:36:39,938 - map_video - DEBUG - [mapping_recorder.main:115] - [00:36:39] Redndı: False
2025-06-21 00:36:40,940 - map_video - DEBUG - [mapping_recorder.main:115] - [00:36:40] Redndı: False
2025-06-21 00:36:41,941 - map_video - DEBUG - [mapping_recorder.main:115] - [00:36:41] Redndı: False
2025-06-21 00:36:42,943 - map_video - DEBUG - [mapping_recorder.main:115] - [00:36:42] Redndı: False
2025-06-21 00:36:43,945 - map_video - DEBUG - [mapping_recorder.main:115] - [00:36:43] Redndı: False
2025-06-21 00:36:44,947 - map_video - DEBUG - [mapping_recorder.main:115] - [00:36:44] Redndı: False
2025-06-21 00:36:45,949 - map_video - DEBUG - [mapping_recorder.main:115] - [00:36:45] Redndı: False
2025-06-21 00:36:46,951 - map_video - DEBUG - [mapping_recorder.main:115] - [00:36:46] Redndı: False
2025-06-21 00:36:47,953 - map_video - DEBUG - [mapping_recorder.main:115] - [00:36:47] Redndı: False
2025-06-21 00:36:48,954 - map_video - DEBUG - [mapping_recorder.main:115] - [00:36:48] Redndı: False
2025-06-21 00:36:49,956 - map_video - DEBUG - [mapping_recorder.main:115] - [00:36:49] Redndı: False
2025-06-21 00:36:50,957 - map_video - DEBUG - [mapping_recorder.main:115] - [00:36:50] Redndı: False
2025-06-21 00:36:51,959 - map_video - DEBUG - [mapping_recorder.main:115] - [00:36:51] Redndı: False
2025-06-21 00:36:52,961 - map_video - DEBUG - [mapping_recorder.main:115] - [00:36:52] Redndı: False
2025-06-21 00:36:53,963 - map_video - DEBUG - [mapping_recorder.main:115] - [00:36:53] Redndı: False
2025-06-21 00:36:54,965 - map_video - DEBUG - [mapping_recorder.main:115] - [00:36:54] Redndı: False
2025-06-21 00:36:55,967 - map_video - DEBUG - [mapping_recorder.main:115] - [00:36:55] Redndı: False
2025-06-21 00:36:56,969 - map_video - DEBUG - [mapping_recorder.main:115] - [00:36:56] Redndı: False
2025-06-21 00:36:57,971 - map_video - DEBUG - [mapping_recorder.main:115] - [00:36:57] Redndı: False
2025-06-21 00:36:58,973 - map_video - DEBUG - [mapping_recorder.main:115] - [00:36:58] Redndı: False
2025-06-21 00:36:59,974 - map_video - DEBUG - [mapping_recorder.main:115] - [00:36:59] Redndı: False
2025-06-21 00:37:00,976 - map_video - DEBUG - [mapping_recorder.main:115] - [00:37:00] Redndı: False
2025-06-21 00:37:01,977 - map_video - DEBUG - [mapping_recorder.main:115] - [00:37:01] Redndı: False
2025-06-21 00:37:02,979 - map_video - DEBUG - [mapping_recorder.main:115] - [00:37:02] Redndı: False
2025-06-21 00:37:03,981 - map_video - DEBUG - [mapping_recorder.main:115] - [00:37:03] Redndı: False
2025-06-21 00:37:04,983 - map_video - DEBUG - [mapping_recorder.main:115] - [00:37:04] Redndı: False
2025-06-21 00:37:05,985 - map_video - DEBUG - [mapping_recorder.main:115] - [00:37:05] Redndı: False
2025-06-21 00:37:06,986 - map_video - DEBUG - [mapping_recorder.main:115] - [00:37:06] Redndı: False
2025-06-21 00:37:07,988 - map_video - DEBUG - [mapping_recorder.main:115] - [00:37:07] Redndı: False
2025-06-21 00:37:08,990 - map_video - DEBUG - [mapping_recorder.main:115] - [00:37:08] Redndı: False
2025-06-21 00:37:09,992 - map_video - DEBUG - [mapping_recorder.main:115] - [00:37:09] Redndı: False
2025-06-21 00:37:10,993 - map_video - DEBUG - [mapping_recorder.main:115] - [00:37:10] Redndı: False
2025-06-21 00:37:11,995 - map_video - DEBUG - [mapping_recorder.main:115] - [00:37:11] Redndı: False
2025-06-21 00:37:12,997 - map_video - DEBUG - [mapping_recorder.main:115] - [00:37:12] Redndı: False
2025-06-21 00:37:13,999 - map_video - DEBUG - [mapping_recorder.main:115] - [00:37:13] Redndı: False
2025-06-21 00:37:15,001 - map_video - DEBUG - [mapping_recorder.main:115] - [00:37:15] Redndı: False
2025-06-21 00:37:16,003 - map_video - DEBUG - [mapping_recorder.main:115] - [00:37:16] Redndı: False
2025-06-21 00:37:17,005 - map_video - DEBUG - [mapping_recorder.main:115] - [00:37:17] Redndı: False
2025-06-21 00:37:18,007 - map_video - DEBUG - [mapping_recorder.main:115] - [00:37:18] Redndı: False
2025-06-21 00:37:19,009 - map_video - DEBUG - [mapping_recorder.main:115] - [00:37:19] Redndı: False
2025-06-21 00:37:20,011 - map_video - DEBUG - [mapping_recorder.main:115] - [00:37:20] Redndı: False
2025-06-21 00:37:21,013 - map_video - DEBUG - [mapping_recorder.main:115] - [00:37:21] Redndı: False
2025-06-21 00:37:22,015 - map_video - DEBUG - [mapping_recorder.main:115] - [00:37:22] Redndı: False
2025-06-21 00:37:23,017 - map_video - DEBUG - [mapping_recorder.main:115] - [00:37:23] Redndı: False
2025-06-21 00:37:24,019 - map_video - DEBUG - [mapping_recorder.main:115] - [00:37:24] Redndı: False
2025-06-21 00:37:25,021 - map_video - DEBUG - [mapping_recorder.main:115] - [00:37:25] Redndı: False
2025-06-21 00:37:26,023 - map_video - DEBUG - [mapping_recorder.main:115] - [00:37:26] Redndı: False
2025-06-21 00:37:27,025 - map_video - DEBUG - [mapping_recorder.main:115] - [00:37:27] Redndı: False
2025-06-21 00:37:28,027 - map_video - DEBUG - [mapping_recorder.main:115] - [00:37:28] Redndı: False
2025-06-21 00:37:29,029 - map_video - DEBUG - [mapping_recorder.main:115] - [00:37:29] Redndı: False
2025-06-21 00:37:30,032 - map_video - DEBUG - [mapping_recorder.main:115] - [00:37:30] Redndı: False
2025-06-21 00:37:31,034 - map_video - DEBUG - [mapping_recorder.main:115] - [00:37:31] Redndı: False
2025-06-21 00:37:32,036 - map_video - DEBUG - [mapping_recorder.main:115] - [00:37:32] Redndı: False
2025-06-21 00:37:33,037 - map_video - DEBUG - [mapping_recorder.main:115] - [00:37:33] Redndı: False
2025-06-21 00:37:34,039 - map_video - DEBUG - [mapping_recorder.main:115] - [00:37:34] Redndı: False
2025-06-21 00:37:35,041 - map_video - DEBUG - [mapping_recorder.main:115] - [00:37:35] Redndı: False
2025-06-21 00:37:36,043 - map_video - DEBUG - [mapping_recorder.main:115] - [00:37:36] Redndı: False
2025-06-21 00:37:37,045 - map_video - DEBUG - [mapping_recorder.main:115] - [00:37:37] Redndı: False
2025-06-21 00:37:38,046 - map_video - DEBUG - [mapping_recorder.main:115] - [00:37:38] Redndı: False
2025-06-21 00:37:39,047 - map_video - DEBUG - [mapping_recorder.main:115] - [00:37:39] Redndı: False
2025-06-21 00:37:40,050 - map_video - DEBUG - [mapping_recorder.main:115] - [00:37:40] Redndı: False
2025-06-21 00:37:41,052 - map_video - DEBUG - [mapping_recorder.main:115] - [00:37:41] Redndı: False
2025-06-21 00:37:42,053 - map_video - DEBUG - [mapping_recorder.main:115] - [00:37:42] Redndı: False
2025-06-21 00:37:43,055 - map_video - DEBUG - [mapping_recorder.main:115] - [00:37:43] Redndı: False
2025-06-21 00:37:44,057 - map_video - DEBUG - [mapping_recorder.main:115] - [00:37:44] Redndı: False
2025-06-21 00:37:45,058 - map_video - DEBUG - [mapping_recorder.main:115] - [00:37:45] Redndı: False
2025-06-21 00:37:46,060 - map_video - DEBUG - [mapping_recorder.main:115] - [00:37:46] Redndı: False
2025-06-21 00:37:47,062 - map_video - DEBUG - [mapping_recorder.main:115] - [00:37:47] Redndı: False
2025-06-21 00:37:48,063 - map_video - DEBUG - [mapping_recorder.main:115] - [00:37:48] Redndı: False
2025-06-21 00:37:49,065 - map_video - DEBUG - [mapping_recorder.main:115] - [00:37:49] Redndı: False
2025-06-21 00:37:50,067 - map_video - DEBUG - [mapping_recorder.main:115] - [00:37:50] Redndı: False
2025-06-21 00:37:51,069 - map_video - DEBUG - [mapping_recorder.main:115] - [00:37:51] Redndı: False
2025-06-21 00:37:52,071 - map_video - DEBUG - [mapping_recorder.main:115] - [00:37:52] Redndı: False
2025-06-21 00:37:53,073 - map_video - DEBUG - [mapping_recorder.main:115] - [00:37:53] Redndı: False
2025-06-21 00:37:54,075 - map_video - DEBUG - [mapping_recorder.main:115] - [00:37:54] Redndı: False
2025-06-21 00:37:55,076 - map_video - DEBUG - [mapping_recorder.main:115] - [00:37:55] Redndı: False
2025-06-21 00:37:56,077 - map_video - DEBUG - [mapping_recorder.main:115] - [00:37:56] Redndı: False
2025-06-21 00:37:57,079 - map_video - DEBUG - [mapping_recorder.main:115] - [00:37:57] Redndı: False
2025-06-21 00:37:58,080 - map_video - DEBUG - [mapping_recorder.main:115] - [00:37:58] Redndı: False
2025-06-21 00:37:59,083 - map_video - DEBUG - [mapping_recorder.main:115] - [00:37:59] Redndı: False
2025-06-21 00:38:00,085 - map_video - DEBUG - [mapping_recorder.main:115] - [00:38:00] Redndı: False
2025-06-21 00:38:01,087 - map_video - DEBUG - [mapping_recorder.main:115] - [00:38:01] Redndı: False
2025-06-21 00:38:02,088 - map_video - DEBUG - [mapping_recorder.main:115] - [00:38:02] Redndı: False
2025-06-21 00:38:03,089 - map_video - DEBUG - [mapping_recorder.main:115] - [00:38:03] Redndı: False
2025-06-21 00:38:04,091 - map_video - DEBUG - [mapping_recorder.main:115] - [00:38:04] Redndı: False
2025-06-21 00:38:05,093 - map_video - DEBUG - [mapping_recorder.main:115] - [00:38:05] Redndı: False
2025-06-21 00:38:06,094 - map_video - DEBUG - [mapping_recorder.main:115] - [00:38:06] Redndı: False
2025-06-21 00:38:07,095 - map_video - DEBUG - [mapping_recorder.main:115] - [00:38:07] Redndı: False
2025-06-21 00:38:08,097 - map_video - DEBUG - [mapping_recorder.main:115] - [00:38:08] Redndı: False
2025-06-21 00:38:09,099 - map_video - DEBUG - [mapping_recorder.main:115] - [00:38:09] Redndı: False
2025-06-21 00:38:10,101 - map_video - DEBUG - [mapping_recorder.main:115] - [00:38:10] Redndı: False
2025-06-21 00:38:11,103 - map_video - DEBUG - [mapping_recorder.main:115] - [00:38:11] Redndı: False
2025-06-21 00:38:12,105 - map_video - DEBUG - [mapping_recorder.main:115] - [00:38:12] Redndı: False
2025-06-21 00:38:13,107 - map_video - DEBUG - [mapping_recorder.main:115] - [00:38:13] Redndı: False
2025-06-21 00:38:14,109 - map_video - DEBUG - [mapping_recorder.main:115] - [00:38:14] Redndı: False
2025-06-21 00:38:15,111 - map_video - DEBUG - [mapping_recorder.main:115] - [00:38:15] Redndı: False
2025-06-21 00:38:16,113 - map_video - DEBUG - [mapping_recorder.main:115] - [00:38:16] Redndı: False
2025-06-21 00:38:17,115 - map_video - DEBUG - [mapping_recorder.main:115] - [00:38:17] Redndı: False
2025-06-21 00:38:18,117 - map_video - DEBUG - [mapping_recorder.main:115] - [00:38:18] Redndı: False
2025-06-21 00:38:19,119 - map_video - DEBUG - [mapping_recorder.main:115] - [00:38:19] Redndı: False
2025-06-21 00:38:20,120 - map_video - DEBUG - [mapping_recorder.main:115] - [00:38:20] Redndı: False
2025-06-21 00:38:21,121 - map_video - DEBUG - [mapping_recorder.main:115] - [00:38:21] Redndı: False
2025-06-21 00:38:22,123 - map_video - DEBUG - [mapping_recorder.main:115] - [00:38:22] Redndı: False
2025-06-21 00:38:23,125 - map_video - DEBUG - [mapping_recorder.main:115] - [00:38:23] Redndı: False
2025-06-21 00:38:24,127 - map_video - DEBUG - [mapping_recorder.main:115] - [00:38:24] Redndı: False
2025-06-21 00:38:25,129 - map_video - DEBUG - [mapping_recorder.main:115] - [00:38:25] Redndı: False
2025-06-21 00:38:26,131 - map_video - DEBUG - [mapping_recorder.main:115] - [00:38:26] Redndı: False
2025-06-21 00:38:27,133 - map_video - DEBUG - [mapping_recorder.main:115] - [00:38:27] Redndı: False
2025-06-21 00:38:28,135 - map_video - DEBUG - [mapping_recorder.main:115] - [00:38:28] Redndı: False
2025-06-21 00:38:29,137 - map_video - DEBUG - [mapping_recorder.main:115] - [00:38:29] Redndı: False
2025-06-21 00:38:30,138 - map_video - DEBUG - [mapping_recorder.main:115] - [00:38:30] Redndı: False
2025-06-21 00:38:31,140 - map_video - DEBUG - [mapping_recorder.main:115] - [00:38:31] Redndı: False
2025-06-21 00:38:32,141 - map_video - DEBUG - [mapping_recorder.main:115] - [00:38:32] Redndı: False
2025-06-21 00:38:33,144 - map_video - DEBUG - [mapping_recorder.main:115] - [00:38:33] Redndı: False
2025-06-21 00:38:34,145 - map_video - DEBUG - [mapping_recorder.main:115] - [00:38:34] Redndı: False
2025-06-21 00:38:35,147 - map_video - DEBUG - [mapping_recorder.main:115] - [00:38:35] Redndı: False
2025-06-21 00:38:36,148 - map_video - DEBUG - [mapping_recorder.main:115] - [00:38:36] Redndı: False
2025-06-21 00:38:37,149 - map_video - DEBUG - [mapping_recorder.main:115] - [00:38:37] Redndı: False
2025-06-21 00:38:38,151 - map_video - DEBUG - [mapping_recorder.main:115] - [00:38:38] Redndı: False
2025-06-21 00:38:39,153 - map_video - DEBUG - [mapping_recorder.main:115] - [00:38:39] Redndı: False
2025-06-21 00:38:40,155 - map_video - DEBUG - [mapping_recorder.main:115] - [00:38:40] Redndı: False
2025-06-21 00:38:41,157 - map_video - DEBUG - [mapping_recorder.main:115] - [00:38:41] Redndı: False
2025-06-21 00:38:42,159 - map_video - DEBUG - [mapping_recorder.main:115] - [00:38:42] Redndı: False
2025-06-21 00:38:43,161 - map_video - DEBUG - [mapping_recorder.main:115] - [00:38:43] Redndı: False
2025-06-21 00:38:44,162 - map_video - DEBUG - [mapping_recorder.main:115] - [00:38:44] Redndı: False
2025-06-21 00:38:45,164 - map_video - DEBUG - [mapping_recorder.main:115] - [00:38:45] Redndı: False
2025-06-21 00:38:46,166 - map_video - DEBUG - [mapping_recorder.main:115] - [00:38:46] Redndı: False
2025-06-21 00:38:47,168 - map_video - DEBUG - [mapping_recorder.main:115] - [00:38:47] Redndı: False
2025-06-21 00:38:48,203 - map_video - DEBUG - [mapping_recorder.main:115] - [00:38:48] Redndı: False
2025-06-21 00:38:49,205 - map_video - DEBUG - [mapping_recorder.main:115] - [00:38:49] Redndı: False
2025-06-21 00:38:50,207 - map_video - DEBUG - [mapping_recorder.main:115] - [00:38:50] Redndı: False
2025-06-21 00:38:51,209 - map_video - DEBUG - [mapping_recorder.main:115] - [00:38:51] Redndı: False
2025-06-21 00:38:52,211 - map_video - DEBUG - [mapping_recorder.main:115] - [00:38:52] Redndı: False
2025-06-21 00:38:53,213 - map_video - DEBUG - [mapping_recorder.main:115] - [00:38:53] Redndı: False
2025-06-21 00:38:54,214 - map_video - DEBUG - [mapping_recorder.main:115] - [00:38:54] Redndı: False
2025-06-21 00:38:55,216 - map_video - DEBUG - [mapping_recorder.main:115] - [00:38:55] Redndı: False
2025-06-21 00:38:56,217 - map_video - DEBUG - [mapping_recorder.main:115] - [00:38:56] Redndı: False
2025-06-21 00:38:57,219 - map_video - DEBUG - [mapping_recorder.main:115] - [00:38:57] Redndı: False
2025-06-21 00:38:58,221 - map_video - DEBUG - [mapping_recorder.main:115] - [00:38:58] Redndı: False
2025-06-21 00:38:59,223 - map_video - DEBUG - [mapping_recorder.main:115] - [00:38:59] Redndı: False
2025-06-21 00:39:00,225 - map_video - DEBUG - [mapping_recorder.main:115] - [00:39:00] Redndı: False
2025-06-21 00:39:01,227 - map_video - DEBUG - [mapping_recorder.main:115] - [00:39:01] Redndı: False
2025-06-21 00:39:02,228 - map_video - DEBUG - [mapping_recorder.main:115] - [00:39:02] Redndı: False
2025-06-21 00:39:03,229 - map_video - DEBUG - [mapping_recorder.main:115] - [00:39:03] Redndı: False
2025-06-21 00:39:04,231 - map_video - DEBUG - [mapping_recorder.main:115] - [00:39:04] Redndı: False
2025-06-21 00:39:05,233 - map_video - DEBUG - [mapping_recorder.main:115] - [00:39:05] Redndı: False
2025-06-21 00:39:06,235 - map_video - DEBUG - [mapping_recorder.main:115] - [00:39:06] Redndı: False
2025-06-21 00:39:07,237 - map_video - DEBUG - [mapping_recorder.main:115] - [00:39:07] Redndı: False
2025-06-21 00:39:08,238 - map_video - DEBUG - [mapping_recorder.main:115] - [00:39:08] Redndı: False
2025-06-21 00:39:09,240 - map_video - DEBUG - [mapping_recorder.main:115] - [00:39:09] Redndı: False
2025-06-21 00:39:10,242 - map_video - DEBUG - [mapping_recorder.main:115] - [00:39:10] Redndı: False
2025-06-21 00:39:11,244 - map_video - DEBUG - [mapping_recorder.main:115] - [00:39:11] Redndı: False
2025-06-21 00:39:12,245 - map_video - DEBUG - [mapping_recorder.main:115] - [00:39:12] Redndı: False
2025-06-21 00:39:13,247 - map_video - DEBUG - [mapping_recorder.main:115] - [00:39:13] Redndı: False
2025-06-21 00:39:14,249 - map_video - DEBUG - [mapping_recorder.main:115] - [00:39:14] Redndı: False
2025-06-21 00:39:15,251 - map_video - DEBUG - [mapping_recorder.main:115] - [00:39:15] Redndı: False
2025-06-21 00:39:16,253 - map_video - DEBUG - [mapping_recorder.main:115] - [00:39:16] Redndı: False
2025-06-21 00:39:17,255 - map_video - DEBUG - [mapping_recorder.main:115] - [00:39:17] Redndı: False
2025-06-21 00:39:18,257 - map_video - DEBUG - [mapping_recorder.main:115] - [00:39:18] Redndı: False
2025-06-21 00:39:19,291 - map_video - DEBUG - [mapping_recorder.main:115] - [00:39:19] Redndı: False
2025-06-21 00:39:20,293 - map_video - DEBUG - [mapping_recorder.main:115] - [00:39:20] Redndı: False
2025-06-21 00:39:21,295 - map_video - DEBUG - [mapping_recorder.main:115] - [00:39:21] Redndı: False
2025-06-21 00:39:22,297 - map_video - DEBUG - [mapping_recorder.main:115] - [00:39:22] Redndı: False
2025-06-21 00:39:23,299 - map_video - DEBUG - [mapping_recorder.main:115] - [00:39:23] Redndı: False
2025-06-21 00:39:24,301 - map_video - DEBUG - [mapping_recorder.main:115] - [00:39:24] Redndı: False
2025-06-21 00:39:25,303 - map_video - DEBUG - [mapping_recorder.main:115] - [00:39:25] Redndı: False
2025-06-21 00:39:26,305 - map_video - DEBUG - [mapping_recorder.main:115] - [00:39:26] Redndı: False
2025-06-21 00:39:27,307 - map_video - DEBUG - [mapping_recorder.main:115] - [00:39:27] Redndı: False
2025-06-21 00:39:28,308 - map_video - DEBUG - [mapping_recorder.main:115] - [00:39:28] Redndı: False
2025-06-21 00:39:29,310 - map_video - DEBUG - [mapping_recorder.main:115] - [00:39:29] Redndı: True
2025-06-21 00:39:30,312 - map_video - DEBUG - [mapping_recorder.main:126] - [00:39:30] Kayıt başlatılıyor.
2025-06-21 00:39:30,885 - map_video - DEBUG - [mapping_recorder.main:141] - [20250621_003930] Kayıt başladı → video_20250621_003930.mp4
2025-06-21 00:39:52,692 - map_video - DEBUG - [mapping_recorder.main:145] - [00:39:52] Kayıt durduruluyor ve çıkılıyor.
