2025-06-20 23:37:56,406 - map_video - DEBUG - [mapping_recorder.main:75] - Test başlatılıyor: 10 saniye video kaydı.
2025-06-20 23:37:57,213 - map_video - DEBUG - [mapping_recorder.main:89] - [20250620_233757] Test video kaydı başladı → test_video_20250620_233757.mp4
2025-06-20 23:38:07,238 - map_video - DEBUG - [mapping_recorder.main:101] - [23:38:07] Test kaydı durduruluyor.
2025-06-20 23:38:07,307 - map_video - DEBUG - [mapping_recorder.main:109] - Ana işlem başlatılıyor. Redis ile iletişim kurulacak.
2025-06-20 23:38:07,307 - map_video - DEBUG - [mapping_recorder.main:112] - beklemedyiz hacıdayı
2025-06-20 23:38:07,308 - map_video - DEBUG - [mapping_recorder.main:115] - [23:38:07] Redndı: False
2025-06-20 23:38:08,309 - map_video - DEBUG - [mapping_recorder.main:115] - [23:38:08] Redndı: False
2025-06-20 23:38:09,311 - map_video - DEBUG - [mapping_recorder.main:115] - [23:38:09] Redndı: False
2025-06-20 23:38:10,313 - map_video - DEBUG - [mapping_recorder.main:115] - [23:38:10] Redndı: False
2025-06-20 23:38:11,315 - map_video - DEBUG - [mapping_recorder.main:115] - [23:38:11] Redndı: False
2025-06-20 23:38:12,317 - map_video - DEBUG - [mapping_recorder.main:115] - [23:38:12] Redndı: False
2025-06-20 23:38:13,319 - map_video - DEBUG - [mapping_recorder.main:115] - [23:38:13] Redndı: False
2025-06-20 23:38:14,321 - map_video - DEBUG - [mapping_recorder.main:115] - [23:38:14] Redndı: False
2025-06-20 23:38:15,323 - map_video - DEBUG - [mapping_recorder.main:115] - [23:38:15] Redndı: False
2025-06-20 23:38:16,325 - map_video - DEBUG - [mapping_recorder.main:115] - [23:38:16] Redndı: False
2025-06-20 23:38:17,327 - map_video - DEBUG - [mapping_recorder.main:115] - [23:38:17] Redndı: False
2025-06-20 23:38:18,329 - map_video - DEBUG - [mapping_recorder.main:115] - [23:38:18] Redndı: False
2025-06-20 23:38:19,331 - map_video - DEBUG - [mapping_recorder.main:115] - [23:38:19] Redndı: False
2025-06-20 23:38:20,333 - map_video - DEBUG - [mapping_recorder.main:115] - [23:38:20] Redndı: False
2025-06-20 23:38:21,335 - map_video - DEBUG - [mapping_recorder.main:115] - [23:38:21] Redndı: False
2025-06-20 23:38:22,337 - map_video - DEBUG - [mapping_recorder.main:115] - [23:38:22] Redndı: False
2025-06-20 23:38:23,339 - map_video - DEBUG - [mapping_recorder.main:115] - [23:38:23] Redndı: False
2025-06-20 23:38:24,341 - map_video - DEBUG - [mapping_recorder.main:115] - [23:38:24] Redndı: False
2025-06-20 23:38:25,341 - map_video - DEBUG - [mapping_recorder.main:115] - [23:38:25] Redndı: False
2025-06-20 23:38:26,343 - map_video - DEBUG - [mapping_recorder.main:115] - [23:38:26] Redndı: False
2025-06-20 23:38:27,345 - map_video - DEBUG - [mapping_recorder.main:115] - [23:38:27] Redndı: False
2025-06-20 23:38:28,347 - map_video - DEBUG - [mapping_recorder.main:115] - [23:38:28] Redndı: False
2025-06-20 23:38:29,349 - map_video - DEBUG - [mapping_recorder.main:115] - [23:38:29] Redndı: False
2025-06-20 23:38:30,351 - map_video - DEBUG - [mapping_recorder.main:115] - [23:38:30] Redndı: False
2025-06-20 23:38:31,353 - map_video - DEBUG - [mapping_recorder.main:115] - [23:38:31] Redndı: False
2025-06-20 23:38:32,355 - map_video - DEBUG - [mapping_recorder.main:115] - [23:38:32] Redndı: False
2025-06-20 23:38:33,356 - map_video - DEBUG - [mapping_recorder.main:115] - [23:38:33] Redndı: False
2025-06-20 23:38:34,358 - map_video - DEBUG - [mapping_recorder.main:115] - [23:38:34] Redndı: False
2025-06-20 23:38:35,359 - map_video - DEBUG - [mapping_recorder.main:115] - [23:38:35] Redndı: False
2025-06-20 23:38:36,361 - map_video - DEBUG - [mapping_recorder.main:115] - [23:38:36] Redndı: False
2025-06-20 23:38:37,363 - map_video - DEBUG - [mapping_recorder.main:115] - [23:38:37] Redndı: False
2025-06-20 23:38:38,365 - map_video - DEBUG - [mapping_recorder.main:115] - [23:38:38] Redndı: False
2025-06-20 23:38:39,367 - map_video - DEBUG - [mapping_recorder.main:115] - [23:38:39] Redndı: False
2025-06-20 23:38:40,369 - map_video - DEBUG - [mapping_recorder.main:115] - [23:38:40] Redndı: False
2025-06-20 23:38:41,371 - map_video - DEBUG - [mapping_recorder.main:115] - [23:38:41] Redndı: False
2025-06-20 23:38:42,373 - map_video - DEBUG - [mapping_recorder.main:115] - [23:38:42] Redndı: False
2025-06-20 23:38:43,375 - map_video - DEBUG - [mapping_recorder.main:115] - [23:38:43] Redndı: False
2025-06-20 23:38:44,377 - map_video - DEBUG - [mapping_recorder.main:115] - [23:38:44] Redndı: False
2025-06-20 23:38:45,379 - map_video - DEBUG - [mapping_recorder.main:115] - [23:38:45] Redndı: False
2025-06-20 23:38:46,382 - map_video - DEBUG - [mapping_recorder.main:115] - [23:38:46] Redndı: False
2025-06-20 23:38:47,384 - map_video - DEBUG - [mapping_recorder.main:115] - [23:38:47] Redndı: False
2025-06-20 23:38:48,385 - map_video - DEBUG - [mapping_recorder.main:115] - [23:38:48] Redndı: False
2025-06-20 23:38:49,387 - map_video - DEBUG - [mapping_recorder.main:115] - [23:38:49] Redndı: False
2025-06-20 23:38:50,390 - map_video - DEBUG - [mapping_recorder.main:115] - [23:38:50] Redndı: False
2025-06-20 23:38:51,392 - map_video - DEBUG - [mapping_recorder.main:115] - [23:38:51] Redndı: False
2025-06-20 23:38:52,394 - map_video - DEBUG - [mapping_recorder.main:115] - [23:38:52] Redndı: False
2025-06-20 23:38:53,395 - map_video - DEBUG - [mapping_recorder.main:115] - [23:38:53] Redndı: False
2025-06-20 23:38:54,397 - map_video - DEBUG - [mapping_recorder.main:115] - [23:38:54] Redndı: False
2025-06-20 23:38:55,399 - map_video - DEBUG - [mapping_recorder.main:115] - [23:38:55] Redndı: False
2025-06-20 23:38:56,401 - map_video - DEBUG - [mapping_recorder.main:115] - [23:38:56] Redndı: False
2025-06-20 23:38:57,403 - map_video - DEBUG - [mapping_recorder.main:115] - [23:38:57] Redndı: False
2025-06-20 23:38:58,405 - map_video - DEBUG - [mapping_recorder.main:115] - [23:38:58] Redndı: False
2025-06-20 23:38:59,407 - map_video - DEBUG - [mapping_recorder.main:115] - [23:38:59] Redndı: False
2025-06-20 23:39:00,409 - map_video - DEBUG - [mapping_recorder.main:115] - [23:39:00] Redndı: False
2025-06-20 23:39:01,411 - map_video - DEBUG - [mapping_recorder.main:115] - [23:39:01] Redndı: False
2025-06-20 23:39:02,412 - map_video - DEBUG - [mapping_recorder.main:115] - [23:39:02] Redndı: False
2025-06-20 23:39:03,413 - map_video - DEBUG - [mapping_recorder.main:115] - [23:39:03] Redndı: False
2025-06-20 23:39:04,415 - map_video - DEBUG - [mapping_recorder.main:115] - [23:39:04] Redndı: False
2025-06-20 23:39:05,417 - map_video - DEBUG - [mapping_recorder.main:115] - [23:39:05] Redndı: False
2025-06-20 23:39:06,419 - map_video - DEBUG - [mapping_recorder.main:115] - [23:39:06] Redndı: False
2025-06-20 23:39:07,421 - map_video - DEBUG - [mapping_recorder.main:115] - [23:39:07] Redndı: False
2025-06-20 23:39:08,423 - map_video - DEBUG - [mapping_recorder.main:115] - [23:39:08] Redndı: False
2025-06-20 23:39:09,425 - map_video - DEBUG - [mapping_recorder.main:115] - [23:39:09] Redndı: False
2025-06-20 23:39:10,426 - map_video - DEBUG - [mapping_recorder.main:115] - [23:39:10] Redndı: False
2025-06-20 23:39:11,428 - map_video - DEBUG - [mapping_recorder.main:115] - [23:39:11] Redndı: False
2025-06-20 23:39:12,429 - map_video - DEBUG - [mapping_recorder.main:115] - [23:39:12] Redndı: False
2025-06-20 23:39:13,430 - map_video - DEBUG - [mapping_recorder.main:115] - [23:39:13] Redndı: False
2025-06-20 23:39:14,432 - map_video - DEBUG - [mapping_recorder.main:115] - [23:39:14] Redndı: False
2025-06-20 23:39:15,433 - map_video - DEBUG - [mapping_recorder.main:115] - [23:39:15] Redndı: False
2025-06-20 23:39:16,435 - map_video - DEBUG - [mapping_recorder.main:115] - [23:39:16] Redndı: False
2025-06-20 23:39:17,437 - map_video - DEBUG - [mapping_recorder.main:115] - [23:39:17] Redndı: False
2025-06-20 23:39:18,438 - map_video - DEBUG - [mapping_recorder.main:115] - [23:39:18] Redndı: False
2025-06-20 23:39:19,440 - map_video - DEBUG - [mapping_recorder.main:115] - [23:39:19] Redndı: False
2025-06-20 23:39:20,442 - map_video - DEBUG - [mapping_recorder.main:115] - [23:39:20] Redndı: False
2025-06-20 23:39:21,443 - map_video - DEBUG - [mapping_recorder.main:115] - [23:39:21] Redndı: False
2025-06-20 23:39:22,445 - map_video - DEBUG - [mapping_recorder.main:115] - [23:39:22] Redndı: False
2025-06-20 23:39:23,447 - map_video - DEBUG - [mapping_recorder.main:115] - [23:39:23] Redndı: False
2025-06-20 23:39:24,448 - map_video - DEBUG - [mapping_recorder.main:115] - [23:39:24] Redndı: False
2025-06-20 23:39:25,449 - map_video - DEBUG - [mapping_recorder.main:115] - [23:39:25] Redndı: False
2025-06-20 23:39:26,451 - map_video - DEBUG - [mapping_recorder.main:115] - [23:39:26] Redndı: False
2025-06-20 23:39:27,453 - map_video - DEBUG - [mapping_recorder.main:115] - [23:39:27] Redndı: False
2025-06-20 23:39:28,455 - map_video - DEBUG - [mapping_recorder.main:115] - [23:39:28] Redndı: False
2025-06-20 23:39:29,457 - map_video - DEBUG - [mapping_recorder.main:115] - [23:39:29] Redndı: False
2025-06-20 23:39:30,458 - map_video - DEBUG - [mapping_recorder.main:115] - [23:39:30] Redndı: False
2025-06-20 23:39:31,460 - map_video - DEBUG - [mapping_recorder.main:115] - [23:39:31] Redndı: False
2025-06-20 23:39:32,461 - map_video - DEBUG - [mapping_recorder.main:115] - [23:39:32] Redndı: False
2025-06-20 23:39:33,463 - map_video - DEBUG - [mapping_recorder.main:115] - [23:39:33] Redndı: False
2025-06-20 23:39:34,464 - map_video - DEBUG - [mapping_recorder.main:115] - [23:39:34] Redndı: False
2025-06-20 23:39:35,465 - map_video - DEBUG - [mapping_recorder.main:115] - [23:39:35] Redndı: False
2025-06-20 23:39:36,467 - map_video - DEBUG - [mapping_recorder.main:115] - [23:39:36] Redndı: False
2025-06-20 23:39:37,469 - map_video - DEBUG - [mapping_recorder.main:115] - [23:39:37] Redndı: False
2025-06-20 23:39:38,470 - map_video - DEBUG - [mapping_recorder.main:115] - [23:39:38] Redndı: False
2025-06-20 23:39:39,472 - map_video - DEBUG - [mapping_recorder.main:115] - [23:39:39] Redndı: False
2025-06-20 23:39:40,473 - map_video - DEBUG - [mapping_recorder.main:115] - [23:39:40] Redndı: False
2025-06-20 23:39:41,476 - map_video - DEBUG - [mapping_recorder.main:115] - [23:39:41] Redndı: False
2025-06-20 23:39:42,478 - map_video - DEBUG - [mapping_recorder.main:115] - [23:39:42] Redndı: False
2025-06-20 23:39:43,479 - map_video - DEBUG - [mapping_recorder.main:115] - [23:39:43] Redndı: False
2025-06-20 23:39:44,481 - map_video - DEBUG - [mapping_recorder.main:115] - [23:39:44] Redndı: False
2025-06-20 23:39:45,482 - map_video - DEBUG - [mapping_recorder.main:115] - [23:39:45] Redndı: False
2025-06-20 23:39:46,484 - map_video - DEBUG - [mapping_recorder.main:115] - [23:39:46] Redndı: False
2025-06-20 23:39:47,485 - map_video - DEBUG - [mapping_recorder.main:115] - [23:39:47] Redndı: False
2025-06-20 23:39:48,487 - map_video - DEBUG - [mapping_recorder.main:115] - [23:39:48] Redndı: False
2025-06-20 23:39:49,489 - map_video - DEBUG - [mapping_recorder.main:115] - [23:39:49] Redndı: False
2025-06-20 23:39:50,491 - map_video - DEBUG - [mapping_recorder.main:115] - [23:39:50] Redndı: False
2025-06-20 23:39:51,493 - map_video - DEBUG - [mapping_recorder.main:115] - [23:39:51] Redndı: False
2025-06-20 23:39:52,495 - map_video - DEBUG - [mapping_recorder.main:115] - [23:39:52] Redndı: False
2025-06-20 23:39:53,497 - map_video - DEBUG - [mapping_recorder.main:115] - [23:39:53] Redndı: False
2025-06-20 23:39:54,499 - map_video - DEBUG - [mapping_recorder.main:115] - [23:39:54] Redndı: False
2025-06-20 23:39:55,501 - map_video - DEBUG - [mapping_recorder.main:115] - [23:39:55] Redndı: False
2025-06-20 23:39:56,502 - map_video - DEBUG - [mapping_recorder.main:115] - [23:39:56] Redndı: False
2025-06-20 23:39:57,504 - map_video - DEBUG - [mapping_recorder.main:115] - [23:39:57] Redndı: False
2025-06-20 23:39:58,505 - map_video - DEBUG - [mapping_recorder.main:115] - [23:39:58] Redndı: False
2025-06-20 23:39:59,507 - map_video - DEBUG - [mapping_recorder.main:115] - [23:39:59] Redndı: False
2025-06-20 23:40:00,509 - map_video - DEBUG - [mapping_recorder.main:115] - [23:40:00] Redndı: False
2025-06-20 23:40:01,511 - map_video - DEBUG - [mapping_recorder.main:115] - [23:40:01] Redndı: False
2025-06-20 23:40:02,513 - map_video - DEBUG - [mapping_recorder.main:115] - [23:40:02] Redndı: False
2025-06-20 23:40:03,515 - map_video - DEBUG - [mapping_recorder.main:115] - [23:40:03] Redndı: False
2025-06-20 23:40:04,517 - map_video - DEBUG - [mapping_recorder.main:115] - [23:40:04] Redndı: False
2025-06-20 23:40:05,519 - map_video - DEBUG - [mapping_recorder.main:115] - [23:40:05] Redndı: False
2025-06-20 23:40:06,520 - map_video - DEBUG - [mapping_recorder.main:115] - [23:40:06] Redndı: False
2025-06-20 23:40:07,521 - map_video - DEBUG - [mapping_recorder.main:115] - [23:40:07] Redndı: False
2025-06-20 23:40:08,523 - map_video - DEBUG - [mapping_recorder.main:115] - [23:40:08] Redndı: False
2025-06-20 23:40:09,525 - map_video - DEBUG - [mapping_recorder.main:115] - [23:40:09] Redndı: False
2025-06-20 23:40:10,527 - map_video - DEBUG - [mapping_recorder.main:115] - [23:40:10] Redndı: False
2025-06-20 23:40:11,529 - map_video - DEBUG - [mapping_recorder.main:115] - [23:40:11] Redndı: False
2025-06-20 23:40:12,531 - map_video - DEBUG - [mapping_recorder.main:115] - [23:40:12] Redndı: False
2025-06-20 23:40:13,533 - map_video - DEBUG - [mapping_recorder.main:115] - [23:40:13] Redndı: False
2025-06-20 23:40:14,535 - map_video - DEBUG - [mapping_recorder.main:115] - [23:40:14] Redndı: False
2025-06-20 23:40:15,537 - map_video - DEBUG - [mapping_recorder.main:115] - [23:40:15] Redndı: False
2025-06-20 23:40:16,538 - map_video - DEBUG - [mapping_recorder.main:115] - [23:40:16] Redndı: False
2025-06-20 23:40:17,540 - map_video - DEBUG - [mapping_recorder.main:115] - [23:40:17] Redndı: False
2025-06-20 23:40:18,542 - map_video - DEBUG - [mapping_recorder.main:115] - [23:40:18] Redndı: False
2025-06-20 23:40:19,544 - map_video - DEBUG - [mapping_recorder.main:115] - [23:40:19] Redndı: False
2025-06-20 23:40:20,546 - map_video - DEBUG - [mapping_recorder.main:115] - [23:40:20] Redndı: False
2025-06-20 23:40:21,548 - map_video - DEBUG - [mapping_recorder.main:115] - [23:40:21] Redndı: False
2025-06-20 23:40:22,549 - map_video - DEBUG - [mapping_recorder.main:115] - [23:40:22] Redndı: False
2025-06-20 23:40:23,551 - map_video - DEBUG - [mapping_recorder.main:115] - [23:40:23] Redndı: False
2025-06-20 23:40:24,553 - map_video - DEBUG - [mapping_recorder.main:115] - [23:40:24] Redndı: False
2025-06-20 23:40:25,555 - map_video - DEBUG - [mapping_recorder.main:115] - [23:40:25] Redndı: False
2025-06-20 23:40:26,557 - map_video - DEBUG - [mapping_recorder.main:115] - [23:40:26] Redndı: False
2025-06-20 23:40:27,558 - map_video - DEBUG - [mapping_recorder.main:115] - [23:40:27] Redndı: False
2025-06-20 23:40:28,560 - map_video - DEBUG - [mapping_recorder.main:115] - [23:40:28] Redndı: False
2025-06-20 23:40:29,561 - map_video - DEBUG - [mapping_recorder.main:115] - [23:40:29] Redndı: False
2025-06-20 23:40:30,563 - map_video - DEBUG - [mapping_recorder.main:115] - [23:40:30] Redndı: False
2025-06-20 23:40:31,565 - map_video - DEBUG - [mapping_recorder.main:115] - [23:40:31] Redndı: False
2025-06-20 23:40:32,567 - map_video - DEBUG - [mapping_recorder.main:115] - [23:40:32] Redndı: False
2025-06-20 23:40:33,569 - map_video - DEBUG - [mapping_recorder.main:115] - [23:40:33] Redndı: False
2025-06-20 23:40:34,571 - map_video - DEBUG - [mapping_recorder.main:115] - [23:40:34] Redndı: False
2025-06-20 23:40:35,573 - map_video - DEBUG - [mapping_recorder.main:115] - [23:40:35] Redndı: False
2025-06-20 23:40:36,575 - map_video - DEBUG - [mapping_recorder.main:115] - [23:40:36] Redndı: False
2025-06-20 23:40:37,577 - map_video - DEBUG - [mapping_recorder.main:115] - [23:40:37] Redndı: False
2025-06-20 23:40:38,578 - map_video - DEBUG - [mapping_recorder.main:115] - [23:40:38] Redndı: False
2025-06-20 23:40:39,580 - map_video - DEBUG - [mapping_recorder.main:115] - [23:40:39] Redndı: False
2025-06-20 23:40:40,582 - map_video - DEBUG - [mapping_recorder.main:115] - [23:40:40] Redndı: False
2025-06-20 23:40:41,583 - map_video - DEBUG - [mapping_recorder.main:115] - [23:40:41] Redndı: False
2025-06-20 23:40:42,585 - map_video - DEBUG - [mapping_recorder.main:115] - [23:40:42] Redndı: False
2025-06-20 23:40:43,586 - map_video - DEBUG - [mapping_recorder.main:115] - [23:40:43] Redndı: False
2025-06-20 23:40:44,588 - map_video - DEBUG - [mapping_recorder.main:115] - [23:40:44] Redndı: False
2025-06-20 23:40:45,589 - map_video - DEBUG - [mapping_recorder.main:115] - [23:40:45] Redndı: False
2025-06-20 23:40:46,591 - map_video - DEBUG - [mapping_recorder.main:115] - [23:40:46] Redndı: False
2025-06-20 23:40:47,593 - map_video - DEBUG - [mapping_recorder.main:115] - [23:40:47] Redndı: False
2025-06-20 23:40:48,595 - map_video - DEBUG - [mapping_recorder.main:115] - [23:40:48] Redndı: False
2025-06-20 23:40:49,597 - map_video - DEBUG - [mapping_recorder.main:115] - [23:40:49] Redndı: False
2025-06-20 23:40:50,598 - map_video - DEBUG - [mapping_recorder.main:115] - [23:40:50] Redndı: False
2025-06-20 23:40:51,600 - map_video - DEBUG - [mapping_recorder.main:115] - [23:40:51] Redndı: False
2025-06-20 23:40:52,601 - map_video - DEBUG - [mapping_recorder.main:115] - [23:40:52] Redndı: False
2025-06-20 23:40:53,603 - map_video - DEBUG - [mapping_recorder.main:115] - [23:40:53] Redndı: False
2025-06-20 23:40:54,604 - map_video - DEBUG - [mapping_recorder.main:115] - [23:40:54] Redndı: False
2025-06-20 23:40:55,605 - map_video - DEBUG - [mapping_recorder.main:115] - [23:40:55] Redndı: False
2025-06-20 23:40:56,607 - map_video - DEBUG - [mapping_recorder.main:115] - [23:40:56] Redndı: False
2025-06-20 23:40:57,608 - map_video - DEBUG - [mapping_recorder.main:115] - [23:40:57] Redndı: False
2025-06-20 23:40:58,609 - map_video - DEBUG - [mapping_recorder.main:115] - [23:40:58] Redndı: False
2025-06-20 23:40:59,611 - map_video - DEBUG - [mapping_recorder.main:115] - [23:40:59] Redndı: False
2025-06-20 23:41:00,612 - map_video - DEBUG - [mapping_recorder.main:115] - [23:41:00] Redndı: False
2025-06-20 23:41:01,613 - map_video - DEBUG - [mapping_recorder.main:115] - [23:41:01] Redndı: False
2025-06-20 23:41:02,615 - map_video - DEBUG - [mapping_recorder.main:115] - [23:41:02] Redndı: False
2025-06-20 23:41:03,617 - map_video - DEBUG - [mapping_recorder.main:115] - [23:41:03] Redndı: False
2025-06-20 23:41:04,618 - map_video - DEBUG - [mapping_recorder.main:115] - [23:41:04] Redndı: False
2025-06-20 23:41:05,621 - map_video - DEBUG - [mapping_recorder.main:115] - [23:41:05] Redndı: False
2025-06-20 23:41:06,623 - map_video - DEBUG - [mapping_recorder.main:115] - [23:41:06] Redndı: False
2025-06-20 23:41:07,624 - map_video - DEBUG - [mapping_recorder.main:115] - [23:41:07] Redndı: False
2025-06-20 23:41:08,625 - map_video - DEBUG - [mapping_recorder.main:115] - [23:41:08] Redndı: False
2025-06-20 23:41:09,627 - map_video - DEBUG - [mapping_recorder.main:115] - [23:41:09] Redndı: False
2025-06-20 23:41:10,629 - map_video - DEBUG - [mapping_recorder.main:115] - [23:41:10] Redndı: False
2025-06-20 23:41:11,631 - map_video - DEBUG - [mapping_recorder.main:115] - [23:41:11] Redndı: False
2025-06-20 23:41:12,633 - map_video - DEBUG - [mapping_recorder.main:115] - [23:41:12] Redndı: False
2025-06-20 23:41:13,635 - map_video - DEBUG - [mapping_recorder.main:115] - [23:41:13] Redndı: False
2025-06-20 23:41:14,637 - map_video - DEBUG - [mapping_recorder.main:115] - [23:41:14] Redndı: False
2025-06-20 23:41:15,639 - map_video - DEBUG - [mapping_recorder.main:115] - [23:41:15] Redndı: False
2025-06-20 23:41:16,640 - map_video - DEBUG - [mapping_recorder.main:115] - [23:41:16] Redndı: False
2025-06-20 23:41:17,641 - map_video - DEBUG - [mapping_recorder.main:115] - [23:41:17] Redndı: False
2025-06-20 23:41:18,643 - map_video - DEBUG - [mapping_recorder.main:115] - [23:41:18] Redndı: False
2025-06-20 23:41:19,644 - map_video - DEBUG - [mapping_recorder.main:115] - [23:41:19] Redndı: False
2025-06-20 23:41:20,645 - map_video - DEBUG - [mapping_recorder.main:115] - [23:41:20] Redndı: False
2025-06-20 23:41:21,647 - map_video - DEBUG - [mapping_recorder.main:115] - [23:41:21] Redndı: False
2025-06-20 23:41:22,649 - map_video - DEBUG - [mapping_recorder.main:115] - [23:41:22] Redndı: False
2025-06-20 23:41:23,651 - map_video - DEBUG - [mapping_recorder.main:115] - [23:41:23] Redndı: False
2025-06-20 23:41:24,653 - map_video - DEBUG - [mapping_recorder.main:115] - [23:41:24] Redndı: False
2025-06-20 23:41:25,654 - map_video - DEBUG - [mapping_recorder.main:115] - [23:41:25] Redndı: False
2025-06-20 23:41:26,656 - map_video - DEBUG - [mapping_recorder.main:115] - [23:41:26] Redndı: False
2025-06-20 23:41:27,657 - map_video - DEBUG - [mapping_recorder.main:115] - [23:41:27] Redndı: False
2025-06-20 23:41:28,659 - map_video - DEBUG - [mapping_recorder.main:115] - [23:41:28] Redndı: False
2025-06-20 23:41:29,661 - map_video - DEBUG - [mapping_recorder.main:115] - [23:41:29] Redndı: False
2025-06-20 23:41:30,663 - map_video - DEBUG - [mapping_recorder.main:115] - [23:41:30] Redndı: False
2025-06-20 23:41:31,664 - map_video - DEBUG - [mapping_recorder.main:115] - [23:41:31] Redndı: False
2025-06-20 23:41:32,665 - map_video - DEBUG - [mapping_recorder.main:115] - [23:41:32] Redndı: False
2025-06-20 23:41:33,667 - map_video - DEBUG - [mapping_recorder.main:115] - [23:41:33] Redndı: False
2025-06-20 23:41:34,669 - map_video - DEBUG - [mapping_recorder.main:115] - [23:41:34] Redndı: False
2025-06-20 23:41:35,671 - map_video - DEBUG - [mapping_recorder.main:115] - [23:41:35] Redndı: False
2025-06-20 23:41:36,673 - map_video - DEBUG - [mapping_recorder.main:115] - [23:41:36] Redndı: False
2025-06-20 23:41:37,675 - map_video - DEBUG - [mapping_recorder.main:115] - [23:41:37] Redndı: False
2025-06-20 23:41:38,677 - map_video - DEBUG - [mapping_recorder.main:115] - [23:41:38] Redndı: False
2025-06-20 23:41:39,678 - map_video - DEBUG - [mapping_recorder.main:115] - [23:41:39] Redndı: False
2025-06-20 23:41:40,680 - map_video - DEBUG - [mapping_recorder.main:115] - [23:41:40] Redndı: False
2025-06-20 23:41:41,681 - map_video - DEBUG - [mapping_recorder.main:115] - [23:41:41] Redndı: False
2025-06-20 23:41:42,683 - map_video - DEBUG - [mapping_recorder.main:115] - [23:41:42] Redndı: False
2025-06-20 23:41:43,685 - map_video - DEBUG - [mapping_recorder.main:115] - [23:41:43] Redndı: False
2025-06-20 23:41:44,687 - map_video - DEBUG - [mapping_recorder.main:115] - [23:41:44] Redndı: False
2025-06-20 23:41:45,689 - map_video - DEBUG - [mapping_recorder.main:115] - [23:41:45] Redndı: False
2025-06-20 23:41:46,691 - map_video - DEBUG - [mapping_recorder.main:115] - [23:41:46] Redndı: False
2025-06-20 23:41:47,693 - map_video - DEBUG - [mapping_recorder.main:115] - [23:41:47] Redndı: False
2025-06-20 23:41:48,694 - map_video - DEBUG - [mapping_recorder.main:115] - [23:41:48] Redndı: False
2025-06-20 23:41:49,696 - map_video - DEBUG - [mapping_recorder.main:115] - [23:41:49] Redndı: False
2025-06-20 23:41:50,697 - map_video - DEBUG - [mapping_recorder.main:115] - [23:41:50] Redndı: False
2025-06-20 23:41:51,699 - map_video - DEBUG - [mapping_recorder.main:115] - [23:41:51] Redndı: False
2025-06-20 23:41:52,701 - map_video - DEBUG - [mapping_recorder.main:115] - [23:41:52] Redndı: False
2025-06-20 23:41:53,703 - map_video - DEBUG - [mapping_recorder.main:115] - [23:41:53] Redndı: False
2025-06-20 23:41:54,704 - map_video - DEBUG - [mapping_recorder.main:115] - [23:41:54] Redndı: False
2025-06-20 23:41:55,705 - map_video - DEBUG - [mapping_recorder.main:115] - [23:41:55] Redndı: False
2025-06-20 23:41:56,707 - map_video - DEBUG - [mapping_recorder.main:115] - [23:41:56] Redndı: False
2025-06-20 23:41:57,709 - map_video - DEBUG - [mapping_recorder.main:115] - [23:41:57] Redndı: False
2025-06-20 23:41:58,711 - map_video - DEBUG - [mapping_recorder.main:115] - [23:41:58] Redndı: False
2025-06-20 23:41:59,713 - map_video - DEBUG - [mapping_recorder.main:115] - [23:41:59] Redndı: False
2025-06-20 23:42:00,714 - map_video - DEBUG - [mapping_recorder.main:115] - [23:42:00] Redndı: False
2025-06-20 23:42:01,716 - map_video - DEBUG - [mapping_recorder.main:115] - [23:42:01] Redndı: False
2025-06-20 23:42:02,717 - map_video - DEBUG - [mapping_recorder.main:115] - [23:42:02] Redndı: False
2025-06-20 23:42:03,719 - map_video - DEBUG - [mapping_recorder.main:115] - [23:42:03] Redndı: False
2025-06-20 23:42:04,721 - map_video - DEBUG - [mapping_recorder.main:115] - [23:42:04] Redndı: False
2025-06-20 23:42:05,723 - map_video - DEBUG - [mapping_recorder.main:115] - [23:42:05] Redndı: False
2025-06-20 23:42:06,725 - map_video - DEBUG - [mapping_recorder.main:115] - [23:42:06] Redndı: False
2025-06-20 23:42:07,727 - map_video - DEBUG - [mapping_recorder.main:115] - [23:42:07] Redndı: False
2025-06-20 23:42:08,729 - map_video - DEBUG - [mapping_recorder.main:115] - [23:42:08] Redndı: False
2025-06-20 23:42:09,731 - map_video - DEBUG - [mapping_recorder.main:115] - [23:42:09] Redndı: False
2025-06-20 23:42:10,733 - map_video - DEBUG - [mapping_recorder.main:115] - [23:42:10] Redndı: False
2025-06-20 23:42:11,734 - map_video - DEBUG - [mapping_recorder.main:115] - [23:42:11] Redndı: False
2025-06-20 23:42:12,736 - map_video - DEBUG - [mapping_recorder.main:115] - [23:42:12] Redndı: False
2025-06-20 23:42:13,738 - map_video - DEBUG - [mapping_recorder.main:115] - [23:42:13] Redndı: False
2025-06-20 23:42:14,739 - map_video - DEBUG - [mapping_recorder.main:115] - [23:42:14] Redndı: False
2025-06-20 23:42:15,741 - map_video - DEBUG - [mapping_recorder.main:115] - [23:42:15] Redndı: False
2025-06-20 23:42:16,743 - map_video - DEBUG - [mapping_recorder.main:115] - [23:42:16] Redndı: False
2025-06-20 23:42:17,745 - map_video - DEBUG - [mapping_recorder.main:115] - [23:42:17] Redndı: False
2025-06-20 23:42:18,747 - map_video - DEBUG - [mapping_recorder.main:115] - [23:42:18] Redndı: False
2025-06-20 23:42:19,748 - map_video - DEBUG - [mapping_recorder.main:115] - [23:42:19] Redndı: False
2025-06-20 23:42:20,749 - map_video - DEBUG - [mapping_recorder.main:115] - [23:42:20] Redndı: False
2025-06-20 23:42:21,751 - map_video - DEBUG - [mapping_recorder.main:115] - [23:42:21] Redndı: False
2025-06-20 23:42:22,753 - map_video - DEBUG - [mapping_recorder.main:115] - [23:42:22] Redndı: False
2025-06-20 23:42:23,755 - map_video - DEBUG - [mapping_recorder.main:115] - [23:42:23] Redndı: False
2025-06-20 23:42:24,757 - map_video - DEBUG - [mapping_recorder.main:115] - [23:42:24] Redndı: False
2025-06-20 23:42:25,759 - map_video - DEBUG - [mapping_recorder.main:115] - [23:42:25] Redndı: False
2025-06-20 23:42:26,761 - map_video - DEBUG - [mapping_recorder.main:115] - [23:42:26] Redndı: False
2025-06-20 23:42:27,763 - map_video - DEBUG - [mapping_recorder.main:115] - [23:42:27] Redndı: False
2025-06-20 23:42:28,765 - map_video - DEBUG - [mapping_recorder.main:115] - [23:42:28] Redndı: False
2025-06-20 23:42:29,767 - map_video - DEBUG - [mapping_recorder.main:115] - [23:42:29] Redndı: False
2025-06-20 23:42:30,769 - map_video - DEBUG - [mapping_recorder.main:115] - [23:42:30] Redndı: False
2025-06-20 23:42:31,771 - map_video - DEBUG - [mapping_recorder.main:115] - [23:42:31] Redndı: False
2025-06-20 23:42:32,772 - map_video - DEBUG - [mapping_recorder.main:115] - [23:42:32] Redndı: False
2025-06-20 23:42:33,773 - map_video - DEBUG - [mapping_recorder.main:115] - [23:42:33] Redndı: False
2025-06-20 23:42:34,775 - map_video - DEBUG - [mapping_recorder.main:115] - [23:42:34] Redndı: False
2025-06-20 23:42:35,777 - map_video - DEBUG - [mapping_recorder.main:115] - [23:42:35] Redndı: False
2025-06-20 23:42:36,779 - map_video - DEBUG - [mapping_recorder.main:115] - [23:42:36] Redndı: False
2025-06-20 23:42:37,781 - map_video - DEBUG - [mapping_recorder.main:115] - [23:42:37] Redndı: False
2025-06-20 23:42:38,782 - map_video - DEBUG - [mapping_recorder.main:115] - [23:42:38] Redndı: False
2025-06-20 23:42:39,785 - map_video - DEBUG - [mapping_recorder.main:115] - [23:42:39] Redndı: False
2025-06-20 23:42:40,787 - map_video - DEBUG - [mapping_recorder.main:115] - [23:42:40] Redndı: False
2025-06-20 23:42:41,789 - map_video - DEBUG - [mapping_recorder.main:115] - [23:42:41] Redndı: False
2025-06-20 23:42:42,791 - map_video - DEBUG - [mapping_recorder.main:115] - [23:42:42] Redndı: False
2025-06-20 23:42:43,793 - map_video - DEBUG - [mapping_recorder.main:115] - [23:42:43] Redndı: False
2025-06-20 23:42:44,795 - map_video - DEBUG - [mapping_recorder.main:115] - [23:42:44] Redndı: False
2025-06-20 23:42:45,796 - map_video - DEBUG - [mapping_recorder.main:115] - [23:42:45] Redndı: False
2025-06-20 23:42:46,797 - map_video - DEBUG - [mapping_recorder.main:115] - [23:42:46] Redndı: False
2025-06-20 23:42:47,799 - map_video - DEBUG - [mapping_recorder.main:115] - [23:42:47] Redndı: False
2025-06-20 23:42:48,801 - map_video - DEBUG - [mapping_recorder.main:115] - [23:42:48] Redndı: False
2025-06-20 23:42:49,803 - map_video - DEBUG - [mapping_recorder.main:115] - [23:42:49] Redndı: False
2025-06-20 23:42:50,804 - map_video - DEBUG - [mapping_recorder.main:115] - [23:42:50] Redndı: False
2025-06-20 23:42:51,805 - map_video - DEBUG - [mapping_recorder.main:115] - [23:42:51] Redndı: False
2025-06-20 23:42:52,807 - map_video - DEBUG - [mapping_recorder.main:115] - [23:42:52] Redndı: False
2025-06-20 23:42:53,809 - map_video - DEBUG - [mapping_recorder.main:115] - [23:42:53] Redndı: False
2025-06-20 23:42:54,811 - map_video - DEBUG - [mapping_recorder.main:115] - [23:42:54] Redndı: False
2025-06-20 23:42:55,813 - map_video - DEBUG - [mapping_recorder.main:115] - [23:42:55] Redndı: False
2025-06-20 23:42:56,815 - map_video - DEBUG - [mapping_recorder.main:115] - [23:42:56] Redndı: False
2025-06-20 23:42:57,816 - map_video - DEBUG - [mapping_recorder.main:115] - [23:42:57] Redndı: False
2025-06-20 23:42:58,817 - map_video - DEBUG - [mapping_recorder.main:115] - [23:42:58] Redndı: False
2025-06-20 23:42:59,819 - map_video - DEBUG - [mapping_recorder.main:115] - [23:42:59] Redndı: False
2025-06-20 23:43:00,820 - map_video - DEBUG - [mapping_recorder.main:115] - [23:43:00] Redndı: False
2025-06-20 23:43:01,821 - map_video - DEBUG - [mapping_recorder.main:115] - [23:43:01] Redndı: False
2025-06-20 23:43:02,823 - map_video - DEBUG - [mapping_recorder.main:115] - [23:43:02] Redndı: False
2025-06-20 23:43:03,825 - map_video - DEBUG - [mapping_recorder.main:115] - [23:43:03] Redndı: False
2025-06-20 23:43:04,827 - map_video - DEBUG - [mapping_recorder.main:115] - [23:43:04] Redndı: False
2025-06-20 23:43:05,829 - map_video - DEBUG - [mapping_recorder.main:115] - [23:43:05] Redndı: False
2025-06-20 23:43:06,831 - map_video - DEBUG - [mapping_recorder.main:115] - [23:43:06] Redndı: False
2025-06-20 23:43:07,833 - map_video - DEBUG - [mapping_recorder.main:115] - [23:43:07] Redndı: False
2025-06-20 23:43:08,835 - map_video - DEBUG - [mapping_recorder.main:115] - [23:43:08] Redndı: False
2025-06-20 23:43:09,837 - map_video - DEBUG - [mapping_recorder.main:115] - [23:43:09] Redndı: False
2025-06-20 23:43:10,839 - map_video - DEBUG - [mapping_recorder.main:115] - [23:43:10] Redndı: False
2025-06-20 23:43:11,841 - map_video - DEBUG - [mapping_recorder.main:115] - [23:43:11] Redndı: False
2025-06-20 23:43:12,843 - map_video - DEBUG - [mapping_recorder.main:115] - [23:43:12] Redndı: False
2025-06-20 23:43:13,844 - map_video - DEBUG - [mapping_recorder.main:115] - [23:43:13] Redndı: False
2025-06-20 23:43:14,846 - map_video - DEBUG - [mapping_recorder.main:115] - [23:43:14] Redndı: False
2025-06-20 23:43:15,848 - map_video - DEBUG - [mapping_recorder.main:115] - [23:43:15] Redndı: False
2025-06-20 23:43:16,849 - map_video - DEBUG - [mapping_recorder.main:115] - [23:43:16] Redndı: False
2025-06-20 23:43:17,851 - map_video - DEBUG - [mapping_recorder.main:115] - [23:43:17] Redndı: False
2025-06-20 23:43:18,853 - map_video - DEBUG - [mapping_recorder.main:115] - [23:43:18] Redndı: False
2025-06-20 23:43:19,855 - map_video - DEBUG - [mapping_recorder.main:115] - [23:43:19] Redndı: False
2025-06-20 23:43:20,856 - map_video - DEBUG - [mapping_recorder.main:115] - [23:43:20] Redndı: False
2025-06-20 23:43:21,857 - map_video - DEBUG - [mapping_recorder.main:115] - [23:43:21] Redndı: False
2025-06-20 23:43:22,859 - map_video - DEBUG - [mapping_recorder.main:115] - [23:43:22] Redndı: False
2025-06-20 23:43:23,861 - map_video - DEBUG - [mapping_recorder.main:115] - [23:43:23] Redndı: False
2025-06-20 23:43:24,863 - map_video - DEBUG - [mapping_recorder.main:115] - [23:43:24] Redndı: False
2025-06-20 23:43:25,865 - map_video - DEBUG - [mapping_recorder.main:115] - [23:43:25] Redndı: False
2025-06-20 23:43:26,866 - map_video - DEBUG - [mapping_recorder.main:115] - [23:43:26] Redndı: False
2025-06-20 23:43:27,868 - map_video - DEBUG - [mapping_recorder.main:115] - [23:43:27] Redndı: False
2025-06-20 23:43:28,869 - map_video - DEBUG - [mapping_recorder.main:115] - [23:43:28] Redndı: False
2025-06-20 23:43:29,871 - map_video - DEBUG - [mapping_recorder.main:115] - [23:43:29] Redndı: False
2025-06-20 23:43:30,873 - map_video - DEBUG - [mapping_recorder.main:115] - [23:43:30] Redndı: False
2025-06-20 23:43:31,875 - map_video - DEBUG - [mapping_recorder.main:115] - [23:43:31] Redndı: False
2025-06-20 23:43:32,877 - map_video - DEBUG - [mapping_recorder.main:115] - [23:43:32] Redndı: False
2025-06-20 23:43:33,879 - map_video - DEBUG - [mapping_recorder.main:115] - [23:43:33] Redndı: False
2025-06-20 23:43:34,880 - map_video - DEBUG - [mapping_recorder.main:115] - [23:43:34] Redndı: False
2025-06-20 23:43:35,881 - map_video - DEBUG - [mapping_recorder.main:115] - [23:43:35] Redndı: False
2025-06-20 23:43:36,883 - map_video - DEBUG - [mapping_recorder.main:115] - [23:43:36] Redndı: False
2025-06-20 23:43:37,885 - map_video - DEBUG - [mapping_recorder.main:115] - [23:43:37] Redndı: False
2025-06-20 23:43:38,887 - map_video - DEBUG - [mapping_recorder.main:115] - [23:43:38] Redndı: False
2025-06-20 23:43:39,889 - map_video - DEBUG - [mapping_recorder.main:115] - [23:43:39] Redndı: False
2025-06-20 23:43:40,891 - map_video - DEBUG - [mapping_recorder.main:115] - [23:43:40] Redndı: False
2025-06-20 23:43:41,893 - map_video - DEBUG - [mapping_recorder.main:115] - [23:43:41] Redndı: False
2025-06-20 23:43:42,895 - map_video - DEBUG - [mapping_recorder.main:115] - [23:43:42] Redndı: False
2025-06-20 23:43:43,897 - map_video - DEBUG - [mapping_recorder.main:115] - [23:43:43] Redndı: False
2025-06-20 23:43:44,899 - map_video - DEBUG - [mapping_recorder.main:115] - [23:43:44] Redndı: False
2025-06-20 23:43:45,900 - map_video - DEBUG - [mapping_recorder.main:115] - [23:43:45] Redndı: False
2025-06-20 23:43:46,902 - map_video - DEBUG - [mapping_recorder.main:115] - [23:43:46] Redndı: False
2025-06-20 23:43:47,904 - map_video - DEBUG - [mapping_recorder.main:115] - [23:43:47] Redndı: False
2025-06-20 23:43:48,906 - map_video - DEBUG - [mapping_recorder.main:115] - [23:43:48] Redndı: False
2025-06-20 23:43:49,908 - map_video - DEBUG - [mapping_recorder.main:115] - [23:43:49] Redndı: False
2025-06-20 23:43:50,909 - map_video - DEBUG - [mapping_recorder.main:115] - [23:43:50] Redndı: False
2025-06-20 23:43:51,911 - map_video - DEBUG - [mapping_recorder.main:115] - [23:43:51] Redndı: False
2025-06-20 23:43:52,913 - map_video - DEBUG - [mapping_recorder.main:115] - [23:43:52] Redndı: False
2025-06-20 23:43:53,915 - map_video - DEBUG - [mapping_recorder.main:115] - [23:43:53] Redndı: False
2025-06-20 23:43:54,917 - map_video - DEBUG - [mapping_recorder.main:115] - [23:43:54] Redndı: False
2025-06-20 23:43:55,919 - map_video - DEBUG - [mapping_recorder.main:115] - [23:43:55] Redndı: False
2025-06-20 23:43:56,921 - map_video - DEBUG - [mapping_recorder.main:115] - [23:43:56] Redndı: False
2025-06-20 23:43:57,923 - map_video - DEBUG - [mapping_recorder.main:115] - [23:43:57] Redndı: False
2025-06-20 23:43:58,925 - map_video - DEBUG - [mapping_recorder.main:115] - [23:43:58] Redndı: False
2025-06-20 23:43:59,928 - map_video - DEBUG - [mapping_recorder.main:115] - [23:43:59] Redndı: False
2025-06-20 23:44:00,929 - map_video - DEBUG - [mapping_recorder.main:115] - [23:44:00] Redndı: False
2025-06-20 23:44:01,931 - map_video - DEBUG - [mapping_recorder.main:115] - [23:44:01] Redndı: False
2025-06-20 23:44:02,933 - map_video - DEBUG - [mapping_recorder.main:115] - [23:44:02] Redndı: False
2025-06-20 23:44:03,935 - map_video - DEBUG - [mapping_recorder.main:115] - [23:44:03] Redndı: False
2025-06-20 23:44:04,937 - map_video - DEBUG - [mapping_recorder.main:115] - [23:44:04] Redndı: False
2025-06-20 23:44:05,939 - map_video - DEBUG - [mapping_recorder.main:115] - [23:44:05] Redndı: False
2025-06-20 23:44:06,941 - map_video - DEBUG - [mapping_recorder.main:115] - [23:44:06] Redndı: False
2025-06-20 23:44:07,943 - map_video - DEBUG - [mapping_recorder.main:115] - [23:44:07] Redndı: False
2025-06-20 23:44:08,945 - map_video - DEBUG - [mapping_recorder.main:115] - [23:44:08] Redndı: False
2025-06-20 23:44:09,947 - map_video - DEBUG - [mapping_recorder.main:115] - [23:44:09] Redndı: False
2025-06-20 23:44:10,948 - map_video - DEBUG - [mapping_recorder.main:115] - [23:44:10] Redndı: False
2025-06-20 23:44:11,949 - map_video - DEBUG - [mapping_recorder.main:115] - [23:44:11] Redndı: False
2025-06-20 23:44:12,951 - map_video - DEBUG - [mapping_recorder.main:115] - [23:44:12] Redndı: False
2025-06-20 23:44:13,953 - map_video - DEBUG - [mapping_recorder.main:115] - [23:44:13] Redndı: False
2025-06-20 23:44:14,955 - map_video - DEBUG - [mapping_recorder.main:115] - [23:44:14] Redndı: False
2025-06-20 23:44:15,957 - map_video - DEBUG - [mapping_recorder.main:115] - [23:44:15] Redndı: False
2025-06-20 23:44:16,959 - map_video - DEBUG - [mapping_recorder.main:115] - [23:44:16] Redndı: False
2025-06-20 23:44:17,961 - map_video - DEBUG - [mapping_recorder.main:115] - [23:44:17] Redndı: False
2025-06-20 23:44:18,963 - map_video - DEBUG - [mapping_recorder.main:115] - [23:44:18] Redndı: False
2025-06-20 23:44:19,965 - map_video - DEBUG - [mapping_recorder.main:115] - [23:44:19] Redndı: False
2025-06-20 23:44:20,967 - map_video - DEBUG - [mapping_recorder.main:115] - [23:44:20] Redndı: False
2025-06-20 23:44:21,969 - map_video - DEBUG - [mapping_recorder.main:115] - [23:44:21] Redndı: False
2025-06-20 23:44:22,971 - map_video - DEBUG - [mapping_recorder.main:115] - [23:44:22] Redndı: False
2025-06-20 23:44:23,973 - map_video - DEBUG - [mapping_recorder.main:115] - [23:44:23] Redndı: False
2025-06-20 23:44:24,975 - map_video - DEBUG - [mapping_recorder.main:115] - [23:44:24] Redndı: False
2025-06-20 23:44:25,977 - map_video - DEBUG - [mapping_recorder.main:115] - [23:44:25] Redndı: False
2025-06-20 23:44:26,979 - map_video - DEBUG - [mapping_recorder.main:115] - [23:44:26] Redndı: False
2025-06-20 23:44:27,981 - map_video - DEBUG - [mapping_recorder.main:115] - [23:44:27] Redndı: False
2025-06-20 23:44:28,983 - map_video - DEBUG - [mapping_recorder.main:115] - [23:44:28] Redndı: False
2025-06-20 23:44:29,985 - map_video - DEBUG - [mapping_recorder.main:115] - [23:44:29] Redndı: False
2025-06-20 23:44:30,987 - map_video - DEBUG - [mapping_recorder.main:115] - [23:44:30] Redndı: False
2025-06-20 23:44:31,989 - map_video - DEBUG - [mapping_recorder.main:115] - [23:44:31] Redndı: False
2025-06-20 23:44:32,991 - map_video - DEBUG - [mapping_recorder.main:115] - [23:44:32] Redndı: False
2025-06-20 23:44:33,992 - map_video - DEBUG - [mapping_recorder.main:115] - [23:44:33] Redndı: False
2025-06-20 23:44:34,993 - map_video - DEBUG - [mapping_recorder.main:115] - [23:44:34] Redndı: False
2025-06-20 23:44:36,004 - map_video - DEBUG - [mapping_recorder.main:115] - [23:44:36] Redndı: False
2025-06-20 23:44:37,005 - map_video - DEBUG - [mapping_recorder.main:115] - [23:44:37] Redndı: False
2025-06-20 23:44:38,007 - map_video - DEBUG - [mapping_recorder.main:115] - [23:44:38] Redndı: False
2025-06-20 23:44:39,009 - map_video - DEBUG - [mapping_recorder.main:115] - [23:44:39] Redndı: False
2025-06-20 23:44:40,011 - map_video - DEBUG - [mapping_recorder.main:115] - [23:44:40] Redndı: False
2025-06-20 23:44:41,019 - map_video - DEBUG - [mapping_recorder.main:115] - [23:44:41] Redndı: False
2025-06-20 23:44:42,021 - map_video - DEBUG - [mapping_recorder.main:115] - [23:44:42] Redndı: False
2025-06-20 23:44:43,023 - map_video - DEBUG - [mapping_recorder.main:115] - [23:44:43] Redndı: False
2025-06-20 23:44:44,024 - map_video - DEBUG - [mapping_recorder.main:115] - [23:44:44] Redndı: False
2025-06-20 23:44:45,025 - map_video - DEBUG - [mapping_recorder.main:115] - [23:44:45] Redndı: False
2025-06-20 23:44:46,033 - map_video - DEBUG - [mapping_recorder.main:115] - [23:44:46] Redndı: False
2025-06-20 23:44:47,035 - map_video - DEBUG - [mapping_recorder.main:115] - [23:44:47] Redndı: False
2025-06-20 23:44:48,037 - map_video - DEBUG - [mapping_recorder.main:115] - [23:44:48] Redndı: False
2025-06-20 23:44:49,039 - map_video - DEBUG - [mapping_recorder.main:115] - [23:44:49] Redndı: False
2025-06-20 23:44:50,041 - map_video - DEBUG - [mapping_recorder.main:115] - [23:44:50] Redndı: False
2025-06-20 23:44:51,041 - map_video - DEBUG - [mapping_recorder.main:115] - [23:44:51] Redndı: False
2025-06-20 23:44:52,043 - map_video - DEBUG - [mapping_recorder.main:115] - [23:44:52] Redndı: False
2025-06-20 23:44:53,045 - map_video - DEBUG - [mapping_recorder.main:115] - [23:44:53] Redndı: False
2025-06-20 23:44:54,047 - map_video - DEBUG - [mapping_recorder.main:115] - [23:44:54] Redndı: False
2025-06-20 23:44:55,049 - map_video - DEBUG - [mapping_recorder.main:115] - [23:44:55] Redndı: False
2025-06-20 23:44:56,051 - map_video - DEBUG - [mapping_recorder.main:115] - [23:44:56] Redndı: False
2025-06-20 23:44:57,053 - map_video - DEBUG - [mapping_recorder.main:115] - [23:44:57] Redndı: False
2025-06-20 23:44:58,054 - map_video - DEBUG - [mapping_recorder.main:115] - [23:44:58] Redndı: False
2025-06-20 23:44:59,056 - map_video - DEBUG - [mapping_recorder.main:115] - [23:44:59] Redndı: False
2025-06-20 23:45:00,057 - map_video - DEBUG - [mapping_recorder.main:115] - [23:45:00] Redndı: False
2025-06-20 23:45:01,059 - map_video - DEBUG - [mapping_recorder.main:115] - [23:45:01] Redndı: False
2025-06-20 23:45:02,061 - map_video - DEBUG - [mapping_recorder.main:115] - [23:45:02] Redndı: False
2025-06-20 23:45:03,063 - map_video - DEBUG - [mapping_recorder.main:115] - [23:45:03] Redndı: False
2025-06-20 23:45:04,065 - map_video - DEBUG - [mapping_recorder.main:115] - [23:45:04] Redndı: False
2025-06-20 23:45:05,067 - map_video - DEBUG - [mapping_recorder.main:115] - [23:45:05] Redndı: False
2025-06-20 23:45:06,068 - map_video - DEBUG - [mapping_recorder.main:115] - [23:45:06] Redndı: False
2025-06-20 23:45:07,069 - map_video - DEBUG - [mapping_recorder.main:115] - [23:45:07] Redndı: False
2025-06-20 23:45:08,071 - map_video - DEBUG - [mapping_recorder.main:115] - [23:45:08] Redndı: False
2025-06-20 23:45:09,072 - map_video - DEBUG - [mapping_recorder.main:115] - [23:45:09] Redndı: False
2025-06-20 23:45:10,074 - map_video - DEBUG - [mapping_recorder.main:115] - [23:45:10] Redndı: False
2025-06-20 23:45:11,075 - map_video - DEBUG - [mapping_recorder.main:115] - [23:45:11] Redndı: False
2025-06-20 23:45:12,077 - map_video - DEBUG - [mapping_recorder.main:115] - [23:45:12] Redndı: False
2025-06-20 23:45:13,079 - map_video - DEBUG - [mapping_recorder.main:115] - [23:45:13] Redndı: False
2025-06-20 23:45:14,081 - map_video - DEBUG - [mapping_recorder.main:115] - [23:45:14] Redndı: False
2025-06-20 23:45:15,083 - map_video - DEBUG - [mapping_recorder.main:115] - [23:45:15] Redndı: False
2025-06-20 23:45:16,085 - map_video - DEBUG - [mapping_recorder.main:115] - [23:45:16] Redndı: False
2025-06-20 23:45:17,087 - map_video - DEBUG - [mapping_recorder.main:115] - [23:45:17] Redndı: False
2025-06-20 23:45:18,089 - map_video - DEBUG - [mapping_recorder.main:115] - [23:45:18] Redndı: False
2025-06-20 23:45:19,089 - map_video - DEBUG - [mapping_recorder.main:115] - [23:45:19] Redndı: False
2025-06-20 23:45:20,091 - map_video - DEBUG - [mapping_recorder.main:115] - [23:45:20] Redndı: False
2025-06-20 23:45:21,093 - map_video - DEBUG - [mapping_recorder.main:115] - [23:45:21] Redndı: False
2025-06-20 23:45:22,095 - map_video - DEBUG - [mapping_recorder.main:115] - [23:45:22] Redndı: False
2025-06-20 23:45:23,097 - map_video - DEBUG - [mapping_recorder.main:115] - [23:45:23] Redndı: False
2025-06-20 23:45:24,099 - map_video - DEBUG - [mapping_recorder.main:115] - [23:45:24] Redndı: False
2025-06-20 23:45:25,101 - map_video - DEBUG - [mapping_recorder.main:115] - [23:45:25] Redndı: False
2025-06-20 23:45:26,103 - map_video - DEBUG - [mapping_recorder.main:115] - [23:45:26] Redndı: False
2025-06-20 23:45:27,105 - map_video - DEBUG - [mapping_recorder.main:115] - [23:45:27] Redndı: False
2025-06-20 23:45:28,106 - map_video - DEBUG - [mapping_recorder.main:115] - [23:45:28] Redndı: False
2025-06-20 23:45:29,108 - map_video - DEBUG - [mapping_recorder.main:115] - [23:45:29] Redndı: False
2025-06-20 23:45:30,109 - map_video - DEBUG - [mapping_recorder.main:115] - [23:45:30] Redndı: False
2025-06-20 23:45:31,111 - map_video - DEBUG - [mapping_recorder.main:115] - [23:45:31] Redndı: False
2025-06-20 23:45:32,113 - map_video - DEBUG - [mapping_recorder.main:115] - [23:45:32] Redndı: False
2025-06-20 23:45:33,115 - map_video - DEBUG - [mapping_recorder.main:115] - [23:45:33] Redndı: False
2025-06-20 23:45:34,117 - map_video - DEBUG - [mapping_recorder.main:115] - [23:45:34] Redndı: False
2025-06-20 23:45:35,119 - map_video - DEBUG - [mapping_recorder.main:115] - [23:45:35] Redndı: False
2025-06-20 23:45:36,121 - map_video - DEBUG - [mapping_recorder.main:115] - [23:45:36] Redndı: False
2025-06-20 23:45:37,122 - map_video - DEBUG - [mapping_recorder.main:115] - [23:45:37] Redndı: False
2025-06-20 23:45:38,124 - map_video - DEBUG - [mapping_recorder.main:115] - [23:45:38] Redndı: False
2025-06-20 23:45:39,125 - map_video - DEBUG - [mapping_recorder.main:115] - [23:45:39] Redndı: False
2025-06-20 23:45:40,127 - map_video - DEBUG - [mapping_recorder.main:115] - [23:45:40] Redndı: False
2025-06-20 23:45:41,129 - map_video - DEBUG - [mapping_recorder.main:115] - [23:45:41] Redndı: False
2025-06-20 23:45:42,131 - map_video - DEBUG - [mapping_recorder.main:115] - [23:45:42] Redndı: False
2025-06-20 23:45:43,133 - map_video - DEBUG - [mapping_recorder.main:115] - [23:45:43] Redndı: False
2025-06-20 23:45:44,135 - map_video - DEBUG - [mapping_recorder.main:115] - [23:45:44] Redndı: False
2025-06-20 23:45:45,137 - map_video - DEBUG - [mapping_recorder.main:115] - [23:45:45] Redndı: False
2025-06-20 23:45:46,137 - map_video - DEBUG - [mapping_recorder.main:115] - [23:45:46] Redndı: False
2025-06-20 23:45:47,139 - map_video - DEBUG - [mapping_recorder.main:115] - [23:45:47] Redndı: False
2025-06-20 23:45:48,141 - map_video - DEBUG - [mapping_recorder.main:115] - [23:45:48] Redndı: False
2025-06-20 23:45:49,143 - map_video - DEBUG - [mapping_recorder.main:115] - [23:45:49] Redndı: False
2025-06-20 23:45:50,145 - map_video - DEBUG - [mapping_recorder.main:115] - [23:45:50] Redndı: False
2025-06-20 23:45:51,147 - map_video - DEBUG - [mapping_recorder.main:115] - [23:45:51] Redndı: False
2025-06-20 23:45:52,148 - map_video - DEBUG - [mapping_recorder.main:115] - [23:45:52] Redndı: False
2025-06-20 23:45:53,150 - map_video - DEBUG - [mapping_recorder.main:115] - [23:45:53] Redndı: False
2025-06-20 23:45:54,152 - map_video - DEBUG - [mapping_recorder.main:115] - [23:45:54] Redndı: False
2025-06-20 23:45:55,153 - map_video - DEBUG - [mapping_recorder.main:115] - [23:45:55] Redndı: False
2025-06-20 23:45:56,155 - map_video - DEBUG - [mapping_recorder.main:115] - [23:45:56] Redndı: False
2025-06-20 23:45:57,157 - map_video - DEBUG - [mapping_recorder.main:115] - [23:45:57] Redndı: False
2025-06-20 23:45:58,159 - map_video - DEBUG - [mapping_recorder.main:115] - [23:45:58] Redndı: False
2025-06-20 23:45:59,161 - map_video - DEBUG - [mapping_recorder.main:115] - [23:45:59] Redndı: False
2025-06-20 23:46:00,163 - map_video - DEBUG - [mapping_recorder.main:115] - [23:46:00] Redndı: False
2025-06-20 23:46:01,165 - map_video - DEBUG - [mapping_recorder.main:115] - [23:46:01] Redndı: False
2025-06-20 23:46:02,167 - map_video - DEBUG - [mapping_recorder.main:115] - [23:46:02] Redndı: False
2025-06-20 23:46:03,168 - map_video - DEBUG - [mapping_recorder.main:115] - [23:46:03] Redndı: False
2025-06-20 23:46:04,169 - map_video - DEBUG - [mapping_recorder.main:115] - [23:46:04] Redndı: False
2025-06-20 23:46:05,171 - map_video - DEBUG - [mapping_recorder.main:115] - [23:46:05] Redndı: False
2025-06-20 23:46:06,173 - map_video - DEBUG - [mapping_recorder.main:115] - [23:46:06] Redndı: False
2025-06-20 23:46:07,175 - map_video - DEBUG - [mapping_recorder.main:115] - [23:46:07] Redndı: False
2025-06-20 23:46:08,177 - map_video - DEBUG - [mapping_recorder.main:115] - [23:46:08] Redndı: False
2025-06-20 23:46:09,179 - map_video - DEBUG - [mapping_recorder.main:115] - [23:46:09] Redndı: False
2025-06-20 23:46:10,181 - map_video - DEBUG - [mapping_recorder.main:115] - [23:46:10] Redndı: False
2025-06-20 23:46:11,183 - map_video - DEBUG - [mapping_recorder.main:115] - [23:46:11] Redndı: False
2025-06-20 23:46:12,184 - map_video - DEBUG - [mapping_recorder.main:115] - [23:46:12] Redndı: False
2025-06-20 23:46:13,185 - map_video - DEBUG - [mapping_recorder.main:115] - [23:46:13] Redndı: False
2025-06-20 23:46:14,187 - map_video - DEBUG - [mapping_recorder.main:115] - [23:46:14] Redndı: False
2025-06-20 23:46:15,189 - map_video - DEBUG - [mapping_recorder.main:115] - [23:46:15] Redndı: False
2025-06-20 23:46:16,191 - map_video - DEBUG - [mapping_recorder.main:115] - [23:46:16] Redndı: False
2025-06-20 23:46:17,193 - map_video - DEBUG - [mapping_recorder.main:115] - [23:46:17] Redndı: False
2025-06-20 23:46:18,194 - map_video - DEBUG - [mapping_recorder.main:115] - [23:46:18] Redndı: False
2025-06-20 23:46:19,196 - map_video - DEBUG - [mapping_recorder.main:115] - [23:46:19] Redndı: False
2025-06-20 23:46:20,197 - map_video - DEBUG - [mapping_recorder.main:115] - [23:46:20] Redndı: False
2025-06-20 23:46:21,199 - map_video - DEBUG - [mapping_recorder.main:115] - [23:46:21] Redndı: False
2025-06-20 23:46:22,201 - map_video - DEBUG - [mapping_recorder.main:115] - [23:46:22] Redndı: False
2025-06-20 23:46:23,203 - map_video - DEBUG - [mapping_recorder.main:115] - [23:46:23] Redndı: False
2025-06-20 23:46:24,204 - map_video - DEBUG - [mapping_recorder.main:115] - [23:46:24] Redndı: False
2025-06-20 23:46:25,205 - map_video - DEBUG - [mapping_recorder.main:115] - [23:46:25] Redndı: False
2025-06-20 23:46:26,207 - map_video - DEBUG - [mapping_recorder.main:115] - [23:46:26] Redndı: False
2025-06-20 23:46:27,209 - map_video - DEBUG - [mapping_recorder.main:115] - [23:46:27] Redndı: False
2025-06-20 23:46:28,211 - map_video - DEBUG - [mapping_recorder.main:115] - [23:46:28] Redndı: False
2025-06-20 23:46:29,213 - map_video - DEBUG - [mapping_recorder.main:115] - [23:46:29] Redndı: False
2025-06-20 23:46:30,215 - map_video - DEBUG - [mapping_recorder.main:115] - [23:46:30] Redndı: False
2025-06-20 23:46:31,217 - map_video - DEBUG - [mapping_recorder.main:115] - [23:46:31] Redndı: False
2025-06-20 23:46:32,218 - map_video - DEBUG - [mapping_recorder.main:115] - [23:46:32] Redndı: False
2025-06-20 23:46:33,220 - map_video - DEBUG - [mapping_recorder.main:115] - [23:46:33] Redndı: False
2025-06-20 23:46:34,221 - map_video - DEBUG - [mapping_recorder.main:115] - [23:46:34] Redndı: False
2025-06-20 23:46:35,223 - map_video - DEBUG - [mapping_recorder.main:115] - [23:46:35] Redndı: False
2025-06-20 23:46:36,225 - map_video - DEBUG - [mapping_recorder.main:115] - [23:46:36] Redndı: False
2025-06-20 23:46:37,227 - map_video - DEBUG - [mapping_recorder.main:115] - [23:46:37] Redndı: False
2025-06-20 23:46:38,229 - map_video - DEBUG - [mapping_recorder.main:115] - [23:46:38] Redndı: False
2025-06-20 23:46:39,231 - map_video - DEBUG - [mapping_recorder.main:115] - [23:46:39] Redndı: False
2025-06-20 23:46:40,233 - map_video - DEBUG - [mapping_recorder.main:115] - [23:46:40] Redndı: False
2025-06-20 23:46:41,234 - map_video - DEBUG - [mapping_recorder.main:115] - [23:46:41] Redndı: False
2025-06-20 23:46:42,236 - map_video - DEBUG - [mapping_recorder.main:115] - [23:46:42] Redndı: False
2025-06-20 23:46:43,237 - map_video - DEBUG - [mapping_recorder.main:115] - [23:46:43] Redndı: False
2025-06-20 23:46:44,239 - map_video - DEBUG - [mapping_recorder.main:115] - [23:46:44] Redndı: False
2025-06-20 23:46:45,241 - map_video - DEBUG - [mapping_recorder.main:115] - [23:46:45] Redndı: False
2025-06-20 23:46:46,243 - map_video - DEBUG - [mapping_recorder.main:115] - [23:46:46] Redndı: False
2025-06-20 23:46:47,245 - map_video - DEBUG - [mapping_recorder.main:115] - [23:46:47] Redndı: False
2025-06-20 23:46:48,246 - map_video - DEBUG - [mapping_recorder.main:115] - [23:46:48] Redndı: False
2025-06-20 23:46:49,248 - map_video - DEBUG - [mapping_recorder.main:115] - [23:46:49] Redndı: False
2025-06-20 23:46:50,249 - map_video - DEBUG - [mapping_recorder.main:115] - [23:46:50] Redndı: False
2025-06-20 23:46:51,251 - map_video - DEBUG - [mapping_recorder.main:115] - [23:46:51] Redndı: False
2025-06-20 23:46:52,253 - map_video - DEBUG - [mapping_recorder.main:115] - [23:46:52] Redndı: False
2025-06-20 23:46:53,255 - map_video - DEBUG - [mapping_recorder.main:115] - [23:46:53] Redndı: False
2025-06-20 23:46:54,257 - map_video - DEBUG - [mapping_recorder.main:115] - [23:46:54] Redndı: False
2025-06-20 23:46:55,259 - map_video - DEBUG - [mapping_recorder.main:115] - [23:46:55] Redndı: False
2025-06-20 23:46:56,260 - map_video - DEBUG - [mapping_recorder.main:115] - [23:46:56] Redndı: False
2025-06-20 23:46:57,261 - map_video - DEBUG - [mapping_recorder.main:115] - [23:46:57] Redndı: False
2025-06-20 23:46:58,263 - map_video - DEBUG - [mapping_recorder.main:115] - [23:46:58] Redndı: False
2025-06-20 23:46:59,265 - map_video - DEBUG - [mapping_recorder.main:115] - [23:46:59] Redndı: False
2025-06-20 23:47:00,267 - map_video - DEBUG - [mapping_recorder.main:115] - [23:47:00] Redndı: False
2025-06-20 23:47:01,269 - map_video - DEBUG - [mapping_recorder.main:115] - [23:47:01] Redndı: False
2025-06-20 23:47:02,271 - map_video - DEBUG - [mapping_recorder.main:115] - [23:47:02] Redndı: False
2025-06-20 23:47:03,273 - map_video - DEBUG - [mapping_recorder.main:115] - [23:47:03] Redndı: False
2025-06-20 23:47:04,274 - map_video - DEBUG - [mapping_recorder.main:115] - [23:47:04] Redndı: False
2025-06-20 23:47:05,276 - map_video - DEBUG - [mapping_recorder.main:115] - [23:47:05] Redndı: False
2025-06-20 23:47:06,277 - map_video - DEBUG - [mapping_recorder.main:115] - [23:47:06] Redndı: False
2025-06-20 23:47:07,279 - map_video - DEBUG - [mapping_recorder.main:115] - [23:47:07] Redndı: False
2025-06-20 23:47:08,281 - map_video - DEBUG - [mapping_recorder.main:115] - [23:47:08] Redndı: False
2025-06-20 23:47:09,283 - map_video - DEBUG - [mapping_recorder.main:115] - [23:47:09] Redndı: False
2025-06-20 23:47:10,285 - map_video - DEBUG - [mapping_recorder.main:115] - [23:47:10] Redndı: False
2025-06-20 23:47:11,287 - map_video - DEBUG - [mapping_recorder.main:115] - [23:47:11] Redndı: False
2025-06-20 23:47:12,288 - map_video - DEBUG - [mapping_recorder.main:115] - [23:47:12] Redndı: False
2025-06-20 23:47:13,289 - map_video - DEBUG - [mapping_recorder.main:115] - [23:47:13] Redndı: False
2025-06-20 23:47:14,291 - map_video - DEBUG - [mapping_recorder.main:115] - [23:47:14] Redndı: False
2025-06-20 23:47:15,293 - map_video - DEBUG - [mapping_recorder.main:115] - [23:47:15] Redndı: False
2025-06-20 23:47:16,295 - map_video - DEBUG - [mapping_recorder.main:115] - [23:47:16] Redndı: False
2025-06-20 23:47:17,297 - map_video - DEBUG - [mapping_recorder.main:115] - [23:47:17] Redndı: False
2025-06-20 23:47:18,299 - map_video - DEBUG - [mapping_recorder.main:115] - [23:47:18] Redndı: False
2025-06-20 23:47:19,301 - map_video - DEBUG - [mapping_recorder.main:115] - [23:47:19] Redndı: False
2025-06-20 23:47:20,301 - map_video - DEBUG - [mapping_recorder.main:115] - [23:47:20] Redndı: False
2025-06-20 23:47:21,303 - map_video - DEBUG - [mapping_recorder.main:115] - [23:47:21] Redndı: False
2025-06-20 23:47:22,305 - map_video - DEBUG - [mapping_recorder.main:115] - [23:47:22] Redndı: False
2025-06-20 23:47:23,307 - map_video - DEBUG - [mapping_recorder.main:115] - [23:47:23] Redndı: False
2025-06-20 23:47:24,309 - map_video - DEBUG - [mapping_recorder.main:115] - [23:47:24] Redndı: False
2025-06-20 23:47:25,311 - map_video - DEBUG - [mapping_recorder.main:115] - [23:47:25] Redndı: False
2025-06-20 23:47:26,312 - map_video - DEBUG - [mapping_recorder.main:115] - [23:47:26] Redndı: False
2025-06-20 23:47:27,313 - map_video - DEBUG - [mapping_recorder.main:115] - [23:47:27] Redndı: False
2025-06-20 23:47:28,315 - map_video - DEBUG - [mapping_recorder.main:115] - [23:47:28] Redndı: False
2025-06-20 23:47:29,317 - map_video - DEBUG - [mapping_recorder.main:115] - [23:47:29] Redndı: False
2025-06-20 23:47:30,319 - map_video - DEBUG - [mapping_recorder.main:115] - [23:47:30] Redndı: False
2025-06-20 23:47:31,321 - map_video - DEBUG - [mapping_recorder.main:115] - [23:47:31] Redndı: False
2025-06-20 23:47:32,323 - map_video - DEBUG - [mapping_recorder.main:115] - [23:47:32] Redndı: False
2025-06-20 23:47:33,324 - map_video - DEBUG - [mapping_recorder.main:115] - [23:47:33] Redndı: False
2025-06-20 23:47:34,325 - map_video - DEBUG - [mapping_recorder.main:115] - [23:47:34] Redndı: False
2025-06-20 23:47:35,327 - map_video - DEBUG - [mapping_recorder.main:115] - [23:47:35] Redndı: False
2025-06-20 23:47:36,329 - map_video - DEBUG - [mapping_recorder.main:115] - [23:47:36] Redndı: False
2025-06-20 23:47:37,331 - map_video - DEBUG - [mapping_recorder.main:115] - [23:47:37] Redndı: False
2025-06-20 23:47:38,333 - map_video - DEBUG - [mapping_recorder.main:115] - [23:47:38] Redndı: False
2025-06-20 23:47:39,335 - map_video - DEBUG - [mapping_recorder.main:115] - [23:47:39] Redndı: False
2025-06-20 23:47:40,336 - map_video - DEBUG - [mapping_recorder.main:115] - [23:47:40] Redndı: False
2025-06-20 23:47:41,337 - map_video - DEBUG - [mapping_recorder.main:115] - [23:47:41] Redndı: False
2025-06-20 23:47:42,339 - map_video - DEBUG - [mapping_recorder.main:115] - [23:47:42] Redndı: False
2025-06-20 23:47:43,341 - map_video - DEBUG - [mapping_recorder.main:115] - [23:47:43] Redndı: False
2025-06-20 23:47:44,343 - map_video - DEBUG - [mapping_recorder.main:115] - [23:47:44] Redndı: False
2025-06-20 23:47:45,344 - map_video - DEBUG - [mapping_recorder.main:115] - [23:47:45] Redndı: False
2025-06-20 23:47:46,345 - map_video - DEBUG - [mapping_recorder.main:115] - [23:47:46] Redndı: False
2025-06-20 23:47:47,347 - map_video - DEBUG - [mapping_recorder.main:115] - [23:47:47] Redndı: False
2025-06-20 23:47:48,349 - map_video - DEBUG - [mapping_recorder.main:115] - [23:47:48] Redndı: False
2025-06-20 23:47:49,351 - map_video - DEBUG - [mapping_recorder.main:115] - [23:47:49] Redndı: False
2025-06-20 23:47:50,353 - map_video - DEBUG - [mapping_recorder.main:115] - [23:47:50] Redndı: False
2025-06-20 23:47:51,355 - map_video - DEBUG - [mapping_recorder.main:115] - [23:47:51] Redndı: False
2025-06-20 23:47:52,356 - map_video - DEBUG - [mapping_recorder.main:115] - [23:47:52] Redndı: False
2025-06-20 23:47:53,357 - map_video - DEBUG - [mapping_recorder.main:115] - [23:47:53] Redndı: False
2025-06-20 23:47:54,359 - map_video - DEBUG - [mapping_recorder.main:115] - [23:47:54] Redndı: False
2025-06-20 23:47:55,361 - map_video - DEBUG - [mapping_recorder.main:115] - [23:47:55] Redndı: False
2025-06-20 23:47:56,362 - map_video - DEBUG - [mapping_recorder.main:115] - [23:47:56] Redndı: False
2025-06-20 23:47:57,364 - map_video - DEBUG - [mapping_recorder.main:115] - [23:47:57] Redndı: False
2025-06-20 23:47:58,366 - map_video - DEBUG - [mapping_recorder.main:115] - [23:47:58] Redndı: False
2025-06-20 23:47:59,368 - map_video - DEBUG - [mapping_recorder.main:115] - [23:47:59] Redndı: False
2025-06-20 23:48:00,369 - map_video - DEBUG - [mapping_recorder.main:115] - [23:48:00] Redndı: False
2025-06-20 23:48:01,371 - map_video - DEBUG - [mapping_recorder.main:115] - [23:48:01] Redndı: False
2025-06-20 23:48:02,373 - map_video - DEBUG - [mapping_recorder.main:115] - [23:48:02] Redndı: False
2025-06-20 23:48:03,375 - map_video - DEBUG - [mapping_recorder.main:115] - [23:48:03] Redndı: False
2025-06-20 23:48:04,377 - map_video - DEBUG - [mapping_recorder.main:115] - [23:48:04] Redndı: False
2025-06-20 23:48:05,379 - map_video - DEBUG - [mapping_recorder.main:115] - [23:48:05] Redndı: False
2025-06-20 23:48:06,381 - map_video - DEBUG - [mapping_recorder.main:115] - [23:48:06] Redndı: False
2025-06-20 23:48:07,383 - map_video - DEBUG - [mapping_recorder.main:115] - [23:48:07] Redndı: False
2025-06-20 23:48:08,384 - map_video - DEBUG - [mapping_recorder.main:115] - [23:48:08] Redndı: False
2025-06-20 23:48:09,385 - map_video - DEBUG - [mapping_recorder.main:115] - [23:48:09] Redndı: False
2025-06-20 23:48:10,387 - map_video - DEBUG - [mapping_recorder.main:115] - [23:48:10] Redndı: False
2025-06-20 23:48:11,389 - map_video - DEBUG - [mapping_recorder.main:115] - [23:48:11] Redndı: False
2025-06-20 23:48:12,391 - map_video - DEBUG - [mapping_recorder.main:115] - [23:48:12] Redndı: False
2025-06-20 23:48:13,392 - map_video - DEBUG - [mapping_recorder.main:115] - [23:48:13] Redndı: False
2025-06-20 23:48:14,393 - map_video - DEBUG - [mapping_recorder.main:115] - [23:48:14] Redndı: False
2025-06-20 23:48:15,395 - map_video - DEBUG - [mapping_recorder.main:115] - [23:48:15] Redndı: False
2025-06-20 23:48:16,397 - map_video - DEBUG - [mapping_recorder.main:115] - [23:48:16] Redndı: False
2025-06-20 23:48:17,399 - map_video - DEBUG - [mapping_recorder.main:115] - [23:48:17] Redndı: False
2025-06-20 23:48:18,401 - map_video - DEBUG - [mapping_recorder.main:115] - [23:48:18] Redndı: False
2025-06-20 23:48:19,403 - map_video - DEBUG - [mapping_recorder.main:115] - [23:48:19] Redndı: False
2025-06-20 23:48:20,404 - map_video - DEBUG - [mapping_recorder.main:115] - [23:48:20] Redndı: False
2025-06-20 23:48:21,405 - map_video - DEBUG - [mapping_recorder.main:115] - [23:48:21] Redndı: False
2025-06-20 23:48:22,407 - map_video - DEBUG - [mapping_recorder.main:115] - [23:48:22] Redndı: False
2025-06-20 23:48:23,409 - map_video - DEBUG - [mapping_recorder.main:115] - [23:48:23] Redndı: False
2025-06-20 23:48:24,411 - map_video - DEBUG - [mapping_recorder.main:115] - [23:48:24] Redndı: False
2025-06-20 23:48:25,413 - map_video - DEBUG - [mapping_recorder.main:115] - [23:48:25] Redndı: False
2025-06-20 23:48:26,415 - map_video - DEBUG - [mapping_recorder.main:115] - [23:48:26] Redndı: False
2025-06-20 23:48:27,417 - map_video - DEBUG - [mapping_recorder.main:115] - [23:48:27] Redndı: False
2025-06-20 23:48:28,419 - map_video - DEBUG - [mapping_recorder.main:115] - [23:48:28] Redndı: False
2025-06-20 23:48:29,421 - map_video - DEBUG - [mapping_recorder.main:115] - [23:48:29] Redndı: False
2025-06-20 23:48:30,423 - map_video - DEBUG - [mapping_recorder.main:115] - [23:48:30] Redndı: False
2025-06-20 23:48:31,424 - map_video - DEBUG - [mapping_recorder.main:115] - [23:48:31] Redndı: False
2025-06-20 23:48:32,425 - map_video - DEBUG - [mapping_recorder.main:115] - [23:48:32] Redndı: False
2025-06-20 23:48:33,427 - map_video - DEBUG - [mapping_recorder.main:115] - [23:48:33] Redndı: False
2025-06-20 23:48:34,429 - map_video - DEBUG - [mapping_recorder.main:115] - [23:48:34] Redndı: False
2025-06-20 23:48:35,431 - map_video - DEBUG - [mapping_recorder.main:115] - [23:48:35] Redndı: False
2025-06-20 23:48:36,433 - map_video - DEBUG - [mapping_recorder.main:115] - [23:48:36] Redndı: False
2025-06-20 23:48:37,435 - map_video - DEBUG - [mapping_recorder.main:115] - [23:48:37] Redndı: False
2025-06-20 23:48:38,437 - map_video - DEBUG - [mapping_recorder.main:115] - [23:48:38] Redndı: False
2025-06-20 23:48:39,439 - map_video - DEBUG - [mapping_recorder.main:115] - [23:48:39] Redndı: False
2025-06-20 23:48:40,441 - map_video - DEBUG - [mapping_recorder.main:115] - [23:48:40] Redndı: False
2025-06-20 23:48:41,443 - map_video - DEBUG - [mapping_recorder.main:115] - [23:48:41] Redndı: False
2025-06-20 23:48:42,445 - map_video - DEBUG - [mapping_recorder.main:115] - [23:48:42] Redndı: False
2025-06-20 23:48:43,447 - map_video - DEBUG - [mapping_recorder.main:115] - [23:48:43] Redndı: False
2025-06-20 23:48:44,448 - map_video - DEBUG - [mapping_recorder.main:115] - [23:48:44] Redndı: False
2025-06-20 23:48:45,450 - map_video - DEBUG - [mapping_recorder.main:115] - [23:48:45] Redndı: False
2025-06-20 23:48:46,452 - map_video - DEBUG - [mapping_recorder.main:115] - [23:48:46] Redndı: False
2025-06-20 23:48:47,453 - map_video - DEBUG - [mapping_recorder.main:115] - [23:48:47] Redndı: False
2025-06-20 23:48:48,455 - map_video - DEBUG - [mapping_recorder.main:115] - [23:48:48] Redndı: False
2025-06-20 23:48:49,456 - map_video - DEBUG - [mapping_recorder.main:115] - [23:48:49] Redndı: False
2025-06-20 23:48:50,457 - map_video - DEBUG - [mapping_recorder.main:115] - [23:48:50] Redndı: False
2025-06-20 23:48:51,459 - map_video - DEBUG - [mapping_recorder.main:115] - [23:48:51] Redndı: False
2025-06-20 23:48:52,461 - map_video - DEBUG - [mapping_recorder.main:115] - [23:48:52] Redndı: False
2025-06-20 23:48:53,463 - map_video - DEBUG - [mapping_recorder.main:115] - [23:48:53] Redndı: False
2025-06-20 23:48:54,465 - map_video - DEBUG - [mapping_recorder.main:115] - [23:48:54] Redndı: False
2025-06-20 23:48:55,467 - map_video - DEBUG - [mapping_recorder.main:115] - [23:48:55] Redndı: False
2025-06-20 23:48:56,469 - map_video - DEBUG - [mapping_recorder.main:115] - [23:48:56] Redndı: False
2025-06-20 23:48:57,471 - map_video - DEBUG - [mapping_recorder.main:115] - [23:48:57] Redndı: False
2025-06-20 23:48:58,472 - map_video - DEBUG - [mapping_recorder.main:115] - [23:48:58] Redndı: False
2025-06-20 23:48:59,473 - map_video - DEBUG - [mapping_recorder.main:115] - [23:48:59] Redndı: False
2025-06-20 23:49:00,475 - map_video - DEBUG - [mapping_recorder.main:115] - [23:49:00] Redndı: False
2025-06-20 23:49:01,477 - map_video - DEBUG - [mapping_recorder.main:115] - [23:49:01] Redndı: False
2025-06-20 23:49:02,479 - map_video - DEBUG - [mapping_recorder.main:115] - [23:49:02] Redndı: False
2025-06-20 23:49:03,480 - map_video - DEBUG - [mapping_recorder.main:115] - [23:49:03] Redndı: False
2025-06-20 23:49:04,481 - map_video - DEBUG - [mapping_recorder.main:115] - [23:49:04] Redndı: False
2025-06-20 23:49:05,483 - map_video - DEBUG - [mapping_recorder.main:115] - [23:49:05] Redndı: False
2025-06-20 23:49:06,485 - map_video - DEBUG - [mapping_recorder.main:115] - [23:49:06] Redndı: False
2025-06-20 23:49:07,487 - map_video - DEBUG - [mapping_recorder.main:115] - [23:49:07] Redndı: False
2025-06-20 23:49:08,489 - map_video - DEBUG - [mapping_recorder.main:115] - [23:49:08] Redndı: False
2025-06-20 23:49:09,491 - map_video - DEBUG - [mapping_recorder.main:115] - [23:49:09] Redndı: False
2025-06-20 23:49:10,493 - map_video - DEBUG - [mapping_recorder.main:115] - [23:49:10] Redndı: False
2025-06-20 23:49:11,495 - map_video - DEBUG - [mapping_recorder.main:115] - [23:49:11] Redndı: False
2025-06-20 23:49:12,497 - map_video - DEBUG - [mapping_recorder.main:115] - [23:49:12] Redndı: False
2025-06-20 23:49:13,497 - map_video - DEBUG - [mapping_recorder.main:115] - [23:49:13] Redndı: False
2025-06-20 23:49:14,499 - map_video - DEBUG - [mapping_recorder.main:115] - [23:49:14] Redndı: False
2025-06-20 23:49:15,501 - map_video - DEBUG - [mapping_recorder.main:115] - [23:49:15] Redndı: False
2025-06-20 23:49:16,503 - map_video - DEBUG - [mapping_recorder.main:115] - [23:49:16] Redndı: False
2025-06-20 23:49:17,505 - map_video - DEBUG - [mapping_recorder.main:115] - [23:49:17] Redndı: False
2025-06-20 23:49:18,507 - map_video - DEBUG - [mapping_recorder.main:115] - [23:49:18] Redndı: False
2025-06-20 23:49:19,508 - map_video - DEBUG - [mapping_recorder.main:115] - [23:49:19] Redndı: False
2025-06-20 23:49:20,510 - map_video - DEBUG - [mapping_recorder.main:115] - [23:49:20] Redndı: False
2025-06-20 23:49:21,512 - map_video - DEBUG - [mapping_recorder.main:115] - [23:49:21] Redndı: False
2025-06-20 23:49:22,513 - map_video - DEBUG - [mapping_recorder.main:115] - [23:49:22] Redndı: False
2025-06-20 23:49:23,515 - map_video - DEBUG - [mapping_recorder.main:115] - [23:49:23] Redndı: False
2025-06-20 23:49:24,517 - map_video - DEBUG - [mapping_recorder.main:115] - [23:49:24] Redndı: False
2025-06-20 23:49:25,519 - map_video - DEBUG - [mapping_recorder.main:115] - [23:49:25] Redndı: False
2025-06-20 23:49:26,521 - map_video - DEBUG - [mapping_recorder.main:115] - [23:49:26] Redndı: False
2025-06-20 23:49:27,523 - map_video - DEBUG - [mapping_recorder.main:115] - [23:49:27] Redndı: False
2025-06-20 23:49:28,525 - map_video - DEBUG - [mapping_recorder.main:115] - [23:49:28] Redndı: False
2025-06-20 23:49:29,527 - map_video - DEBUG - [mapping_recorder.main:115] - [23:49:29] Redndı: False
2025-06-20 23:49:30,528 - map_video - DEBUG - [mapping_recorder.main:115] - [23:49:30] Redndı: False
2025-06-20 23:49:31,530 - map_video - DEBUG - [mapping_recorder.main:115] - [23:49:31] Redndı: False
2025-06-20 23:49:32,532 - map_video - DEBUG - [mapping_recorder.main:115] - [23:49:32] Redndı: False
2025-06-20 23:49:33,533 - map_video - DEBUG - [mapping_recorder.main:115] - [23:49:33] Redndı: False
2025-06-20 23:49:34,535 - map_video - DEBUG - [mapping_recorder.main:115] - [23:49:34] Redndı: False
2025-06-20 23:49:35,537 - map_video - DEBUG - [mapping_recorder.main:115] - [23:49:35] Redndı: False
2025-06-20 23:49:36,540 - map_video - DEBUG - [mapping_recorder.main:115] - [23:49:36] Redndı: False
2025-06-20 23:49:37,542 - map_video - DEBUG - [mapping_recorder.main:115] - [23:49:37] Redndı: False
2025-06-20 23:49:38,544 - map_video - DEBUG - [mapping_recorder.main:115] - [23:49:38] Redndı: False
2025-06-20 23:49:39,545 - map_video - DEBUG - [mapping_recorder.main:115] - [23:49:39] Redndı: False
2025-06-20 23:49:40,547 - map_video - DEBUG - [mapping_recorder.main:115] - [23:49:40] Redndı: False
2025-06-20 23:49:41,549 - map_video - DEBUG - [mapping_recorder.main:115] - [23:49:41] Redndı: False
2025-06-20 23:49:42,551 - map_video - DEBUG - [mapping_recorder.main:115] - [23:49:42] Redndı: False
2025-06-20 23:49:43,553 - map_video - DEBUG - [mapping_recorder.main:115] - [23:49:43] Redndı: False
2025-06-20 23:49:44,555 - map_video - DEBUG - [mapping_recorder.main:115] - [23:49:44] Redndı: False
2025-06-20 23:49:45,556 - map_video - DEBUG - [mapping_recorder.main:115] - [23:49:45] Redndı: False
2025-06-20 23:49:46,557 - map_video - DEBUG - [mapping_recorder.main:115] - [23:49:46] Redndı: False
2025-06-20 23:49:47,558 - map_video - DEBUG - [mapping_recorder.main:115] - [23:49:47] Redndı: False
2025-06-20 23:49:48,560 - map_video - DEBUG - [mapping_recorder.main:115] - [23:49:48] Redndı: False
2025-06-20 23:49:49,561 - map_video - DEBUG - [mapping_recorder.main:115] - [23:49:49] Redndı: False
2025-06-20 23:49:50,563 - map_video - DEBUG - [mapping_recorder.main:115] - [23:49:50] Redndı: False
2025-06-20 23:49:51,565 - map_video - DEBUG - [mapping_recorder.main:115] - [23:49:51] Redndı: False
2025-06-20 23:49:52,567 - map_video - DEBUG - [mapping_recorder.main:115] - [23:49:52] Redndı: False
2025-06-20 23:49:53,569 - map_video - DEBUG - [mapping_recorder.main:115] - [23:49:53] Redndı: False
2025-06-20 23:49:54,570 - map_video - DEBUG - [mapping_recorder.main:115] - [23:49:54] Redndı: False
2025-06-20 23:49:55,572 - map_video - DEBUG - [mapping_recorder.main:115] - [23:49:55] Redndı: False
2025-06-20 23:49:56,574 - map_video - DEBUG - [mapping_recorder.main:115] - [23:49:56] Redndı: False
2025-06-20 23:49:57,576 - map_video - DEBUG - [mapping_recorder.main:115] - [23:49:57] Redndı: False
2025-06-20 23:49:58,578 - map_video - DEBUG - [mapping_recorder.main:115] - [23:49:58] Redndı: False
2025-06-20 23:49:59,579 - map_video - DEBUG - [mapping_recorder.main:115] - [23:49:59] Redndı: False
2025-06-20 23:50:00,581 - map_video - DEBUG - [mapping_recorder.main:115] - [23:50:00] Redndı: False
2025-06-20 23:50:01,583 - map_video - DEBUG - [mapping_recorder.main:115] - [23:50:01] Redndı: False
2025-06-20 23:50:02,585 - map_video - DEBUG - [mapping_recorder.main:115] - [23:50:02] Redndı: False
2025-06-20 23:50:03,587 - map_video - DEBUG - [mapping_recorder.main:115] - [23:50:03] Redndı: False
2025-06-20 23:50:04,588 - map_video - DEBUG - [mapping_recorder.main:115] - [23:50:04] Redndı: False
2025-06-20 23:50:05,589 - map_video - DEBUG - [mapping_recorder.main:115] - [23:50:05] Redndı: False
2025-06-20 23:50:06,591 - map_video - DEBUG - [mapping_recorder.main:115] - [23:50:06] Redndı: False
2025-06-20 23:50:07,593 - map_video - DEBUG - [mapping_recorder.main:115] - [23:50:07] Redndı: False
2025-06-20 23:50:08,595 - map_video - DEBUG - [mapping_recorder.main:115] - [23:50:08] Redndı: False
2025-06-20 23:50:09,597 - map_video - DEBUG - [mapping_recorder.main:115] - [23:50:09] Redndı: False
2025-06-20 23:50:10,598 - map_video - DEBUG - [mapping_recorder.main:115] - [23:50:10] Redndı: False
2025-06-20 23:50:11,600 - map_video - DEBUG - [mapping_recorder.main:115] - [23:50:11] Redndı: False
2025-06-20 23:50:12,601 - map_video - DEBUG - [mapping_recorder.main:115] - [23:50:12] Redndı: False
2025-06-20 23:50:13,603 - map_video - DEBUG - [mapping_recorder.main:115] - [23:50:13] Redndı: False
2025-06-20 23:50:14,605 - map_video - DEBUG - [mapping_recorder.main:115] - [23:50:14] Redndı: False
2025-06-20 23:50:15,607 - map_video - DEBUG - [mapping_recorder.main:115] - [23:50:15] Redndı: False
2025-06-20 23:50:16,609 - map_video - DEBUG - [mapping_recorder.main:115] - [23:50:16] Redndı: False
2025-06-20 23:50:17,610 - map_video - DEBUG - [mapping_recorder.main:115] - [23:50:17] Redndı: False
2025-06-20 23:50:18,612 - map_video - DEBUG - [mapping_recorder.main:115] - [23:50:18] Redndı: False
2025-06-20 23:50:19,614 - map_video - DEBUG - [mapping_recorder.main:115] - [23:50:19] Redndı: False
2025-06-20 23:50:20,616 - map_video - DEBUG - [mapping_recorder.main:115] - [23:50:20] Redndı: False
2025-06-20 23:50:21,617 - map_video - DEBUG - [mapping_recorder.main:115] - [23:50:21] Redndı: False
2025-06-20 23:50:22,619 - map_video - DEBUG - [mapping_recorder.main:115] - [23:50:22] Redndı: False
2025-06-20 23:50:23,621 - map_video - DEBUG - [mapping_recorder.main:115] - [23:50:23] Redndı: False
2025-06-20 23:50:24,623 - map_video - DEBUG - [mapping_recorder.main:115] - [23:50:24] Redndı: False
2025-06-20 23:50:25,625 - map_video - DEBUG - [mapping_recorder.main:115] - [23:50:25] Redndı: False
2025-06-20 23:50:26,626 - map_video - DEBUG - [mapping_recorder.main:115] - [23:50:26] Redndı: False
2025-06-20 23:50:27,628 - map_video - DEBUG - [mapping_recorder.main:115] - [23:50:27] Redndı: False
2025-06-20 23:50:28,629 - map_video - DEBUG - [mapping_recorder.main:115] - [23:50:28] Redndı: False
2025-06-20 23:50:29,631 - map_video - DEBUG - [mapping_recorder.main:115] - [23:50:29] Redndı: False
2025-06-20 23:50:30,633 - map_video - DEBUG - [mapping_recorder.main:115] - [23:50:30] Redndı: False
2025-06-20 23:50:31,635 - map_video - DEBUG - [mapping_recorder.main:115] - [23:50:31] Redndı: False
2025-06-20 23:50:32,637 - map_video - DEBUG - [mapping_recorder.main:115] - [23:50:32] Redndı: False
2025-06-20 23:50:33,637 - map_video - DEBUG - [mapping_recorder.main:115] - [23:50:33] Redndı: False
2025-06-20 23:50:34,639 - map_video - DEBUG - [mapping_recorder.main:115] - [23:50:34] Redndı: False
2025-06-20 23:50:35,641 - map_video - DEBUG - [mapping_recorder.main:115] - [23:50:35] Redndı: False
2025-06-20 23:50:36,643 - map_video - DEBUG - [mapping_recorder.main:115] - [23:50:36] Redndı: False
2025-06-20 23:50:37,645 - map_video - DEBUG - [mapping_recorder.main:115] - [23:50:37] Redndı: False
2025-06-20 23:50:38,647 - map_video - DEBUG - [mapping_recorder.main:115] - [23:50:38] Redndı: False
2025-06-20 23:50:39,649 - map_video - DEBUG - [mapping_recorder.main:115] - [23:50:39] Redndı: False
2025-06-20 23:50:40,650 - map_video - DEBUG - [mapping_recorder.main:115] - [23:50:40] Redndı: False
2025-06-20 23:50:41,652 - map_video - DEBUG - [mapping_recorder.main:115] - [23:50:41] Redndı: False
2025-06-20 23:50:42,654 - map_video - DEBUG - [mapping_recorder.main:115] - [23:50:42] Redndı: False
2025-06-20 23:50:43,656 - map_video - DEBUG - [mapping_recorder.main:115] - [23:50:43] Redndı: False
2025-06-20 23:50:44,657 - map_video - DEBUG - [mapping_recorder.main:115] - [23:50:44] Redndı: False
2025-06-20 23:50:45,659 - map_video - DEBUG - [mapping_recorder.main:115] - [23:50:45] Redndı: False
2025-06-20 23:50:46,661 - map_video - DEBUG - [mapping_recorder.main:115] - [23:50:46] Redndı: False
2025-06-20 23:50:47,663 - map_video - DEBUG - [mapping_recorder.main:115] - [23:50:47] Redndı: False
2025-06-20 23:50:48,665 - map_video - DEBUG - [mapping_recorder.main:115] - [23:50:48] Redndı: False
2025-06-20 23:50:49,667 - map_video - DEBUG - [mapping_recorder.main:115] - [23:50:49] Redndı: True
2025-06-20 23:50:50,668 - map_video - DEBUG - [mapping_recorder.main:126] - [23:50:50] Kayıt başlatılıyor.
2025-06-20 23:50:51,284 - map_video - DEBUG - [mapping_recorder.main:141] - [20250620_235051] Kayıt başladı → video_20250620_235051.mp4
2025-06-20 23:51:12,636 - map_video - DEBUG - [mapping_recorder.main:145] - [23:51:12] Kayıt durduruluyor ve çıkılıyor.
