2025-06-22 18:32:02,114 - Mapping - DEBUG - Waiting for 'start_mapping' signal...
2025-06-22 18:32:02,115 - Mapping - DEBUG - Monitoring directory: images19 for mapping images...
2025-06-22 19:23:53,579 - Mapping - DEBUG - Yeni mapping resmi bulundu: images19/image_1.jpg (1/3)
2025-06-22 19:24:08,104 - Mapping - DEBUG - Yeni mapping resmi bulundu: images19/image_2.jpg (2/3)
2025-06-22 19:24:23,130 - Mapping - DEBUG - Yeni mapping resmi bulundu: images19/image_3.jpg (3/3)
2025-06-22 19:24:23,631 - Mapping - DEBUG - Tüm mapping resimleri toplandı.
2025-06-22 19:24:23,632 - Mapping - DEBUG - Waiting for 'ip_done' signal...
2025-06-22 19:24:24,634 - Mapping - DEBUG - Waiting for 'ip_done' signal...
2025-06-22 19:24:25,635 - Mapping - DEBUG - Waiting for 'ip_done' signal...
2025-06-22 19:24:26,637 - Mapping - DEBUG - Waiting for 'ip_done' signal...
2025-06-22 19:24:27,639 - Mapping - DEBUG - Waiting for 'ip_done' signal...
2025-06-22 19:24:28,640 - Mapping - DEBUG - Waiting for 'ip_done' signal...
2025-06-22 19:24:29,642 - Mapping - DEBUG - Waiting for 'ip_done' signal...
2025-06-22 19:24:30,643 - Mapping - DEBUG - Waiting for 'ip_done' signal...
2025-06-22 19:24:31,645 - Mapping - DEBUG - Waiting for 'ip_done' signal...
2025-06-22 19:24:32,647 - Mapping - DEBUG - Waiting for 'ip_done' signal...
2025-06-22 19:24:33,648 - Mapping - DEBUG - Waiting for 'ip_done' signal...
2025-06-22 19:24:34,650 - Mapping - DEBUG - Waiting for 'ip_done' signal...
2025-06-22 19:24:35,651 - Mapping - DEBUG - Waiting for 'ip_done' signal...
2025-06-22 19:24:36,653 - Mapping - DEBUG - Waiting for 'ip_done' signal...
2025-06-22 19:24:37,655 - Mapping - DEBUG - Waiting for 'ip_done' signal...
2025-06-22 19:24:38,657 - Mapping - DEBUG - Waiting for 'ip_done' signal...
2025-06-22 19:24:39,658 - Mapping - DEBUG - Waiting for 'ip_done' signal...
2025-06-22 19:24:40,660 - Mapping - DEBUG - Waiting for 'ip_done' signal...
2025-06-22 19:24:41,662 - Mapping - DEBUG - Waiting for 'ip_done' signal...
2025-06-22 19:24:42,663 - Mapping - DEBUG - Waiting for 'ip_done' signal...
2025-06-22 19:24:43,665 - Mapping - DEBUG - Waiting for 'ip_done' signal...
2025-06-22 19:24:44,667 - Mapping - DEBUG - Waiting for 'ip_done' signal...
2025-06-22 19:24:45,668 - Mapping - DEBUG - Waiting for 'ip_done' signal...
2025-06-22 19:24:46,670 - Mapping - DEBUG - Waiting for 'ip_done' signal...
2025-06-22 19:24:47,672 - Mapping - DEBUG - Waiting for 'ip_done' signal...
2025-06-22 19:24:48,674 - Mapping - DEBUG - Waiting for 'ip_done' signal...
2025-06-22 19:24:49,675 - Mapping - DEBUG - Waiting for 'ip_done' signal...
2025-06-22 19:24:50,677 - Mapping - DEBUG - Waiting for 'ip_done' signal...
2025-06-22 19:24:51,679 - Mapping - DEBUG - Waiting for 'ip_done' signal...
2025-06-22 19:24:52,680 - Mapping - DEBUG - Waiting for 'ip_done' signal...
2025-06-22 19:24:53,682 - Mapping - DEBUG - Waiting for 'ip_done' signal...
2025-06-22 19:24:54,683 - Mapping - DEBUG - Waiting for 'ip_done' signal...
2025-06-22 19:24:55,685 - Mapping - DEBUG - Waiting for 'ip_done' signal...
2025-06-22 19:24:56,687 - Mapping - DEBUG - Waiting for 'ip_done' signal...
2025-06-22 19:24:57,688 - Mapping - DEBUG - Waiting for 'ip_done' signal...
2025-06-22 19:24:58,690 - Mapping - DEBUG - Waiting for 'ip_done' signal...
2025-06-22 19:24:59,692 - Mapping - DEBUG - Waiting for 'ip_done' signal...
2025-06-22 19:25:00,694 - Mapping - DEBUG - Waiting for 'ip_done' signal...
2025-06-22 19:25:01,695 - Mapping - DEBUG - Waiting for 'ip_done' signal...
