2025-06-22 01:04:16,332 - SUAS - DEBUG - [SUAS_main.__init__:204] - (38.8510106, -76.7002909, 0.654)
2025-06-22 01:04:16,332 - SUAS - DEBUG - [SUAS_main.__init__:210] - Opening camera with pipeline:
nvarguscamerasrc sensor-id=0 aelock=false awblock=True wbmode=6 exposurecompensation=-1.7 ! video/x-raw(memory:NVMM), width=(int)4032, height=(int)3040, framerate=(fraction)19/1 ! nvvidconv flip-method=0 ! video/x-raw, format=(string)BGRx ! videoconvert ! video/x-raw, format=(string)BGR ! appsink
2025-06-22 01:04:23,921 - SUAS - DEBUG - [SUAS_main.take_photo_opencv:468] - Saved photo to init_test_photo/image_1.jpg
2025-06-22 01:04:24,940 - SUAS - DEBUG - [SUAS_main.__init__:102] - Initial flight mode: ALT_HOLD
2025-06-22 01:04:25,941 - SUAS - DEBUG - [SUAS_main._rc_listener_thread:328] - RC message: None
NoneType: None
2025-06-22 01:04:25,941 - SUAS - DEBUG - [SUAS_main._rc_listener_thread:337] - RC message received without chan9_raw, skipping
2025-06-22 01:04:26,943 - SUAS - DEBUG - [SUAS_main._rc_listener_thread:328] - RC message: None
NoneType: None
2025-06-22 01:04:26,943 - SUAS - DEBUG - [SUAS_main._rc_listener_thread:337] - RC message received without chan9_raw, skipping
2025-06-22 01:04:27,944 - SUAS - DEBUG - [SUAS_main._rc_listener_thread:328] - RC message: None
NoneType: None
2025-06-22 01:04:27,945 - SUAS - DEBUG - [SUAS_main._rc_listener_thread:337] - RC message received without chan9_raw, skipping
2025-06-22 01:04:28,945 - SUAS - DEBUG - [SUAS_main._rc_listener_thread:328] - RC message: None
NoneType: None
2025-06-22 01:04:28,946 - SUAS - DEBUG - [SUAS_main._rc_listener_thread:337] - RC message received without chan9_raw, skipping
2025-06-22 01:04:29,142 - SUAS - DEBUG - [SUAS_main.main:732] - Download Waypoints - Completed
2025-06-22 01:04:29,144 - SUAS - DEBUG - [SUAS_main.main:735] - WP SET TO 2
2025-06-22 01:04:29,947 - SUAS - DEBUG - [SUAS_main._rc_listener_thread:328] - RC message: None
NoneType: None
2025-06-22 01:04:29,947 - SUAS - DEBUG - [SUAS_main._rc_listener_thread:337] - RC message received without chan9_raw, skipping
2025-06-22 01:04:30,145 - SUAS - DEBUG - [SUAS_main.main:747] - ------------------------------14---------------------------
2025-06-22 01:04:30,146 - SUAS - DEBUG - [SUAS_main.main:756] - ------------------------------------------------------------------------
2025-06-22 01:04:30,148 - SUAS - DEBUG - [SUAS_main.main:757] - No DOJUMP
2025-06-22 01:04:30,149 - SUAS - DEBUG - [SUAS_main.main:758] - ------------------------------------------------------------------------
2025-06-22 01:04:30,352 - SUAS - DEBUG - [SUAS_main.main:767] - Download Changed Waypoints - Completed
2025-06-22 01:04:30,353 - SUAS - DEBUG - [SUAS_main.main:774] - ------------------------------15 - updated---------------------------
2025-06-22 01:04:30,354 - SUAS - DEBUG - [SUAS_main.main:781] - Waiting for mode change to: AUTO
2025-06-22 01:04:30,856 - SUAS - DEBUG - [SUAS_main.main:781] - Waiting for mode change to: AUTO
2025-06-22 01:04:30,949 - SUAS - DEBUG - [SUAS_main._rc_listener_thread:328] - RC message: None
NoneType: None
2025-06-22 01:04:30,949 - SUAS - DEBUG - [SUAS_main._rc_listener_thread:337] - RC message received without chan9_raw, skipping
2025-06-22 01:04:31,357 - SUAS - DEBUG - [SUAS_main.main:781] - Waiting for mode change to: AUTO
2025-06-22 01:04:31,859 - SUAS - DEBUG - [SUAS_main.main:781] - Waiting for mode change to: AUTO
2025-06-22 01:04:31,950 - SUAS - DEBUG - [SUAS_main._rc_listener_thread:328] - RC message: None
NoneType: None
2025-06-22 01:04:31,951 - SUAS - DEBUG - [SUAS_main._rc_listener_thread:337] - RC message received without chan9_raw, skipping
2025-06-22 01:04:32,361 - SUAS - DEBUG - [SUAS_main.main:781] - Waiting for mode change to: AUTO
2025-06-22 01:04:32,862 - SUAS - DEBUG - [SUAS_main.main:781] - Waiting for mode change to: AUTO
2025-06-22 01:04:32,952 - SUAS - DEBUG - [SUAS_main._rc_listener_thread:328] - RC message: None
NoneType: None
2025-06-22 01:04:32,953 - SUAS - DEBUG - [SUAS_main._rc_listener_thread:337] - RC message received without chan9_raw, skipping
2025-06-22 01:04:33,364 - SUAS - DEBUG - [SUAS_main.main:781] - Waiting for mode change to: AUTO
2025-06-22 01:04:33,865 - SUAS - DEBUG - [SUAS_main.main:781] - Waiting for mode change to: AUTO
2025-06-22 01:04:33,954 - SUAS - DEBUG - [SUAS_main._rc_listener_thread:328] - RC message: None
NoneType: None
2025-06-22 01:04:33,955 - SUAS - DEBUG - [SUAS_main._rc_listener_thread:337] - RC message received without chan9_raw, skipping
2025-06-22 01:04:34,367 - SUAS - DEBUG - [SUAS_main.main:781] - Waiting for mode change to: AUTO
2025-06-22 01:04:34,868 - SUAS - DEBUG - [SUAS_main.main:781] - Waiting for mode change to: AUTO
2025-06-22 01:04:34,956 - SUAS - DEBUG - [SUAS_main._rc_listener_thread:328] - RC message: None
NoneType: None
2025-06-22 01:04:34,957 - SUAS - DEBUG - [SUAS_main._rc_listener_thread:337] - RC message received without chan9_raw, skipping
2025-06-22 01:04:35,370 - SUAS - DEBUG - [SUAS_main.main:781] - Waiting for mode change to: AUTO
2025-06-22 01:04:35,871 - SUAS - DEBUG - [SUAS_main.main:781] - Waiting for mode change to: AUTO
2025-06-22 01:04:35,972 - SUAS - DEBUG - [SUAS_main._rc_listener_thread:328] - RC message: None
NoneType: None
2025-06-22 01:04:35,973 - SUAS - DEBUG - [SUAS_main._rc_listener_thread:337] - RC message received without chan9_raw, skipping
2025-06-22 01:04:36,372 - SUAS - DEBUG - [SUAS_main.main:781] - Waiting for mode change to: AUTO
2025-06-22 01:04:36,874 - SUAS - DEBUG - [SUAS_main.main:781] - Waiting for mode change to: AUTO
2025-06-22 01:04:36,975 - SUAS - DEBUG - [SUAS_main._rc_listener_thread:328] - RC message: None
NoneType: None
2025-06-22 01:04:36,980 - SUAS - DEBUG - [SUAS_main._rc_listener_thread:337] - RC message received without chan9_raw, skipping
2025-06-22 01:04:37,375 - SUAS - DEBUG - [SUAS_main.main:781] - Waiting for mode change to: AUTO
2025-06-22 01:04:37,879 - SUAS - DEBUG - [SUAS_main.main:781] - Waiting for mode change to: AUTO
2025-06-22 01:04:37,981 - SUAS - DEBUG - [SUAS_main._rc_listener_thread:328] - RC message: None
NoneType: None
2025-06-22 01:04:37,982 - SUAS - DEBUG - [SUAS_main._rc_listener_thread:337] - RC message received without chan9_raw, skipping
2025-06-22 01:04:38,386 - SUAS - DEBUG - [SUAS_main.main:781] - Waiting for mode change to: AUTO
2025-06-22 01:04:38,888 - SUAS - DEBUG - [SUAS_main.main:781] - Waiting for mode change to: AUTO
2025-06-22 01:04:38,987 - SUAS - DEBUG - [SUAS_main._rc_listener_thread:328] - RC message: None
NoneType: None
2025-06-22 01:04:38,988 - SUAS - DEBUG - [SUAS_main._rc_listener_thread:337] - RC message received without chan9_raw, skipping
2025-06-22 01:04:39,393 - SUAS - DEBUG - [SUAS_main.main:781] - Waiting for mode change to: AUTO
2025-06-22 01:04:39,894 - SUAS - DEBUG - [SUAS_main.main:781] - Waiting for mode change to: AUTO
2025-06-22 01:04:39,993 - SUAS - DEBUG - [SUAS_main._rc_listener_thread:328] - RC message: None
NoneType: None
2025-06-22 01:04:39,993 - SUAS - DEBUG - [SUAS_main._rc_listener_thread:337] - RC message received without chan9_raw, skipping
2025-06-22 01:04:40,396 - SUAS - DEBUG - [SUAS_main.main:781] - Waiting for mode change to: AUTO
2025-06-22 01:04:40,998 - SUAS - DEBUG - [SUAS_main._rc_listener_thread:328] - RC message: None
NoneType: None
2025-06-22 01:04:41,008 - SUAS - DEBUG - [SUAS_main._rc_listener_thread:337] - RC message received without chan9_raw, skipping
