2025-06-22 01:06:53,218 - SUAS - DEBUG - [SUAS_main.__init__:204] - (38.8510186, -76.7003, 1.07)
2025-06-22 01:06:53,223 - SUAS - DEBUG - [SUAS_main.__init__:210] - Opening camera with pipeline:
nvarguscamerasrc sensor-id=0 aelock=false awblock=True wbmode=6 exposurecompensation=-1.7 ! video/x-raw(memory:NVMM), width=(int)4032, height=(int)3040, framerate=(fraction)19/1 ! nvvidconv flip-method=0 ! video/x-raw, format=(string)BGRx ! videoconvert ! video/x-raw, format=(string)BGR ! appsink
2025-06-22 01:06:56,620 - SUAS - DEBUG - [SUAS_main.take_photo_opencv:468] - Saved photo to init_test_photo/image_1.jpg
2025-06-22 01:06:57,622 - SUAS - DEBUG - [SUAS_main.__init__:102] - Initial flight mode: ALT_HOLD
2025-06-22 01:06:58,449 - SUAS - DEBUG - [SUAS_main.main:732] - Download Waypoints - Completed
2025-06-22 01:06:58,450 - SUAS - DEBUG - [SUAS_main.main:735] - WP SET TO 2
2025-06-22 01:06:58,631 - SUAS - DEBUG - [SUAS_main._rc_listener_thread:328] - RC message: None
NoneType: None
2025-06-22 01:06:58,631 - SUAS - DEBUG - [SUAS_main._rc_listener_thread:337] - RC message received without chan9_raw, skipping
2025-06-22 01:06:59,452 - SUAS - DEBUG - [SUAS_main.main:747] - ------------------------------15---------------------------
2025-06-22 01:06:59,453 - SUAS - DEBUG - [SUAS_main.main:756] - ------------------------------------------------------------------------
2025-06-22 01:06:59,454 - SUAS - DEBUG - [SUAS_main.main:757] - No DOJUMP
2025-06-22 01:06:59,455 - SUAS - DEBUG - [SUAS_main.main:758] - ------------------------------------------------------------------------
2025-06-22 01:06:59,634 - SUAS - DEBUG - [SUAS_main._rc_listener_thread:328] - RC message: None
NoneType: None
2025-06-22 01:06:59,634 - SUAS - DEBUG - [SUAS_main._rc_listener_thread:337] - RC message received without chan9_raw, skipping
2025-06-22 01:06:59,659 - SUAS - DEBUG - [SUAS_main.main:767] - Download Changed Waypoints - Completed
2025-06-22 01:06:59,660 - SUAS - DEBUG - [SUAS_main.main:774] - ------------------------------16 - updated---------------------------
2025-06-22 01:06:59,661 - SUAS - DEBUG - [SUAS_main.main:781] - Waiting for mode change to: AUTO
2025-06-22 01:07:00,163 - SUAS - DEBUG - [SUAS_main.main:781] - Waiting for mode change to: AUTO
2025-06-22 01:07:00,636 - SUAS - DEBUG - [SUAS_main._rc_listener_thread:328] - RC message: None
NoneType: None
2025-06-22 01:07:00,637 - SUAS - DEBUG - [SUAS_main._rc_listener_thread:337] - RC message received without chan9_raw, skipping
2025-06-22 01:07:00,664 - SUAS - DEBUG - [SUAS_main.main:781] - Waiting for mode change to: AUTO
2025-06-22 01:07:01,166 - SUAS - DEBUG - [SUAS_main.main:781] - Waiting for mode change to: AUTO
2025-06-22 01:07:01,638 - SUAS - DEBUG - [SUAS_main._rc_listener_thread:328] - RC message: None
NoneType: None
2025-06-22 01:07:01,638 - SUAS - DEBUG - [SUAS_main._rc_listener_thread:337] - RC message received without chan9_raw, skipping
2025-06-22 01:07:01,667 - SUAS - DEBUG - [SUAS_main.main:781] - Waiting for mode change to: AUTO
2025-06-22 01:07:02,169 - SUAS - DEBUG - [SUAS_main.main:781] - Waiting for mode change to: AUTO
2025-06-22 01:07:02,641 - SUAS - DEBUG - [SUAS_main._rc_listener_thread:328] - RC message: None
NoneType: None
2025-06-22 01:07:02,642 - SUAS - DEBUG - [SUAS_main._rc_listener_thread:337] - RC message received without chan9_raw, skipping
