2025-06-20 23:29:41,418 - SUAS - DEBUG - [SUAS_main.__init__:204] - (38.8510285, -76.7003264, 2.376)
2025-06-20 23:29:41,419 - SUAS - DEBUG - [SUAS_main.__init__:210] - Opening camera with pipeline:
nvarguscamerasrc sensor-id=0 aelock=false awblock=True wbmode=6 exposurecompensation=-1.5 ! video/x-raw(memory:NVMM), width=(int)4032, height=(int)3040, framerate=(fraction)19/1 ! nvvidconv flip-method=0 ! video/x-raw, format=(string)BGRx ! videoconvert ! video/x-raw, format=(string)BGR ! appsink
2025-06-20 23:29:46,208 - SUAS - DEBUG - [SUAS_main.take_photo_opencv:365] - Saved photo to init_test_photo/image_1.jpg
2025-06-20 23:29:47,211 - SUAS - DEBUG - [SUAS_main.__init__:102] - Initial flight mode: ALT_HOLD
2025-06-20 23:29:47,717 - SUAS - DEBUG - [SUAS_main.main:628] - Download Waypoints - Completed
2025-06-20 23:29:47,719 - SUAS - DEBUG - [SUAS_main.main:631] - WP SET TO 2
2025-06-20 23:29:48,724 - SUAS - DEBUG - [SUAS_main.main:643] - ------------------------------7---------------------------
2025-06-20 23:29:48,725 - SUAS - DEBUG - [SUAS_main.main:652] - ------------------------------------------------------------------------
2025-06-20 23:29:48,726 - SUAS - DEBUG - [SUAS_main.main:653] - No DOJUMP
2025-06-20 23:29:48,728 - SUAS - DEBUG - [SUAS_main.main:654] - ------------------------------------------------------------------------
2025-06-20 23:29:48,934 - SUAS - DEBUG - [SUAS_main.main:663] - Download Changed Waypoints - Completed
2025-06-20 23:29:48,936 - SUAS - DEBUG - [SUAS_main.main:670] - ------------------------------8 - updated---------------------------
2025-06-20 23:29:48,938 - SUAS - DEBUG - [SUAS_main.main:677] - Waiting for mode change to: AUTO
2025-06-20 23:29:49,440 - SUAS - DEBUG - [SUAS_main.main:677] - Waiting for mode change to: AUTO
2025-06-20 23:29:49,941 - SUAS - DEBUG - [SUAS_main.main:677] - Waiting for mode change to: AUTO
2025-06-20 23:29:50,443 - SUAS - DEBUG - [SUAS_main.main:677] - Waiting for mode change to: AUTO
2025-06-20 23:29:50,944 - SUAS - DEBUG - [SUAS_main.main:677] - Waiting for mode change to: AUTO
2025-06-20 23:29:51,445 - SUAS - DEBUG - [SUAS_main.main:677] - Waiting for mode change to: AUTO
2025-06-20 23:29:51,947 - SUAS - DEBUG - [SUAS_main.main:677] - Waiting for mode change to: AUTO
2025-06-20 23:29:52,449 - SUAS - DEBUG - [SUAS_main.main:677] - Waiting for mode change to: AUTO
2025-06-20 23:29:52,951 - SUAS - DEBUG - [SUAS_main.main:677] - Waiting for mode change to: AUTO
2025-06-20 23:29:53,453 - SUAS - DEBUG - [SUAS_main.main:677] - Waiting for mode change to: AUTO
2025-06-20 23:29:53,955 - SUAS - DEBUG - [SUAS_main.main:677] - Waiting for mode change to: AUTO
2025-06-20 23:29:54,456 - SUAS - DEBUG - [SUAS_main.main:677] - Waiting for mode change to: AUTO
2025-06-20 23:29:54,957 - SUAS - DEBUG - [SUAS_main.main:677] - Waiting for mode change to: AUTO
2025-06-20 23:29:55,458 - SUAS - DEBUG - [SUAS_main.main:677] - Waiting for mode change to: AUTO
2025-06-20 23:29:55,960 - SUAS - DEBUG - [SUAS_main.main:677] - Waiting for mode change to: AUTO
2025-06-20 23:29:56,461 - SUAS - DEBUG - [SUAS_main.main:677] - Waiting for mode change to: AUTO
2025-06-20 23:29:56,963 - SUAS - DEBUG - [SUAS_main.main:677] - Waiting for mode change to: AUTO
2025-06-20 23:29:57,464 - SUAS - DEBUG - [SUAS_main.main:677] - Waiting for mode change to: AUTO
2025-06-20 23:29:57,966 - SUAS - DEBUG - [SUAS_main.main:677] - Waiting for mode change to: AUTO
2025-06-20 23:29:58,467 - SUAS - DEBUG - [SUAS_main.main:677] - Waiting for mode change to: AUTO
2025-06-20 23:29:58,969 - SUAS - DEBUG - [SUAS_main.main:677] - Waiting for mode change to: AUTO
2025-06-20 23:29:59,471 - SUAS - DEBUG - [SUAS_main.main:677] - Waiting for mode change to: AUTO
2025-06-20 23:29:59,972 - SUAS - DEBUG - [SUAS_main.main:677] - Waiting for mode change to: AUTO
2025-06-20 23:30:00,474 - SUAS - DEBUG - [SUAS_main.main:677] - Waiting for mode change to: AUTO
2025-06-20 23:30:00,976 - SUAS - DEBUG - [SUAS_main.main:677] - Waiting for mode change to: AUTO
2025-06-20 23:30:01,477 - SUAS - DEBUG - [SUAS_main.main:677] - Waiting for mode change to: AUTO
2025-06-20 23:30:01,979 - SUAS - DEBUG - [SUAS_main.main:677] - Waiting for mode change to: AUTO
2025-06-20 23:30:02,480 - SUAS - DEBUG - [SUAS_main.main:677] - Waiting for mode change to: AUTO
2025-06-20 23:30:02,982 - SUAS - DEBUG - [SUAS_main.main:677] - Waiting for mode change to: AUTO
2025-06-20 23:30:03,483 - SUAS - DEBUG - [SUAS_main.main:677] - Waiting for mode change to: AUTO
2025-06-20 23:30:03,985 - SUAS - DEBUG - [SUAS_main.main:677] - Waiting for mode change to: AUTO
2025-06-20 23:30:04,486 - SUAS - DEBUG - [SUAS_main.main:677] - Waiting for mode change to: AUTO
2025-06-20 23:30:04,988 - SUAS - DEBUG - [SUAS_main.main:677] - Waiting for mode change to: AUTO
2025-06-20 23:30:05,489 - SUAS - DEBUG - [SUAS_main.main:677] - Waiting for mode change to: AUTO
2025-06-20 23:30:05,991 - SUAS - DEBUG - [SUAS_main.main:677] - Waiting for mode change to: AUTO
2025-06-20 23:30:06,492 - SUAS - DEBUG - [SUAS_main.main:677] - Waiting for mode change to: AUTO
2025-06-20 23:30:06,994 - SUAS - DEBUG - [SUAS_main.main:677] - Waiting for mode change to: AUTO
2025-06-20 23:30:07,495 - SUAS - DEBUG - [SUAS_main.main:677] - Waiting for mode change to: AUTO
2025-06-20 23:30:07,997 - SUAS - DEBUG - [SUAS_main.main:677] - Waiting for mode change to: AUTO
2025-06-20 23:30:08,498 - SUAS - DEBUG - [SUAS_main.main:677] - Waiting for mode change to: AUTO
2025-06-20 23:30:09,000 - SUAS - DEBUG - [SUAS_main.main:677] - Waiting for mode change to: AUTO
2025-06-20 23:30:09,501 - SUAS - DEBUG - [SUAS_main.main:677] - Waiting for mode change to: AUTO
2025-06-20 23:30:10,003 - SUAS - DEBUG - [SUAS_main.main:677] - Waiting for mode change to: AUTO
2025-06-20 23:30:10,504 - SUAS - DEBUG - [SUAS_main.main:677] - Waiting for mode change to: AUTO
2025-06-20 23:30:11,006 - SUAS - DEBUG - [SUAS_main.main:677] - Waiting for mode change to: AUTO
2025-06-20 23:30:11,507 - SUAS - DEBUG - [SUAS_main.main:677] - Waiting for mode change to: AUTO
2025-06-20 23:30:12,009 - SUAS - DEBUG - [SUAS_main.main:677] - Waiting for mode change to: AUTO
2025-06-20 23:30:12,510 - SUAS - DEBUG - [SUAS_main.main:677] - Waiting for mode change to: AUTO
2025-06-20 23:30:13,012 - SUAS - DEBUG - [SUAS_main.main:677] - Waiting for mode change to: AUTO
2025-06-20 23:30:13,514 - SUAS - DEBUG - [SUAS_main.main:677] - Waiting for mode change to: AUTO
2025-06-20 23:30:14,016 - SUAS - DEBUG - [SUAS_main.main:677] - Waiting for mode change to: AUTO
2025-06-20 23:30:14,517 - SUAS - DEBUG - [SUAS_main.main:677] - Waiting for mode change to: AUTO
2025-06-20 23:30:15,019 - SUAS - DEBUG - [SUAS_main.main:677] - Waiting for mode change to: AUTO
2025-06-20 23:30:15,520 - SUAS - DEBUG - [SUAS_main.main:677] - Waiting for mode change to: AUTO
2025-06-20 23:30:16,022 - SUAS - DEBUG - [SUAS_main.main:677] - Waiting for mode change to: AUTO
2025-06-20 23:30:16,523 - SUAS - DEBUG - [SUAS_main.main:677] - Waiting for mode change to: AUTO
2025-06-20 23:30:17,025 - SUAS - DEBUG - [SUAS_main.main:677] - Waiting for mode change to: AUTO
2025-06-20 23:30:17,526 - SUAS - DEBUG - [SUAS_main.main:677] - Waiting for mode change to: AUTO
2025-06-20 23:30:18,028 - SUAS - DEBUG - [SUAS_main.main:677] - Waiting for mode change to: AUTO
2025-06-20 23:30:18,529 - SUAS - DEBUG - [SUAS_main.main:677] - Waiting for mode change to: AUTO
2025-06-20 23:30:19,031 - SUAS - DEBUG - [SUAS_main.main:677] - Waiting for mode change to: AUTO
2025-06-20 23:30:19,533 - SUAS - DEBUG - [SUAS_main.main:677] - Waiting for mode change to: AUTO
2025-06-20 23:30:20,035 - SUAS - DEBUG - [SUAS_main.main:677] - Waiting for mode change to: AUTO
2025-06-20 23:30:20,536 - SUAS - DEBUG - [SUAS_main.main:677] - Waiting for mode change to: AUTO
2025-06-20 23:30:21,038 - SUAS - DEBUG - [SUAS_main.main:677] - Waiting for mode change to: AUTO
2025-06-20 23:30:21,539 - SUAS - DEBUG - [SUAS_main.main:677] - Waiting for mode change to: AUTO
2025-06-20 23:30:22,041 - SUAS - DEBUG - [SUAS_main.main:677] - Waiting for mode change to: AUTO
2025-06-20 23:30:22,542 - SUAS - DEBUG - [SUAS_main.main:677] - Waiting for mode change to: AUTO
2025-06-20 23:30:23,044 - SUAS - DEBUG - [SUAS_main.main:677] - Waiting for mode change to: AUTO
2025-06-20 23:30:23,545 - SUAS - DEBUG - [SUAS_main.main:677] - Waiting for mode change to: AUTO
2025-06-20 23:30:24,047 - SUAS - DEBUG - [SUAS_main.main:677] - Waiting for mode change to: AUTO
2025-06-20 23:30:24,548 - SUAS - DEBUG - [SUAS_main.main:677] - Waiting for mode change to: AUTO
2025-06-20 23:30:25,050 - SUAS - DEBUG - [SUAS_main.main:677] - Waiting for mode change to: AUTO
2025-06-20 23:30:25,552 - SUAS - DEBUG - [SUAS_main.main:677] - Waiting for mode change to: AUTO
2025-06-20 23:30:26,054 - SUAS - DEBUG - [SUAS_main.main:677] - Waiting for mode change to: AUTO
2025-06-20 23:30:26,557 - SUAS - DEBUG - [SUAS_main.main:677] - Waiting for mode change to: AUTO
2025-06-20 23:30:27,058 - SUAS - DEBUG - [SUAS_main.main:677] - Waiting for mode change to: AUTO
2025-06-20 23:30:27,560 - SUAS - DEBUG - [SUAS_main.main:677] - Waiting for mode change to: AUTO
2025-06-20 23:30:28,061 - SUAS - DEBUG - [SUAS_main.main:677] - Waiting for mode change to: AUTO
2025-06-20 23:30:28,563 - SUAS - DEBUG - [SUAS_main.main:677] - Waiting for mode change to: AUTO
2025-06-20 23:30:29,064 - SUAS - DEBUG - [SUAS_main.main:677] - Waiting for mode change to: AUTO
2025-06-20 23:30:29,565 - SUAS - DEBUG - [SUAS_main.main:677] - Waiting for mode change to: AUTO
2025-06-20 23:30:30,066 - SUAS - DEBUG - [SUAS_main.main:677] - Waiting for mode change to: AUTO
2025-06-20 23:30:30,568 - SUAS - DEBUG - [SUAS_main.main:677] - Waiting for mode change to: AUTO
2025-06-20 23:30:31,069 - SUAS - DEBUG - [SUAS_main.main:677] - Waiting for mode change to: AUTO
2025-06-20 23:30:31,571 - SUAS - DEBUG - [SUAS_main.main:677] - Waiting for mode change to: AUTO
2025-06-20 23:30:32,072 - SUAS - DEBUG - [SUAS_main.main:677] - Waiting for mode change to: AUTO
2025-06-20 23:30:32,574 - SUAS - DEBUG - [SUAS_main.main:677] - Waiting for mode change to: AUTO
2025-06-20 23:30:33,076 - SUAS - DEBUG - [SUAS_main.main:677] - Waiting for mode change to: AUTO
2025-06-20 23:30:33,577 - SUAS - DEBUG - [SUAS_main.main:677] - Waiting for mode change to: AUTO
2025-06-20 23:30:34,078 - SUAS - DEBUG - [SUAS_main.main:677] - Waiting for mode change to: AUTO
2025-06-20 23:30:34,580 - SUAS - DEBUG - [SUAS_main.main:677] - Waiting for mode change to: AUTO
2025-06-20 23:30:35,082 - SUAS - DEBUG - [SUAS_main.main:677] - Waiting for mode change to: AUTO
2025-06-20 23:30:35,583 - SUAS - DEBUG - [SUAS_main.main:677] - Waiting for mode change to: AUTO
2025-06-20 23:30:36,085 - SUAS - DEBUG - [SUAS_main.main:677] - Waiting for mode change to: AUTO
2025-06-20 23:30:36,586 - SUAS - DEBUG - [SUAS_main.main:677] - Waiting for mode change to: AUTO
2025-06-20 23:30:37,088 - SUAS - DEBUG - [SUAS_main.main:677] - Waiting for mode change to: AUTO
2025-06-20 23:30:37,589 - SUAS - DEBUG - [SUAS_main.main:677] - Waiting for mode change to: AUTO
2025-06-20 23:30:38,091 - SUAS - DEBUG - [SUAS_main.main:677] - Waiting for mode change to: AUTO
2025-06-20 23:30:38,593 - SUAS - DEBUG - [SUAS_main.main:677] - Waiting for mode change to: AUTO
2025-06-20 23:30:39,095 - SUAS - DEBUG - [SUAS_main.main:677] - Waiting for mode change to: AUTO
2025-06-20 23:30:39,596 - SUAS - DEBUG - [SUAS_main.main:677] - Waiting for mode change to: AUTO
2025-06-20 23:30:40,098 - SUAS - DEBUG - [SUAS_main.main:677] - Waiting for mode change to: AUTO
2025-06-20 23:30:40,599 - SUAS - DEBUG - [SUAS_main.main:677] - Waiting for mode change to: AUTO
2025-06-20 23:30:41,101 - SUAS - DEBUG - [SUAS_main.main:677] - Waiting for mode change to: AUTO
2025-06-20 23:30:41,602 - SUAS - DEBUG - [SUAS_main.main:677] - Waiting for mode change to: AUTO
2025-06-20 23:30:42,104 - SUAS - DEBUG - [SUAS_main.main:677] - Waiting for mode change to: AUTO
2025-06-20 23:30:42,605 - SUAS - DEBUG - [SUAS_main.main:677] - Waiting for mode change to: AUTO
2025-06-20 23:30:43,106 - SUAS - DEBUG - [SUAS_main.main:677] - Waiting for mode change to: AUTO
2025-06-20 23:30:43,608 - SUAS - DEBUG - [SUAS_main.main:677] - Waiting for mode change to: AUTO
2025-06-20 23:30:44,109 - SUAS - DEBUG - [SUAS_main.main:677] - Waiting for mode change to: AUTO
2025-06-20 23:30:44,611 - SUAS - DEBUG - [SUAS_main.main:677] - Waiting for mode change to: AUTO
2025-06-20 23:30:45,112 - SUAS - DEBUG - [SUAS_main.main:677] - Waiting for mode change to: AUTO
2025-06-20 23:30:45,614 - SUAS - DEBUG - [SUAS_main.main:677] - Waiting for mode change to: AUTO
2025-06-20 23:30:46,116 - SUAS - DEBUG - [SUAS_main.main:677] - Waiting for mode change to: AUTO
2025-06-20 23:30:46,617 - SUAS - DEBUG - [SUAS_main.main:677] - Waiting for mode change to: AUTO
2025-06-20 23:30:47,118 - SUAS - DEBUG - [SUAS_main.main:677] - Waiting for mode change to: AUTO
2025-06-20 23:30:47,620 - SUAS - DEBUG - [SUAS_main.main:677] - Waiting for mode change to: AUTO
2025-06-20 23:30:48,121 - SUAS - DEBUG - [SUAS_main.main:677] - Waiting for mode change to: AUTO
2025-06-20 23:30:48,623 - SUAS - DEBUG - [SUAS_main.main:677] - Waiting for mode change to: AUTO
2025-06-20 23:30:49,125 - SUAS - DEBUG - [SUAS_main.main:677] - Waiting for mode change to: AUTO
2025-06-20 23:30:49,627 - SUAS - DEBUG - [SUAS_main.main:677] - Waiting for mode change to: AUTO
2025-06-20 23:30:50,128 - SUAS - DEBUG - [SUAS_main.main:677] - Waiting for mode change to: AUTO
2025-06-20 23:30:50,630 - SUAS - DEBUG - [SUAS_main.main:677] - Waiting for mode change to: AUTO
2025-06-20 23:30:51,133 - SUAS - DEBUG - [SUAS_main.main:677] - Waiting for mode change to: AUTO
2025-06-20 23:30:51,635 - SUAS - DEBUG - [SUAS_main.main:677] - Waiting for mode change to: AUTO
2025-06-20 23:30:52,137 - SUAS - DEBUG - [SUAS_main.main:677] - Waiting for mode change to: AUTO
2025-06-20 23:30:52,638 - SUAS - DEBUG - [SUAS_main.main:677] - Waiting for mode change to: AUTO
2025-06-20 23:30:53,140 - SUAS - DEBUG - [SUAS_main.main:677] - Waiting for mode change to: AUTO
2025-06-20 23:30:53,641 - SUAS - DEBUG - [SUAS_main.main:677] - Waiting for mode change to: AUTO
2025-06-20 23:30:54,143 - SUAS - DEBUG - [SUAS_main.main:677] - Waiting for mode change to: AUTO
2025-06-20 23:30:54,644 - SUAS - DEBUG - [SUAS_main.main:677] - Waiting for mode change to: AUTO
2025-06-20 23:30:55,146 - SUAS - DEBUG - [SUAS_main.main:677] - Waiting for mode change to: AUTO
2025-06-20 23:30:55,647 - SUAS - DEBUG - [SUAS_main.main:677] - Waiting for mode change to: AUTO
2025-06-20 23:30:56,149 - SUAS - DEBUG - [SUAS_main.main:677] - Waiting for mode change to: AUTO
2025-06-20 23:30:56,651 - SUAS - DEBUG - [SUAS_main.main:677] - Waiting for mode change to: AUTO
2025-06-20 23:30:57,153 - SUAS - DEBUG - [SUAS_main.main:677] - Waiting for mode change to: AUTO
2025-06-20 23:30:57,654 - SUAS - DEBUG - [SUAS_main.main:677] - Waiting for mode change to: AUTO
2025-06-20 23:30:58,156 - SUAS - DEBUG - [SUAS_main.main:677] - Waiting for mode change to: AUTO
2025-06-20 23:30:58,657 - SUAS - DEBUG - [SUAS_main.main:677] - Waiting for mode change to: AUTO
2025-06-20 23:30:59,159 - SUAS - DEBUG - [SUAS_main.main:677] - Waiting for mode change to: AUTO
