2025-06-22 00:35:26,213 - SUAS - DEBUG - [SUAS_main.__init__:204] - (None, None, None)
2025-06-22 00:35:26,214 - SUAS - DEBUG - [SUAS_main.__init__:210] - Opening camera with pipeline:
nvarguscamerasrc sensor-id=0 aelock=false awblock=True wbmode=6 exposurecompensation=-1.7 ! video/x-raw(memory:NVMM), width=(int)4032, height=(int)3040, framerate=(fraction)19/1 ! nvvidconv flip-method=0 ! video/x-raw, format=(string)BGRx ! videoconvert ! video/x-raw, format=(string)BGR ! appsink
2025-06-22 00:35:29,822 - SUAS - DEBUG - [SUAS_main.take_photo_opencv:431] - Saved photo to init_test_photo/image_1.jpg
2025-06-22 00:35:30,824 - SUAS - DEBUG - [SUAS_main.__init__:102] - Initial flight mode: ALT_HOLD
2025-06-22 00:35:31,571 - SUAS - DEBUG - [SUAS_main.main:695] - Download Waypoints - Completed
2025-06-22 00:35:31,576 - SUAS - DEBUG - [SUAS_main.main:698] - WP SET TO 2
2025-06-22 00:35:31,825 - SUAS - DEBUG - [SUAS_main._rc_listener_thread:291] - Failed to receive RC message: 'Vehicle' object has no attribute 'recv_match'
Traceback (most recent call last):
  File "/home/itunom/System/SUAS_main.py", line 285, in _rc_listener_thread
    msg = self.mavlink_handler.master.recv_match(
AttributeError: 'Vehicle' object has no attribute 'recv_match'
2025-06-22 00:35:32,579 - SUAS - DEBUG - [SUAS_main.main:710] - ------------------------------6---------------------------
2025-06-22 00:35:32,579 - SUAS - DEBUG - [SUAS_main.main:719] - ------------------------------------------------------------------------
2025-06-22 00:35:32,580 - SUAS - DEBUG - [SUAS_main.main:720] - No DOJUMP
2025-06-22 00:35:32,581 - SUAS - DEBUG - [SUAS_main.main:721] - ------------------------------------------------------------------------
2025-06-22 00:35:32,784 - SUAS - DEBUG - [SUAS_main.main:730] - Download Changed Waypoints - Completed
2025-06-22 00:35:32,785 - SUAS - DEBUG - [SUAS_main.main:737] - ------------------------------7 - updated---------------------------
2025-06-22 00:35:32,786 - SUAS - DEBUG - [SUAS_main.main:744] - Waiting for mode change to: AUTO
2025-06-22 00:35:32,827 - SUAS - DEBUG - [SUAS_main._rc_listener_thread:291] - Failed to receive RC message: 'Vehicle' object has no attribute 'recv_match'
Traceback (most recent call last):
  File "/home/itunom/System/SUAS_main.py", line 285, in _rc_listener_thread
    msg = self.mavlink_handler.master.recv_match(
AttributeError: 'Vehicle' object has no attribute 'recv_match'
2025-06-22 00:35:33,288 - SUAS - DEBUG - [SUAS_main.main:744] - Waiting for mode change to: AUTO
2025-06-22 00:35:33,789 - SUAS - DEBUG - [SUAS_main.main:744] - Waiting for mode change to: AUTO
2025-06-22 00:35:33,828 - SUAS - DEBUG - [SUAS_main._rc_listener_thread:291] - Failed to receive RC message: 'Vehicle' object has no attribute 'recv_match'
Traceback (most recent call last):
  File "/home/itunom/System/SUAS_main.py", line 285, in _rc_listener_thread
    msg = self.mavlink_handler.master.recv_match(
AttributeError: 'Vehicle' object has no attribute 'recv_match'
2025-06-22 00:35:34,291 - SUAS - DEBUG - [SUAS_main.main:744] - Waiting for mode change to: AUTO
2025-06-22 00:35:34,792 - SUAS - DEBUG - [SUAS_main.main:744] - Waiting for mode change to: AUTO
2025-06-22 00:35:34,829 - SUAS - DEBUG - [SUAS_main._rc_listener_thread:291] - Failed to receive RC message: 'Vehicle' object has no attribute 'recv_match'
Traceback (most recent call last):
  File "/home/itunom/System/SUAS_main.py", line 285, in _rc_listener_thread
    msg = self.mavlink_handler.master.recv_match(
AttributeError: 'Vehicle' object has no attribute 'recv_match'
2025-06-22 00:35:35,293 - SUAS - DEBUG - [SUAS_main.main:744] - Waiting for mode change to: AUTO
2025-06-22 00:35:35,795 - SUAS - DEBUG - [SUAS_main.main:744] - Waiting for mode change to: AUTO
2025-06-22 00:35:35,831 - SUAS - DEBUG - [SUAS_main._rc_listener_thread:291] - Failed to receive RC message: 'Vehicle' object has no attribute 'recv_match'
Traceback (most recent call last):
  File "/home/itunom/System/SUAS_main.py", line 285, in _rc_listener_thread
    msg = self.mavlink_handler.master.recv_match(
AttributeError: 'Vehicle' object has no attribute 'recv_match'
2025-06-22 00:35:36,296 - SUAS - DEBUG - [SUAS_main.main:744] - Waiting for mode change to: AUTO
2025-06-22 00:35:36,798 - SUAS - DEBUG - [SUAS_main.main:744] - Waiting for mode change to: AUTO
2025-06-22 00:35:36,832 - SUAS - DEBUG - [SUAS_main._rc_listener_thread:291] - Failed to receive RC message: 'Vehicle' object has no attribute 'recv_match'
Traceback (most recent call last):
  File "/home/itunom/System/SUAS_main.py", line 285, in _rc_listener_thread
    msg = self.mavlink_handler.master.recv_match(
AttributeError: 'Vehicle' object has no attribute 'recv_match'
2025-06-22 00:35:37,301 - SUAS - DEBUG - [SUAS_main.main:744] - Waiting for mode change to: AUTO
2025-06-22 00:35:37,803 - SUAS - DEBUG - [SUAS_main.main:744] - Waiting for mode change to: AUTO
2025-06-22 00:35:37,833 - SUAS - DEBUG - [SUAS_main._rc_listener_thread:291] - Failed to receive RC message: 'Vehicle' object has no attribute 'recv_match'
Traceback (most recent call last):
  File "/home/itunom/System/SUAS_main.py", line 285, in _rc_listener_thread
    msg = self.mavlink_handler.master.recv_match(
AttributeError: 'Vehicle' object has no attribute 'recv_match'
2025-06-22 00:35:38,304 - SUAS - DEBUG - [SUAS_main.main:744] - Waiting for mode change to: AUTO
2025-06-22 00:35:38,806 - SUAS - DEBUG - [SUAS_main.main:744] - Waiting for mode change to: AUTO
2025-06-22 00:35:38,835 - SUAS - DEBUG - [SUAS_main._rc_listener_thread:291] - Failed to receive RC message: 'Vehicle' object has no attribute 'recv_match'
Traceback (most recent call last):
  File "/home/itunom/System/SUAS_main.py", line 285, in _rc_listener_thread
    msg = self.mavlink_handler.master.recv_match(
AttributeError: 'Vehicle' object has no attribute 'recv_match'
2025-06-22 00:35:39,307 - SUAS - DEBUG - [SUAS_main.main:744] - Waiting for mode change to: AUTO
2025-06-22 00:35:39,809 - SUAS - DEBUG - [SUAS_main.main:744] - Waiting for mode change to: AUTO
2025-06-22 00:35:39,837 - SUAS - DEBUG - [SUAS_main._rc_listener_thread:291] - Failed to receive RC message: 'Vehicle' object has no attribute 'recv_match'
Traceback (most recent call last):
  File "/home/itunom/System/SUAS_main.py", line 285, in _rc_listener_thread
    msg = self.mavlink_handler.master.recv_match(
AttributeError: 'Vehicle' object has no attribute 'recv_match'
2025-06-22 00:35:40,310 - SUAS - DEBUG - [SUAS_main.main:744] - Waiting for mode change to: AUTO
2025-06-22 00:35:40,812 - SUAS - DEBUG - [SUAS_main.main:744] - Waiting for mode change to: AUTO
2025-06-22 00:35:40,838 - SUAS - DEBUG - [SUAS_main._rc_listener_thread:291] - Failed to receive RC message: 'Vehicle' object has no attribute 'recv_match'
Traceback (most recent call last):
  File "/home/itunom/System/SUAS_main.py", line 285, in _rc_listener_thread
    msg = self.mavlink_handler.master.recv_match(
AttributeError: 'Vehicle' object has no attribute 'recv_match'
2025-06-22 00:35:41,313 - SUAS - DEBUG - [SUAS_main.main:744] - Waiting for mode change to: AUTO
2025-06-22 00:35:41,815 - SUAS - DEBUG - [SUAS_main.main:744] - Waiting for mode change to: AUTO
2025-06-22 00:35:41,840 - SUAS - DEBUG - [SUAS_main._rc_listener_thread:291] - Failed to receive RC message: 'Vehicle' object has no attribute 'recv_match'
Traceback (most recent call last):
  File "/home/itunom/System/SUAS_main.py", line 285, in _rc_listener_thread
    msg = self.mavlink_handler.master.recv_match(
AttributeError: 'Vehicle' object has no attribute 'recv_match'
2025-06-22 00:35:42,316 - SUAS - DEBUG - [SUAS_main.main:744] - Waiting for mode change to: AUTO
2025-06-22 00:35:42,817 - SUAS - DEBUG - [SUAS_main.main:744] - Waiting for mode change to: AUTO
2025-06-22 00:35:42,841 - SUAS - DEBUG - [SUAS_main._rc_listener_thread:291] - Failed to receive RC message: 'Vehicle' object has no attribute 'recv_match'
Traceback (most recent call last):
  File "/home/itunom/System/SUAS_main.py", line 285, in _rc_listener_thread
    msg = self.mavlink_handler.master.recv_match(
AttributeError: 'Vehicle' object has no attribute 'recv_match'
2025-06-22 00:35:43,319 - SUAS - DEBUG - [SUAS_main.main:744] - Waiting for mode change to: AUTO
2025-06-22 00:35:43,821 - SUAS - DEBUG - [SUAS_main.main:744] - Waiting for mode change to: AUTO
2025-06-22 00:35:43,844 - SUAS - DEBUG - [SUAS_main._rc_listener_thread:291] - Failed to receive RC message: 'Vehicle' object has no attribute 'recv_match'
Traceback (most recent call last):
  File "/home/itunom/System/SUAS_main.py", line 285, in _rc_listener_thread
    msg = self.mavlink_handler.master.recv_match(
AttributeError: 'Vehicle' object has no attribute 'recv_match'
2025-06-22 00:35:44,323 - SUAS - DEBUG - [SUAS_main.main:744] - Waiting for mode change to: AUTO
2025-06-22 00:35:44,825 - SUAS - DEBUG - [SUAS_main.main:744] - Waiting for mode change to: AUTO
2025-06-22 00:35:44,845 - SUAS - DEBUG - [SUAS_main._rc_listener_thread:291] - Failed to receive RC message: 'Vehicle' object has no attribute 'recv_match'
Traceback (most recent call last):
  File "/home/itunom/System/SUAS_main.py", line 285, in _rc_listener_thread
    msg = self.mavlink_handler.master.recv_match(
AttributeError: 'Vehicle' object has no attribute 'recv_match'
2025-06-22 00:35:45,326 - SUAS - DEBUG - [SUAS_main.main:744] - Waiting for mode change to: AUTO
2025-06-22 00:35:45,828 - SUAS - DEBUG - [SUAS_main.main:744] - Waiting for mode change to: AUTO
2025-06-22 00:35:45,847 - SUAS - DEBUG - [SUAS_main._rc_listener_thread:291] - Failed to receive RC message: 'Vehicle' object has no attribute 'recv_match'
Traceback (most recent call last):
  File "/home/itunom/System/SUAS_main.py", line 285, in _rc_listener_thread
    msg = self.mavlink_handler.master.recv_match(
AttributeError: 'Vehicle' object has no attribute 'recv_match'
2025-06-22 00:35:46,329 - SUAS - DEBUG - [SUAS_main.main:744] - Waiting for mode change to: AUTO
2025-06-22 00:35:46,831 - SUAS - DEBUG - [SUAS_main.main:744] - Waiting for mode change to: AUTO
2025-06-22 00:35:46,848 - SUAS - DEBUG - [SUAS_main._rc_listener_thread:291] - Failed to receive RC message: 'Vehicle' object has no attribute 'recv_match'
Traceback (most recent call last):
  File "/home/itunom/System/SUAS_main.py", line 285, in _rc_listener_thread
    msg = self.mavlink_handler.master.recv_match(
AttributeError: 'Vehicle' object has no attribute 'recv_match'
2025-06-22 00:35:47,332 - SUAS - DEBUG - [SUAS_main.main:744] - Waiting for mode change to: AUTO
2025-06-22 00:35:47,834 - SUAS - DEBUG - [SUAS_main.main:744] - Waiting for mode change to: AUTO
2025-06-22 00:35:47,850 - SUAS - DEBUG - [SUAS_main._rc_listener_thread:291] - Failed to receive RC message: 'Vehicle' object has no attribute 'recv_match'
Traceback (most recent call last):
  File "/home/itunom/System/SUAS_main.py", line 285, in _rc_listener_thread
    msg = self.mavlink_handler.master.recv_match(
AttributeError: 'Vehicle' object has no attribute 'recv_match'
2025-06-22 00:35:48,335 - SUAS - DEBUG - [SUAS_main.main:744] - Waiting for mode change to: AUTO
2025-06-22 00:35:48,837 - SUAS - DEBUG - [SUAS_main.main:744] - Waiting for mode change to: AUTO
2025-06-22 00:35:48,852 - SUAS - DEBUG - [SUAS_main._rc_listener_thread:291] - Failed to receive RC message: 'Vehicle' object has no attribute 'recv_match'
Traceback (most recent call last):
  File "/home/itunom/System/SUAS_main.py", line 285, in _rc_listener_thread
    msg = self.mavlink_handler.master.recv_match(
AttributeError: 'Vehicle' object has no attribute 'recv_match'
2025-06-22 00:35:49,338 - SUAS - DEBUG - [SUAS_main.main:744] - Waiting for mode change to: AUTO
2025-06-22 00:35:49,840 - SUAS - DEBUG - [SUAS_main.main:744] - Waiting for mode change to: AUTO
2025-06-22 00:35:49,853 - SUAS - DEBUG - [SUAS_main._rc_listener_thread:291] - Failed to receive RC message: 'Vehicle' object has no attribute 'recv_match'
Traceback (most recent call last):
  File "/home/itunom/System/SUAS_main.py", line 285, in _rc_listener_thread
    msg = self.mavlink_handler.master.recv_match(
AttributeError: 'Vehicle' object has no attribute 'recv_match'
2025-06-22 00:35:50,341 - SUAS - DEBUG - [SUAS_main.main:744] - Waiting for mode change to: AUTO
2025-06-22 00:35:50,843 - SUAS - DEBUG - [SUAS_main.main:744] - Waiting for mode change to: AUTO
2025-06-22 00:35:50,855 - SUAS - DEBUG - [SUAS_main._rc_listener_thread:291] - Failed to receive RC message: 'Vehicle' object has no attribute 'recv_match'
Traceback (most recent call last):
  File "/home/itunom/System/SUAS_main.py", line 285, in _rc_listener_thread
    msg = self.mavlink_handler.master.recv_match(
AttributeError: 'Vehicle' object has no attribute 'recv_match'
2025-06-22 00:35:51,345 - SUAS - DEBUG - [SUAS_main.main:744] - Waiting for mode change to: AUTO
2025-06-22 00:35:51,846 - SUAS - DEBUG - [SUAS_main.main:744] - Waiting for mode change to: AUTO
2025-06-22 00:35:51,856 - SUAS - DEBUG - [SUAS_main._rc_listener_thread:291] - Failed to receive RC message: 'Vehicle' object has no attribute 'recv_match'
Traceback (most recent call last):
  File "/home/itunom/System/SUAS_main.py", line 285, in _rc_listener_thread
    msg = self.mavlink_handler.master.recv_match(
AttributeError: 'Vehicle' object has no attribute 'recv_match'
2025-06-22 00:35:52,347 - SUAS - DEBUG - [SUAS_main.main:744] - Waiting for mode change to: AUTO
2025-06-22 00:35:52,849 - SUAS - DEBUG - [SUAS_main.main:744] - Waiting for mode change to: AUTO
2025-06-22 00:35:52,858 - SUAS - DEBUG - [SUAS_main._rc_listener_thread:291] - Failed to receive RC message: 'Vehicle' object has no attribute 'recv_match'
Traceback (most recent call last):
  File "/home/itunom/System/SUAS_main.py", line 285, in _rc_listener_thread
    msg = self.mavlink_handler.master.recv_match(
AttributeError: 'Vehicle' object has no attribute 'recv_match'
2025-06-22 00:35:53,350 - SUAS - DEBUG - [SUAS_main.main:744] - Waiting for mode change to: AUTO
2025-06-22 00:35:53,852 - SUAS - DEBUG - [SUAS_main.main:744] - Waiting for mode change to: AUTO
2025-06-22 00:35:53,860 - SUAS - DEBUG - [SUAS_main._rc_listener_thread:291] - Failed to receive RC message: 'Vehicle' object has no attribute 'recv_match'
Traceback (most recent call last):
  File "/home/itunom/System/SUAS_main.py", line 285, in _rc_listener_thread
    msg = self.mavlink_handler.master.recv_match(
AttributeError: 'Vehicle' object has no attribute 'recv_match'
2025-06-22 00:35:54,353 - SUAS - DEBUG - [SUAS_main.main:744] - Waiting for mode change to: AUTO
2025-06-22 00:35:54,855 - SUAS - DEBUG - [SUAS_main.main:744] - Waiting for mode change to: AUTO
2025-06-22 00:35:54,862 - SUAS - DEBUG - [SUAS_main._rc_listener_thread:291] - Failed to receive RC message: 'Vehicle' object has no attribute 'recv_match'
Traceback (most recent call last):
  File "/home/itunom/System/SUAS_main.py", line 285, in _rc_listener_thread
    msg = self.mavlink_handler.master.recv_match(
AttributeError: 'Vehicle' object has no attribute 'recv_match'
2025-06-22 00:35:55,356 - SUAS - DEBUG - [SUAS_main.main:744] - Waiting for mode change to: AUTO
2025-06-22 00:35:55,857 - SUAS - DEBUG - [SUAS_main.main:744] - Waiting for mode change to: AUTO
2025-06-22 00:35:55,864 - SUAS - DEBUG - [SUAS_main._rc_listener_thread:291] - Failed to receive RC message: 'Vehicle' object has no attribute 'recv_match'
Traceback (most recent call last):
  File "/home/itunom/System/SUAS_main.py", line 285, in _rc_listener_thread
    msg = self.mavlink_handler.master.recv_match(
AttributeError: 'Vehicle' object has no attribute 'recv_match'
2025-06-22 00:35:56,359 - SUAS - DEBUG - [SUAS_main.main:744] - Waiting for mode change to: AUTO
2025-06-22 00:35:56,861 - SUAS - DEBUG - [SUAS_main.main:744] - Waiting for mode change to: AUTO
2025-06-22 00:35:56,865 - SUAS - DEBUG - [SUAS_main._rc_listener_thread:291] - Failed to receive RC message: 'Vehicle' object has no attribute 'recv_match'
Traceback (most recent call last):
  File "/home/itunom/System/SUAS_main.py", line 285, in _rc_listener_thread
    msg = self.mavlink_handler.master.recv_match(
AttributeError: 'Vehicle' object has no attribute 'recv_match'
2025-06-22 00:35:57,363 - SUAS - DEBUG - [SUAS_main.main:744] - Waiting for mode change to: AUTO
2025-06-22 00:35:57,864 - SUAS - DEBUG - [SUAS_main.main:744] - Waiting for mode change to: AUTO
2025-06-22 00:35:57,866 - SUAS - DEBUG - [SUAS_main._rc_listener_thread:291] - Failed to receive RC message: 'Vehicle' object has no attribute 'recv_match'
Traceback (most recent call last):
  File "/home/itunom/System/SUAS_main.py", line 285, in _rc_listener_thread
    msg = self.mavlink_handler.master.recv_match(
AttributeError: 'Vehicle' object has no attribute 'recv_match'
2025-06-22 00:35:58,366 - SUAS - DEBUG - [SUAS_main.main:744] - Waiting for mode change to: AUTO
2025-06-22 00:35:58,867 - SUAS - DEBUG - [SUAS_main.main:744] - Waiting for mode change to: AUTO
2025-06-22 00:35:58,868 - SUAS - DEBUG - [SUAS_main._rc_listener_thread:291] - Failed to receive RC message: 'Vehicle' object has no attribute 'recv_match'
Traceback (most recent call last):
  File "/home/itunom/System/SUAS_main.py", line 285, in _rc_listener_thread
    msg = self.mavlink_handler.master.recv_match(
AttributeError: 'Vehicle' object has no attribute 'recv_match'
2025-06-22 00:35:59,369 - SUAS - DEBUG - [SUAS_main.main:744] - Waiting for mode change to: AUTO
2025-06-22 00:35:59,869 - SUAS - DEBUG - [SUAS_main._rc_listener_thread:291] - Failed to receive RC message: 'Vehicle' object has no attribute 'recv_match'
Traceback (most recent call last):
  File "/home/itunom/System/SUAS_main.py", line 285, in _rc_listener_thread
    msg = self.mavlink_handler.master.recv_match(
AttributeError: 'Vehicle' object has no attribute 'recv_match'
2025-06-22 00:35:59,870 - SUAS - DEBUG - [SUAS_main.main:744] - Waiting for mode change to: AUTO
2025-06-22 00:36:00,371 - SUAS - DEBUG - [SUAS_main.main:744] - Waiting for mode change to: AUTO
2025-06-22 00:36:00,871 - SUAS - DEBUG - [SUAS_main._rc_listener_thread:291] - Failed to receive RC message: 'Vehicle' object has no attribute 'recv_match'
Traceback (most recent call last):
  File "/home/itunom/System/SUAS_main.py", line 285, in _rc_listener_thread
    msg = self.mavlink_handler.master.recv_match(
AttributeError: 'Vehicle' object has no attribute 'recv_match'
2025-06-22 00:36:00,873 - SUAS - DEBUG - [SUAS_main.main:744] - Waiting for mode change to: AUTO
2025-06-22 00:36:01,374 - SUAS - DEBUG - [SUAS_main.main:744] - Waiting for mode change to: AUTO
2025-06-22 00:36:01,872 - SUAS - DEBUG - [SUAS_main._rc_listener_thread:291] - Failed to receive RC message: 'Vehicle' object has no attribute 'recv_match'
Traceback (most recent call last):
  File "/home/itunom/System/SUAS_main.py", line 285, in _rc_listener_thread
    msg = self.mavlink_handler.master.recv_match(
AttributeError: 'Vehicle' object has no attribute 'recv_match'
2025-06-22 00:36:01,876 - SUAS - DEBUG - [SUAS_main.main:744] - Waiting for mode change to: AUTO
2025-06-22 00:36:02,377 - SUAS - DEBUG - [SUAS_main.main:744] - Waiting for mode change to: AUTO
2025-06-22 00:36:02,873 - SUAS - DEBUG - [SUAS_main._rc_listener_thread:291] - Failed to receive RC message: 'Vehicle' object has no attribute 'recv_match'
Traceback (most recent call last):
  File "/home/itunom/System/SUAS_main.py", line 285, in _rc_listener_thread
    msg = self.mavlink_handler.master.recv_match(
AttributeError: 'Vehicle' object has no attribute 'recv_match'
2025-06-22 00:36:02,879 - SUAS - DEBUG - [SUAS_main.main:744] - Waiting for mode change to: AUTO
2025-06-22 00:36:03,381 - SUAS - DEBUG - [SUAS_main.main:744] - Waiting for mode change to: AUTO
2025-06-22 00:36:03,875 - SUAS - DEBUG - [SUAS_main._rc_listener_thread:291] - Failed to receive RC message: 'Vehicle' object has no attribute 'recv_match'
Traceback (most recent call last):
  File "/home/itunom/System/SUAS_main.py", line 285, in _rc_listener_thread
    msg = self.mavlink_handler.master.recv_match(
AttributeError: 'Vehicle' object has no attribute 'recv_match'
2025-06-22 00:36:03,883 - SUAS - DEBUG - [SUAS_main.main:744] - Waiting for mode change to: AUTO
2025-06-22 00:36:04,385 - SUAS - DEBUG - [SUAS_main.main:744] - Waiting for mode change to: AUTO
2025-06-22 00:36:04,876 - SUAS - DEBUG - [SUAS_main._rc_listener_thread:291] - Failed to receive RC message: 'Vehicle' object has no attribute 'recv_match'
Traceback (most recent call last):
  File "/home/itunom/System/SUAS_main.py", line 285, in _rc_listener_thread
    msg = self.mavlink_handler.master.recv_match(
AttributeError: 'Vehicle' object has no attribute 'recv_match'
2025-06-22 00:36:04,887 - SUAS - DEBUG - [SUAS_main.main:744] - Waiting for mode change to: AUTO
2025-06-22 00:36:05,388 - SUAS - DEBUG - [SUAS_main.main:744] - Waiting for mode change to: AUTO
2025-06-22 00:36:05,881 - SUAS - DEBUG - [SUAS_main._rc_listener_thread:291] - Failed to receive RC message: 'Vehicle' object has no attribute 'recv_match'
Traceback (most recent call last):
  File "/home/itunom/System/SUAS_main.py", line 285, in _rc_listener_thread
    msg = self.mavlink_handler.master.recv_match(
AttributeError: 'Vehicle' object has no attribute 'recv_match'
2025-06-22 00:36:05,889 - SUAS - DEBUG - [SUAS_main.main:744] - Waiting for mode change to: AUTO
2025-06-22 00:36:06,391 - SUAS - DEBUG - [SUAS_main.main:744] - Waiting for mode change to: AUTO
2025-06-22 00:36:06,883 - SUAS - DEBUG - [SUAS_main._rc_listener_thread:291] - Failed to receive RC message: 'Vehicle' object has no attribute 'recv_match'
Traceback (most recent call last):
  File "/home/itunom/System/SUAS_main.py", line 285, in _rc_listener_thread
    msg = self.mavlink_handler.master.recv_match(
AttributeError: 'Vehicle' object has no attribute 'recv_match'
2025-06-22 00:36:06,892 - SUAS - DEBUG - [SUAS_main.main:744] - Waiting for mode change to: AUTO
2025-06-22 00:36:07,393 - SUAS - DEBUG - [SUAS_main.main:744] - Waiting for mode change to: AUTO
2025-06-22 00:36:07,885 - SUAS - DEBUG - [SUAS_main._rc_listener_thread:291] - Failed to receive RC message: 'Vehicle' object has no attribute 'recv_match'
Traceback (most recent call last):
  File "/home/itunom/System/SUAS_main.py", line 285, in _rc_listener_thread
    msg = self.mavlink_handler.master.recv_match(
AttributeError: 'Vehicle' object has no attribute 'recv_match'
2025-06-22 00:36:07,895 - SUAS - DEBUG - [SUAS_main.main:744] - Waiting for mode change to: AUTO
2025-06-22 00:36:08,396 - SUAS - DEBUG - [SUAS_main.main:744] - Waiting for mode change to: AUTO
2025-06-22 00:36:08,886 - SUAS - DEBUG - [SUAS_main._rc_listener_thread:291] - Failed to receive RC message: 'Vehicle' object has no attribute 'recv_match'
Traceback (most recent call last):
  File "/home/itunom/System/SUAS_main.py", line 285, in _rc_listener_thread
    msg = self.mavlink_handler.master.recv_match(
AttributeError: 'Vehicle' object has no attribute 'recv_match'
2025-06-22 00:36:08,898 - SUAS - DEBUG - [SUAS_main.main:744] - Waiting for mode change to: AUTO
2025-06-22 00:36:09,400 - SUAS - DEBUG - [SUAS_main.main:744] - Waiting for mode change to: AUTO
2025-06-22 00:36:09,887 - SUAS - DEBUG - [SUAS_main._rc_listener_thread:291] - Failed to receive RC message: 'Vehicle' object has no attribute 'recv_match'
Traceback (most recent call last):
  File "/home/itunom/System/SUAS_main.py", line 285, in _rc_listener_thread
    msg = self.mavlink_handler.master.recv_match(
AttributeError: 'Vehicle' object has no attribute 'recv_match'
2025-06-22 00:36:09,901 - SUAS - DEBUG - [SUAS_main.main:744] - Waiting for mode change to: AUTO
2025-06-22 00:36:10,403 - SUAS - DEBUG - [SUAS_main.main:744] - Waiting for mode change to: AUTO
2025-06-22 00:36:10,889 - SUAS - DEBUG - [SUAS_main._rc_listener_thread:291] - Failed to receive RC message: 'Vehicle' object has no attribute 'recv_match'
Traceback (most recent call last):
  File "/home/itunom/System/SUAS_main.py", line 285, in _rc_listener_thread
    msg = self.mavlink_handler.master.recv_match(
AttributeError: 'Vehicle' object has no attribute 'recv_match'
2025-06-22 00:36:10,904 - SUAS - DEBUG - [SUAS_main.main:744] - Waiting for mode change to: AUTO
2025-06-22 00:36:11,405 - SUAS - DEBUG - [SUAS_main.main:744] - Waiting for mode change to: AUTO
2025-06-22 00:36:11,891 - SUAS - DEBUG - [SUAS_main._rc_listener_thread:291] - Failed to receive RC message: 'Vehicle' object has no attribute 'recv_match'
Traceback (most recent call last):
  File "/home/itunom/System/SUAS_main.py", line 285, in _rc_listener_thread
    msg = self.mavlink_handler.master.recv_match(
AttributeError: 'Vehicle' object has no attribute 'recv_match'
2025-06-22 00:36:11,907 - SUAS - DEBUG - [SUAS_main.main:744] - Waiting for mode change to: AUTO
2025-06-22 00:36:12,409 - SUAS - DEBUG - [SUAS_main.main:744] - Waiting for mode change to: AUTO
2025-06-22 00:36:12,892 - SUAS - DEBUG - [SUAS_main._rc_listener_thread:291] - Failed to receive RC message: 'Vehicle' object has no attribute 'recv_match'
Traceback (most recent call last):
  File "/home/itunom/System/SUAS_main.py", line 285, in _rc_listener_thread
    msg = self.mavlink_handler.master.recv_match(
AttributeError: 'Vehicle' object has no attribute 'recv_match'
2025-06-22 00:36:12,911 - SUAS - DEBUG - [SUAS_main.main:744] - Waiting for mode change to: AUTO
2025-06-22 00:36:13,412 - SUAS - DEBUG - [SUAS_main.main:744] - Waiting for mode change to: AUTO
2025-06-22 00:36:13,893 - SUAS - DEBUG - [SUAS_main._rc_listener_thread:291] - Failed to receive RC message: 'Vehicle' object has no attribute 'recv_match'
Traceback (most recent call last):
  File "/home/itunom/System/SUAS_main.py", line 285, in _rc_listener_thread
    msg = self.mavlink_handler.master.recv_match(
AttributeError: 'Vehicle' object has no attribute 'recv_match'
2025-06-22 00:36:13,914 - SUAS - DEBUG - [SUAS_main.main:744] - Waiting for mode change to: AUTO
2025-06-22 00:36:14,415 - SUAS - DEBUG - [SUAS_main.main:744] - Waiting for mode change to: AUTO
2025-06-22 00:36:14,895 - SUAS - DEBUG - [SUAS_main._rc_listener_thread:291] - Failed to receive RC message: 'Vehicle' object has no attribute 'recv_match'
Traceback (most recent call last):
  File "/home/itunom/System/SUAS_main.py", line 285, in _rc_listener_thread
    msg = self.mavlink_handler.master.recv_match(
AttributeError: 'Vehicle' object has no attribute 'recv_match'
2025-06-22 00:36:14,917 - SUAS - DEBUG - [SUAS_main.main:744] - Waiting for mode change to: AUTO
2025-06-22 00:36:15,419 - SUAS - DEBUG - [SUAS_main.main:744] - Waiting for mode change to: AUTO
2025-06-22 00:36:15,896 - SUAS - DEBUG - [SUAS_main._rc_listener_thread:291] - Failed to receive RC message: 'Vehicle' object has no attribute 'recv_match'
Traceback (most recent call last):
  File "/home/itunom/System/SUAS_main.py", line 285, in _rc_listener_thread
    msg = self.mavlink_handler.master.recv_match(
AttributeError: 'Vehicle' object has no attribute 'recv_match'
2025-06-22 00:36:15,921 - SUAS - DEBUG - [SUAS_main.main:744] - Waiting for mode change to: AUTO
2025-06-22 00:36:16,422 - SUAS - DEBUG - [SUAS_main.main:744] - Waiting for mode change to: AUTO
2025-06-22 00:36:16,899 - SUAS - DEBUG - [SUAS_main._rc_listener_thread:291] - Failed to receive RC message: 'Vehicle' object has no attribute 'recv_match'
Traceback (most recent call last):
  File "/home/itunom/System/SUAS_main.py", line 285, in _rc_listener_thread
    msg = self.mavlink_handler.master.recv_match(
AttributeError: 'Vehicle' object has no attribute 'recv_match'
2025-06-22 00:36:16,924 - SUAS - DEBUG - [SUAS_main.main:744] - Waiting for mode change to: AUTO
2025-06-22 00:36:17,425 - SUAS - DEBUG - [SUAS_main.main:744] - Waiting for mode change to: AUTO
2025-06-22 00:36:17,901 - SUAS - DEBUG - [SUAS_main._rc_listener_thread:291] - Failed to receive RC message: 'Vehicle' object has no attribute 'recv_match'
Traceback (most recent call last):
  File "/home/itunom/System/SUAS_main.py", line 285, in _rc_listener_thread
    msg = self.mavlink_handler.master.recv_match(
AttributeError: 'Vehicle' object has no attribute 'recv_match'
2025-06-22 00:36:17,927 - SUAS - DEBUG - [SUAS_main.main:744] - Waiting for mode change to: AUTO
2025-06-22 00:36:18,429 - SUAS - DEBUG - [SUAS_main.main:744] - Waiting for mode change to: AUTO
2025-06-22 00:36:18,907 - SUAS - DEBUG - [SUAS_main._rc_listener_thread:291] - Failed to receive RC message: 'Vehicle' object has no attribute 'recv_match'
Traceback (most recent call last):
  File "/home/itunom/System/SUAS_main.py", line 285, in _rc_listener_thread
    msg = self.mavlink_handler.master.recv_match(
AttributeError: 'Vehicle' object has no attribute 'recv_match'
2025-06-22 00:36:18,931 - SUAS - DEBUG - [SUAS_main.main:744] - Waiting for mode change to: AUTO
2025-06-22 00:36:19,432 - SUAS - DEBUG - [SUAS_main.main:744] - Waiting for mode change to: AUTO
2025-06-22 00:36:19,909 - SUAS - DEBUG - [SUAS_main._rc_listener_thread:291] - Failed to receive RC message: 'Vehicle' object has no attribute 'recv_match'
Traceback (most recent call last):
  File "/home/itunom/System/SUAS_main.py", line 285, in _rc_listener_thread
    msg = self.mavlink_handler.master.recv_match(
AttributeError: 'Vehicle' object has no attribute 'recv_match'
2025-06-22 00:36:19,933 - SUAS - DEBUG - [SUAS_main.main:744] - Waiting for mode change to: AUTO
2025-06-22 00:36:20,435 - SUAS - DEBUG - [SUAS_main.main:744] - Waiting for mode change to: AUTO
2025-06-22 00:36:20,910 - SUAS - DEBUG - [SUAS_main._rc_listener_thread:291] - Failed to receive RC message: 'Vehicle' object has no attribute 'recv_match'
Traceback (most recent call last):
  File "/home/itunom/System/SUAS_main.py", line 285, in _rc_listener_thread
    msg = self.mavlink_handler.master.recv_match(
AttributeError: 'Vehicle' object has no attribute 'recv_match'
2025-06-22 00:36:20,936 - SUAS - DEBUG - [SUAS_main.main:744] - Waiting for mode change to: AUTO
2025-06-22 00:36:21,438 - SUAS - DEBUG - [SUAS_main.main:744] - Waiting for mode change to: AUTO
2025-06-22 00:36:21,913 - SUAS - DEBUG - [SUAS_main._rc_listener_thread:291] - Failed to receive RC message: 'Vehicle' object has no attribute 'recv_match'
Traceback (most recent call last):
  File "/home/itunom/System/SUAS_main.py", line 285, in _rc_listener_thread
    msg = self.mavlink_handler.master.recv_match(
AttributeError: 'Vehicle' object has no attribute 'recv_match'
2025-06-22 00:36:21,939 - SUAS - DEBUG - [SUAS_main.main:744] - Waiting for mode change to: AUTO
2025-06-22 00:36:22,441 - SUAS - DEBUG - [SUAS_main.main:744] - Waiting for mode change to: AUTO
2025-06-22 00:36:22,914 - SUAS - DEBUG - [SUAS_main._rc_listener_thread:291] - Failed to receive RC message: 'Vehicle' object has no attribute 'recv_match'
Traceback (most recent call last):
  File "/home/itunom/System/SUAS_main.py", line 285, in _rc_listener_thread
    msg = self.mavlink_handler.master.recv_match(
AttributeError: 'Vehicle' object has no attribute 'recv_match'
2025-06-22 00:36:22,942 - SUAS - DEBUG - [SUAS_main.main:744] - Waiting for mode change to: AUTO
2025-06-22 00:36:23,444 - SUAS - DEBUG - [SUAS_main.main:744] - Waiting for mode change to: AUTO
2025-06-22 00:36:23,915 - SUAS - DEBUG - [SUAS_main._rc_listener_thread:291] - Failed to receive RC message: 'Vehicle' object has no attribute 'recv_match'
Traceback (most recent call last):
  File "/home/itunom/System/SUAS_main.py", line 285, in _rc_listener_thread
    msg = self.mavlink_handler.master.recv_match(
AttributeError: 'Vehicle' object has no attribute 'recv_match'
2025-06-22 00:36:23,945 - SUAS - DEBUG - [SUAS_main.main:744] - Waiting for mode change to: AUTO
2025-06-22 00:36:24,446 - SUAS - DEBUG - [SUAS_main.main:744] - Waiting for mode change to: AUTO
2025-06-22 00:36:24,917 - SUAS - DEBUG - [SUAS_main._rc_listener_thread:291] - Failed to receive RC message: 'Vehicle' object has no attribute 'recv_match'
Traceback (most recent call last):
  File "/home/itunom/System/SUAS_main.py", line 285, in _rc_listener_thread
    msg = self.mavlink_handler.master.recv_match(
AttributeError: 'Vehicle' object has no attribute 'recv_match'
2025-06-22 00:36:24,948 - SUAS - DEBUG - [SUAS_main.main:744] - Waiting for mode change to: AUTO
2025-06-22 00:36:25,449 - SUAS - DEBUG - [SUAS_main.main:744] - Waiting for mode change to: AUTO
2025-06-22 00:36:25,919 - SUAS - DEBUG - [SUAS_main._rc_listener_thread:291] - Failed to receive RC message: 'Vehicle' object has no attribute 'recv_match'
Traceback (most recent call last):
  File "/home/itunom/System/SUAS_main.py", line 285, in _rc_listener_thread
    msg = self.mavlink_handler.master.recv_match(
AttributeError: 'Vehicle' object has no attribute 'recv_match'
2025-06-22 00:36:25,951 - SUAS - DEBUG - [SUAS_main.main:744] - Waiting for mode change to: AUTO
2025-06-22 00:36:26,452 - SUAS - DEBUG - [SUAS_main.main:744] - Waiting for mode change to: AUTO
2025-06-22 00:36:26,920 - SUAS - DEBUG - [SUAS_main._rc_listener_thread:291] - Failed to receive RC message: 'Vehicle' object has no attribute 'recv_match'
Traceback (most recent call last):
  File "/home/itunom/System/SUAS_main.py", line 285, in _rc_listener_thread
    msg = self.mavlink_handler.master.recv_match(
AttributeError: 'Vehicle' object has no attribute 'recv_match'
2025-06-22 00:36:26,953 - SUAS - DEBUG - [SUAS_main.main:744] - Waiting for mode change to: AUTO
2025-06-22 00:36:27,455 - SUAS - DEBUG - [SUAS_main.main:744] - Waiting for mode change to: AUTO
2025-06-22 00:36:27,921 - SUAS - DEBUG - [SUAS_main._rc_listener_thread:291] - Failed to receive RC message: 'Vehicle' object has no attribute 'recv_match'
Traceback (most recent call last):
  File "/home/itunom/System/SUAS_main.py", line 285, in _rc_listener_thread
    msg = self.mavlink_handler.master.recv_match(
AttributeError: 'Vehicle' object has no attribute 'recv_match'
2025-06-22 00:36:27,957 - SUAS - DEBUG - [SUAS_main.main:744] - Waiting for mode change to: AUTO
2025-06-22 00:36:28,458 - SUAS - DEBUG - [SUAS_main.main:744] - Waiting for mode change to: AUTO
2025-06-22 00:36:28,938 - SUAS - DEBUG - [SUAS_main._rc_listener_thread:291] - Failed to receive RC message: 'Vehicle' object has no attribute 'recv_match'
Traceback (most recent call last):
  File "/home/itunom/System/SUAS_main.py", line 285, in _rc_listener_thread
    msg = self.mavlink_handler.master.recv_match(
AttributeError: 'Vehicle' object has no attribute 'recv_match'
2025-06-22 00:36:28,960 - SUAS - DEBUG - [SUAS_main.main:744] - Waiting for mode change to: AUTO
2025-06-22 00:36:29,461 - SUAS - DEBUG - [SUAS_main.main:744] - Waiting for mode change to: AUTO
2025-06-22 00:36:29,940 - SUAS - DEBUG - [SUAS_main._rc_listener_thread:291] - Failed to receive RC message: 'Vehicle' object has no attribute 'recv_match'
Traceback (most recent call last):
  File "/home/itunom/System/SUAS_main.py", line 285, in _rc_listener_thread
    msg = self.mavlink_handler.master.recv_match(
AttributeError: 'Vehicle' object has no attribute 'recv_match'
2025-06-22 00:36:29,963 - SUAS - DEBUG - [SUAS_main.main:744] - Waiting for mode change to: AUTO
2025-06-22 00:36:30,464 - SUAS - DEBUG - [SUAS_main.main:744] - Waiting for mode change to: AUTO
2025-06-22 00:36:30,941 - SUAS - DEBUG - [SUAS_main._rc_listener_thread:291] - Failed to receive RC message: 'Vehicle' object has no attribute 'recv_match'
Traceback (most recent call last):
  File "/home/itunom/System/SUAS_main.py", line 285, in _rc_listener_thread
    msg = self.mavlink_handler.master.recv_match(
AttributeError: 'Vehicle' object has no attribute 'recv_match'
2025-06-22 00:36:30,966 - SUAS - DEBUG - [SUAS_main.main:744] - Waiting for mode change to: AUTO
2025-06-22 00:36:31,467 - SUAS - DEBUG - [SUAS_main.main:744] - Waiting for mode change to: AUTO
2025-06-22 00:36:31,943 - SUAS - DEBUG - [SUAS_main._rc_listener_thread:291] - Failed to receive RC message: 'Vehicle' object has no attribute 'recv_match'
Traceback (most recent call last):
  File "/home/itunom/System/SUAS_main.py", line 285, in _rc_listener_thread
    msg = self.mavlink_handler.master.recv_match(
AttributeError: 'Vehicle' object has no attribute 'recv_match'
2025-06-22 00:36:31,969 - SUAS - DEBUG - [SUAS_main.main:744] - Waiting for mode change to: AUTO
2025-06-22 00:36:32,470 - SUAS - DEBUG - [SUAS_main.main:744] - Waiting for mode change to: AUTO
2025-06-22 00:36:32,944 - SUAS - DEBUG - [SUAS_main._rc_listener_thread:291] - Failed to receive RC message: 'Vehicle' object has no attribute 'recv_match'
Traceback (most recent call last):
  File "/home/itunom/System/SUAS_main.py", line 285, in _rc_listener_thread
    msg = self.mavlink_handler.master.recv_match(
AttributeError: 'Vehicle' object has no attribute 'recv_match'
2025-06-22 00:36:32,971 - SUAS - DEBUG - [SUAS_main.main:744] - Waiting for mode change to: AUTO
2025-06-22 00:36:33,473 - SUAS - DEBUG - [SUAS_main.main:744] - Waiting for mode change to: AUTO
2025-06-22 00:36:33,945 - SUAS - DEBUG - [SUAS_main._rc_listener_thread:291] - Failed to receive RC message: 'Vehicle' object has no attribute 'recv_match'
Traceback (most recent call last):
  File "/home/itunom/System/SUAS_main.py", line 285, in _rc_listener_thread
    msg = self.mavlink_handler.master.recv_match(
AttributeError: 'Vehicle' object has no attribute 'recv_match'
2025-06-22 00:36:33,975 - SUAS - DEBUG - [SUAS_main.main:744] - Waiting for mode change to: AUTO
2025-06-22 00:36:34,476 - SUAS - DEBUG - [SUAS_main.main:744] - Waiting for mode change to: AUTO
2025-06-22 00:36:34,947 - SUAS - DEBUG - [SUAS_main._rc_listener_thread:291] - Failed to receive RC message: 'Vehicle' object has no attribute 'recv_match'
Traceback (most recent call last):
  File "/home/itunom/System/SUAS_main.py", line 285, in _rc_listener_thread
    msg = self.mavlink_handler.master.recv_match(
AttributeError: 'Vehicle' object has no attribute 'recv_match'
2025-06-22 00:36:34,978 - SUAS - DEBUG - [SUAS_main.main:744] - Waiting for mode change to: AUTO
2025-06-22 00:36:35,480 - SUAS - DEBUG - [SUAS_main.main:744] - Waiting for mode change to: AUTO
2025-06-22 00:36:35,949 - SUAS - DEBUG - [SUAS_main._rc_listener_thread:291] - Failed to receive RC message: 'Vehicle' object has no attribute 'recv_match'
Traceback (most recent call last):
  File "/home/itunom/System/SUAS_main.py", line 285, in _rc_listener_thread
    msg = self.mavlink_handler.master.recv_match(
AttributeError: 'Vehicle' object has no attribute 'recv_match'
2025-06-22 00:36:35,982 - SUAS - DEBUG - [SUAS_main.main:744] - Waiting for mode change to: AUTO
2025-06-22 00:36:36,483 - SUAS - DEBUG - [SUAS_main.main:744] - Waiting for mode change to: AUTO
2025-06-22 00:36:36,950 - SUAS - DEBUG - [SUAS_main._rc_listener_thread:291] - Failed to receive RC message: 'Vehicle' object has no attribute 'recv_match'
Traceback (most recent call last):
  File "/home/itunom/System/SUAS_main.py", line 285, in _rc_listener_thread
    msg = self.mavlink_handler.master.recv_match(
AttributeError: 'Vehicle' object has no attribute 'recv_match'
2025-06-22 00:36:36,985 - SUAS - DEBUG - [SUAS_main.main:744] - Waiting for mode change to: AUTO
2025-06-22 00:36:37,486 - SUAS - DEBUG - [SUAS_main.main:744] - Waiting for mode change to: AUTO
2025-06-22 00:36:37,952 - SUAS - DEBUG - [SUAS_main._rc_listener_thread:291] - Failed to receive RC message: 'Vehicle' object has no attribute 'recv_match'
Traceback (most recent call last):
  File "/home/itunom/System/SUAS_main.py", line 285, in _rc_listener_thread
    msg = self.mavlink_handler.master.recv_match(
AttributeError: 'Vehicle' object has no attribute 'recv_match'
2025-06-22 00:36:37,987 - SUAS - DEBUG - [SUAS_main.main:744] - Waiting for mode change to: AUTO
2025-06-22 00:36:38,489 - SUAS - DEBUG - [SUAS_main.main:744] - Waiting for mode change to: AUTO
2025-06-22 00:36:38,953 - SUAS - DEBUG - [SUAS_main._rc_listener_thread:291] - Failed to receive RC message: 'Vehicle' object has no attribute 'recv_match'
Traceback (most recent call last):
  File "/home/itunom/System/SUAS_main.py", line 285, in _rc_listener_thread
    msg = self.mavlink_handler.master.recv_match(
AttributeError: 'Vehicle' object has no attribute 'recv_match'
2025-06-22 00:36:38,990 - SUAS - DEBUG - [SUAS_main.main:744] - Waiting for mode change to: AUTO
2025-06-22 00:36:39,492 - SUAS - DEBUG - [SUAS_main.main:744] - Waiting for mode change to: AUTO
2025-06-22 00:36:39,955 - SUAS - DEBUG - [SUAS_main._rc_listener_thread:291] - Failed to receive RC message: 'Vehicle' object has no attribute 'recv_match'
Traceback (most recent call last):
  File "/home/itunom/System/SUAS_main.py", line 285, in _rc_listener_thread
    msg = self.mavlink_handler.master.recv_match(
AttributeError: 'Vehicle' object has no attribute 'recv_match'
2025-06-22 00:36:39,993 - SUAS - DEBUG - [SUAS_main.main:744] - Waiting for mode change to: AUTO
2025-06-22 00:36:40,495 - SUAS - DEBUG - [SUAS_main.main:744] - Waiting for mode change to: AUTO
2025-06-22 00:36:40,956 - SUAS - DEBUG - [SUAS_main._rc_listener_thread:291] - Failed to receive RC message: 'Vehicle' object has no attribute 'recv_match'
Traceback (most recent call last):
  File "/home/itunom/System/SUAS_main.py", line 285, in _rc_listener_thread
    msg = self.mavlink_handler.master.recv_match(
AttributeError: 'Vehicle' object has no attribute 'recv_match'
2025-06-22 00:36:40,996 - SUAS - DEBUG - [SUAS_main.main:744] - Waiting for mode change to: AUTO
2025-06-22 00:36:41,498 - SUAS - DEBUG - [SUAS_main.main:744] - Waiting for mode change to: AUTO
2025-06-22 00:36:41,959 - SUAS - DEBUG - [SUAS_main._rc_listener_thread:291] - Failed to receive RC message: 'Vehicle' object has no attribute 'recv_match'
Traceback (most recent call last):
  File "/home/itunom/System/SUAS_main.py", line 285, in _rc_listener_thread
    msg = self.mavlink_handler.master.recv_match(
AttributeError: 'Vehicle' object has no attribute 'recv_match'
2025-06-22 00:36:42,000 - SUAS - DEBUG - [SUAS_main.main:744] - Waiting for mode change to: AUTO
2025-06-22 00:36:42,501 - SUAS - DEBUG - [SUAS_main.main:744] - Waiting for mode change to: AUTO
2025-06-22 00:36:42,960 - SUAS - DEBUG - [SUAS_main._rc_listener_thread:291] - Failed to receive RC message: 'Vehicle' object has no attribute 'recv_match'
Traceback (most recent call last):
  File "/home/itunom/System/SUAS_main.py", line 285, in _rc_listener_thread
    msg = self.mavlink_handler.master.recv_match(
AttributeError: 'Vehicle' object has no attribute 'recv_match'
2025-06-22 00:36:43,002 - SUAS - DEBUG - [SUAS_main.main:744] - Waiting for mode change to: AUTO
2025-06-22 00:36:43,504 - SUAS - DEBUG - [SUAS_main.main:744] - Waiting for mode change to: AUTO
2025-06-22 00:36:43,961 - SUAS - DEBUG - [SUAS_main._rc_listener_thread:291] - Failed to receive RC message: 'Vehicle' object has no attribute 'recv_match'
Traceback (most recent call last):
  File "/home/itunom/System/SUAS_main.py", line 285, in _rc_listener_thread
    msg = self.mavlink_handler.master.recv_match(
AttributeError: 'Vehicle' object has no attribute 'recv_match'
2025-06-22 00:36:44,005 - SUAS - DEBUG - [SUAS_main.main:744] - Waiting for mode change to: AUTO
2025-06-22 00:36:44,507 - SUAS - DEBUG - [SUAS_main.main:744] - Waiting for mode change to: AUTO
2025-06-22 00:36:44,964 - SUAS - DEBUG - [SUAS_main._rc_listener_thread:291] - Failed to receive RC message: 'Vehicle' object has no attribute 'recv_match'
Traceback (most recent call last):
  File "/home/itunom/System/SUAS_main.py", line 285, in _rc_listener_thread
    msg = self.mavlink_handler.master.recv_match(
AttributeError: 'Vehicle' object has no attribute 'recv_match'
2025-06-22 00:36:45,008 - SUAS - DEBUG - [SUAS_main.main:744] - Waiting for mode change to: AUTO
2025-06-22 00:36:45,510 - SUAS - DEBUG - [SUAS_main.main:744] - Waiting for mode change to: AUTO
2025-06-22 00:36:45,966 - SUAS - DEBUG - [SUAS_main._rc_listener_thread:291] - Failed to receive RC message: 'Vehicle' object has no attribute 'recv_match'
Traceback (most recent call last):
  File "/home/itunom/System/SUAS_main.py", line 285, in _rc_listener_thread
    msg = self.mavlink_handler.master.recv_match(
AttributeError: 'Vehicle' object has no attribute 'recv_match'
2025-06-22 00:36:46,012 - SUAS - DEBUG - [SUAS_main.main:744] - Waiting for mode change to: AUTO
2025-06-22 00:36:46,514 - SUAS - DEBUG - [SUAS_main.main:744] - Waiting for mode change to: AUTO
2025-06-22 00:36:46,968 - SUAS - DEBUG - [SUAS_main._rc_listener_thread:291] - Failed to receive RC message: 'Vehicle' object has no attribute 'recv_match'
Traceback (most recent call last):
  File "/home/itunom/System/SUAS_main.py", line 285, in _rc_listener_thread
    msg = self.mavlink_handler.master.recv_match(
AttributeError: 'Vehicle' object has no attribute 'recv_match'
2025-06-22 00:36:47,017 - SUAS - DEBUG - [SUAS_main.main:744] - Waiting for mode change to: AUTO
2025-06-22 00:36:47,521 - SUAS - DEBUG - [SUAS_main.main:744] - Waiting for mode change to: AUTO
2025-06-22 00:36:47,969 - SUAS - DEBUG - [SUAS_main._rc_listener_thread:291] - Failed to receive RC message: 'Vehicle' object has no attribute 'recv_match'
Traceback (most recent call last):
  File "/home/itunom/System/SUAS_main.py", line 285, in _rc_listener_thread
    msg = self.mavlink_handler.master.recv_match(
AttributeError: 'Vehicle' object has no attribute 'recv_match'
2025-06-22 00:36:48,023 - SUAS - DEBUG - [SUAS_main.main:744] - Waiting for mode change to: AUTO
2025-06-22 00:36:48,524 - SUAS - DEBUG - [SUAS_main.main:744] - Waiting for mode change to: AUTO
2025-06-22 00:36:48,971 - SUAS - DEBUG - [SUAS_main._rc_listener_thread:291] - Failed to receive RC message: 'Vehicle' object has no attribute 'recv_match'
Traceback (most recent call last):
  File "/home/itunom/System/SUAS_main.py", line 285, in _rc_listener_thread
    msg = self.mavlink_handler.master.recv_match(
AttributeError: 'Vehicle' object has no attribute 'recv_match'
2025-06-22 00:36:49,026 - SUAS - DEBUG - [SUAS_main.main:744] - Waiting for mode change to: AUTO
2025-06-22 00:36:49,527 - SUAS - DEBUG - [SUAS_main.main:744] - Waiting for mode change to: AUTO
2025-06-22 00:36:49,974 - SUAS - DEBUG - [SUAS_main._rc_listener_thread:291] - Failed to receive RC message: 'Vehicle' object has no attribute 'recv_match'
Traceback (most recent call last):
  File "/home/itunom/System/SUAS_main.py", line 285, in _rc_listener_thread
    msg = self.mavlink_handler.master.recv_match(
AttributeError: 'Vehicle' object has no attribute 'recv_match'
2025-06-22 00:36:50,028 - SUAS - DEBUG - [SUAS_main.main:744] - Waiting for mode change to: AUTO
2025-06-22 00:36:50,530 - SUAS - DEBUG - [SUAS_main.main:744] - Waiting for mode change to: AUTO
2025-06-22 00:36:50,977 - SUAS - DEBUG - [SUAS_main._rc_listener_thread:291] - Failed to receive RC message: 'Vehicle' object has no attribute 'recv_match'
Traceback (most recent call last):
  File "/home/itunom/System/SUAS_main.py", line 285, in _rc_listener_thread
    msg = self.mavlink_handler.master.recv_match(
AttributeError: 'Vehicle' object has no attribute 'recv_match'
2025-06-22 00:36:51,032 - SUAS - DEBUG - [SUAS_main.main:744] - Waiting for mode change to: AUTO
2025-06-22 00:36:51,533 - SUAS - DEBUG - [SUAS_main.main:744] - Waiting for mode change to: AUTO
2025-06-22 00:36:51,979 - SUAS - DEBUG - [SUAS_main._rc_listener_thread:291] - Failed to receive RC message: 'Vehicle' object has no attribute 'recv_match'
Traceback (most recent call last):
  File "/home/itunom/System/SUAS_main.py", line 285, in _rc_listener_thread
    msg = self.mavlink_handler.master.recv_match(
AttributeError: 'Vehicle' object has no attribute 'recv_match'
2025-06-22 00:36:52,035 - SUAS - DEBUG - [SUAS_main.main:744] - Waiting for mode change to: AUTO
2025-06-22 00:36:52,537 - SUAS - DEBUG - [SUAS_main.main:744] - Waiting for mode change to: AUTO
2025-06-22 00:36:52,981 - SUAS - DEBUG - [SUAS_main._rc_listener_thread:291] - Failed to receive RC message: 'Vehicle' object has no attribute 'recv_match'
Traceback (most recent call last):
  File "/home/itunom/System/SUAS_main.py", line 285, in _rc_listener_thread
    msg = self.mavlink_handler.master.recv_match(
AttributeError: 'Vehicle' object has no attribute 'recv_match'
2025-06-22 00:36:53,039 - SUAS - DEBUG - [SUAS_main.main:744] - Waiting for mode change to: AUTO
2025-06-22 00:36:53,540 - SUAS - DEBUG - [SUAS_main.main:744] - Waiting for mode change to: AUTO
2025-06-22 00:36:53,982 - SUAS - DEBUG - [SUAS_main._rc_listener_thread:291] - Failed to receive RC message: 'Vehicle' object has no attribute 'recv_match'
Traceback (most recent call last):
  File "/home/itunom/System/SUAS_main.py", line 285, in _rc_listener_thread
    msg = self.mavlink_handler.master.recv_match(
AttributeError: 'Vehicle' object has no attribute 'recv_match'
2025-06-22 00:36:54,042 - SUAS - DEBUG - [SUAS_main.main:744] - Waiting for mode change to: AUTO
2025-06-22 00:36:54,543 - SUAS - DEBUG - [SUAS_main.main:744] - Waiting for mode change to: AUTO
2025-06-22 00:36:54,984 - SUAS - DEBUG - [SUAS_main._rc_listener_thread:291] - Failed to receive RC message: 'Vehicle' object has no attribute 'recv_match'
Traceback (most recent call last):
  File "/home/itunom/System/SUAS_main.py", line 285, in _rc_listener_thread
    msg = self.mavlink_handler.master.recv_match(
AttributeError: 'Vehicle' object has no attribute 'recv_match'
2025-06-22 00:36:55,045 - SUAS - DEBUG - [SUAS_main.main:744] - Waiting for mode change to: AUTO
2025-06-22 00:36:55,546 - SUAS - DEBUG - [SUAS_main.main:744] - Waiting for mode change to: AUTO
