2025-06-22 01:23:14,379 - SUAS - DEBUG - [SUAS_main.__init__:204] - (38.8510311, -76.7003423, -0.815)
2025-06-22 01:23:14,379 - SUAS - DEBUG - [SUAS_main.__init__:210] - Opening camera with pipeline:
nvarguscamerasrc sensor-id=0 aelock=false awblock=True wbmode=6 exposurecompensation=-1.7 ! video/x-raw(memory:NVMM), width=(int)4032, height=(int)3040, framerate=(fraction)19/1 ! nvvidconv flip-method=0 ! video/x-raw, format=(string)BGRx ! videoconvert ! video/x-raw, format=(string)BGR ! appsink
2025-06-22 01:23:17,931 - SUAS - DEBUG - [SUAS_main.take_photo_opencv:423] - Saved photo to init_test_photo/image_1.jpg
2025-06-22 01:23:18,933 - SUAS - DEBUG - [SUAS_main.__init__:102] - Initial flight mode: ALT_HOLD
2025-06-22 01:23:19,510 - SUAS - DEBUG - [SUAS_main.main:687] - Download Waypoints - Completed
2025-06-22 01:23:19,513 - SUAS - DEBUG - [SUAS_main.main:690] - WP SET TO 2
2025-06-22 01:23:20,038 - SUAS - DEBUG - [SUAS_main._rc_listener_thread:313] - WPNAV_SPEED changed: None → 600
2025-06-22 01:23:20,515 - SUAS - DEBUG - [SUAS_main.main:702] - ------------------------------18---------------------------
2025-06-22 01:23:20,517 - SUAS - DEBUG - [SUAS_main.main:711] - ------------------------------------------------------------------------
2025-06-22 01:23:20,517 - SUAS - DEBUG - [SUAS_main.main:712] - No DOJUMP
2025-06-22 01:23:20,518 - SUAS - DEBUG - [SUAS_main.main:713] - ------------------------------------------------------------------------
2025-06-22 01:23:20,722 - SUAS - DEBUG - [SUAS_main.main:722] - Download Changed Waypoints - Completed
2025-06-22 01:23:20,724 - SUAS - DEBUG - [SUAS_main.main:729] - ------------------------------19 - updated---------------------------
2025-06-22 01:23:20,727 - SUAS - DEBUG - [SUAS_main.main:736] - Waiting for mode change to: AUTO
2025-06-22 01:23:21,229 - SUAS - DEBUG - [SUAS_main.main:736] - Waiting for mode change to: AUTO
2025-06-22 01:23:21,733 - SUAS - DEBUG - [SUAS_main.main:736] - Waiting for mode change to: AUTO
2025-06-22 01:23:22,235 - SUAS - DEBUG - [SUAS_main.main:736] - Waiting for mode change to: AUTO
2025-06-22 01:23:22,738 - SUAS - DEBUG - [SUAS_main.main:736] - Waiting for mode change to: AUTO
2025-06-22 01:23:23,241 - SUAS - DEBUG - [SUAS_main.main:736] - Waiting for mode change to: AUTO
2025-06-22 01:23:23,743 - SUAS - DEBUG - [SUAS_main.main:736] - Waiting for mode change to: AUTO
2025-06-22 01:23:24,246 - SUAS - DEBUG - [SUAS_main.main:736] - Waiting for mode change to: AUTO
2025-06-22 01:23:24,750 - SUAS - DEBUG - [SUAS_main.main:736] - Waiting for mode change to: AUTO
2025-06-22 01:23:25,256 - SUAS - DEBUG - [SUAS_main.main:736] - Waiting for mode change to: AUTO
2025-06-22 01:23:25,765 - SUAS - DEBUG - [SUAS_main.main:736] - Waiting for mode change to: AUTO
2025-06-22 01:23:26,270 - SUAS - DEBUG - [SUAS_main.main:736] - Waiting for mode change to: AUTO
2025-06-22 01:23:26,782 - SUAS - DEBUG - [SUAS_main.main:736] - Waiting for mode change to: AUTO
2025-06-22 01:23:27,300 - SUAS - DEBUG - [SUAS_main.main:736] - Waiting for mode change to: AUTO
2025-06-22 01:23:27,824 - SUAS - DEBUG - [SUAS_main.main:736] - Waiting for mode change to: AUTO
2025-06-22 01:23:28,524 - SUAS - DEBUG - [SUAS_main.main:736] - Waiting for mode change to: AUTO
2025-06-22 01:23:31,025 - SUAS - DEBUG - [SUAS_main.main:736] - Waiting for mode change to: AUTO
2025-06-22 01:23:37,806 - SUAS - DEBUG - [SUAS_main.main:736] - Waiting for mode change to: AUTO
2025-06-22 01:23:38,499 - SUAS - DEBUG - [SUAS_main.main:736] - Waiting for mode change to: AUTO
2025-06-22 01:23:39,001 - SUAS - DEBUG - [SUAS_main.main:736] - Waiting for mode change to: AUTO
2025-06-22 01:23:39,503 - SUAS - DEBUG - [SUAS_main.main:736] - Waiting for mode change to: AUTO
2025-06-22 01:23:40,005 - SUAS - DEBUG - [SUAS_main.main:736] - Waiting for mode change to: AUTO
2025-06-22 01:23:40,507 - SUAS - DEBUG - [SUAS_main.main:736] - Waiting for mode change to: AUTO
2025-06-22 01:23:41,009 - SUAS - DEBUG - [SUAS_main.main:736] - Waiting for mode change to: AUTO
2025-06-22 01:23:41,510 - SUAS - DEBUG - [SUAS_main.main:736] - Waiting for mode change to: AUTO
2025-06-22 01:23:42,012 - SUAS - DEBUG - [SUAS_main.main:736] - Waiting for mode change to: AUTO
2025-06-22 01:23:42,513 - SUAS - DEBUG - [SUAS_main.main:736] - Waiting for mode change to: AUTO
2025-06-22 01:23:43,014 - SUAS - DEBUG - [SUAS_main.main:736] - Waiting for mode change to: AUTO
2025-06-22 01:23:43,516 - SUAS - DEBUG - [SUAS_main.main:736] - Waiting for mode change to: AUTO
2025-06-22 01:23:44,017 - SUAS - DEBUG - [SUAS_main.main:736] - Waiting for mode change to: AUTO
2025-06-22 01:23:44,519 - SUAS - DEBUG - [SUAS_main.main:736] - Waiting for mode change to: AUTO
2025-06-22 01:23:45,020 - SUAS - DEBUG - [SUAS_main.main:736] - Waiting for mode change to: AUTO
2025-06-22 01:23:45,523 - SUAS - DEBUG - [SUAS_main.main:736] - Waiting for mode change to: AUTO
2025-06-22 01:23:46,025 - SUAS - DEBUG - [SUAS_main.main:736] - Waiting for mode change to: AUTO
2025-06-22 01:23:46,533 - SUAS - DEBUG - [SUAS_main.main:736] - Waiting for mode change to: AUTO
2025-06-22 01:23:47,037 - SUAS - DEBUG - [SUAS_main.main:736] - Waiting for mode change to: AUTO
2025-06-22 01:23:47,539 - SUAS - DEBUG - [SUAS_main.main:736] - Waiting for mode change to: AUTO
2025-06-22 01:23:48,043 - SUAS - DEBUG - [SUAS_main.main:736] - Waiting for mode change to: AUTO
2025-06-22 01:23:48,545 - SUAS - DEBUG - [SUAS_main.main:736] - Waiting for mode change to: AUTO
2025-06-22 01:23:49,047 - SUAS - DEBUG - [SUAS_main.main:736] - Waiting for mode change to: AUTO
2025-06-22 01:23:49,549 - SUAS - DEBUG - [SUAS_main.main:736] - Waiting for mode change to: AUTO
2025-06-22 01:23:50,051 - SUAS - DEBUG - [SUAS_main.main:736] - Waiting for mode change to: AUTO
2025-06-22 01:23:50,552 - SUAS - DEBUG - [SUAS_main.main:736] - Waiting for mode change to: AUTO
2025-06-22 01:23:51,054 - SUAS - DEBUG - [SUAS_main.main:736] - Waiting for mode change to: AUTO
2025-06-22 01:23:51,556 - SUAS - DEBUG - [SUAS_main.main:736] - Waiting for mode change to: AUTO
2025-06-22 01:23:52,059 - SUAS - DEBUG - [SUAS_main.main:736] - Waiting for mode change to: AUTO
2025-06-22 01:23:52,560 - SUAS - DEBUG - [SUAS_main.main:736] - Waiting for mode change to: AUTO
2025-06-22 01:23:53,062 - SUAS - DEBUG - [SUAS_main.main:736] - Waiting for mode change to: AUTO
2025-06-22 01:23:53,565 - SUAS - DEBUG - [SUAS_main.main:736] - Waiting for mode change to: AUTO
2025-06-22 01:23:54,067 - SUAS - DEBUG - [SUAS_main.main:736] - Waiting for mode change to: AUTO
2025-06-22 01:23:54,572 - SUAS - DEBUG - [SUAS_main.main:736] - Waiting for mode change to: AUTO
2025-06-22 01:23:55,073 - SUAS - DEBUG - [SUAS_main.main:736] - Waiting for mode change to: AUTO
2025-06-22 01:23:55,575 - SUAS - DEBUG - [SUAS_main.main:736] - Waiting for mode change to: AUTO
2025-06-22 01:23:56,077 - SUAS - DEBUG - [SUAS_main.main:736] - Waiting for mode change to: AUTO
2025-06-22 01:23:56,580 - SUAS - DEBUG - [SUAS_main.main:736] - Waiting for mode change to: AUTO
2025-06-22 01:23:57,081 - SUAS - DEBUG - [SUAS_main.main:736] - Waiting for mode change to: AUTO
2025-06-22 01:23:57,583 - SUAS - DEBUG - [SUAS_main.main:736] - Waiting for mode change to: AUTO
2025-06-22 01:23:58,084 - SUAS - DEBUG - [SUAS_main.main:736] - Waiting for mode change to: AUTO
2025-06-22 01:23:58,586 - SUAS - DEBUG - [SUAS_main.main:736] - Waiting for mode change to: AUTO
2025-06-22 01:23:59,088 - SUAS - DEBUG - [SUAS_main.main:736] - Waiting for mode change to: AUTO
2025-06-22 01:23:59,589 - SUAS - DEBUG - [SUAS_main.main:736] - Waiting for mode change to: AUTO
2025-06-22 01:24:00,091 - SUAS - DEBUG - [SUAS_main.main:736] - Waiting for mode change to: AUTO
2025-06-22 01:24:00,593 - SUAS - DEBUG - [SUAS_main.main:736] - Waiting for mode change to: AUTO
2025-06-22 01:24:01,096 - SUAS - DEBUG - [SUAS_main.main:736] - Waiting for mode change to: AUTO
2025-06-22 01:24:01,598 - SUAS - DEBUG - [SUAS_main.main:736] - Waiting for mode change to: AUTO
2025-06-22 01:24:02,099 - SUAS - DEBUG - [SUAS_main.main:736] - Waiting for mode change to: AUTO
2025-06-22 01:24:02,601 - SUAS - DEBUG - [SUAS_main.main:736] - Waiting for mode change to: AUTO
2025-06-22 01:24:03,102 - SUAS - DEBUG - [SUAS_main.main:736] - Waiting for mode change to: AUTO
2025-06-22 01:24:03,604 - SUAS - DEBUG - [SUAS_main.main:736] - Waiting for mode change to: AUTO
2025-06-22 01:24:04,107 - SUAS - DEBUG - [SUAS_main.main:736] - Waiting for mode change to: AUTO
2025-06-22 01:24:04,611 - SUAS - DEBUG - [SUAS_main.main:736] - Waiting for mode change to: AUTO
2025-06-22 01:24:05,113 - SUAS - DEBUG - [SUAS_main.main:736] - Waiting for mode change to: AUTO
2025-06-22 01:24:05,614 - SUAS - DEBUG - [SUAS_main.main:736] - Waiting for mode change to: AUTO
2025-06-22 01:24:06,116 - SUAS - DEBUG - [SUAS_main.main:736] - Waiting for mode change to: AUTO
2025-06-22 01:24:06,618 - SUAS - DEBUG - [SUAS_main.main:736] - Waiting for mode change to: AUTO
2025-06-22 01:24:07,119 - SUAS - DEBUG - [SUAS_main.main:736] - Waiting for mode change to: AUTO
2025-06-22 01:24:07,621 - SUAS - DEBUG - [SUAS_main.main:736] - Waiting for mode change to: AUTO
2025-06-22 01:24:08,122 - SUAS - DEBUG - [SUAS_main.main:736] - Waiting for mode change to: AUTO
2025-06-22 01:24:08,624 - SUAS - DEBUG - [SUAS_main.main:736] - Waiting for mode change to: AUTO
2025-06-22 01:24:09,125 - SUAS - DEBUG - [SUAS_main.main:736] - Waiting for mode change to: AUTO
2025-06-22 01:24:09,627 - SUAS - DEBUG - [SUAS_main.main:736] - Waiting for mode change to: AUTO
2025-06-22 01:24:10,128 - SUAS - DEBUG - [SUAS_main.main:736] - Waiting for mode change to: AUTO
2025-06-22 01:24:10,629 - SUAS - DEBUG - [SUAS_main.main:736] - Waiting for mode change to: AUTO
2025-06-22 01:24:11,131 - SUAS - DEBUG - [SUAS_main.main:736] - Waiting for mode change to: AUTO
2025-06-22 01:24:11,632 - SUAS - DEBUG - [SUAS_main.main:736] - Waiting for mode change to: AUTO
2025-06-22 01:24:12,133 - SUAS - DEBUG - [SUAS_main.main:736] - Waiting for mode change to: AUTO
2025-06-22 01:24:12,635 - SUAS - DEBUG - [SUAS_main.main:736] - Waiting for mode change to: AUTO
2025-06-22 01:24:13,136 - SUAS - DEBUG - [SUAS_main.main:736] - Waiting for mode change to: AUTO
2025-06-22 01:24:13,637 - SUAS - DEBUG - [SUAS_main.main:736] - Waiting for mode change to: AUTO
2025-06-22 01:24:14,138 - SUAS - DEBUG - [SUAS_main.main:736] - Waiting for mode change to: AUTO
2025-06-22 01:24:14,640 - SUAS - DEBUG - [SUAS_main.main:736] - Waiting for mode change to: AUTO
2025-06-22 01:24:15,141 - SUAS - DEBUG - [SUAS_main.main:736] - Waiting for mode change to: AUTO
2025-06-22 01:24:15,643 - SUAS - DEBUG - [SUAS_main.main:736] - Waiting for mode change to: AUTO
2025-06-22 01:24:16,144 - SUAS - DEBUG - [SUAS_main.main:736] - Waiting for mode change to: AUTO
2025-06-22 01:24:16,645 - SUAS - DEBUG - [SUAS_main.main:736] - Waiting for mode change to: AUTO
2025-06-22 01:24:17,147 - SUAS - DEBUG - [SUAS_main.main:736] - Waiting for mode change to: AUTO
2025-06-22 01:24:17,649 - SUAS - DEBUG - [SUAS_main.main:736] - Waiting for mode change to: AUTO
2025-06-22 01:24:18,150 - SUAS - DEBUG - [SUAS_main.main:736] - Waiting for mode change to: AUTO
2025-06-22 01:24:18,652 - SUAS - DEBUG - [SUAS_main.main:736] - Waiting for mode change to: AUTO
2025-06-22 01:24:19,153 - SUAS - DEBUG - [SUAS_main.main:736] - Waiting for mode change to: AUTO
2025-06-22 01:24:19,655 - SUAS - DEBUG - [SUAS_main.main:736] - Waiting for mode change to: AUTO
2025-06-22 01:24:20,156 - SUAS - DEBUG - [SUAS_main.main:736] - Waiting for mode change to: AUTO
2025-06-22 01:24:20,657 - SUAS - DEBUG - [SUAS_main.main:736] - Waiting for mode change to: AUTO
2025-06-22 01:24:21,159 - SUAS - DEBUG - [SUAS_main.main:736] - Waiting for mode change to: AUTO
2025-06-22 01:24:21,660 - SUAS - DEBUG - [SUAS_main.main:736] - Waiting for mode change to: AUTO
2025-06-22 01:24:22,162 - SUAS - DEBUG - [SUAS_main.main:736] - Waiting for mode change to: AUTO
2025-06-22 01:24:22,663 - SUAS - DEBUG - [SUAS_main.main:736] - Waiting for mode change to: AUTO
2025-06-22 01:24:23,165 - SUAS - DEBUG - [SUAS_main.main:736] - Waiting for mode change to: AUTO
2025-06-22 01:24:23,667 - SUAS - DEBUG - [SUAS_main.main:736] - Waiting for mode change to: AUTO
2025-06-22 01:24:24,168 - SUAS - DEBUG - [SUAS_main.main:736] - Waiting for mode change to: AUTO
2025-06-22 01:24:24,670 - SUAS - DEBUG - [SUAS_main.main:736] - Waiting for mode change to: AUTO
2025-06-22 01:24:25,172 - SUAS - DEBUG - [SUAS_main.main:736] - Waiting for mode change to: AUTO
2025-06-22 01:24:25,674 - SUAS - DEBUG - [SUAS_main.main:736] - Waiting for mode change to: AUTO
2025-06-22 01:24:26,175 - SUAS - DEBUG - [SUAS_main.main:736] - Waiting for mode change to: AUTO
2025-06-22 01:24:26,677 - SUAS - DEBUG - [SUAS_main.main:736] - Waiting for mode change to: AUTO
2025-06-22 01:24:27,178 - SUAS - DEBUG - [SUAS_main.main:736] - Waiting for mode change to: AUTO
2025-06-22 01:24:27,680 - SUAS - DEBUG - [SUAS_main.main:736] - Waiting for mode change to: AUTO
2025-06-22 01:24:28,182 - SUAS - DEBUG - [SUAS_main.main:736] - Waiting for mode change to: AUTO
2025-06-22 01:24:28,683 - SUAS - DEBUG - [SUAS_main.main:736] - Waiting for mode change to: AUTO
2025-06-22 01:24:29,185 - SUAS - DEBUG - [SUAS_main.main:736] - Waiting for mode change to: AUTO
2025-06-22 01:24:29,687 - SUAS - DEBUG - [SUAS_main.main:736] - Waiting for mode change to: AUTO
2025-06-22 01:24:30,188 - SUAS - DEBUG - [SUAS_main.main:736] - Waiting for mode change to: AUTO
2025-06-22 01:24:30,690 - SUAS - DEBUG - [SUAS_main.main:736] - Waiting for mode change to: AUTO
2025-06-22 01:24:31,192 - SUAS - DEBUG - [SUAS_main.main:736] - Waiting for mode change to: AUTO
2025-06-22 01:24:31,693 - SUAS - DEBUG - [SUAS_main.main:736] - Waiting for mode change to: AUTO
2025-06-22 01:24:32,194 - SUAS - DEBUG - [SUAS_main.main:736] - Waiting for mode change to: AUTO
2025-06-22 01:24:32,696 - SUAS - DEBUG - [SUAS_main.main:736] - Waiting for mode change to: AUTO
2025-06-22 01:24:33,197 - SUAS - DEBUG - [SUAS_main.main:736] - Waiting for mode change to: AUTO
2025-06-22 01:24:33,699 - SUAS - DEBUG - [SUAS_main.main:736] - Waiting for mode change to: AUTO
2025-06-22 01:24:34,200 - SUAS - DEBUG - [SUAS_main.main:736] - Waiting for mode change to: AUTO
2025-06-22 01:24:34,701 - SUAS - DEBUG - [SUAS_main.main:736] - Waiting for mode change to: AUTO
2025-06-22 01:24:35,203 - SUAS - DEBUG - [SUAS_main.main:736] - Waiting for mode change to: AUTO
2025-06-22 01:24:35,704 - SUAS - DEBUG - [SUAS_main.main:736] - Waiting for mode change to: AUTO
2025-06-22 01:24:36,205 - SUAS - DEBUG - [SUAS_main.main:736] - Waiting for mode change to: AUTO
2025-06-22 01:24:36,707 - SUAS - DEBUG - [SUAS_main.main:736] - Waiting for mode change to: AUTO
2025-06-22 01:24:37,208 - SUAS - DEBUG - [SUAS_main.main:736] - Waiting for mode change to: AUTO
2025-06-22 01:24:37,710 - SUAS - DEBUG - [SUAS_main.main:736] - Waiting for mode change to: AUTO
2025-06-22 01:24:38,211 - SUAS - DEBUG - [SUAS_main.main:736] - Waiting for mode change to: AUTO
2025-06-22 01:24:38,713 - SUAS - DEBUG - [SUAS_main.main:736] - Waiting for mode change to: AUTO
2025-06-22 01:24:39,214 - SUAS - DEBUG - [SUAS_main.main:736] - Waiting for mode change to: AUTO
2025-06-22 01:24:39,716 - SUAS - DEBUG - [SUAS_main.main:736] - Waiting for mode change to: AUTO
2025-06-22 01:24:40,217 - SUAS - DEBUG - [SUAS_main.main:736] - Waiting for mode change to: AUTO
2025-06-22 01:24:40,719 - SUAS - DEBUG - [SUAS_main.main:736] - Waiting for mode change to: AUTO
2025-06-22 01:24:41,221 - SUAS - DEBUG - [SUAS_main.main:736] - Waiting for mode change to: AUTO
2025-06-22 01:24:41,722 - SUAS - DEBUG - [SUAS_main.main:736] - Waiting for mode change to: AUTO
2025-06-22 01:24:42,224 - SUAS - DEBUG - [SUAS_main.main:736] - Waiting for mode change to: AUTO
2025-06-22 01:24:42,725 - SUAS - DEBUG - [SUAS_main.main:736] - Waiting for mode change to: AUTO
2025-06-22 01:24:43,226 - SUAS - DEBUG - [SUAS_main.main:736] - Waiting for mode change to: AUTO
2025-06-22 01:24:43,728 - SUAS - DEBUG - [SUAS_main.main:736] - Waiting for mode change to: AUTO
2025-06-22 01:24:44,230 - SUAS - DEBUG - [SUAS_main.main:736] - Waiting for mode change to: AUTO
2025-06-22 01:24:44,731 - SUAS - DEBUG - [SUAS_main.main:736] - Waiting for mode change to: AUTO
2025-06-22 01:24:45,233 - SUAS - DEBUG - [SUAS_main.main:736] - Waiting for mode change to: AUTO
2025-06-22 01:24:45,734 - SUAS - DEBUG - [SUAS_main.main:736] - Waiting for mode change to: AUTO
2025-06-22 01:24:46,236 - SUAS - DEBUG - [SUAS_main.main:736] - Waiting for mode change to: AUTO
2025-06-22 01:24:46,737 - SUAS - DEBUG - [SUAS_main.main:736] - Waiting for mode change to: AUTO
2025-06-22 01:24:47,239 - SUAS - DEBUG - [SUAS_main.main:736] - Waiting for mode change to: AUTO
2025-06-22 01:24:47,740 - SUAS - DEBUG - [SUAS_main.main:736] - Waiting for mode change to: AUTO
2025-06-22 01:24:48,241 - SUAS - DEBUG - [SUAS_main.main:736] - Waiting for mode change to: AUTO
2025-06-22 01:24:48,743 - SUAS - DEBUG - [SUAS_main.main:736] - Waiting for mode change to: AUTO
2025-06-22 01:24:49,244 - SUAS - DEBUG - [SUAS_main.main:736] - Waiting for mode change to: AUTO
2025-06-22 01:24:49,745 - SUAS - DEBUG - [SUAS_main.main:736] - Waiting for mode change to: AUTO
2025-06-22 01:24:50,247 - SUAS - DEBUG - [SUAS_main.main:736] - Waiting for mode change to: AUTO
2025-06-22 01:24:50,750 - SUAS - DEBUG - [SUAS_main.main:736] - Waiting for mode change to: AUTO
2025-06-22 01:24:51,251 - SUAS - DEBUG - [SUAS_main.main:736] - Waiting for mode change to: AUTO
2025-06-22 01:24:51,753 - SUAS - DEBUG - [SUAS_main.main:736] - Waiting for mode change to: AUTO
2025-06-22 01:24:52,254 - SUAS - DEBUG - [SUAS_main.main:736] - Waiting for mode change to: AUTO
2025-06-22 01:24:52,756 - SUAS - DEBUG - [SUAS_main.main:736] - Waiting for mode change to: AUTO
2025-06-22 01:24:53,257 - SUAS - DEBUG - [SUAS_main.main:736] - Waiting for mode change to: AUTO
2025-06-22 01:24:53,758 - SUAS - DEBUG - [SUAS_main.main:736] - Waiting for mode change to: AUTO
2025-06-22 01:24:54,260 - SUAS - DEBUG - [SUAS_main.main:736] - Waiting for mode change to: AUTO
2025-06-22 01:24:54,761 - SUAS - DEBUG - [SUAS_main.main:736] - Waiting for mode change to: AUTO
2025-06-22 01:24:55,263 - SUAS - DEBUG - [SUAS_main.main:736] - Waiting for mode change to: AUTO
2025-06-22 01:24:55,764 - SUAS - DEBUG - [SUAS_main.main:736] - Waiting for mode change to: AUTO
2025-06-22 01:24:56,265 - SUAS - DEBUG - [SUAS_main.main:736] - Waiting for mode change to: AUTO
2025-06-22 01:24:56,767 - SUAS - DEBUG - [SUAS_main.main:736] - Waiting for mode change to: AUTO
2025-06-22 01:24:57,268 - SUAS - DEBUG - [SUAS_main.main:736] - Waiting for mode change to: AUTO
2025-06-22 01:24:57,770 - SUAS - DEBUG - [SUAS_main.main:736] - Waiting for mode change to: AUTO
2025-06-22 01:24:58,271 - SUAS - DEBUG - [SUAS_main.main:736] - Waiting for mode change to: AUTO
2025-06-22 01:24:58,773 - SUAS - DEBUG - [SUAS_main.main:736] - Waiting for mode change to: AUTO
2025-06-22 01:24:59,274 - SUAS - DEBUG - [SUAS_main.main:736] - Waiting for mode change to: AUTO
2025-06-22 01:24:59,776 - SUAS - DEBUG - [SUAS_main.main:736] - Waiting for mode change to: AUTO
2025-06-22 01:25:00,277 - SUAS - DEBUG - [SUAS_main.main:736] - Waiting for mode change to: AUTO
2025-06-22 01:25:00,778 - SUAS - DEBUG - [SUAS_main.main:736] - Waiting for mode change to: AUTO
2025-06-22 01:25:01,280 - SUAS - DEBUG - [SUAS_main.main:736] - Waiting for mode change to: AUTO
2025-06-22 01:25:01,809 - SUAS - DEBUG - [SUAS_main.main:736] - Waiting for mode change to: AUTO
2025-06-22 01:25:02,310 - SUAS - DEBUG - [SUAS_main.main:736] - Waiting for mode change to: AUTO
2025-06-22 01:25:02,812 - SUAS - DEBUG - [SUAS_main.main:736] - Waiting for mode change to: AUTO
2025-06-22 01:25:03,313 - SUAS - DEBUG - [SUAS_main.main:736] - Waiting for mode change to: AUTO
2025-06-22 01:25:03,815 - SUAS - DEBUG - [SUAS_main.main:736] - Waiting for mode change to: AUTO
2025-06-22 01:25:04,316 - SUAS - DEBUG - [SUAS_main.main:736] - Waiting for mode change to: AUTO
2025-06-22 01:25:04,817 - SUAS - DEBUG - [SUAS_main.main:736] - Waiting for mode change to: AUTO
2025-06-22 01:25:05,319 - SUAS - DEBUG - [SUAS_main.main:736] - Waiting for mode change to: AUTO
2025-06-22 01:25:05,820 - SUAS - DEBUG - [SUAS_main.main:736] - Waiting for mode change to: AUTO
2025-06-22 01:25:06,321 - SUAS - DEBUG - [SUAS_main.main:736] - Waiting for mode change to: AUTO
2025-06-22 01:25:06,823 - SUAS - DEBUG - [SUAS_main.main:736] - Waiting for mode change to: AUTO
2025-06-22 01:25:07,324 - SUAS - DEBUG - [SUAS_main.main:736] - Waiting for mode change to: AUTO
2025-06-22 01:25:07,825 - SUAS - DEBUG - [SUAS_main.main:736] - Waiting for mode change to: AUTO
2025-06-22 01:25:08,327 - SUAS - DEBUG - [SUAS_main.main:736] - Waiting for mode change to: AUTO
2025-06-22 01:25:08,828 - SUAS - DEBUG - [SUAS_main.main:736] - Waiting for mode change to: AUTO
2025-06-22 01:25:09,331 - SUAS - DEBUG - [SUAS_main.main:736] - Waiting for mode change to: AUTO
2025-06-22 01:25:09,832 - SUAS - DEBUG - [SUAS_main.main:736] - Waiting for mode change to: AUTO
2025-06-22 01:25:10,333 - SUAS - DEBUG - [SUAS_main.main:736] - Waiting for mode change to: AUTO
2025-06-22 01:25:10,834 - SUAS - DEBUG - [SUAS_main.main:736] - Waiting for mode change to: AUTO
2025-06-22 01:25:11,336 - SUAS - DEBUG - [SUAS_main.main:736] - Waiting for mode change to: AUTO
2025-06-22 01:25:11,837 - SUAS - DEBUG - [SUAS_main.main:736] - Waiting for mode change to: AUTO
2025-06-22 01:25:12,339 - SUAS - DEBUG - [SUAS_main.main:736] - Waiting for mode change to: AUTO
2025-06-22 01:25:12,840 - SUAS - DEBUG - [SUAS_main.main:736] - Waiting for mode change to: AUTO
2025-06-22 01:25:13,342 - SUAS - DEBUG - [SUAS_main.main:736] - Waiting for mode change to: AUTO
2025-06-22 01:25:13,843 - SUAS - DEBUG - [SUAS_main.main:736] - Waiting for mode change to: AUTO
2025-06-22 01:25:14,345 - SUAS - DEBUG - [SUAS_main.main:736] - Waiting for mode change to: AUTO
2025-06-22 01:25:14,846 - SUAS - DEBUG - [SUAS_main.main:736] - Waiting for mode change to: AUTO
2025-06-22 01:25:15,348 - SUAS - DEBUG - [SUAS_main.main:736] - Waiting for mode change to: AUTO
2025-06-22 01:25:15,849 - SUAS - DEBUG - [SUAS_main.main:736] - Waiting for mode change to: AUTO
2025-06-22 01:25:16,351 - SUAS - DEBUG - [SUAS_main.main:736] - Waiting for mode change to: AUTO
2025-06-22 01:25:16,852 - SUAS - DEBUG - [SUAS_main.main:736] - Waiting for mode change to: AUTO
2025-06-22 01:25:17,354 - SUAS - DEBUG - [SUAS_main.main:736] - Waiting for mode change to: AUTO
2025-06-22 01:25:17,856 - SUAS - DEBUG - [SUAS_main.main:736] - Waiting for mode change to: AUTO
2025-06-22 01:25:18,357 - SUAS - DEBUG - [SUAS_main.main:736] - Waiting for mode change to: AUTO
2025-06-22 01:25:18,859 - SUAS - DEBUG - [SUAS_main.main:736] - Waiting for mode change to: AUTO
2025-06-22 01:25:19,361 - SUAS - DEBUG - [SUAS_main.main:736] - Waiting for mode change to: AUTO
2025-06-22 01:25:19,862 - SUAS - DEBUG - [SUAS_main.main:736] - Waiting for mode change to: AUTO
2025-06-22 01:25:20,364 - SUAS - DEBUG - [SUAS_main.main:736] - Waiting for mode change to: AUTO
2025-06-22 01:25:20,865 - SUAS - DEBUG - [SUAS_main.main:736] - Waiting for mode change to: AUTO
2025-06-22 01:25:21,367 - SUAS - DEBUG - [SUAS_main.main:736] - Waiting for mode change to: AUTO
2025-06-22 01:25:21,868 - SUAS - DEBUG - [SUAS_main.main:736] - Waiting for mode change to: AUTO
2025-06-22 01:25:22,370 - SUAS - DEBUG - [SUAS_main.main:736] - Waiting for mode change to: AUTO
2025-06-22 01:25:22,872 - SUAS - DEBUG - [SUAS_main.main:736] - Waiting for mode change to: AUTO
2025-06-22 01:25:23,373 - SUAS - DEBUG - [SUAS_main.main:736] - Waiting for mode change to: AUTO
2025-06-22 01:25:23,874 - SUAS - DEBUG - [SUAS_main.main:736] - Waiting for mode change to: AUTO
2025-06-22 01:25:24,376 - SUAS - DEBUG - [SUAS_main.main:736] - Waiting for mode change to: AUTO
2025-06-22 01:25:24,877 - SUAS - DEBUG - [SUAS_main.main:736] - Waiting for mode change to: AUTO
2025-06-22 01:25:25,379 - SUAS - DEBUG - [SUAS_main.main:736] - Waiting for mode change to: AUTO
2025-06-22 01:25:25,880 - SUAS - DEBUG - [SUAS_main.main:736] - Waiting for mode change to: AUTO
2025-06-22 01:25:26,381 - SUAS - DEBUG - [SUAS_main.main:736] - Waiting for mode change to: AUTO
2025-06-22 01:25:26,883 - SUAS - DEBUG - [SUAS_main.main:736] - Waiting for mode change to: AUTO
2025-06-22 01:25:27,384 - SUAS - DEBUG - [SUAS_main.main:736] - Waiting for mode change to: AUTO
2025-06-22 01:25:27,886 - SUAS - DEBUG - [SUAS_main.main:736] - Waiting for mode change to: AUTO
2025-06-22 01:25:28,387 - SUAS - DEBUG - [SUAS_main.main:736] - Waiting for mode change to: AUTO
2025-06-22 01:25:28,889 - SUAS - DEBUG - [SUAS_main.main:736] - Waiting for mode change to: AUTO
2025-06-22 01:25:29,391 - SUAS - DEBUG - [SUAS_main.main:736] - Waiting for mode change to: AUTO
2025-06-22 01:25:29,894 - SUAS - DEBUG - [SUAS_main.main:736] - Waiting for mode change to: AUTO
2025-06-22 01:25:30,395 - SUAS - DEBUG - [SUAS_main.main:736] - Waiting for mode change to: AUTO
2025-06-22 01:25:30,897 - SUAS - DEBUG - [SUAS_main.main:736] - Waiting for mode change to: AUTO
2025-06-22 01:25:31,399 - SUAS - DEBUG - [SUAS_main.main:736] - Waiting for mode change to: AUTO
2025-06-22 01:25:31,901 - SUAS - DEBUG - [SUAS_main.main:736] - Waiting for mode change to: AUTO
2025-06-22 01:25:32,403 - SUAS - DEBUG - [SUAS_main.main:736] - Waiting for mode change to: AUTO
2025-06-22 01:25:32,904 - SUAS - DEBUG - [SUAS_main.main:736] - Waiting for mode change to: AUTO
2025-06-22 01:25:33,406 - SUAS - DEBUG - [SUAS_main.main:736] - Waiting for mode change to: AUTO
2025-06-22 01:25:33,907 - SUAS - DEBUG - [SUAS_main.main:736] - Waiting for mode change to: AUTO
2025-06-22 01:25:34,410 - SUAS - DEBUG - [SUAS_main.main:736] - Waiting for mode change to: AUTO
2025-06-22 01:25:34,912 - SUAS - DEBUG - [SUAS_main.main:736] - Waiting for mode change to: AUTO
2025-06-22 01:25:35,413 - SUAS - DEBUG - [SUAS_main.main:736] - Waiting for mode change to: AUTO
2025-06-22 01:25:35,915 - SUAS - DEBUG - [SUAS_main.main:736] - Waiting for mode change to: AUTO
2025-06-22 01:25:36,416 - SUAS - DEBUG - [SUAS_main.main:736] - Waiting for mode change to: AUTO
2025-06-22 01:25:36,917 - SUAS - DEBUG - [SUAS_main.main:736] - Waiting for mode change to: AUTO
2025-06-22 01:25:37,419 - SUAS - DEBUG - [SUAS_main.main:736] - Waiting for mode change to: AUTO
2025-06-22 01:25:37,920 - SUAS - DEBUG - [SUAS_main.main:736] - Waiting for mode change to: AUTO
2025-06-22 01:25:38,421 - SUAS - DEBUG - [SUAS_main.main:736] - Waiting for mode change to: AUTO
2025-06-22 01:25:38,923 - SUAS - DEBUG - [SUAS_main.main:736] - Waiting for mode change to: AUTO
2025-06-22 01:25:39,424 - SUAS - DEBUG - [SUAS_main.main:736] - Waiting for mode change to: AUTO
2025-06-22 01:25:39,925 - SUAS - DEBUG - [SUAS_main.main:736] - Waiting for mode change to: AUTO
2025-06-22 01:25:40,427 - SUAS - DEBUG - [SUAS_main.main:736] - Waiting for mode change to: AUTO
2025-06-22 01:25:40,928 - SUAS - DEBUG - [SUAS_main.main:736] - Waiting for mode change to: AUTO
2025-06-22 01:25:41,430 - SUAS - DEBUG - [SUAS_main.main:736] - Waiting for mode change to: AUTO
2025-06-22 01:25:41,931 - SUAS - DEBUG - [SUAS_main.main:736] - Waiting for mode change to: AUTO
2025-06-22 01:25:42,433 - SUAS - DEBUG - [SUAS_main.main:736] - Waiting for mode change to: AUTO
2025-06-22 01:25:42,934 - SUAS - DEBUG - [SUAS_main.main:736] - Waiting for mode change to: AUTO
2025-06-22 01:25:43,436 - SUAS - DEBUG - [SUAS_main.main:736] - Waiting for mode change to: AUTO
2025-06-22 01:25:43,939 - SUAS - DEBUG - [SUAS_main.main:736] - Waiting for mode change to: AUTO
2025-06-22 01:25:44,441 - SUAS - DEBUG - [SUAS_main.main:736] - Waiting for mode change to: AUTO
2025-06-22 01:25:44,942 - SUAS - DEBUG - [SUAS_main.main:736] - Waiting for mode change to: AUTO
2025-06-22 01:25:45,444 - SUAS - DEBUG - [SUAS_main.main:736] - Waiting for mode change to: AUTO
2025-06-22 01:25:45,946 - SUAS - DEBUG - [SUAS_main.main:736] - Waiting for mode change to: AUTO
2025-06-22 01:25:46,447 - SUAS - DEBUG - [SUAS_main.main:736] - Waiting for mode change to: AUTO
2025-06-22 01:25:46,949 - SUAS - DEBUG - [SUAS_main.main:736] - Waiting for mode change to: AUTO
