2025-06-22 00:46:07,824 - SUAS - DEBUG - [SUAS_main.__init__:204] - (38.8510385, -76.7002943, -1.499)
2025-06-22 00:46:07,825 - SUAS - DEBUG - [SUAS_main.__init__:210] - Opening camera with pipeline:
nvarguscamerasrc sensor-id=0 aelock=false awblock=True wbmode=6 exposurecompensation=-1.7 ! video/x-raw(memory:NVMM), width=(int)4032, height=(int)3040, framerate=(fraction)19/1 ! nvvidconv flip-method=0 ! video/x-raw, format=(string)BGRx ! videoconvert ! video/x-raw, format=(string)BGR ! appsink
2025-06-22 00:46:13,013 - SUAS - DEBUG - [SUAS_main.take_photo_opencv:426] - Saved photo to init_test_photo/image_1.jpg
2025-06-22 00:46:14,016 - SUAS - DEBUG - [SUAS_main.__init__:102] - Initial flight mode: ALT_HOLD
2025-06-22 00:46:14,721 - SUAS - DEBUG - [SUAS_main.main:690] - Download Waypoints - Completed
2025-06-22 00:46:14,722 - SUAS - DEBUG - [SUAS_main.main:693] - WP SET TO 2
2025-06-22 00:46:15,016 - SUAS - DEBUG - [SUAS_main._rc_listener_thread:288] - Failed to receive RC message: '9'
Traceback (most recent call last):
  File "/home/itunom/System/SUAS_main.py", line 285, in _rc_listener_thread
    ch9 = self.vehicle.channels['9']
  File "/home/itunom/.local/lib/python3.10/site-packages/dronekit/__init__.py", line 780, in __getitem__
    return dict.__getitem__(self, str(key))
KeyError: '9'
2025-06-22 00:46:15,724 - SUAS - DEBUG - [SUAS_main.main:705] - ------------------------------10---------------------------
2025-06-22 00:46:15,726 - SUAS - DEBUG - [SUAS_main.main:714] - ------------------------------------------------------------------------
2025-06-22 00:46:15,726 - SUAS - DEBUG - [SUAS_main.main:715] - No DOJUMP
2025-06-22 00:46:15,744 - SUAS - DEBUG - [SUAS_main.main:716] - ------------------------------------------------------------------------
2025-06-22 00:46:15,954 - SUAS - DEBUG - [SUAS_main.main:725] - Download Changed Waypoints - Completed
2025-06-22 00:46:15,955 - SUAS - DEBUG - [SUAS_main.main:732] - ------------------------------11 - updated---------------------------
2025-06-22 00:46:15,956 - SUAS - DEBUG - [SUAS_main.main:739] - Waiting for mode change to: AUTO
2025-06-22 00:46:16,021 - SUAS - DEBUG - [SUAS_main._rc_listener_thread:288] - Failed to receive RC message: '9'
Traceback (most recent call last):
  File "/home/itunom/System/SUAS_main.py", line 285, in _rc_listener_thread
    ch9 = self.vehicle.channels['9']
  File "/home/itunom/.local/lib/python3.10/site-packages/dronekit/__init__.py", line 780, in __getitem__
    return dict.__getitem__(self, str(key))
KeyError: '9'
