2025-06-20 23:07:39,590 - SUAS - DEBUG - [SUAS_main.__init__:204] - (38.8510087, -76.7003099, 2.727)
2025-06-20 23:07:39,591 - SUAS - DEBUG - [SUAS_main.__init__:210] - Opening camera with pipeline:
nvarguscamerasrc sensor-id=0 aelock=false awblock=True wbmode=6 exposurecompensation=-1.5 ! video/x-raw(memory:NVMM), width=(int)4032, height=(int)3040, framerate=(fraction)19/1 ! nvvidconv flip-method=0 ! video/x-raw, format=(string)BGRx ! videoconvert ! video/x-raw, format=(string)BGR ! appsink
2025-06-20 23:07:44,291 - SUAS - DEBUG - [SUAS_main.take_photo_opencv:365] - Saved photo to init_test_photo/image_1.jpg
2025-06-20 23:07:45,293 - SUAS - DEBUG - [SUAS_main.__init__:102] - Initial flight mode: ALT_HOLD
2025-06-20 23:07:45,990 - SUAS - DEBUG - [SUAS_main.main:628] - Download Waypoints - Completed
2025-06-20 23:07:45,991 - SUAS - DEBUG - [SUAS_main.main:631] - WP SET TO 2
2025-06-20 23:07:46,993 - SUAS - DEBUG - [SUAS_main.main:643] - ------------------------------6---------------------------
2025-06-20 23:07:46,994 - SUAS - DEBUG - [SUAS_main.main:652] - ------------------------------------------------------------------------
2025-06-20 23:07:46,995 - SUAS - DEBUG - [SUAS_main.main:653] - No DOJUMP
2025-06-20 23:07:46,995 - SUAS - DEBUG - [SUAS_main.main:654] - ------------------------------------------------------------------------
2025-06-20 23:07:47,199 - SUAS - DEBUG - [SUAS_main.main:663] - Download Changed Waypoints - Completed
2025-06-20 23:07:47,201 - SUAS - DEBUG - [SUAS_main.main:670] - ------------------------------7 - updated---------------------------
2025-06-20 23:07:47,202 - SUAS - DEBUG - [SUAS_main.main:677] - Waiting for mode change to: AUTO
2025-06-20 23:07:47,704 - SUAS - DEBUG - [SUAS_main.main:677] - Waiting for mode change to: AUTO
2025-06-20 23:07:48,205 - SUAS - DEBUG - [SUAS_main.main:677] - Waiting for mode change to: AUTO
2025-06-20 23:07:48,706 - SUAS - DEBUG - [SUAS_main.main:677] - Waiting for mode change to: AUTO
2025-06-20 23:07:49,208 - SUAS - DEBUG - [SUAS_main.main:677] - Waiting for mode change to: AUTO
2025-06-20 23:07:49,709 - SUAS - DEBUG - [SUAS_main.main:677] - Waiting for mode change to: AUTO
2025-06-20 23:07:50,210 - SUAS - DEBUG - [SUAS_main.main:677] - Waiting for mode change to: AUTO
2025-06-20 23:07:50,712 - SUAS - DEBUG - [SUAS_main.main:677] - Waiting for mode change to: AUTO
2025-06-20 23:07:51,213 - SUAS - DEBUG - [SUAS_main.main:677] - Waiting for mode change to: AUTO
2025-06-20 23:07:51,715 - SUAS - DEBUG - [SUAS_main.main:677] - Waiting for mode change to: AUTO
2025-06-20 23:07:52,216 - SUAS - DEBUG - [SUAS_main.main:677] - Waiting for mode change to: AUTO
2025-06-20 23:07:52,717 - SUAS - DEBUG - [SUAS_main.main:677] - Waiting for mode change to: AUTO
2025-06-20 23:07:53,218 - SUAS - DEBUG - [SUAS_main.main:677] - Waiting for mode change to: AUTO
2025-06-20 23:07:53,720 - SUAS - DEBUG - [SUAS_main.main:677] - Waiting for mode change to: AUTO
2025-06-20 23:07:54,222 - SUAS - DEBUG - [SUAS_main.main:677] - Waiting for mode change to: AUTO
2025-06-20 23:07:54,723 - SUAS - DEBUG - [SUAS_main.main:677] - Waiting for mode change to: AUTO
2025-06-20 23:07:55,225 - SUAS - DEBUG - [SUAS_main.main:677] - Waiting for mode change to: AUTO
2025-06-20 23:07:55,727 - SUAS - DEBUG - [SUAS_main.main:677] - Waiting for mode change to: AUTO
2025-06-20 23:07:56,228 - SUAS - DEBUG - [SUAS_main.main:677] - Waiting for mode change to: AUTO
2025-06-20 23:07:56,730 - SUAS - DEBUG - [SUAS_main.main:677] - Waiting for mode change to: AUTO
2025-06-20 23:07:57,231 - SUAS - DEBUG - [SUAS_main.main:677] - Waiting for mode change to: AUTO
2025-06-20 23:07:57,733 - SUAS - DEBUG - [SUAS_main.main:677] - Waiting for mode change to: AUTO
2025-06-20 23:07:58,234 - SUAS - DEBUG - [SUAS_main.main:677] - Waiting for mode change to: AUTO
2025-06-20 23:07:58,736 - SUAS - DEBUG - [SUAS_main.main:677] - Waiting for mode change to: AUTO
2025-06-20 23:07:59,237 - SUAS - DEBUG - [SUAS_main.main:677] - Waiting for mode change to: AUTO
2025-06-20 23:07:59,739 - SUAS - DEBUG - [SUAS_main.main:677] - Waiting for mode change to: AUTO
2025-06-20 23:08:00,240 - SUAS - DEBUG - [SUAS_main.main:677] - Waiting for mode change to: AUTO
2025-06-20 23:08:00,742 - SUAS - DEBUG - [SUAS_main.main:677] - Waiting for mode change to: AUTO
2025-06-20 23:08:01,243 - SUAS - DEBUG - [SUAS_main.main:677] - Waiting for mode change to: AUTO
2025-06-20 23:08:01,745 - SUAS - DEBUG - [SUAS_main.main:677] - Waiting for mode change to: AUTO
2025-06-20 23:08:02,247 - SUAS - DEBUG - [SUAS_main.main:677] - Waiting for mode change to: AUTO
2025-06-20 23:08:02,748 - SUAS - DEBUG - [SUAS_main.main:677] - Waiting for mode change to: AUTO
2025-06-20 23:08:03,249 - SUAS - DEBUG - [SUAS_main.main:677] - Waiting for mode change to: AUTO
2025-06-20 23:08:03,750 - SUAS - DEBUG - [SUAS_main.main:677] - Waiting for mode change to: AUTO
2025-06-20 23:08:04,252 - SUAS - DEBUG - [SUAS_main.main:677] - Waiting for mode change to: AUTO
2025-06-20 23:08:04,753 - SUAS - DEBUG - [SUAS_main.main:677] - Waiting for mode change to: AUTO
2025-06-20 23:08:05,255 - SUAS - DEBUG - [SUAS_main.main:677] - Waiting for mode change to: AUTO
2025-06-20 23:08:05,756 - SUAS - DEBUG - [SUAS_main.main:677] - Waiting for mode change to: AUTO
2025-06-20 23:08:06,258 - SUAS - DEBUG - [SUAS_main.main:677] - Waiting for mode change to: AUTO
2025-06-20 23:08:06,759 - SUAS - DEBUG - [SUAS_main.main:677] - Waiting for mode change to: AUTO
2025-06-20 23:08:07,261 - SUAS - DEBUG - [SUAS_main.main:677] - Waiting for mode change to: AUTO
2025-06-20 23:08:07,762 - SUAS - DEBUG - [SUAS_main.main:677] - Waiting for mode change to: AUTO
2025-06-20 23:08:08,264 - SUAS - DEBUG - [SUAS_main.main:677] - Waiting for mode change to: AUTO
2025-06-20 23:08:08,765 - SUAS - DEBUG - [SUAS_main.main:677] - Waiting for mode change to: AUTO
2025-06-20 23:08:09,267 - SUAS - DEBUG - [SUAS_main.main:677] - Waiting for mode change to: AUTO
2025-06-20 23:08:09,769 - SUAS - DEBUG - [SUAS_main.main:677] - Waiting for mode change to: AUTO
2025-06-20 23:08:10,270 - SUAS - DEBUG - [SUAS_main.main:677] - Waiting for mode change to: AUTO
2025-06-20 23:08:10,772 - SUAS - DEBUG - [SUAS_main.main:677] - Waiting for mode change to: AUTO
2025-06-20 23:08:11,273 - SUAS - DEBUG - [SUAS_main.main:677] - Waiting for mode change to: AUTO
2025-06-20 23:08:11,774 - SUAS - DEBUG - [SUAS_main.main:677] - Waiting for mode change to: AUTO
2025-06-20 23:08:12,276 - SUAS - DEBUG - [SUAS_main.main:677] - Waiting for mode change to: AUTO
2025-06-20 23:08:12,777 - SUAS - DEBUG - [SUAS_main.main:677] - Waiting for mode change to: AUTO
2025-06-20 23:08:13,279 - SUAS - DEBUG - [SUAS_main.main:677] - Waiting for mode change to: AUTO
2025-06-20 23:08:13,780 - SUAS - DEBUG - [SUAS_main.main:677] - Waiting for mode change to: AUTO
2025-06-20 23:08:14,282 - SUAS - DEBUG - [SUAS_main.main:677] - Waiting for mode change to: AUTO
2025-06-20 23:08:14,783 - SUAS - DEBUG - [SUAS_main.main:677] - Waiting for mode change to: AUTO
2025-06-20 23:08:15,285 - SUAS - DEBUG - [SUAS_main.main:677] - Waiting for mode change to: AUTO
2025-06-20 23:08:15,786 - SUAS - DEBUG - [SUAS_main.main:677] - Waiting for mode change to: AUTO
2025-06-20 23:08:16,288 - SUAS - DEBUG - [SUAS_main.main:677] - Waiting for mode change to: AUTO
2025-06-20 23:08:16,790 - SUAS - DEBUG - [SUAS_main.main:677] - Waiting for mode change to: AUTO
2025-06-20 23:08:17,291 - SUAS - DEBUG - [SUAS_main.main:677] - Waiting for mode change to: AUTO
2025-06-20 23:08:17,793 - SUAS - DEBUG - [SUAS_main.main:677] - Waiting for mode change to: AUTO
2025-06-20 23:08:18,294 - SUAS - DEBUG - [SUAS_main.main:677] - Waiting for mode change to: AUTO
2025-06-20 23:08:18,796 - SUAS - DEBUG - [SUAS_main.main:677] - Waiting for mode change to: AUTO
2025-06-20 23:08:19,297 - SUAS - DEBUG - [SUAS_main.main:677] - Waiting for mode change to: AUTO
2025-06-20 23:08:19,798 - SUAS - DEBUG - [SUAS_main.main:677] - Waiting for mode change to: AUTO
2025-06-20 23:08:20,301 - SUAS - DEBUG - [SUAS_main.main:677] - Waiting for mode change to: AUTO
2025-06-20 23:08:20,802 - SUAS - DEBUG - [SUAS_main.main:677] - Waiting for mode change to: AUTO
2025-06-20 23:08:21,304 - SUAS - DEBUG - [SUAS_main.main:677] - Waiting for mode change to: AUTO
2025-06-20 23:08:21,806 - SUAS - DEBUG - [SUAS_main.main:677] - Waiting for mode change to: AUTO
2025-06-20 23:08:22,307 - SUAS - DEBUG - [SUAS_main.main:677] - Waiting for mode change to: AUTO
2025-06-20 23:08:22,809 - SUAS - DEBUG - [SUAS_main.main:677] - Waiting for mode change to: AUTO
2025-06-20 23:08:23,310 - SUAS - DEBUG - [SUAS_main.main:677] - Waiting for mode change to: AUTO
2025-06-20 23:08:23,811 - SUAS - DEBUG - [SUAS_main.main:677] - Waiting for mode change to: AUTO
2025-06-20 23:08:24,313 - SUAS - DEBUG - [SUAS_main.main:677] - Waiting for mode change to: AUTO
2025-06-20 23:08:24,814 - SUAS - DEBUG - [SUAS_main.main:677] - Waiting for mode change to: AUTO
2025-06-20 23:08:25,316 - SUAS - DEBUG - [SUAS_main.main:677] - Waiting for mode change to: AUTO
2025-06-20 23:08:25,817 - SUAS - DEBUG - [SUAS_main.main:677] - Waiting for mode change to: AUTO
2025-06-20 23:08:26,318 - SUAS - DEBUG - [SUAS_main.main:677] - Waiting for mode change to: AUTO
2025-06-20 23:08:26,820 - SUAS - DEBUG - [SUAS_main.main:677] - Waiting for mode change to: AUTO
2025-06-20 23:08:27,321 - SUAS - DEBUG - [SUAS_main.main:677] - Waiting for mode change to: AUTO
2025-06-20 23:08:27,822 - SUAS - DEBUG - [SUAS_main.main:677] - Waiting for mode change to: AUTO
2025-06-20 23:08:28,324 - SUAS - DEBUG - [SUAS_main.main:677] - Waiting for mode change to: AUTO
2025-06-20 23:08:28,826 - SUAS - DEBUG - [SUAS_main.main:677] - Waiting for mode change to: AUTO
2025-06-20 23:08:29,328 - SUAS - DEBUG - [SUAS_main.main:677] - Waiting for mode change to: AUTO
2025-06-20 23:08:29,830 - SUAS - DEBUG - [SUAS_main.main:677] - Waiting for mode change to: AUTO
2025-06-20 23:08:30,331 - SUAS - DEBUG - [SUAS_main.main:677] - Waiting for mode change to: AUTO
2025-06-20 23:08:30,833 - SUAS - DEBUG - [SUAS_main.main:677] - Waiting for mode change to: AUTO
2025-06-20 23:08:31,334 - SUAS - DEBUG - [SUAS_main.main:677] - Waiting for mode change to: AUTO
2025-06-20 23:08:31,836 - SUAS - DEBUG - [SUAS_main.main:677] - Waiting for mode change to: AUTO
2025-06-20 23:08:32,337 - SUAS - DEBUG - [SUAS_main.main:677] - Waiting for mode change to: AUTO
2025-06-20 23:08:32,838 - SUAS - DEBUG - [SUAS_main.main:677] - Waiting for mode change to: AUTO
2025-06-20 23:08:33,340 - SUAS - DEBUG - [SUAS_main.main:677] - Waiting for mode change to: AUTO
2025-06-20 23:08:33,841 - SUAS - DEBUG - [SUAS_main.main:677] - Waiting for mode change to: AUTO
2025-06-20 23:08:34,343 - SUAS - DEBUG - [SUAS_main.main:677] - Waiting for mode change to: AUTO
2025-06-20 23:08:34,845 - SUAS - DEBUG - [SUAS_main.main:677] - Waiting for mode change to: AUTO
2025-06-20 23:08:35,346 - SUAS - DEBUG - [SUAS_main.main:677] - Waiting for mode change to: AUTO
2025-06-20 23:08:35,848 - SUAS - DEBUG - [SUAS_main.main:677] - Waiting for mode change to: AUTO
2025-06-20 23:08:36,349 - SUAS - DEBUG - [SUAS_main.main:677] - Waiting for mode change to: AUTO
2025-06-20 23:08:36,850 - SUAS - DEBUG - [SUAS_main.main:677] - Waiting for mode change to: AUTO
2025-06-20 23:08:37,352 - SUAS - DEBUG - [SUAS_main.main:677] - Waiting for mode change to: AUTO
2025-06-20 23:08:37,853 - SUAS - DEBUG - [SUAS_main.main:677] - Waiting for mode change to: AUTO
2025-06-20 23:08:38,354 - SUAS - DEBUG - [SUAS_main.main:677] - Waiting for mode change to: AUTO
2025-06-20 23:08:38,856 - SUAS - DEBUG - [SUAS_main.main:677] - Waiting for mode change to: AUTO
2025-06-20 23:08:39,357 - SUAS - DEBUG - [SUAS_main.main:677] - Waiting for mode change to: AUTO
2025-06-20 23:08:39,858 - SUAS - DEBUG - [SUAS_main.main:677] - Waiting for mode change to: AUTO
2025-06-20 23:08:40,360 - SUAS - DEBUG - [SUAS_main.main:677] - Waiting for mode change to: AUTO
2025-06-20 23:08:40,861 - SUAS - DEBUG - [SUAS_main.main:677] - Waiting for mode change to: AUTO
2025-06-20 23:08:41,362 - SUAS - DEBUG - [SUAS_main.main:677] - Waiting for mode change to: AUTO
2025-06-20 23:08:41,864 - SUAS - DEBUG - [SUAS_main.main:677] - Waiting for mode change to: AUTO
2025-06-20 23:08:42,366 - SUAS - DEBUG - [SUAS_main.main:677] - Waiting for mode change to: AUTO
2025-06-20 23:08:42,867 - SUAS - DEBUG - [SUAS_main.main:677] - Waiting for mode change to: AUTO
2025-06-20 23:08:43,369 - SUAS - DEBUG - [SUAS_main.main:677] - Waiting for mode change to: AUTO
2025-06-20 23:08:43,870 - SUAS - DEBUG - [SUAS_main.main:677] - Waiting for mode change to: AUTO
2025-06-20 23:08:44,372 - SUAS - DEBUG - [SUAS_main.main:677] - Waiting for mode change to: AUTO
2025-06-20 23:08:44,873 - SUAS - DEBUG - [SUAS_main.main:677] - Waiting for mode change to: AUTO
2025-06-20 23:08:45,375 - SUAS - DEBUG - [SUAS_main.main:677] - Waiting for mode change to: AUTO
2025-06-20 23:08:45,876 - SUAS - DEBUG - [SUAS_main.main:677] - Waiting for mode change to: AUTO
2025-06-20 23:08:46,377 - SUAS - DEBUG - [SUAS_main.main:677] - Waiting for mode change to: AUTO
2025-06-20 23:08:46,879 - SUAS - DEBUG - [SUAS_main.main:677] - Waiting for mode change to: AUTO
2025-06-20 23:08:47,380 - SUAS - DEBUG - [SUAS_main.main:677] - Waiting for mode change to: AUTO
2025-06-20 23:08:47,881 - SUAS - DEBUG - [SUAS_main.main:677] - Waiting for mode change to: AUTO
2025-06-20 23:08:48,383 - SUAS - DEBUG - [SUAS_main.main:677] - Waiting for mode change to: AUTO
2025-06-20 23:08:48,884 - SUAS - DEBUG - [SUAS_main.main:677] - Waiting for mode change to: AUTO
2025-06-20 23:08:49,386 - SUAS - DEBUG - [SUAS_main.main:677] - Waiting for mode change to: AUTO
2025-06-20 23:08:49,887 - SUAS - DEBUG - [SUAS_main.main:677] - Waiting for mode change to: AUTO
2025-06-20 23:08:50,389 - SUAS - DEBUG - [SUAS_main.main:677] - Waiting for mode change to: AUTO
2025-06-20 23:08:50,890 - SUAS - DEBUG - [SUAS_main.main:677] - Waiting for mode change to: AUTO
2025-06-20 23:08:51,392 - SUAS - DEBUG - [SUAS_main.main:677] - Waiting for mode change to: AUTO
2025-06-20 23:08:51,893 - SUAS - DEBUG - [SUAS_main.main:677] - Waiting for mode change to: AUTO
2025-06-20 23:08:52,394 - SUAS - DEBUG - [SUAS_main.main:677] - Waiting for mode change to: AUTO
2025-06-20 23:08:52,896 - SUAS - DEBUG - [SUAS_main.main:677] - Waiting for mode change to: AUTO
2025-06-20 23:08:53,397 - SUAS - DEBUG - [SUAS_main.main:677] - Waiting for mode change to: AUTO
2025-06-20 23:08:53,898 - SUAS - DEBUG - [SUAS_main.main:677] - Waiting for mode change to: AUTO
2025-06-20 23:08:54,400 - SUAS - DEBUG - [SUAS_main.main:677] - Waiting for mode change to: AUTO
2025-06-20 23:08:54,901 - SUAS - DEBUG - [SUAS_main.main:677] - Waiting for mode change to: AUTO
2025-06-20 23:08:55,403 - SUAS - DEBUG - [SUAS_main.main:677] - Waiting for mode change to: AUTO
2025-06-20 23:08:55,904 - SUAS - DEBUG - [SUAS_main.main:677] - Waiting for mode change to: AUTO
2025-06-20 23:08:56,406 - SUAS - DEBUG - [SUAS_main.main:677] - Waiting for mode change to: AUTO
2025-06-20 23:08:56,907 - SUAS - DEBUG - [SUAS_main.main:677] - Waiting for mode change to: AUTO
2025-06-20 23:08:57,409 - SUAS - DEBUG - [SUAS_main.main:677] - Waiting for mode change to: AUTO
2025-06-20 23:08:57,910 - SUAS - DEBUG - [SUAS_main.main:677] - Waiting for mode change to: AUTO
2025-06-20 23:08:58,412 - SUAS - DEBUG - [SUAS_main.main:677] - Waiting for mode change to: AUTO
2025-06-20 23:08:58,913 - SUAS - DEBUG - [SUAS_main.main:677] - Waiting for mode change to: AUTO
2025-06-20 23:08:59,414 - SUAS - DEBUG - [SUAS_main.main:677] - Waiting for mode change to: AUTO
2025-06-20 23:08:59,916 - SUAS - DEBUG - [SUAS_main.main:677] - Waiting for mode change to: AUTO
2025-06-20 23:09:00,417 - SUAS - DEBUG - [SUAS_main.main:677] - Waiting for mode change to: AUTO
2025-06-20 23:09:00,918 - SUAS - DEBUG - [SUAS_main.main:677] - Waiting for mode change to: AUTO
2025-06-20 23:09:01,420 - SUAS - DEBUG - [SUAS_main.main:677] - Waiting for mode change to: AUTO
2025-06-20 23:09:01,921 - SUAS - DEBUG - [SUAS_main.main:677] - Waiting for mode change to: AUTO
2025-06-20 23:09:02,422 - SUAS - DEBUG - [SUAS_main.main:677] - Waiting for mode change to: AUTO
2025-06-20 23:09:02,924 - SUAS - DEBUG - [SUAS_main.main:677] - Waiting for mode change to: AUTO
