2025-06-22 01:21:26,879 - SUAS - DEBUG - [SUAS_main.__init__:204] - (38.8510129, -76.7003167, -0.478)
2025-06-22 01:21:26,880 - SUAS - DEBUG - [SUAS_main.__init__:210] - Opening camera with pipeline:
nvarguscamerasrc sensor-id=0 aelock=false awblock=True wbmode=6 exposurecompensation=-1.7 ! video/x-raw(memory:NVMM), width=(int)4032, height=(int)3040, framerate=(fraction)19/1 ! nvvidconv flip-method=0 ! video/x-raw, format=(string)BGRx ! videoconvert ! video/x-raw, format=(string)BGR ! appsink
2025-06-22 01:21:30,466 - SUAS - DEBUG - [SUAS_main.take_photo_opencv:423] - Saved photo to init_test_photo/image_1.jpg
2025-06-22 01:21:31,468 - SUAS - DEBUG - [SUAS_main.__init__:102] - Initial flight mode: ALT_HOLD
2025-06-22 01:21:31,974 - SUAS - DEBUG - [SUAS_main.main:687] - Download Waypoints - Completed
2025-06-22 01:21:31,976 - SUAS - DEBUG - [SUAS_main.main:690] - WP SET TO 2
2025-06-22 01:21:32,469 - SUAS - DEBUG - [SUAS_main._rc_listener_thread:313] - WPNAV_SPEED changed: None → 600
2025-06-22 01:21:32,979 - SUAS - DEBUG - [SUAS_main.main:702] - ------------------------------17---------------------------
2025-06-22 01:21:32,980 - SUAS - DEBUG - [SUAS_main.main:711] - ------------------------------------------------------------------------
2025-06-22 01:21:32,980 - SUAS - DEBUG - [SUAS_main.main:712] - No DOJUMP
2025-06-22 01:21:32,981 - SUAS - DEBUG - [SUAS_main.main:713] - ------------------------------------------------------------------------
2025-06-22 01:21:33,185 - SUAS - DEBUG - [SUAS_main.main:722] - Download Changed Waypoints - Completed
2025-06-22 01:21:33,187 - SUAS - DEBUG - [SUAS_main.main:729] - ------------------------------18 - updated---------------------------
2025-06-22 01:21:33,189 - SUAS - DEBUG - [SUAS_main.main:736] - Waiting for mode change to: AUTO
2025-06-22 01:21:33,572 - SUAS - DEBUG - [SUAS_main._rc_listener_thread:313] - WPNAV_SPEED changed: 600 → 800
2025-06-22 01:21:33,690 - SUAS - DEBUG - [SUAS_main.main:736] - Waiting for mode change to: AUTO
2025-06-22 01:21:34,192 - SUAS - DEBUG - [SUAS_main.main:736] - Waiting for mode change to: AUTO
2025-06-22 01:21:34,694 - SUAS - DEBUG - [SUAS_main.main:736] - Waiting for mode change to: AUTO
2025-06-22 01:21:35,195 - SUAS - DEBUG - [SUAS_main.main:736] - Waiting for mode change to: AUTO
2025-06-22 01:21:35,674 - SUAS - DEBUG - [SUAS_main._rc_listener_thread:313] - WPNAV_SPEED changed: 800 → 600
2025-06-22 01:21:35,696 - SUAS - DEBUG - [SUAS_main.main:736] - Waiting for mode change to: AUTO
2025-06-22 01:21:36,198 - SUAS - DEBUG - [SUAS_main.main:736] - Waiting for mode change to: AUTO
2025-06-22 01:21:36,699 - SUAS - DEBUG - [SUAS_main.main:736] - Waiting for mode change to: AUTO
2025-06-22 01:21:37,201 - SUAS - DEBUG - [SUAS_main.main:736] - Waiting for mode change to: AUTO
2025-06-22 01:21:37,702 - SUAS - DEBUG - [SUAS_main.main:736] - Waiting for mode change to: AUTO
2025-06-22 01:21:38,204 - SUAS - DEBUG - [SUAS_main.main:736] - Waiting for mode change to: AUTO
2025-06-22 01:21:38,706 - SUAS - DEBUG - [SUAS_main.main:736] - Waiting for mode change to: AUTO
2025-06-22 01:21:39,208 - SUAS - DEBUG - [SUAS_main.main:736] - Waiting for mode change to: AUTO
2025-06-22 01:21:39,709 - SUAS - DEBUG - [SUAS_main.main:736] - Waiting for mode change to: AUTO
2025-06-22 01:21:40,211 - SUAS - DEBUG - [SUAS_main.main:736] - Waiting for mode change to: AUTO
2025-06-22 01:21:40,712 - SUAS - DEBUG - [SUAS_main.main:736] - Waiting for mode change to: AUTO
2025-06-22 01:21:40,779 - SUAS - DEBUG - [SUAS_main._rc_listener_thread:313] - WPNAV_SPEED changed: 600 → 1000
2025-06-22 01:21:41,214 - SUAS - DEBUG - [SUAS_main.main:736] - Waiting for mode change to: AUTO
2025-06-22 01:21:41,715 - SUAS - DEBUG - [SUAS_main.main:736] - Waiting for mode change to: AUTO
2025-06-22 01:21:42,217 - SUAS - DEBUG - [SUAS_main.main:736] - Waiting for mode change to: AUTO
2025-06-22 01:21:42,718 - SUAS - DEBUG - [SUAS_main.main:736] - Waiting for mode change to: AUTO
2025-06-22 01:21:43,220 - SUAS - DEBUG - [SUAS_main.main:736] - Waiting for mode change to: AUTO
2025-06-22 01:21:43,721 - SUAS - DEBUG - [SUAS_main.main:736] - Waiting for mode change to: AUTO
2025-06-22 01:21:44,223 - SUAS - DEBUG - [SUAS_main.main:736] - Waiting for mode change to: AUTO
2025-06-22 01:21:44,724 - SUAS - DEBUG - [SUAS_main.main:736] - Waiting for mode change to: AUTO
2025-06-22 01:21:45,226 - SUAS - DEBUG - [SUAS_main.main:736] - Waiting for mode change to: AUTO
2025-06-22 01:21:45,728 - SUAS - DEBUG - [SUAS_main.main:736] - Waiting for mode change to: AUTO
2025-06-22 01:21:46,230 - SUAS - DEBUG - [SUAS_main.main:736] - Waiting for mode change to: AUTO
2025-06-22 01:21:46,731 - SUAS - DEBUG - [SUAS_main.main:736] - Waiting for mode change to: AUTO
2025-06-22 01:21:47,233 - SUAS - DEBUG - [SUAS_main.main:736] - Waiting for mode change to: AUTO
2025-06-22 01:21:47,735 - SUAS - DEBUG - [SUAS_main.main:736] - Waiting for mode change to: AUTO
2025-06-22 01:21:48,236 - SUAS - DEBUG - [SUAS_main.main:736] - Waiting for mode change to: AUTO
2025-06-22 01:21:48,737 - SUAS - DEBUG - [SUAS_main.main:736] - Waiting for mode change to: AUTO
2025-06-22 01:21:48,888 - SUAS - DEBUG - [SUAS_main._rc_listener_thread:313] - WPNAV_SPEED changed: 1000 → 600
2025-06-22 01:21:49,239 - SUAS - DEBUG - [SUAS_main.main:736] - Waiting for mode change to: AUTO
2025-06-22 01:21:49,740 - SUAS - DEBUG - [SUAS_main.main:736] - Waiting for mode change to: AUTO
2025-06-22 01:21:50,241 - SUAS - DEBUG - [SUAS_main.main:736] - Waiting for mode change to: AUTO
2025-06-22 01:21:50,743 - SUAS - DEBUG - [SUAS_main.main:736] - Waiting for mode change to: AUTO
2025-06-22 01:21:51,244 - SUAS - DEBUG - [SUAS_main.main:736] - Waiting for mode change to: AUTO
2025-06-22 01:21:51,746 - SUAS - DEBUG - [SUAS_main.main:736] - Waiting for mode change to: AUTO
2025-06-22 01:21:52,247 - SUAS - DEBUG - [SUAS_main.main:736] - Waiting for mode change to: AUTO
2025-06-22 01:21:52,749 - SUAS - DEBUG - [SUAS_main.main:736] - Waiting for mode change to: AUTO
2025-06-22 01:21:53,250 - SUAS - DEBUG - [SUAS_main.main:736] - Waiting for mode change to: AUTO
2025-06-22 01:21:53,752 - SUAS - DEBUG - [SUAS_main.main:736] - Waiting for mode change to: AUTO
2025-06-22 01:21:54,253 - SUAS - DEBUG - [SUAS_main.main:736] - Waiting for mode change to: AUTO
2025-06-22 01:21:54,754 - SUAS - DEBUG - [SUAS_main.main:736] - Waiting for mode change to: AUTO
2025-06-22 01:21:55,256 - SUAS - DEBUG - [SUAS_main.main:736] - Waiting for mode change to: AUTO
2025-06-22 01:21:55,757 - SUAS - DEBUG - [SUAS_main.main:736] - Waiting for mode change to: AUTO
2025-06-22 01:21:56,259 - SUAS - DEBUG - [SUAS_main.main:736] - Waiting for mode change to: AUTO
2025-06-22 01:21:56,760 - SUAS - DEBUG - [SUAS_main.main:736] - Waiting for mode change to: AUTO
2025-06-22 01:21:57,261 - SUAS - DEBUG - [SUAS_main.main:736] - Waiting for mode change to: AUTO
2025-06-22 01:21:57,762 - SUAS - DEBUG - [SUAS_main.main:736] - Waiting for mode change to: AUTO
2025-06-22 01:21:58,264 - SUAS - DEBUG - [SUAS_main.main:736] - Waiting for mode change to: AUTO
2025-06-22 01:21:58,765 - SUAS - DEBUG - [SUAS_main.main:736] - Waiting for mode change to: AUTO
2025-06-22 01:21:59,267 - SUAS - DEBUG - [SUAS_main.main:736] - Waiting for mode change to: AUTO
2025-06-22 01:21:59,768 - SUAS - DEBUG - [SUAS_main.main:736] - Waiting for mode change to: AUTO
2025-06-22 01:22:00,270 - SUAS - DEBUG - [SUAS_main.main:736] - Waiting for mode change to: AUTO
2025-06-22 01:22:00,772 - SUAS - DEBUG - [SUAS_main.main:736] - Waiting for mode change to: AUTO
2025-06-22 01:22:01,273 - SUAS - DEBUG - [SUAS_main.main:736] - Waiting for mode change to: AUTO
2025-06-22 01:22:01,775 - SUAS - DEBUG - [SUAS_main.main:736] - Waiting for mode change to: AUTO
2025-06-22 01:22:02,276 - SUAS - DEBUG - [SUAS_main.main:736] - Waiting for mode change to: AUTO
2025-06-22 01:22:02,777 - SUAS - DEBUG - [SUAS_main.main:736] - Waiting for mode change to: AUTO
2025-06-22 01:22:03,278 - SUAS - DEBUG - [SUAS_main.main:736] - Waiting for mode change to: AUTO
2025-06-22 01:22:03,780 - SUAS - DEBUG - [SUAS_main.main:736] - Waiting for mode change to: AUTO
2025-06-22 01:22:04,281 - SUAS - DEBUG - [SUAS_main.main:736] - Waiting for mode change to: AUTO
2025-06-22 01:22:04,783 - SUAS - DEBUG - [SUAS_main.main:736] - Waiting for mode change to: AUTO
2025-06-22 01:22:05,284 - SUAS - DEBUG - [SUAS_main.main:736] - Waiting for mode change to: AUTO
2025-06-22 01:22:05,785 - SUAS - DEBUG - [SUAS_main.main:736] - Waiting for mode change to: AUTO
2025-06-22 01:22:06,287 - SUAS - DEBUG - [SUAS_main.main:736] - Waiting for mode change to: AUTO
2025-06-22 01:22:06,788 - SUAS - DEBUG - [SUAS_main.main:736] - Waiting for mode change to: AUTO
2025-06-22 01:22:07,289 - SUAS - DEBUG - [SUAS_main.main:736] - Waiting for mode change to: AUTO
2025-06-22 01:22:07,790 - SUAS - DEBUG - [SUAS_main.main:736] - Waiting for mode change to: AUTO
2025-06-22 01:22:08,292 - SUAS - DEBUG - [SUAS_main.main:736] - Waiting for mode change to: AUTO
2025-06-22 01:22:08,793 - SUAS - DEBUG - [SUAS_main.main:736] - Waiting for mode change to: AUTO
2025-06-22 01:22:09,295 - SUAS - DEBUG - [SUAS_main.main:736] - Waiting for mode change to: AUTO
2025-06-22 01:22:09,796 - SUAS - DEBUG - [SUAS_main.main:736] - Waiting for mode change to: AUTO
2025-06-22 01:22:10,297 - SUAS - DEBUG - [SUAS_main.main:736] - Waiting for mode change to: AUTO
2025-06-22 01:22:10,799 - SUAS - DEBUG - [SUAS_main.main:736] - Waiting for mode change to: AUTO
2025-06-22 01:22:11,300 - SUAS - DEBUG - [SUAS_main.main:736] - Waiting for mode change to: AUTO
2025-06-22 01:22:11,801 - SUAS - DEBUG - [SUAS_main.main:736] - Waiting for mode change to: AUTO
2025-06-22 01:22:12,303 - SUAS - DEBUG - [SUAS_main.main:736] - Waiting for mode change to: AUTO
2025-06-22 01:22:12,804 - SUAS - DEBUG - [SUAS_main.main:736] - Waiting for mode change to: AUTO
2025-06-22 01:22:13,305 - SUAS - DEBUG - [SUAS_main.main:736] - Waiting for mode change to: AUTO
2025-06-22 01:22:13,807 - SUAS - DEBUG - [SUAS_main.main:736] - Waiting for mode change to: AUTO
2025-06-22 01:22:14,308 - SUAS - DEBUG - [SUAS_main.main:736] - Waiting for mode change to: AUTO
2025-06-22 01:22:14,810 - SUAS - DEBUG - [SUAS_main.main:736] - Waiting for mode change to: AUTO
2025-06-22 01:22:15,311 - SUAS - DEBUG - [SUAS_main.main:736] - Waiting for mode change to: AUTO
2025-06-22 01:22:15,813 - SUAS - DEBUG - [SUAS_main.main:736] - Waiting for mode change to: AUTO
2025-06-22 01:22:16,315 - SUAS - DEBUG - [SUAS_main.main:736] - Waiting for mode change to: AUTO
2025-06-22 01:22:16,816 - SUAS - DEBUG - [SUAS_main.main:736] - Waiting for mode change to: AUTO
2025-06-22 01:22:17,318 - SUAS - DEBUG - [SUAS_main.main:736] - Waiting for mode change to: AUTO
2025-06-22 01:22:17,819 - SUAS - DEBUG - [SUAS_main.main:736] - Waiting for mode change to: AUTO
2025-06-22 01:22:18,321 - SUAS - DEBUG - [SUAS_main.main:736] - Waiting for mode change to: AUTO
2025-06-22 01:22:18,822 - SUAS - DEBUG - [SUAS_main.main:736] - Waiting for mode change to: AUTO
2025-06-22 01:22:19,324 - SUAS - DEBUG - [SUAS_main.main:736] - Waiting for mode change to: AUTO
2025-06-22 01:22:19,825 - SUAS - DEBUG - [SUAS_main.main:736] - Waiting for mode change to: AUTO
2025-06-22 01:22:20,326 - SUAS - DEBUG - [SUAS_main.main:736] - Waiting for mode change to: AUTO
2025-06-22 01:22:20,828 - SUAS - DEBUG - [SUAS_main.main:736] - Waiting for mode change to: AUTO
2025-06-22 01:22:21,329 - SUAS - DEBUG - [SUAS_main.main:736] - Waiting for mode change to: AUTO
2025-06-22 01:22:21,831 - SUAS - DEBUG - [SUAS_main.main:736] - Waiting for mode change to: AUTO
2025-06-22 01:22:22,332 - SUAS - DEBUG - [SUAS_main.main:736] - Waiting for mode change to: AUTO
2025-06-22 01:22:22,834 - SUAS - DEBUG - [SUAS_main.main:736] - Waiting for mode change to: AUTO
2025-06-22 01:22:23,336 - SUAS - DEBUG - [SUAS_main.main:736] - Waiting for mode change to: AUTO
2025-06-22 01:22:23,837 - SUAS - DEBUG - [SUAS_main.main:736] - Waiting for mode change to: AUTO
2025-06-22 01:22:24,339 - SUAS - DEBUG - [SUAS_main.main:736] - Waiting for mode change to: AUTO
2025-06-22 01:22:24,840 - SUAS - DEBUG - [SUAS_main.main:736] - Waiting for mode change to: AUTO
2025-06-22 01:22:25,341 - SUAS - DEBUG - [SUAS_main.main:736] - Waiting for mode change to: AUTO
2025-06-22 01:22:25,843 - SUAS - DEBUG - [SUAS_main.main:736] - Waiting for mode change to: AUTO
2025-06-22 01:22:26,344 - SUAS - DEBUG - [SUAS_main.main:736] - Waiting for mode change to: AUTO
2025-06-22 01:22:26,845 - SUAS - DEBUG - [SUAS_main.main:736] - Waiting for mode change to: AUTO
2025-06-22 01:22:27,347 - SUAS - DEBUG - [SUAS_main.main:736] - Waiting for mode change to: AUTO
2025-06-22 01:22:27,848 - SUAS - DEBUG - [SUAS_main.main:736] - Waiting for mode change to: AUTO
2025-06-22 01:22:28,350 - SUAS - DEBUG - [SUAS_main.main:736] - Waiting for mode change to: AUTO
2025-06-22 01:22:28,852 - SUAS - DEBUG - [SUAS_main.main:736] - Waiting for mode change to: AUTO
2025-06-22 01:22:29,354 - SUAS - DEBUG - [SUAS_main.main:736] - Waiting for mode change to: AUTO
2025-06-22 01:22:29,856 - SUAS - DEBUG - [SUAS_main.main:736] - Waiting for mode change to: AUTO
2025-06-22 01:22:30,357 - SUAS - DEBUG - [SUAS_main.main:736] - Waiting for mode change to: AUTO
2025-06-22 01:22:30,859 - SUAS - DEBUG - [SUAS_main.main:736] - Waiting for mode change to: AUTO
2025-06-22 01:22:31,360 - SUAS - DEBUG - [SUAS_main.main:736] - Waiting for mode change to: AUTO
2025-06-22 01:22:31,861 - SUAS - DEBUG - [SUAS_main.main:736] - Waiting for mode change to: AUTO
2025-06-22 01:22:32,363 - SUAS - DEBUG - [SUAS_main.main:736] - Waiting for mode change to: AUTO
2025-06-22 01:22:32,864 - SUAS - DEBUG - [SUAS_main.main:736] - Waiting for mode change to: AUTO
2025-06-22 01:22:33,365 - SUAS - DEBUG - [SUAS_main.main:736] - Waiting for mode change to: AUTO
2025-06-22 01:22:33,867 - SUAS - DEBUG - [SUAS_main.main:736] - Waiting for mode change to: AUTO
2025-06-22 01:22:34,368 - SUAS - DEBUG - [SUAS_main.main:736] - Waiting for mode change to: AUTO
2025-06-22 01:22:34,870 - SUAS - DEBUG - [SUAS_main.main:736] - Waiting for mode change to: AUTO
2025-06-22 01:22:35,372 - SUAS - DEBUG - [SUAS_main.main:736] - Waiting for mode change to: AUTO
2025-06-22 01:22:35,873 - SUAS - DEBUG - [SUAS_main.main:736] - Waiting for mode change to: AUTO
2025-06-22 01:22:36,374 - SUAS - DEBUG - [SUAS_main.main:736] - Waiting for mode change to: AUTO
2025-06-22 01:22:36,876 - SUAS - DEBUG - [SUAS_main.main:736] - Waiting for mode change to: AUTO
2025-06-22 01:22:37,377 - SUAS - DEBUG - [SUAS_main.main:736] - Waiting for mode change to: AUTO
2025-06-22 01:22:37,879 - SUAS - DEBUG - [SUAS_main.main:736] - Waiting for mode change to: AUTO
2025-06-22 01:22:38,380 - SUAS - DEBUG - [SUAS_main.main:736] - Waiting for mode change to: AUTO
2025-06-22 01:22:38,881 - SUAS - DEBUG - [SUAS_main.main:736] - Waiting for mode change to: AUTO
2025-06-22 01:22:39,383 - SUAS - DEBUG - [SUAS_main.main:736] - Waiting for mode change to: AUTO
2025-06-22 01:22:39,884 - SUAS - DEBUG - [SUAS_main.main:736] - Waiting for mode change to: AUTO
2025-06-22 01:22:40,385 - SUAS - DEBUG - [SUAS_main.main:736] - Waiting for mode change to: AUTO
2025-06-22 01:22:40,887 - SUAS - DEBUG - [SUAS_main.main:736] - Waiting for mode change to: AUTO
2025-06-22 01:22:41,388 - SUAS - DEBUG - [SUAS_main.main:736] - Waiting for mode change to: AUTO
2025-06-22 01:22:41,890 - SUAS - DEBUG - [SUAS_main.main:736] - Waiting for mode change to: AUTO
2025-06-22 01:22:42,392 - SUAS - DEBUG - [SUAS_main.main:736] - Waiting for mode change to: AUTO
2025-06-22 01:22:42,893 - SUAS - DEBUG - [SUAS_main.main:736] - Waiting for mode change to: AUTO
2025-06-22 01:22:43,395 - SUAS - DEBUG - [SUAS_main.main:736] - Waiting for mode change to: AUTO
2025-06-22 01:22:43,896 - SUAS - DEBUG - [SUAS_main.main:736] - Waiting for mode change to: AUTO
2025-06-22 01:22:44,397 - SUAS - DEBUG - [SUAS_main.main:736] - Waiting for mode change to: AUTO
2025-06-22 01:22:44,899 - SUAS - DEBUG - [SUAS_main.main:736] - Waiting for mode change to: AUTO
2025-06-22 01:22:45,400 - SUAS - DEBUG - [SUAS_main.main:736] - Waiting for mode change to: AUTO
2025-06-22 01:22:45,902 - SUAS - DEBUG - [SUAS_main.main:736] - Waiting for mode change to: AUTO
2025-06-22 01:22:46,403 - SUAS - DEBUG - [SUAS_main.main:736] - Waiting for mode change to: AUTO
2025-06-22 01:22:46,905 - SUAS - DEBUG - [SUAS_main.main:736] - Waiting for mode change to: AUTO
2025-06-22 01:22:47,406 - SUAS - DEBUG - [SUAS_main.main:736] - Waiting for mode change to: AUTO
2025-06-22 01:22:47,908 - SUAS - DEBUG - [SUAS_main.main:736] - Waiting for mode change to: AUTO
2025-06-22 01:22:48,409 - SUAS - DEBUG - [SUAS_main.main:736] - Waiting for mode change to: AUTO
2025-06-22 01:22:48,913 - SUAS - DEBUG - [SUAS_main.main:736] - Waiting for mode change to: AUTO
2025-06-22 01:22:49,414 - SUAS - DEBUG - [SUAS_main.main:736] - Waiting for mode change to: AUTO
2025-06-22 01:22:49,917 - SUAS - DEBUG - [SUAS_main.main:736] - Waiting for mode change to: AUTO
2025-06-22 01:22:50,418 - SUAS - DEBUG - [SUAS_main.main:736] - Waiting for mode change to: AUTO
2025-06-22 01:22:50,920 - SUAS - DEBUG - [SUAS_main.main:736] - Waiting for mode change to: AUTO
2025-06-22 01:22:51,421 - SUAS - DEBUG - [SUAS_main.main:736] - Waiting for mode change to: AUTO
2025-06-22 01:22:51,923 - SUAS - DEBUG - [SUAS_main.main:736] - Waiting for mode change to: AUTO
2025-06-22 01:22:52,425 - SUAS - DEBUG - [SUAS_main.main:736] - Waiting for mode change to: AUTO
2025-06-22 01:22:52,927 - SUAS - DEBUG - [SUAS_main.main:736] - Waiting for mode change to: AUTO
2025-06-22 01:22:53,428 - SUAS - DEBUG - [SUAS_main.main:736] - Waiting for mode change to: AUTO
2025-06-22 01:22:53,930 - SUAS - DEBUG - [SUAS_main.main:736] - Waiting for mode change to: AUTO
2025-06-22 01:22:54,431 - SUAS - DEBUG - [SUAS_main.main:736] - Waiting for mode change to: AUTO
2025-06-22 01:22:54,933 - SUAS - DEBUG - [SUAS_main.main:736] - Waiting for mode change to: AUTO
2025-06-22 01:22:55,435 - SUAS - DEBUG - [SUAS_main.main:736] - Waiting for mode change to: AUTO
2025-06-22 01:22:55,937 - SUAS - DEBUG - [SUAS_main.main:736] - Waiting for mode change to: AUTO
2025-06-22 01:22:56,438 - SUAS - DEBUG - [SUAS_main.main:736] - Waiting for mode change to: AUTO
2025-06-22 01:22:56,939 - SUAS - DEBUG - [SUAS_main.main:736] - Waiting for mode change to: AUTO
2025-06-22 01:22:57,441 - SUAS - DEBUG - [SUAS_main.main:736] - Waiting for mode change to: AUTO
2025-06-22 01:22:57,942 - SUAS - DEBUG - [SUAS_main.main:736] - Waiting for mode change to: AUTO
2025-06-22 01:22:58,444 - SUAS - DEBUG - [SUAS_main.main:736] - Waiting for mode change to: AUTO
2025-06-22 01:22:58,945 - SUAS - DEBUG - [SUAS_main.main:736] - Waiting for mode change to: AUTO
2025-06-22 01:22:59,052 - SUAS - DEBUG - [SUAS_main._rc_listener_thread:313] - WPNAV_SPEED changed: 600 → 800
2025-06-22 01:22:59,447 - SUAS - DEBUG - [SUAS_main.main:736] - Waiting for mode change to: AUTO
2025-06-22 01:22:59,948 - SUAS - DEBUG - [SUAS_main.main:736] - Waiting for mode change to: AUTO
2025-06-22 01:23:00,153 - SUAS - DEBUG - [SUAS_main._rc_listener_thread:313] - WPNAV_SPEED changed: 800 → 1000
2025-06-22 01:23:00,450 - SUAS - DEBUG - [SUAS_main.main:736] - Waiting for mode change to: AUTO
2025-06-22 01:23:00,951 - SUAS - DEBUG - [SUAS_main.main:736] - Waiting for mode change to: AUTO
2025-06-22 01:23:01,255 - SUAS - DEBUG - [SUAS_main._rc_listener_thread:313] - WPNAV_SPEED changed: 1000 → 600
2025-06-22 01:23:01,453 - SUAS - DEBUG - [SUAS_main.main:736] - Waiting for mode change to: AUTO
2025-06-22 01:23:01,955 - SUAS - DEBUG - [SUAS_main.main:736] - Waiting for mode change to: AUTO
2025-06-22 01:23:02,456 - SUAS - DEBUG - [SUAS_main.main:736] - Waiting for mode change to: AUTO
2025-06-22 01:23:02,957 - SUAS - DEBUG - [SUAS_main.main:736] - Waiting for mode change to: AUTO
2025-06-22 01:23:03,459 - SUAS - DEBUG - [SUAS_main.main:736] - Waiting for mode change to: AUTO
2025-06-22 01:23:03,960 - SUAS - DEBUG - [SUAS_main.main:736] - Waiting for mode change to: AUTO
2025-06-22 01:23:04,462 - SUAS - DEBUG - [SUAS_main.main:736] - Waiting for mode change to: AUTO
2025-06-22 01:23:04,963 - SUAS - DEBUG - [SUAS_main.main:736] - Waiting for mode change to: AUTO
2025-06-22 01:23:05,465 - SUAS - DEBUG - [SUAS_main.main:736] - Waiting for mode change to: AUTO
2025-06-22 01:23:05,966 - SUAS - DEBUG - [SUAS_main.main:736] - Waiting for mode change to: AUTO
2025-06-22 01:23:06,360 - SUAS - DEBUG - [SUAS_main._rc_listener_thread:313] - WPNAV_SPEED changed: 600 → 1000
2025-06-22 01:23:06,467 - SUAS - DEBUG - [SUAS_main.main:736] - Waiting for mode change to: AUTO
2025-06-22 01:23:06,969 - SUAS - DEBUG - [SUAS_main.main:736] - Waiting for mode change to: AUTO
2025-06-22 01:23:07,470 - SUAS - DEBUG - [SUAS_main.main:736] - Waiting for mode change to: AUTO
2025-06-22 01:23:07,972 - SUAS - DEBUG - [SUAS_main.main:736] - Waiting for mode change to: AUTO
2025-06-22 01:23:08,473 - SUAS - DEBUG - [SUAS_main.main:736] - Waiting for mode change to: AUTO
2025-06-22 01:23:08,975 - SUAS - DEBUG - [SUAS_main.main:736] - Waiting for mode change to: AUTO
