2025-06-22 17:16:22,703 - SUAS - DEBUG - [SUAS_main.__init__:204] - (None, None, None)
2025-06-22 17:16:22,704 - SUAS - DEBUG - [SUAS_main.__init__:210] - Opening camera with pipeline:
nvarguscamerasrc sensor-id=0 aelock=false awblock=True wbmode=6 exposurecompensation=-1.7 ! video/x-raw(memory:NVMM), width=(int)4032, height=(int)3040, framerate=(fraction)19/1 ! nvvidconv flip-method=0 ! video/x-raw, format=(string)BGRx ! videoconvert ! video/x-raw, format=(string)BGR ! appsink
2025-06-22 17:16:26,108 - SUAS - DEBUG - [SUAS_main.take_photo_opencv:423] - Saved photo to init_test_photo/image_1.jpg
2025-06-22 17:16:27,111 - SUAS - DEBUG - [SUAS_main.__init__:102] - Initial flight mode: ALT_HOLD
2025-06-22 17:16:27,809 - SUAS - DEBUG - [SUAS_main.main:687] - Download Waypoints - Completed
2025-06-22 17:16:27,816 - SUAS - DEBUG - [SUAS_main.main:690] - WP SET TO 2
2025-06-22 17:16:28,211 - SUAS - DEBUG - [SUAS_main._rc_listener_thread:313] - WPNAV_SPEED changed: None → 600
2025-06-22 17:16:28,818 - SUAS - DEBUG - [SUAS_main.main:702] - ------------------------------6---------------------------
2025-06-22 17:16:28,820 - SUAS - DEBUG - [SUAS_main.main:711] - ------------------------------------------------------------------------
2025-06-22 17:16:28,823 - SUAS - DEBUG - [SUAS_main.main:712] - No DOJUMP
2025-06-22 17:16:28,825 - SUAS - DEBUG - [SUAS_main.main:713] - ------------------------------------------------------------------------
2025-06-22 17:16:29,029 - SUAS - DEBUG - [SUAS_main.main:722] - Download Changed Waypoints - Completed
2025-06-22 17:16:29,030 - SUAS - DEBUG - [SUAS_main.main:729] - ------------------------------7 - updated---------------------------
2025-06-22 17:16:29,032 - SUAS - DEBUG - [SUAS_main.main:736] - Waiting for mode change to: AUTO
2025-06-22 17:16:29,533 - SUAS - DEBUG - [SUAS_main.main:736] - Waiting for mode change to: AUTO
2025-06-22 17:16:30,035 - SUAS - DEBUG - [SUAS_main.main:736] - Waiting for mode change to: AUTO
2025-06-22 17:16:30,536 - SUAS - DEBUG - [SUAS_main.main:736] - Waiting for mode change to: AUTO
2025-06-22 17:16:31,037 - SUAS - DEBUG - [SUAS_main.main:736] - Waiting for mode change to: AUTO
2025-06-22 17:16:31,539 - SUAS - DEBUG - [SUAS_main.main:736] - Waiting for mode change to: AUTO
2025-06-22 17:16:32,040 - SUAS - DEBUG - [SUAS_main.main:736] - Waiting for mode change to: AUTO
2025-06-22 17:16:32,542 - SUAS - DEBUG - [SUAS_main.main:736] - Waiting for mode change to: AUTO
2025-06-22 17:16:33,043 - SUAS - DEBUG - [SUAS_main.main:736] - Waiting for mode change to: AUTO
2025-06-22 17:16:33,545 - SUAS - DEBUG - [SUAS_main.main:736] - Waiting for mode change to: AUTO
2025-06-22 17:16:34,047 - SUAS - DEBUG - [SUAS_main.main:736] - Waiting for mode change to: AUTO
2025-06-22 17:16:34,318 - SUAS - DEBUG - [SUAS_main._rc_listener_thread:313] - WPNAV_SPEED changed: 600 → 800
2025-06-22 17:16:34,548 - SUAS - DEBUG - [SUAS_main.main:736] - Waiting for mode change to: AUTO
2025-06-22 17:16:35,050 - SUAS - DEBUG - [SUAS_main.main:736] - Waiting for mode change to: AUTO
2025-06-22 17:16:35,552 - SUAS - DEBUG - [SUAS_main.main:736] - Waiting for mode change to: AUTO
2025-06-22 17:16:36,054 - SUAS - DEBUG - [SUAS_main.main:736] - Waiting for mode change to: AUTO
2025-06-22 17:16:36,555 - SUAS - DEBUG - [SUAS_main.main:736] - Waiting for mode change to: AUTO
2025-06-22 17:16:37,057 - SUAS - DEBUG - [SUAS_main.main:736] - Waiting for mode change to: AUTO
2025-06-22 17:16:37,422 - SUAS - DEBUG - [SUAS_main._rc_listener_thread:313] - WPNAV_SPEED changed: 800 → 1200
2025-06-22 17:16:37,558 - SUAS - DEBUG - [SUAS_main.main:736] - Waiting for mode change to: AUTO
2025-06-22 17:16:38,060 - SUAS - DEBUG - [SUAS_main.main:736] - Waiting for mode change to: AUTO
2025-06-22 17:16:38,563 - SUAS - DEBUG - [SUAS_main.main:736] - Waiting for mode change to: AUTO
2025-06-22 17:16:39,064 - SUAS - DEBUG - [SUAS_main.main:736] - Waiting for mode change to: AUTO
2025-06-22 17:16:39,566 - SUAS - DEBUG - [SUAS_main.main:736] - Waiting for mode change to: AUTO
2025-06-22 17:16:40,067 - SUAS - DEBUG - [SUAS_main.main:736] - Waiting for mode change to: AUTO
2025-06-22 17:16:40,568 - SUAS - DEBUG - [SUAS_main.main:736] - Waiting for mode change to: AUTO
2025-06-22 17:16:41,070 - SUAS - DEBUG - [SUAS_main.main:736] - Waiting for mode change to: AUTO
2025-06-22 17:16:41,571 - SUAS - DEBUG - [SUAS_main.main:736] - Waiting for mode change to: AUTO
2025-06-22 17:16:42,073 - SUAS - DEBUG - [SUAS_main.main:736] - Waiting for mode change to: AUTO
2025-06-22 17:16:42,574 - SUAS - DEBUG - [SUAS_main.main:736] - Waiting for mode change to: AUTO
2025-06-22 17:16:43,076 - SUAS - DEBUG - [SUAS_main.main:736] - Waiting for mode change to: AUTO
2025-06-22 17:16:43,578 - SUAS - DEBUG - [SUAS_main.main:736] - Waiting for mode change to: AUTO
2025-06-22 17:16:44,079 - SUAS - DEBUG - [SUAS_main.main:736] - Waiting for mode change to: AUTO
2025-06-22 17:16:44,581 - SUAS - DEBUG - [SUAS_main.main:736] - Waiting for mode change to: AUTO
2025-06-22 17:16:45,082 - SUAS - DEBUG - [SUAS_main.main:736] - Waiting for mode change to: AUTO
2025-06-22 17:16:45,584 - SUAS - DEBUG - [SUAS_main.main:736] - Waiting for mode change to: AUTO
2025-06-22 17:16:46,085 - SUAS - DEBUG - [SUAS_main.main:736] - Waiting for mode change to: AUTO
2025-06-22 17:16:46,587 - SUAS - DEBUG - [SUAS_main.main:736] - Waiting for mode change to: AUTO
2025-06-22 17:16:47,088 - SUAS - DEBUG - [SUAS_main.main:736] - Waiting for mode change to: AUTO
2025-06-22 17:16:47,590 - SUAS - DEBUG - [SUAS_main.main:736] - Waiting for mode change to: AUTO
2025-06-22 17:16:48,091 - SUAS - DEBUG - [SUAS_main.main:736] - Waiting for mode change to: AUTO
2025-06-22 17:16:48,593 - SUAS - DEBUG - [SUAS_main.main:736] - Waiting for mode change to: AUTO
2025-06-22 17:16:49,094 - SUAS - DEBUG - [SUAS_main.main:736] - Waiting for mode change to: AUTO
2025-06-22 17:16:49,596 - SUAS - DEBUG - [SUAS_main.main:736] - Waiting for mode change to: AUTO
2025-06-22 17:16:50,098 - SUAS - DEBUG - [SUAS_main.main:736] - Waiting for mode change to: AUTO
2025-06-22 17:16:50,600 - SUAS - DEBUG - [SUAS_main.main:736] - Waiting for mode change to: AUTO
2025-06-22 17:16:51,101 - SUAS - DEBUG - [SUAS_main.main:736] - Waiting for mode change to: AUTO
2025-06-22 17:16:51,603 - SUAS - DEBUG - [SUAS_main.main:736] - Waiting for mode change to: AUTO
2025-06-22 17:16:52,104 - SUAS - DEBUG - [SUAS_main.main:736] - Waiting for mode change to: AUTO
2025-06-22 17:16:52,606 - SUAS - DEBUG - [SUAS_main.main:736] - Waiting for mode change to: AUTO
2025-06-22 17:16:53,107 - SUAS - DEBUG - [SUAS_main.main:736] - Waiting for mode change to: AUTO
2025-06-22 17:16:53,608 - SUAS - DEBUG - [SUAS_main.main:736] - Waiting for mode change to: AUTO
2025-06-22 17:16:54,110 - SUAS - DEBUG - [SUAS_main.main:736] - Waiting for mode change to: AUTO
2025-06-22 17:16:54,611 - SUAS - DEBUG - [SUAS_main.main:736] - Waiting for mode change to: AUTO
2025-06-22 17:16:55,112 - SUAS - DEBUG - [SUAS_main.main:736] - Waiting for mode change to: AUTO
2025-06-22 17:16:55,614 - SUAS - DEBUG - [SUAS_main.main:736] - Waiting for mode change to: AUTO
2025-06-22 17:16:56,115 - SUAS - DEBUG - [SUAS_main.main:736] - Waiting for mode change to: AUTO
2025-06-22 17:16:56,616 - SUAS - DEBUG - [SUAS_main.main:736] - Waiting for mode change to: AUTO
2025-06-22 17:16:57,118 - SUAS - DEBUG - [SUAS_main.main:736] - Waiting for mode change to: AUTO
2025-06-22 17:16:57,619 - SUAS - DEBUG - [SUAS_main.main:736] - Waiting for mode change to: AUTO
2025-06-22 17:16:58,120 - SUAS - DEBUG - [SUAS_main.main:736] - Waiting for mode change to: AUTO
2025-06-22 17:16:58,622 - SUAS - DEBUG - [SUAS_main.main:736] - Waiting for mode change to: AUTO
2025-06-22 17:16:59,124 - SUAS - DEBUG - [SUAS_main.main:736] - Waiting for mode change to: AUTO
2025-06-22 17:16:59,625 - SUAS - DEBUG - [SUAS_main.main:736] - Waiting for mode change to: AUTO
2025-06-22 17:17:00,127 - SUAS - DEBUG - [SUAS_main.main:736] - Waiting for mode change to: AUTO
2025-06-22 17:17:00,628 - SUAS - DEBUG - [SUAS_main.main:736] - Waiting for mode change to: AUTO
2025-06-22 17:17:01,130 - SUAS - DEBUG - [SUAS_main.main:736] - Waiting for mode change to: AUTO
2025-06-22 17:17:01,631 - SUAS - DEBUG - [SUAS_main.main:736] - Waiting for mode change to: AUTO
2025-06-22 17:17:02,133 - SUAS - DEBUG - [SUAS_main.main:736] - Waiting for mode change to: AUTO
2025-06-22 17:17:02,634 - SUAS - DEBUG - [SUAS_main.main:736] - Waiting for mode change to: AUTO
2025-06-22 17:17:03,136 - SUAS - DEBUG - [SUAS_main.main:736] - Waiting for mode change to: AUTO
2025-06-22 17:17:03,637 - SUAS - DEBUG - [SUAS_main.main:736] - Waiting for mode change to: AUTO
2025-06-22 17:17:04,139 - SUAS - DEBUG - [SUAS_main.main:736] - Waiting for mode change to: AUTO
2025-06-22 17:17:04,640 - SUAS - DEBUG - [SUAS_main.main:736] - Waiting for mode change to: AUTO
2025-06-22 17:17:05,142 - SUAS - DEBUG - [SUAS_main.main:736] - Waiting for mode change to: AUTO
2025-06-22 17:17:05,644 - SUAS - DEBUG - [SUAS_main.main:736] - Waiting for mode change to: AUTO
2025-06-22 17:17:06,146 - SUAS - DEBUG - [SUAS_main.main:736] - Waiting for mode change to: AUTO
2025-06-22 17:17:06,647 - SUAS - DEBUG - [SUAS_main.main:736] - Waiting for mode change to: AUTO
2025-06-22 17:17:07,149 - SUAS - DEBUG - [SUAS_main.main:736] - Waiting for mode change to: AUTO
2025-06-22 17:17:07,650 - SUAS - DEBUG - [SUAS_main.main:736] - Waiting for mode change to: AUTO
2025-06-22 17:17:08,152 - SUAS - DEBUG - [SUAS_main.main:736] - Waiting for mode change to: AUTO
2025-06-22 17:17:08,653 - SUAS - DEBUG - [SUAS_main.main:736] - Waiting for mode change to: AUTO
2025-06-22 17:17:09,155 - SUAS - DEBUG - [SUAS_main.main:736] - Waiting for mode change to: AUTO
2025-06-22 17:17:09,656 - SUAS - DEBUG - [SUAS_main.main:736] - Waiting for mode change to: AUTO
2025-06-22 17:17:10,158 - SUAS - DEBUG - [SUAS_main.main:736] - Waiting for mode change to: AUTO
2025-06-22 17:17:10,659 - SUAS - DEBUG - [SUAS_main.main:736] - Waiting for mode change to: AUTO
2025-06-22 17:17:11,160 - SUAS - DEBUG - [SUAS_main.main:736] - Waiting for mode change to: AUTO
2025-06-22 17:17:11,662 - SUAS - DEBUG - [SUAS_main.main:736] - Waiting for mode change to: AUTO
2025-06-22 17:17:12,163 - SUAS - DEBUG - [SUAS_main.main:736] - Waiting for mode change to: AUTO
2025-06-22 17:17:12,664 - SUAS - DEBUG - [SUAS_main.main:736] - Waiting for mode change to: AUTO
2025-06-22 17:17:13,166 - SUAS - DEBUG - [SUAS_main.main:736] - Waiting for mode change to: AUTO
2025-06-22 17:17:13,668 - SUAS - DEBUG - [SUAS_main.main:736] - Waiting for mode change to: AUTO
2025-06-22 17:17:14,169 - SUAS - DEBUG - [SUAS_main.main:736] - Waiting for mode change to: AUTO
2025-06-22 17:17:14,671 - SUAS - DEBUG - [SUAS_main.main:736] - Waiting for mode change to: AUTO
2025-06-22 17:17:15,173 - SUAS - DEBUG - [SUAS_main.main:736] - Waiting for mode change to: AUTO
2025-06-22 17:17:15,674 - SUAS - DEBUG - [SUAS_main.main:736] - Waiting for mode change to: AUTO
2025-06-22 17:17:16,176 - SUAS - DEBUG - [SUAS_main.main:736] - Waiting for mode change to: AUTO
2025-06-22 17:17:16,677 - SUAS - DEBUG - [SUAS_main.main:736] - Waiting for mode change to: AUTO
2025-06-22 17:17:17,179 - SUAS - DEBUG - [SUAS_main.main:736] - Waiting for mode change to: AUTO
2025-06-22 17:17:17,680 - SUAS - DEBUG - [SUAS_main.main:736] - Waiting for mode change to: AUTO
2025-06-22 17:17:18,182 - SUAS - DEBUG - [SUAS_main.main:736] - Waiting for mode change to: AUTO
2025-06-22 17:17:18,683 - SUAS - DEBUG - [SUAS_main.main:736] - Waiting for mode change to: AUTO
2025-06-22 17:17:19,185 - SUAS - DEBUG - [SUAS_main.main:736] - Waiting for mode change to: AUTO
2025-06-22 17:17:19,686 - SUAS - DEBUG - [SUAS_main.main:736] - Waiting for mode change to: AUTO
2025-06-22 17:17:20,188 - SUAS - DEBUG - [SUAS_main.main:736] - Waiting for mode change to: AUTO
2025-06-22 17:17:20,689 - SUAS - DEBUG - [SUAS_main.main:736] - Waiting for mode change to: AUTO
2025-06-22 17:17:21,192 - SUAS - DEBUG - [SUAS_main.main:736] - Waiting for mode change to: AUTO
2025-06-22 17:17:21,693 - SUAS - DEBUG - [SUAS_main.main:736] - Waiting for mode change to: AUTO
2025-06-22 17:17:22,194 - SUAS - DEBUG - [SUAS_main.main:736] - Waiting for mode change to: AUTO
2025-06-22 17:17:22,696 - SUAS - DEBUG - [SUAS_main.main:736] - Waiting for mode change to: AUTO
2025-06-22 17:17:23,198 - SUAS - DEBUG - [SUAS_main.main:736] - Waiting for mode change to: AUTO
2025-06-22 17:17:23,567 - SUAS - DEBUG - [SUAS_main._rc_listener_thread:313] - WPNAV_SPEED changed: 1200 → 600
2025-06-22 17:17:23,699 - SUAS - DEBUG - [SUAS_main.main:736] - Waiting for mode change to: AUTO
2025-06-22 17:17:24,201 - SUAS - DEBUG - [SUAS_main.main:736] - Waiting for mode change to: AUTO
2025-06-22 17:17:24,702 - SUAS - DEBUG - [SUAS_main.main:736] - Waiting for mode change to: AUTO
2025-06-22 17:17:25,204 - SUAS - DEBUG - [SUAS_main.main:736] - Waiting for mode change to: AUTO
2025-06-22 17:17:25,705 - SUAS - DEBUG - [SUAS_main.main:736] - Waiting for mode change to: AUTO
2025-06-22 17:17:26,207 - SUAS - DEBUG - [SUAS_main.main:736] - Waiting for mode change to: AUTO
2025-06-22 17:17:26,708 - SUAS - DEBUG - [SUAS_main.main:736] - Waiting for mode change to: AUTO
2025-06-22 17:17:27,210 - SUAS - DEBUG - [SUAS_main.main:736] - Waiting for mode change to: AUTO
2025-06-22 17:17:27,711 - SUAS - DEBUG - [SUAS_main.main:736] - Waiting for mode change to: AUTO
2025-06-22 17:17:28,212 - SUAS - DEBUG - [SUAS_main.main:736] - Waiting for mode change to: AUTO
2025-06-22 17:17:28,714 - SUAS - DEBUG - [SUAS_main.main:736] - Waiting for mode change to: AUTO
2025-06-22 17:17:29,215 - SUAS - DEBUG - [SUAS_main.main:736] - Waiting for mode change to: AUTO
2025-06-22 17:17:29,717 - SUAS - DEBUG - [SUAS_main.main:736] - Waiting for mode change to: AUTO
2025-06-22 17:17:30,218 - SUAS - DEBUG - [SUAS_main.main:736] - Waiting for mode change to: AUTO
2025-06-22 17:17:30,720 - SUAS - DEBUG - [SUAS_main.main:736] - Waiting for mode change to: AUTO
2025-06-22 17:17:31,221 - SUAS - DEBUG - [SUAS_main.main:736] - Waiting for mode change to: AUTO
2025-06-22 17:17:31,723 - SUAS - DEBUG - [SUAS_main.main:736] - Waiting for mode change to: AUTO
2025-06-22 17:17:32,224 - SUAS - DEBUG - [SUAS_main.main:736] - Waiting for mode change to: AUTO
2025-06-22 17:17:32,726 - SUAS - DEBUG - [SUAS_main.main:736] - Waiting for mode change to: AUTO
2025-06-22 17:17:33,227 - SUAS - DEBUG - [SUAS_main.main:736] - Waiting for mode change to: AUTO
2025-06-22 17:17:33,729 - SUAS - DEBUG - [SUAS_main.main:736] - Waiting for mode change to: AUTO
2025-06-22 17:17:34,230 - SUAS - DEBUG - [SUAS_main.main:736] - Waiting for mode change to: AUTO
2025-06-22 17:17:34,732 - SUAS - DEBUG - [SUAS_main.main:736] - Waiting for mode change to: AUTO
2025-06-22 17:17:35,233 - SUAS - DEBUG - [SUAS_main.main:736] - Waiting for mode change to: AUTO
2025-06-22 17:17:35,735 - SUAS - DEBUG - [SUAS_main.main:736] - Waiting for mode change to: AUTO
2025-06-22 17:17:36,236 - SUAS - DEBUG - [SUAS_main.main:736] - Waiting for mode change to: AUTO
2025-06-22 17:17:36,738 - SUAS - DEBUG - [SUAS_main.main:736] - Waiting for mode change to: AUTO
2025-06-22 17:17:37,239 - SUAS - DEBUG - [SUAS_main.main:736] - Waiting for mode change to: AUTO
2025-06-22 17:17:37,741 - SUAS - DEBUG - [SUAS_main.main:736] - Waiting for mode change to: AUTO
2025-06-22 17:17:38,242 - SUAS - DEBUG - [SUAS_main.main:736] - Waiting for mode change to: AUTO
2025-06-22 17:17:38,744 - SUAS - DEBUG - [SUAS_main.main:736] - Waiting for mode change to: AUTO
2025-06-22 17:17:39,245 - SUAS - DEBUG - [SUAS_main.main:736] - Waiting for mode change to: AUTO
2025-06-22 17:17:39,747 - SUAS - DEBUG - [SUAS_main.main:736] - Waiting for mode change to: AUTO
2025-06-22 17:17:40,248 - SUAS - DEBUG - [SUAS_main.main:736] - Waiting for mode change to: AUTO
2025-06-22 17:17:40,750 - SUAS - DEBUG - [SUAS_main.main:736] - Waiting for mode change to: AUTO
2025-06-22 17:17:41,251 - SUAS - DEBUG - [SUAS_main.main:736] - Waiting for mode change to: AUTO
2025-06-22 17:17:41,752 - SUAS - DEBUG - [SUAS_main.main:736] - Waiting for mode change to: AUTO
2025-06-22 17:17:42,254 - SUAS - DEBUG - [SUAS_main.main:736] - Waiting for mode change to: AUTO
2025-06-22 17:17:42,755 - SUAS - DEBUG - [SUAS_main.main:736] - Waiting for mode change to: AUTO
2025-06-22 17:17:43,256 - SUAS - DEBUG - [SUAS_main.main:736] - Waiting for mode change to: AUTO
2025-06-22 17:17:43,758 - SUAS - DEBUG - [SUAS_main.main:736] - Waiting for mode change to: AUTO
2025-06-22 17:17:44,259 - SUAS - DEBUG - [SUAS_main.main:736] - Waiting for mode change to: AUTO
2025-06-22 17:17:44,761 - SUAS - DEBUG - [SUAS_main.main:736] - Waiting for mode change to: AUTO
2025-06-22 17:17:45,262 - SUAS - DEBUG - [SUAS_main.main:736] - Waiting for mode change to: AUTO
2025-06-22 17:17:45,763 - SUAS - DEBUG - [SUAS_main.main:736] - Waiting for mode change to: AUTO
2025-06-22 17:17:46,265 - SUAS - DEBUG - [SUAS_main.main:736] - Waiting for mode change to: AUTO
2025-06-22 17:17:46,766 - SUAS - DEBUG - [SUAS_main.main:736] - Waiting for mode change to: AUTO
2025-06-22 17:17:47,268 - SUAS - DEBUG - [SUAS_main.main:736] - Waiting for mode change to: AUTO
2025-06-22 17:17:47,769 - SUAS - DEBUG - [SUAS_main.main:736] - Waiting for mode change to: AUTO
2025-06-22 17:17:48,271 - SUAS - DEBUG - [SUAS_main.main:736] - Waiting for mode change to: AUTO
2025-06-22 17:17:48,773 - SUAS - DEBUG - [SUAS_main.main:736] - Waiting for mode change to: AUTO
2025-06-22 17:17:49,275 - SUAS - DEBUG - [SUAS_main.main:736] - Waiting for mode change to: AUTO
2025-06-22 17:17:49,776 - SUAS - DEBUG - [SUAS_main.main:736] - Waiting for mode change to: AUTO
2025-06-22 17:17:50,278 - SUAS - DEBUG - [SUAS_main.main:736] - Waiting for mode change to: AUTO
2025-06-22 17:17:50,780 - SUAS - DEBUG - [SUAS_main.main:736] - Waiting for mode change to: AUTO
2025-06-22 17:17:51,281 - SUAS - DEBUG - [SUAS_main.main:736] - Waiting for mode change to: AUTO
2025-06-22 17:17:51,783 - SUAS - DEBUG - [SUAS_main.main:736] - Waiting for mode change to: AUTO
2025-06-22 17:17:52,284 - SUAS - DEBUG - [SUAS_main.main:736] - Waiting for mode change to: AUTO
2025-06-22 17:17:52,786 - SUAS - DEBUG - [SUAS_main.main:736] - Waiting for mode change to: AUTO
2025-06-22 17:17:53,287 - SUAS - DEBUG - [SUAS_main.main:736] - Waiting for mode change to: AUTO
2025-06-22 17:17:53,789 - SUAS - DEBUG - [SUAS_main.main:736] - Waiting for mode change to: AUTO
2025-06-22 17:17:54,291 - SUAS - DEBUG - [SUAS_main.main:736] - Waiting for mode change to: AUTO
2025-06-22 17:17:54,792 - SUAS - DEBUG - [SUAS_main.main:736] - Waiting for mode change to: AUTO
2025-06-22 17:17:55,293 - SUAS - DEBUG - [SUAS_main.main:736] - Waiting for mode change to: AUTO
2025-06-22 17:17:55,795 - SUAS - DEBUG - [SUAS_main.main:736] - Waiting for mode change to: AUTO
2025-06-22 17:17:56,296 - SUAS - DEBUG - [SUAS_main.main:736] - Waiting for mode change to: AUTO
2025-06-22 17:17:56,798 - SUAS - DEBUG - [SUAS_main.main:736] - Waiting for mode change to: AUTO
2025-06-22 17:17:57,299 - SUAS - DEBUG - [SUAS_main.main:736] - Waiting for mode change to: AUTO
2025-06-22 17:17:57,800 - SUAS - DEBUG - [SUAS_main.main:736] - Waiting for mode change to: AUTO
2025-06-22 17:17:58,302 - SUAS - DEBUG - [SUAS_main.main:736] - Waiting for mode change to: AUTO
2025-06-22 17:17:58,804 - SUAS - DEBUG - [SUAS_main.main:736] - Waiting for mode change to: AUTO
2025-06-22 17:17:59,305 - SUAS - DEBUG - [SUAS_main.main:736] - Waiting for mode change to: AUTO
2025-06-22 17:17:59,807 - SUAS - DEBUG - [SUAS_main.main:736] - Waiting for mode change to: AUTO
2025-06-22 17:18:00,308 - SUAS - DEBUG - [SUAS_main.main:736] - Waiting for mode change to: AUTO
2025-06-22 17:18:00,810 - SUAS - DEBUG - [SUAS_main.main:736] - Waiting for mode change to: AUTO
2025-06-22 17:18:01,311 - SUAS - DEBUG - [SUAS_main.main:736] - Waiting for mode change to: AUTO
2025-06-22 17:18:01,706 - SUAS - DEBUG - [SUAS_main._rc_listener_thread:313] - WPNAV_SPEED changed: 600 → 800
2025-06-22 17:18:01,814 - SUAS - DEBUG - [SUAS_main.main:736] - Waiting for mode change to: AUTO
2025-06-22 17:18:02,315 - SUAS - DEBUG - [SUAS_main.main:736] - Waiting for mode change to: AUTO
2025-06-22 17:18:02,807 - SUAS - DEBUG - [SUAS_main._rc_listener_thread:313] - WPNAV_SPEED changed: 800 → 1200
2025-06-22 17:18:02,817 - SUAS - DEBUG - [SUAS_main.main:736] - Waiting for mode change to: AUTO
2025-06-22 17:18:03,318 - SUAS - DEBUG - [SUAS_main.main:736] - Waiting for mode change to: AUTO
2025-06-22 17:18:03,819 - SUAS - DEBUG - [SUAS_main.main:736] - Waiting for mode change to: AUTO
2025-06-22 17:18:04,321 - SUAS - DEBUG - [SUAS_main.main:736] - Waiting for mode change to: AUTO
2025-06-22 17:18:04,822 - SUAS - DEBUG - [SUAS_main.main:736] - Waiting for mode change to: AUTO
2025-06-22 17:18:05,324 - SUAS - DEBUG - [SUAS_main.main:736] - Waiting for mode change to: AUTO
2025-06-22 17:18:05,825 - SUAS - DEBUG - [SUAS_main.main:736] - Waiting for mode change to: AUTO
2025-06-22 17:18:06,327 - SUAS - DEBUG - [SUAS_main.main:736] - Waiting for mode change to: AUTO
2025-06-22 17:18:06,829 - SUAS - DEBUG - [SUAS_main.main:736] - Waiting for mode change to: AUTO
2025-06-22 17:18:07,330 - SUAS - DEBUG - [SUAS_main.main:736] - Waiting for mode change to: AUTO
2025-06-22 17:18:07,832 - SUAS - DEBUG - [SUAS_main.main:736] - Waiting for mode change to: AUTO
2025-06-22 17:18:08,333 - SUAS - DEBUG - [SUAS_main.main:736] - Waiting for mode change to: AUTO
2025-06-22 17:18:08,835 - SUAS - DEBUG - [SUAS_main.main:736] - Waiting for mode change to: AUTO
2025-06-22 17:18:09,336 - SUAS - DEBUG - [SUAS_main.main:736] - Waiting for mode change to: AUTO
2025-06-22 17:18:09,838 - SUAS - DEBUG - [SUAS_main.main:736] - Waiting for mode change to: AUTO
2025-06-22 17:18:10,339 - SUAS - DEBUG - [SUAS_main.main:736] - Waiting for mode change to: AUTO
2025-06-22 17:18:10,840 - SUAS - DEBUG - [SUAS_main.main:736] - Waiting for mode change to: AUTO
2025-06-22 17:18:11,342 - SUAS - DEBUG - [SUAS_main.main:736] - Waiting for mode change to: AUTO
2025-06-22 17:18:11,843 - SUAS - DEBUG - [SUAS_main.main:736] - Waiting for mode change to: AUTO
2025-06-22 17:18:12,344 - SUAS - DEBUG - [SUAS_main.main:736] - Waiting for mode change to: AUTO
2025-06-22 17:18:12,846 - SUAS - DEBUG - [SUAS_main.main:736] - Waiting for mode change to: AUTO
2025-06-22 17:18:13,347 - SUAS - DEBUG - [SUAS_main.main:736] - Waiting for mode change to: AUTO
2025-06-22 17:18:13,849 - SUAS - DEBUG - [SUAS_main.main:736] - Waiting for mode change to: AUTO
2025-06-22 17:18:14,350 - SUAS - DEBUG - [SUAS_main.main:736] - Waiting for mode change to: AUTO
2025-06-22 17:18:14,852 - SUAS - DEBUG - [SUAS_main.main:736] - Waiting for mode change to: AUTO
2025-06-22 17:18:15,354 - SUAS - DEBUG - [SUAS_main.main:736] - Waiting for mode change to: AUTO
2025-06-22 17:18:15,855 - SUAS - DEBUG - [SUAS_main.main:736] - Waiting for mode change to: AUTO
2025-06-22 17:18:16,357 - SUAS - DEBUG - [SUAS_main.main:736] - Waiting for mode change to: AUTO
2025-06-22 17:18:16,858 - SUAS - DEBUG - [SUAS_main.main:736] - Waiting for mode change to: AUTO
2025-06-22 17:18:16,921 - SUAS - DEBUG - [SUAS_main._rc_listener_thread:313] - WPNAV_SPEED changed: 1200 → 600
2025-06-22 17:18:17,360 - SUAS - DEBUG - [SUAS_main.main:736] - Waiting for mode change to: AUTO
2025-06-22 17:18:17,861 - SUAS - DEBUG - [SUAS_main.main:736] - Waiting for mode change to: AUTO
2025-06-22 17:18:18,363 - SUAS - DEBUG - [SUAS_main.main:736] - Waiting for mode change to: AUTO
2025-06-22 17:18:18,864 - SUAS - DEBUG - [SUAS_main.main:736] - Waiting for mode change to: AUTO
2025-06-22 17:18:19,366 - SUAS - DEBUG - [SUAS_main.main:736] - Waiting for mode change to: AUTO
2025-06-22 17:18:19,867 - SUAS - DEBUG - [SUAS_main.main:736] - Waiting for mode change to: AUTO
2025-06-22 17:18:20,370 - SUAS - DEBUG - [SUAS_main.main:736] - Waiting for mode change to: AUTO
2025-06-22 17:18:20,872 - SUAS - DEBUG - [SUAS_main.main:736] - Waiting for mode change to: AUTO
2025-06-22 17:18:21,374 - SUAS - DEBUG - [SUAS_main.main:736] - Waiting for mode change to: AUTO
2025-06-22 17:18:21,875 - SUAS - DEBUG - [SUAS_main.main:736] - Waiting for mode change to: AUTO
2025-06-22 17:18:22,377 - SUAS - DEBUG - [SUAS_main.main:736] - Waiting for mode change to: AUTO
2025-06-22 17:18:22,878 - SUAS - DEBUG - [SUAS_main.main:736] - Waiting for mode change to: AUTO
2025-06-22 17:18:23,380 - SUAS - DEBUG - [SUAS_main.main:736] - Waiting for mode change to: AUTO
2025-06-22 17:18:23,881 - SUAS - DEBUG - [SUAS_main.main:736] - Waiting for mode change to: AUTO
2025-06-22 17:18:24,383 - SUAS - DEBUG - [SUAS_main.main:736] - Waiting for mode change to: AUTO
2025-06-22 17:18:24,884 - SUAS - DEBUG - [SUAS_main.main:736] - Waiting for mode change to: AUTO
2025-06-22 17:18:25,386 - SUAS - DEBUG - [SUAS_main.main:736] - Waiting for mode change to: AUTO
2025-06-22 17:18:25,887 - SUAS - DEBUG - [SUAS_main.main:736] - Waiting for mode change to: AUTO
2025-06-22 17:18:26,389 - SUAS - DEBUG - [SUAS_main.main:736] - Waiting for mode change to: AUTO
2025-06-22 17:18:26,890 - SUAS - DEBUG - [SUAS_main.main:736] - Waiting for mode change to: AUTO
2025-06-22 17:18:27,392 - SUAS - DEBUG - [SUAS_main.main:736] - Waiting for mode change to: AUTO
2025-06-22 17:18:27,894 - SUAS - DEBUG - [SUAS_main.main:736] - Waiting for mode change to: AUTO
2025-06-22 17:18:28,396 - SUAS - DEBUG - [SUAS_main.main:736] - Waiting for mode change to: AUTO
2025-06-22 17:18:28,898 - SUAS - DEBUG - [SUAS_main.main:736] - Waiting for mode change to: AUTO
2025-06-22 17:18:29,399 - SUAS - DEBUG - [SUAS_main.main:736] - Waiting for mode change to: AUTO
2025-06-22 17:18:29,901 - SUAS - DEBUG - [SUAS_main.main:736] - Waiting for mode change to: AUTO
2025-06-22 17:18:30,402 - SUAS - DEBUG - [SUAS_main.main:736] - Waiting for mode change to: AUTO
2025-06-22 17:18:30,904 - SUAS - DEBUG - [SUAS_main.main:736] - Waiting for mode change to: AUTO
2025-06-22 17:18:31,405 - SUAS - DEBUG - [SUAS_main.main:736] - Waiting for mode change to: AUTO
2025-06-22 17:18:31,907 - SUAS - DEBUG - [SUAS_main.main:736] - Waiting for mode change to: AUTO
2025-06-22 17:18:32,408 - SUAS - DEBUG - [SUAS_main.main:736] - Waiting for mode change to: AUTO
2025-06-22 17:18:32,910 - SUAS - DEBUG - [SUAS_main.main:736] - Waiting for mode change to: AUTO
2025-06-22 17:18:33,411 - SUAS - DEBUG - [SUAS_main.main:736] - Waiting for mode change to: AUTO
2025-06-22 17:18:33,912 - SUAS - DEBUG - [SUAS_main.main:736] - Waiting for mode change to: AUTO
2025-06-22 17:18:34,414 - SUAS - DEBUG - [SUAS_main.main:736] - Waiting for mode change to: AUTO
2025-06-22 17:18:34,916 - SUAS - DEBUG - [SUAS_main.main:736] - Waiting for mode change to: AUTO
2025-06-22 17:18:35,417 - SUAS - DEBUG - [SUAS_main.main:736] - Waiting for mode change to: AUTO
2025-06-22 17:18:35,919 - SUAS - DEBUG - [SUAS_main.main:736] - Waiting for mode change to: AUTO
2025-06-22 17:18:36,420 - SUAS - DEBUG - [SUAS_main.main:736] - Waiting for mode change to: AUTO
2025-06-22 17:18:36,922 - SUAS - DEBUG - [SUAS_main.main:736] - Waiting for mode change to: AUTO
2025-06-22 17:18:37,424 - SUAS - DEBUG - [SUAS_main.main:736] - Waiting for mode change to: AUTO
2025-06-22 17:18:37,925 - SUAS - DEBUG - [SUAS_main.main:736] - Waiting for mode change to: AUTO
2025-06-22 17:18:38,427 - SUAS - DEBUG - [SUAS_main.main:736] - Waiting for mode change to: AUTO
2025-06-22 17:18:38,928 - SUAS - DEBUG - [SUAS_main.main:736] - Waiting for mode change to: AUTO
2025-06-22 17:18:39,430 - SUAS - DEBUG - [SUAS_main.main:736] - Waiting for mode change to: AUTO
2025-06-22 17:18:39,931 - SUAS - DEBUG - [SUAS_main.main:736] - Waiting for mode change to: AUTO
2025-06-22 17:18:40,432 - SUAS - DEBUG - [SUAS_main.main:736] - Waiting for mode change to: AUTO
2025-06-22 17:18:40,934 - SUAS - DEBUG - [SUAS_main.main:736] - Waiting for mode change to: AUTO
2025-06-22 17:18:41,435 - SUAS - DEBUG - [SUAS_main.main:736] - Waiting for mode change to: AUTO
2025-06-22 17:18:41,937 - SUAS - DEBUG - [SUAS_main.main:736] - Waiting for mode change to: AUTO
2025-06-22 17:18:42,438 - SUAS - DEBUG - [SUAS_main.main:736] - Waiting for mode change to: AUTO
2025-06-22 17:18:42,940 - SUAS - DEBUG - [SUAS_main.main:736] - Waiting for mode change to: AUTO
2025-06-22 17:18:43,442 - SUAS - DEBUG - [SUAS_main.main:736] - Waiting for mode change to: AUTO
2025-06-22 17:18:43,943 - SUAS - DEBUG - [SUAS_main.main:736] - Waiting for mode change to: AUTO
2025-06-22 17:18:44,445 - SUAS - DEBUG - [SUAS_main.main:736] - Waiting for mode change to: AUTO
2025-06-22 17:18:44,946 - SUAS - DEBUG - [SUAS_main.main:736] - Waiting for mode change to: AUTO
2025-06-22 17:18:45,448 - SUAS - DEBUG - [SUAS_main.main:736] - Waiting for mode change to: AUTO
2025-06-22 17:18:45,949 - SUAS - DEBUG - [SUAS_main.main:736] - Waiting for mode change to: AUTO
2025-06-22 17:18:46,451 - SUAS - DEBUG - [SUAS_main.main:736] - Waiting for mode change to: AUTO
2025-06-22 17:18:46,952 - SUAS - DEBUG - [SUAS_main.main:736] - Waiting for mode change to: AUTO
2025-06-22 17:18:47,454 - SUAS - DEBUG - [SUAS_main.main:736] - Waiting for mode change to: AUTO
2025-06-22 17:18:47,955 - SUAS - DEBUG - [SUAS_main.main:736] - Waiting for mode change to: AUTO
2025-06-22 17:18:48,456 - SUAS - DEBUG - [SUAS_main.main:736] - Waiting for mode change to: AUTO
2025-06-22 17:18:48,958 - SUAS - DEBUG - [SUAS_main.main:736] - Waiting for mode change to: AUTO
2025-06-22 17:18:49,459 - SUAS - DEBUG - [SUAS_main.main:736] - Waiting for mode change to: AUTO
2025-06-22 17:18:49,961 - SUAS - DEBUG - [SUAS_main.main:736] - Waiting for mode change to: AUTO
2025-06-22 17:18:50,462 - SUAS - DEBUG - [SUAS_main.main:736] - Waiting for mode change to: AUTO
2025-06-22 17:18:50,964 - SUAS - DEBUG - [SUAS_main.main:736] - Waiting for mode change to: AUTO
2025-06-22 17:18:51,465 - SUAS - DEBUG - [SUAS_main.main:736] - Waiting for mode change to: AUTO
2025-06-22 17:18:51,967 - SUAS - DEBUG - [SUAS_main.main:736] - Waiting for mode change to: AUTO
2025-06-22 17:18:52,468 - SUAS - DEBUG - [SUAS_main.main:736] - Waiting for mode change to: AUTO
2025-06-22 17:18:52,970 - SUAS - DEBUG - [SUAS_main.main:736] - Waiting for mode change to: AUTO
2025-06-22 17:18:53,471 - SUAS - DEBUG - [SUAS_main.main:736] - Waiting for mode change to: AUTO
2025-06-22 17:18:53,972 - SUAS - DEBUG - [SUAS_main.main:736] - Waiting for mode change to: AUTO
2025-06-22 17:18:54,474 - SUAS - DEBUG - [SUAS_main.main:736] - Waiting for mode change to: AUTO
2025-06-22 17:18:54,975 - SUAS - DEBUG - [SUAS_main.main:736] - Waiting for mode change to: AUTO
2025-06-22 17:18:55,477 - SUAS - DEBUG - [SUAS_main.main:736] - Waiting for mode change to: AUTO
2025-06-22 17:18:55,978 - SUAS - DEBUG - [SUAS_main.main:736] - Waiting for mode change to: AUTO
2025-06-22 17:18:56,480 - SUAS - DEBUG - [SUAS_main.main:736] - Waiting for mode change to: AUTO
2025-06-22 17:18:56,981 - SUAS - DEBUG - [SUAS_main.main:736] - Waiting for mode change to: AUTO
2025-06-22 17:18:57,483 - SUAS - DEBUG - [SUAS_main.main:736] - Waiting for mode change to: AUTO
2025-06-22 17:18:57,984 - SUAS - DEBUG - [SUAS_main.main:736] - Waiting for mode change to: AUTO
2025-06-22 17:18:58,486 - SUAS - DEBUG - [SUAS_main.main:736] - Waiting for mode change to: AUTO
2025-06-22 17:18:58,987 - SUAS - DEBUG - [SUAS_main.main:736] - Waiting for mode change to: AUTO
2025-06-22 17:18:59,488 - SUAS - DEBUG - [SUAS_main.main:736] - Waiting for mode change to: AUTO
2025-06-22 17:18:59,990 - SUAS - DEBUG - [SUAS_main.main:736] - Waiting for mode change to: AUTO
2025-06-22 17:19:00,491 - SUAS - DEBUG - [SUAS_main.main:736] - Waiting for mode change to: AUTO
2025-06-22 17:19:00,993 - SUAS - DEBUG - [SUAS_main.main:736] - Waiting for mode change to: AUTO
2025-06-22 17:19:01,494 - SUAS - DEBUG - [SUAS_main.main:736] - Waiting for mode change to: AUTO
2025-06-22 17:19:01,996 - SUAS - DEBUG - [SUAS_main.main:736] - Waiting for mode change to: AUTO
2025-06-22 17:19:02,497 - SUAS - DEBUG - [SUAS_main.main:736] - Waiting for mode change to: AUTO
2025-06-22 17:19:02,999 - SUAS - DEBUG - [SUAS_main.main:736] - Waiting for mode change to: AUTO
2025-06-22 17:19:03,500 - SUAS - DEBUG - [SUAS_main.main:736] - Waiting for mode change to: AUTO
2025-06-22 17:19:04,002 - SUAS - DEBUG - [SUAS_main.main:736] - Waiting for mode change to: AUTO
2025-06-22 17:19:04,503 - SUAS - DEBUG - [SUAS_main.main:736] - Waiting for mode change to: AUTO
2025-06-22 17:19:05,004 - SUAS - DEBUG - [SUAS_main.main:736] - Waiting for mode change to: AUTO
2025-06-22 17:19:05,506 - SUAS - DEBUG - [SUAS_main.main:736] - Waiting for mode change to: AUTO
2025-06-22 17:19:06,007 - SUAS - DEBUG - [SUAS_main.main:736] - Waiting for mode change to: AUTO
2025-06-22 17:19:06,508 - SUAS - DEBUG - [SUAS_main.main:736] - Waiting for mode change to: AUTO
2025-06-22 17:19:07,010 - SUAS - DEBUG - [SUAS_main.main:736] - Waiting for mode change to: AUTO
2025-06-22 17:19:07,511 - SUAS - DEBUG - [SUAS_main.main:736] - Waiting for mode change to: AUTO
2025-06-22 17:19:08,013 - SUAS - DEBUG - [SUAS_main.main:736] - Waiting for mode change to: AUTO
2025-06-22 17:19:08,514 - SUAS - DEBUG - [SUAS_main.main:736] - Waiting for mode change to: AUTO
2025-06-22 17:19:09,016 - SUAS - DEBUG - [SUAS_main.main:736] - Waiting for mode change to: AUTO
2025-06-22 17:19:09,517 - SUAS - DEBUG - [SUAS_main.main:736] - Waiting for mode change to: AUTO
2025-06-22 17:19:10,052 - SUAS - DEBUG - [SUAS_main.main:736] - Waiting for mode change to: AUTO
2025-06-22 17:19:10,553 - SUAS - DEBUG - [SUAS_main.main:736] - Waiting for mode change to: AUTO
2025-06-22 17:19:11,055 - SUAS - DEBUG - [SUAS_main.main:736] - Waiting for mode change to: AUTO
2025-06-22 17:19:11,556 - SUAS - DEBUG - [SUAS_main.main:736] - Waiting for mode change to: AUTO
2025-06-22 17:19:12,058 - SUAS - DEBUG - [SUAS_main.main:736] - Waiting for mode change to: AUTO
2025-06-22 17:19:12,559 - SUAS - DEBUG - [SUAS_main.main:736] - Waiting for mode change to: AUTO
2025-06-22 17:19:13,060 - SUAS - DEBUG - [SUAS_main.main:736] - Waiting for mode change to: AUTO
2025-06-22 17:19:13,562 - SUAS - DEBUG - [SUAS_main.main:736] - Waiting for mode change to: AUTO
2025-06-22 17:19:14,063 - SUAS - DEBUG - [SUAS_main.main:736] - Waiting for mode change to: AUTO
2025-06-22 17:19:14,564 - SUAS - DEBUG - [SUAS_main.main:736] - Waiting for mode change to: AUTO
2025-06-22 17:19:15,066 - SUAS - DEBUG - [SUAS_main.main:736] - Waiting for mode change to: AUTO
2025-06-22 17:19:15,567 - SUAS - DEBUG - [SUAS_main.main:736] - Waiting for mode change to: AUTO
2025-06-22 17:19:16,068 - SUAS - DEBUG - [SUAS_main.main:736] - Waiting for mode change to: AUTO
2025-06-22 17:19:16,570 - SUAS - DEBUG - [SUAS_main.main:736] - Waiting for mode change to: AUTO
2025-06-22 17:19:17,071 - SUAS - DEBUG - [SUAS_main.main:736] - Waiting for mode change to: AUTO
2025-06-22 17:19:17,573 - SUAS - DEBUG - [SUAS_main.main:736] - Waiting for mode change to: AUTO
2025-06-22 17:19:18,074 - SUAS - DEBUG - [SUAS_main.main:736] - Waiting for mode change to: AUTO
2025-06-22 17:19:18,576 - SUAS - DEBUG - [SUAS_main.main:736] - Waiting for mode change to: AUTO
2025-06-22 17:19:19,077 - SUAS - DEBUG - [SUAS_main.main:736] - Waiting for mode change to: AUTO
2025-06-22 17:19:19,578 - SUAS - DEBUG - [SUAS_main.main:736] - Waiting for mode change to: AUTO
2025-06-22 17:19:20,080 - SUAS - DEBUG - [SUAS_main.main:736] - Waiting for mode change to: AUTO
2025-06-22 17:19:20,581 - SUAS - DEBUG - [SUAS_main.main:736] - Waiting for mode change to: AUTO
2025-06-22 17:19:21,083 - SUAS - DEBUG - [SUAS_main.main:736] - Waiting for mode change to: AUTO
2025-06-22 17:19:21,585 - SUAS - DEBUG - [SUAS_main.main:736] - Waiting for mode change to: AUTO
2025-06-22 17:19:22,087 - SUAS - DEBUG - [SUAS_main.main:736] - Waiting for mode change to: AUTO
2025-06-22 17:19:22,589 - SUAS - DEBUG - [SUAS_main.main:736] - Waiting for mode change to: AUTO
2025-06-22 17:19:23,091 - SUAS - DEBUG - [SUAS_main.main:736] - Waiting for mode change to: AUTO
