2025-06-21 00:32:43,246 - SUAS - DEBUG - [SUAS_main.__init__:204] - (38.8510339, -76.7003243, 4.217)
2025-06-21 00:32:43,248 - SUAS - DEBUG - [SUAS_main.__init__:210] - Opening camera with pipeline:
nvarguscamerasrc sensor-id=0 aelock=false awblock=True wbmode=6 exposurecompensation=-1.7 ! video/x-raw(memory:NVMM), width=(int)4032, height=(int)3040, framerate=(fraction)19/1 ! nvvidconv flip-method=0 ! video/x-raw, format=(string)BGRx ! videoconvert ! video/x-raw, format=(string)BGR ! appsink
2025-06-21 00:32:46,365 - SUAS - DEBUG - [SUAS_main.take_photo_opencv:365] - Saved photo to init_test_photo/image_1.jpg
2025-06-21 00:32:47,367 - SUAS - DEBUG - [SUAS_main.__init__:102] - Initial flight mode: ALT_HOLD
2025-06-21 00:32:48,089 - SUAS - DEBUG - [SUAS_main.main:628] - Download Waypoints - Completed
2025-06-21 00:32:48,091 - SUAS - DEBUG - [SUAS_main.main:631] - WP SET TO 2
2025-06-21 00:32:49,095 - SUAS - DEBUG - [SUAS_main.main:643] - ------------------------------5---------------------------
2025-06-21 00:32:49,096 - SUAS - DEBUG - [SUAS_main.main:652] - ------------------------------------------------------------------------
2025-06-21 00:32:49,101 - SUAS - DEBUG - [SUAS_main.main:653] - No DOJUMP
2025-06-21 00:32:49,102 - SUAS - DEBUG - [SUAS_main.main:654] - ------------------------------------------------------------------------
2025-06-21 00:32:49,305 - SUAS - DEBUG - [SUAS_main.main:663] - Download Changed Waypoints - Completed
2025-06-21 00:32:49,306 - SUAS - DEBUG - [SUAS_main.main:670] - ------------------------------6 - updated---------------------------
2025-06-21 00:32:49,307 - SUAS - DEBUG - [SUAS_main.main:677] - Waiting for mode change to: AUTO
2025-06-21 00:32:49,809 - SUAS - DEBUG - [SUAS_main.main:677] - Waiting for mode change to: AUTO
2025-06-21 00:32:50,310 - SUAS - DEBUG - [SUAS_main.main:677] - Waiting for mode change to: AUTO
2025-06-21 00:32:50,812 - SUAS - DEBUG - [SUAS_main.main:677] - Waiting for mode change to: AUTO
2025-06-21 00:32:51,314 - SUAS - DEBUG - [SUAS_main.main:677] - Waiting for mode change to: AUTO
2025-06-21 00:32:51,815 - SUAS - DEBUG - [SUAS_main.main:677] - Waiting for mode change to: AUTO
2025-06-21 00:32:52,317 - SUAS - DEBUG - [SUAS_main.main:677] - Waiting for mode change to: AUTO
2025-06-21 00:32:52,819 - SUAS - DEBUG - [SUAS_main.main:677] - Waiting for mode change to: AUTO
2025-06-21 00:32:53,320 - SUAS - DEBUG - [SUAS_main.main:677] - Waiting for mode change to: AUTO
2025-06-21 00:32:53,822 - SUAS - DEBUG - [SUAS_main.main:677] - Waiting for mode change to: AUTO
2025-06-21 00:32:54,324 - SUAS - DEBUG - [SUAS_main.main:677] - Waiting for mode change to: AUTO
2025-06-21 00:32:54,826 - SUAS - DEBUG - [SUAS_main.main:677] - Waiting for mode change to: AUTO
2025-06-21 00:32:55,327 - SUAS - DEBUG - [SUAS_main.main:677] - Waiting for mode change to: AUTO
2025-06-21 00:32:55,829 - SUAS - DEBUG - [SUAS_main.main:677] - Waiting for mode change to: AUTO
2025-06-21 00:32:56,330 - SUAS - DEBUG - [SUAS_main.main:677] - Waiting for mode change to: AUTO
2025-06-21 00:32:56,832 - SUAS - DEBUG - [SUAS_main.main:677] - Waiting for mode change to: AUTO
2025-06-21 00:32:57,333 - SUAS - DEBUG - [SUAS_main.main:677] - Waiting for mode change to: AUTO
2025-06-21 00:32:57,835 - SUAS - DEBUG - [SUAS_main.main:677] - Waiting for mode change to: AUTO
2025-06-21 00:32:58,336 - SUAS - DEBUG - [SUAS_main.main:677] - Waiting for mode change to: AUTO
2025-06-21 00:32:58,838 - SUAS - DEBUG - [SUAS_main.main:677] - Waiting for mode change to: AUTO
2025-06-21 00:32:59,339 - SUAS - DEBUG - [SUAS_main.main:677] - Waiting for mode change to: AUTO
2025-06-21 00:32:59,841 - SUAS - DEBUG - [SUAS_main.main:677] - Waiting for mode change to: AUTO
2025-06-21 00:33:00,343 - SUAS - DEBUG - [SUAS_main.main:677] - Waiting for mode change to: AUTO
2025-06-21 00:33:00,845 - SUAS - DEBUG - [SUAS_main.main:677] - Waiting for mode change to: AUTO
2025-06-21 00:33:01,346 - SUAS - DEBUG - [SUAS_main.main:677] - Waiting for mode change to: AUTO
2025-06-21 00:33:01,847 - SUAS - DEBUG - [SUAS_main.main:677] - Waiting for mode change to: AUTO
2025-06-21 00:33:02,349 - SUAS - DEBUG - [SUAS_main.main:677] - Waiting for mode change to: AUTO
2025-06-21 00:33:02,850 - SUAS - DEBUG - [SUAS_main.main:677] - Waiting for mode change to: AUTO
2025-06-21 00:33:03,352 - SUAS - DEBUG - [SUAS_main.main:677] - Waiting for mode change to: AUTO
2025-06-21 00:33:03,854 - SUAS - DEBUG - [SUAS_main.main:677] - Waiting for mode change to: AUTO
2025-06-21 00:33:04,355 - SUAS - DEBUG - [SUAS_main.main:677] - Waiting for mode change to: AUTO
2025-06-21 00:33:04,857 - SUAS - DEBUG - [SUAS_main.main:677] - Waiting for mode change to: AUTO
2025-06-21 00:33:05,358 - SUAS - DEBUG - [SUAS_main.main:677] - Waiting for mode change to: AUTO
2025-06-21 00:33:05,860 - SUAS - DEBUG - [SUAS_main.main:677] - Waiting for mode change to: AUTO
2025-06-21 00:33:06,361 - SUAS - DEBUG - [SUAS_main.main:677] - Waiting for mode change to: AUTO
2025-06-21 00:33:06,863 - SUAS - DEBUG - [SUAS_main.main:677] - Waiting for mode change to: AUTO
2025-06-21 00:33:07,364 - SUAS - DEBUG - [SUAS_main.main:677] - Waiting for mode change to: AUTO
2025-06-21 00:33:07,866 - SUAS - DEBUG - [SUAS_main.main:677] - Waiting for mode change to: AUTO
2025-06-21 00:33:08,368 - SUAS - DEBUG - [SUAS_main.main:677] - Waiting for mode change to: AUTO
2025-06-21 00:33:08,869 - SUAS - DEBUG - [SUAS_main.main:677] - Waiting for mode change to: AUTO
2025-06-21 00:33:09,370 - SUAS - DEBUG - [SUAS_main.main:677] - Waiting for mode change to: AUTO
2025-06-21 00:33:09,872 - SUAS - DEBUG - [SUAS_main.main:677] - Waiting for mode change to: AUTO
2025-06-21 00:33:10,373 - SUAS - DEBUG - [SUAS_main.main:677] - Waiting for mode change to: AUTO
2025-06-21 00:33:10,874 - SUAS - DEBUG - [SUAS_main.main:677] - Waiting for mode change to: AUTO
2025-06-21 00:33:11,376 - SUAS - DEBUG - [SUAS_main.main:677] - Waiting for mode change to: AUTO
2025-06-21 00:33:11,877 - SUAS - DEBUG - [SUAS_main.main:677] - Waiting for mode change to: AUTO
2025-06-21 00:33:12,378 - SUAS - DEBUG - [SUAS_main.main:677] - Waiting for mode change to: AUTO
2025-06-21 00:33:12,880 - SUAS - DEBUG - [SUAS_main.main:677] - Waiting for mode change to: AUTO
2025-06-21 00:33:13,382 - SUAS - DEBUG - [SUAS_main.main:677] - Waiting for mode change to: AUTO
2025-06-21 00:33:13,884 - SUAS - DEBUG - [SUAS_main.main:677] - Waiting for mode change to: AUTO
2025-06-21 00:33:14,385 - SUAS - DEBUG - [SUAS_main.main:677] - Waiting for mode change to: AUTO
2025-06-21 00:33:14,887 - SUAS - DEBUG - [SUAS_main.main:677] - Waiting for mode change to: AUTO
2025-06-21 00:33:15,388 - SUAS - DEBUG - [SUAS_main.main:677] - Waiting for mode change to: AUTO
2025-06-21 00:33:15,890 - SUAS - DEBUG - [SUAS_main.main:677] - Waiting for mode change to: AUTO
2025-06-21 00:33:16,391 - SUAS - DEBUG - [SUAS_main.main:677] - Waiting for mode change to: AUTO
2025-06-21 00:33:16,893 - SUAS - DEBUG - [SUAS_main.main:677] - Waiting for mode change to: AUTO
2025-06-21 00:33:17,394 - SUAS - DEBUG - [SUAS_main.main:677] - Waiting for mode change to: AUTO
2025-06-21 00:33:17,896 - SUAS - DEBUG - [SUAS_main.main:677] - Waiting for mode change to: AUTO
2025-06-21 00:33:18,397 - SUAS - DEBUG - [SUAS_main.main:677] - Waiting for mode change to: AUTO
2025-06-21 00:33:18,898 - SUAS - DEBUG - [SUAS_main.main:677] - Waiting for mode change to: AUTO
2025-06-21 00:33:19,400 - SUAS - DEBUG - [SUAS_main.main:677] - Waiting for mode change to: AUTO
2025-06-21 00:33:19,901 - SUAS - DEBUG - [SUAS_main.main:677] - Waiting for mode change to: AUTO
2025-06-21 00:33:20,403 - SUAS - DEBUG - [SUAS_main.main:677] - Waiting for mode change to: AUTO
2025-06-21 00:33:20,906 - SUAS - DEBUG - [SUAS_main.main:677] - Waiting for mode change to: AUTO
2025-06-21 00:33:21,407 - SUAS - DEBUG - [SUAS_main.main:677] - Waiting for mode change to: AUTO
2025-06-21 00:33:21,909 - SUAS - DEBUG - [SUAS_main.main:677] - Waiting for mode change to: AUTO
2025-06-21 00:33:22,410 - SUAS - DEBUG - [SUAS_main.main:677] - Waiting for mode change to: AUTO
2025-06-21 00:33:22,912 - SUAS - DEBUG - [SUAS_main.main:677] - Waiting for mode change to: AUTO
2025-06-21 00:33:23,413 - SUAS - DEBUG - [SUAS_main.main:677] - Waiting for mode change to: AUTO
2025-06-21 00:33:23,915 - SUAS - DEBUG - [SUAS_main.main:677] - Waiting for mode change to: AUTO
2025-06-21 00:33:24,416 - SUAS - DEBUG - [SUAS_main.main:677] - Waiting for mode change to: AUTO
2025-06-21 00:33:24,918 - SUAS - DEBUG - [SUAS_main.main:677] - Waiting for mode change to: AUTO
2025-06-21 00:33:25,419 - SUAS - DEBUG - [SUAS_main.main:677] - Waiting for mode change to: AUTO
2025-06-21 00:33:25,921 - SUAS - DEBUG - [SUAS_main.main:677] - Waiting for mode change to: AUTO
2025-06-21 00:33:26,422 - SUAS - DEBUG - [SUAS_main.main:677] - Waiting for mode change to: AUTO
2025-06-21 00:33:26,924 - SUAS - DEBUG - [SUAS_main.main:677] - Waiting for mode change to: AUTO
2025-06-21 00:33:27,425 - SUAS - DEBUG - [SUAS_main.main:677] - Waiting for mode change to: AUTO
2025-06-21 00:33:27,926 - SUAS - DEBUG - [SUAS_main.main:677] - Waiting for mode change to: AUTO
2025-06-21 00:33:28,428 - SUAS - DEBUG - [SUAS_main.main:677] - Waiting for mode change to: AUTO
2025-06-21 00:33:28,930 - SUAS - DEBUG - [SUAS_main.main:677] - Waiting for mode change to: AUTO
2025-06-21 00:33:29,431 - SUAS - DEBUG - [SUAS_main.main:677] - Waiting for mode change to: AUTO
2025-06-21 00:33:29,933 - SUAS - DEBUG - [SUAS_main.main:677] - Waiting for mode change to: AUTO
2025-06-21 00:33:30,434 - SUAS - DEBUG - [SUAS_main.main:677] - Waiting for mode change to: AUTO
2025-06-21 00:33:30,936 - SUAS - DEBUG - [SUAS_main.main:677] - Waiting for mode change to: AUTO
2025-06-21 00:33:31,437 - SUAS - DEBUG - [SUAS_main.main:677] - Waiting for mode change to: AUTO
2025-06-21 00:33:31,938 - SUAS - DEBUG - [SUAS_main.main:677] - Waiting for mode change to: AUTO
2025-06-21 00:33:32,440 - SUAS - DEBUG - [SUAS_main.main:677] - Waiting for mode change to: AUTO
2025-06-21 00:33:32,941 - SUAS - DEBUG - [SUAS_main.main:677] - Waiting for mode change to: AUTO
2025-06-21 00:33:33,443 - SUAS - DEBUG - [SUAS_main.main:677] - Waiting for mode change to: AUTO
2025-06-21 00:33:33,944 - SUAS - DEBUG - [SUAS_main.main:677] - Waiting for mode change to: AUTO
2025-06-21 00:33:34,446 - SUAS - DEBUG - [SUAS_main.main:677] - Waiting for mode change to: AUTO
2025-06-21 00:33:34,948 - SUAS - DEBUG - [SUAS_main.main:677] - Waiting for mode change to: AUTO
2025-06-21 00:33:35,449 - SUAS - DEBUG - [SUAS_main.main:677] - Waiting for mode change to: AUTO
2025-06-21 00:33:35,950 - SUAS - DEBUG - [SUAS_main.main:677] - Waiting for mode change to: AUTO
2025-06-21 00:33:36,452 - SUAS - DEBUG - [SUAS_main.main:677] - Waiting for mode change to: AUTO
2025-06-21 00:33:36,953 - SUAS - DEBUG - [SUAS_main.main:677] - Waiting for mode change to: AUTO
2025-06-21 00:33:37,454 - SUAS - DEBUG - [SUAS_main.main:677] - Waiting for mode change to: AUTO
2025-06-21 00:33:37,956 - SUAS - DEBUG - [SUAS_main.main:677] - Waiting for mode change to: AUTO
2025-06-21 00:33:38,457 - SUAS - DEBUG - [SUAS_main.main:677] - Waiting for mode change to: AUTO
2025-06-21 00:33:38,959 - SUAS - DEBUG - [SUAS_main.main:677] - Waiting for mode change to: AUTO
2025-06-21 00:33:39,460 - SUAS - DEBUG - [SUAS_main.main:677] - Waiting for mode change to: AUTO
2025-06-21 00:33:39,961 - SUAS - DEBUG - [SUAS_main.main:677] - Waiting for mode change to: AUTO
2025-06-21 00:33:40,463 - SUAS - DEBUG - [SUAS_main.main:677] - Waiting for mode change to: AUTO
2025-06-21 00:33:40,964 - SUAS - DEBUG - [SUAS_main.main:677] - Waiting for mode change to: AUTO
2025-06-21 00:33:41,466 - SUAS - DEBUG - [SUAS_main.main:677] - Waiting for mode change to: AUTO
2025-06-21 00:33:41,968 - SUAS - DEBUG - [SUAS_main.main:677] - Waiting for mode change to: AUTO
2025-06-21 00:33:42,470 - SUAS - DEBUG - [SUAS_main.main:677] - Waiting for mode change to: AUTO
2025-06-21 00:33:42,971 - SUAS - DEBUG - [SUAS_main.main:677] - Waiting for mode change to: AUTO
2025-06-21 00:33:43,473 - SUAS - DEBUG - [SUAS_main.main:677] - Waiting for mode change to: AUTO
2025-06-21 00:33:43,974 - SUAS - DEBUG - [SUAS_main.main:677] - Waiting for mode change to: AUTO
2025-06-21 00:33:44,476 - SUAS - DEBUG - [SUAS_main.main:677] - Waiting for mode change to: AUTO
2025-06-21 00:33:44,977 - SUAS - DEBUG - [SUAS_main.main:677] - Waiting for mode change to: AUTO
2025-06-21 00:33:45,478 - SUAS - DEBUG - [SUAS_main.main:677] - Waiting for mode change to: AUTO
2025-06-21 00:33:45,980 - SUAS - DEBUG - [SUAS_main.main:677] - Waiting for mode change to: AUTO
2025-06-21 00:33:46,481 - SUAS - DEBUG - [SUAS_main.main:677] - Waiting for mode change to: AUTO
2025-06-21 00:33:46,983 - SUAS - DEBUG - [SUAS_main.main:677] - Waiting for mode change to: AUTO
2025-06-21 00:33:47,484 - SUAS - DEBUG - [SUAS_main.main:677] - Waiting for mode change to: AUTO
2025-06-21 00:33:47,986 - SUAS - DEBUG - [SUAS_main.main:677] - Waiting for mode change to: AUTO
2025-06-21 00:33:48,488 - SUAS - DEBUG - [SUAS_main.main:677] - Waiting for mode change to: AUTO
2025-06-21 00:33:48,989 - SUAS - DEBUG - [SUAS_main.main:677] - Waiting for mode change to: AUTO
2025-06-21 00:33:49,490 - SUAS - DEBUG - [SUAS_main.main:677] - Waiting for mode change to: AUTO
2025-06-21 00:33:49,992 - SUAS - DEBUG - [SUAS_main.main:677] - Waiting for mode change to: AUTO
2025-06-21 00:33:50,493 - SUAS - DEBUG - [SUAS_main.main:677] - Waiting for mode change to: AUTO
2025-06-21 00:33:50,994 - SUAS - DEBUG - [SUAS_main.main:677] - Waiting for mode change to: AUTO
2025-06-21 00:33:51,496 - SUAS - DEBUG - [SUAS_main.main:677] - Waiting for mode change to: AUTO
2025-06-21 00:33:51,997 - SUAS - DEBUG - [SUAS_main.main:677] - Waiting for mode change to: AUTO
2025-06-21 00:33:52,498 - SUAS - DEBUG - [SUAS_main.main:677] - Waiting for mode change to: AUTO
2025-06-21 00:33:53,000 - SUAS - DEBUG - [SUAS_main.main:677] - Waiting for mode change to: AUTO
2025-06-21 00:33:53,501 - SUAS - DEBUG - [SUAS_main.main:677] - Waiting for mode change to: AUTO
2025-06-21 00:33:54,002 - SUAS - DEBUG - [SUAS_main.main:677] - Waiting for mode change to: AUTO
2025-06-21 00:33:54,504 - SUAS - DEBUG - [SUAS_main.main:677] - Waiting for mode change to: AUTO
2025-06-21 00:33:55,038 - SUAS - DEBUG - [SUAS_main.main:677] - Waiting for mode change to: AUTO
2025-06-21 00:33:55,540 - SUAS - DEBUG - [SUAS_main.main:677] - Waiting for mode change to: AUTO
2025-06-21 00:33:56,041 - SUAS - DEBUG - [SUAS_main.main:677] - Waiting for mode change to: AUTO
2025-06-21 00:33:56,543 - SUAS - DEBUG - [SUAS_main.main:677] - Waiting for mode change to: AUTO
2025-06-21 00:33:57,044 - SUAS - DEBUG - [SUAS_main.main:677] - Waiting for mode change to: AUTO
2025-06-21 00:33:57,546 - SUAS - DEBUG - [SUAS_main.main:677] - Waiting for mode change to: AUTO
2025-06-21 00:33:58,048 - SUAS - DEBUG - [SUAS_main.main:677] - Waiting for mode change to: AUTO
2025-06-21 00:33:58,549 - SUAS - DEBUG - [SUAS_main.main:677] - Waiting for mode change to: AUTO
2025-06-21 00:33:59,050 - SUAS - DEBUG - [SUAS_main.main:677] - Waiting for mode change to: AUTO
2025-06-21 00:33:59,552 - SUAS - DEBUG - [SUAS_main.main:677] - Waiting for mode change to: AUTO
2025-06-21 00:34:00,054 - SUAS - DEBUG - [SUAS_main.main:677] - Waiting for mode change to: AUTO
2025-06-21 00:34:00,555 - SUAS - DEBUG - [SUAS_main.main:677] - Waiting for mode change to: AUTO
2025-06-21 00:34:01,056 - SUAS - DEBUG - [SUAS_main.main:677] - Waiting for mode change to: AUTO
2025-06-21 00:34:01,558 - SUAS - DEBUG - [SUAS_main.main:677] - Waiting for mode change to: AUTO
2025-06-21 00:34:02,059 - SUAS - DEBUG - [SUAS_main.main:677] - Waiting for mode change to: AUTO
2025-06-21 00:34:02,561 - SUAS - DEBUG - [SUAS_main.main:677] - Waiting for mode change to: AUTO
2025-06-21 00:34:03,062 - SUAS - DEBUG - [SUAS_main.main:677] - Waiting for mode change to: AUTO
2025-06-21 00:34:03,564 - SUAS - DEBUG - [SUAS_main.main:677] - Waiting for mode change to: AUTO
2025-06-21 00:34:04,065 - SUAS - DEBUG - [SUAS_main.main:677] - Waiting for mode change to: AUTO
2025-06-21 00:34:04,567 - SUAS - DEBUG - [SUAS_main.main:677] - Waiting for mode change to: AUTO
2025-06-21 00:34:05,068 - SUAS - DEBUG - [SUAS_main.main:677] - Waiting for mode change to: AUTO
2025-06-21 00:34:05,570 - SUAS - DEBUG - [SUAS_main.main:677] - Waiting for mode change to: AUTO
2025-06-21 00:34:06,072 - SUAS - DEBUG - [SUAS_main.main:677] - Waiting for mode change to: AUTO
2025-06-21 00:34:06,573 - SUAS - DEBUG - [SUAS_main.main:677] - Waiting for mode change to: AUTO
2025-06-21 00:34:07,075 - SUAS - DEBUG - [SUAS_main.main:677] - Waiting for mode change to: AUTO
2025-06-21 00:34:07,576 - SUAS - DEBUG - [SUAS_main.main:677] - Waiting for mode change to: AUTO
2025-06-21 00:34:08,078 - SUAS - DEBUG - [SUAS_main.main:677] - Waiting for mode change to: AUTO
2025-06-21 00:34:08,579 - SUAS - DEBUG - [SUAS_main.main:677] - Waiting for mode change to: AUTO
2025-06-21 00:34:09,081 - SUAS - DEBUG - [SUAS_main.main:677] - Waiting for mode change to: AUTO
2025-06-21 00:34:09,582 - SUAS - DEBUG - [SUAS_main.main:677] - Waiting for mode change to: AUTO
2025-06-21 00:34:10,084 - SUAS - DEBUG - [SUAS_main.main:677] - Waiting for mode change to: AUTO
2025-06-21 00:34:10,585 - SUAS - DEBUG - [SUAS_main.main:677] - Waiting for mode change to: AUTO
2025-06-21 00:34:11,087 - SUAS - DEBUG - [SUAS_main.main:677] - Waiting for mode change to: AUTO
2025-06-21 00:34:11,588 - SUAS - DEBUG - [SUAS_main.main:677] - Waiting for mode change to: AUTO
2025-06-21 00:34:12,090 - SUAS - DEBUG - [SUAS_main.main:677] - Waiting for mode change to: AUTO
2025-06-21 00:34:12,591 - SUAS - DEBUG - [SUAS_main.main:677] - Waiting for mode change to: AUTO
2025-06-21 00:34:13,093 - SUAS - DEBUG - [SUAS_main.main:677] - Waiting for mode change to: AUTO
2025-06-21 00:34:13,594 - SUAS - DEBUG - [SUAS_main.main:677] - Waiting for mode change to: AUTO
2025-06-21 00:34:14,096 - SUAS - DEBUG - [SUAS_main.main:677] - Waiting for mode change to: AUTO
2025-06-21 00:34:14,597 - SUAS - DEBUG - [SUAS_main.main:677] - Waiting for mode change to: AUTO
2025-06-21 00:34:15,099 - SUAS - DEBUG - [SUAS_main.main:677] - Waiting for mode change to: AUTO
2025-06-21 00:34:15,600 - SUAS - DEBUG - [SUAS_main.main:677] - Waiting for mode change to: AUTO
2025-06-21 00:34:16,102 - SUAS - DEBUG - [SUAS_main.main:677] - Waiting for mode change to: AUTO
2025-06-21 00:34:16,603 - SUAS - DEBUG - [SUAS_main.main:677] - Waiting for mode change to: AUTO
2025-06-21 00:34:17,105 - SUAS - DEBUG - [SUAS_main.main:677] - Waiting for mode change to: AUTO
2025-06-21 00:34:17,607 - SUAS - DEBUG - [SUAS_main.main:677] - Waiting for mode change to: AUTO
2025-06-21 00:34:18,108 - SUAS - DEBUG - [SUAS_main.main:677] - Waiting for mode change to: AUTO
2025-06-21 00:34:18,610 - SUAS - DEBUG - [SUAS_main.main:677] - Waiting for mode change to: AUTO
2025-06-21 00:34:19,111 - SUAS - DEBUG - [SUAS_main.main:677] - Waiting for mode change to: AUTO
2025-06-21 00:34:19,613 - SUAS - DEBUG - [SUAS_main.main:677] - Waiting for mode change to: AUTO
2025-06-21 00:34:20,114 - SUAS - DEBUG - [SUAS_main.main:677] - Waiting for mode change to: AUTO
2025-06-21 00:34:20,616 - SUAS - DEBUG - [SUAS_main.main:677] - Waiting for mode change to: AUTO
2025-06-21 00:34:21,117 - SUAS - DEBUG - [SUAS_main.main:677] - Waiting for mode change to: AUTO
2025-06-21 00:34:21,618 - SUAS - DEBUG - [SUAS_main.main:677] - Waiting for mode change to: AUTO
2025-06-21 00:34:22,120 - SUAS - DEBUG - [SUAS_main.main:677] - Waiting for mode change to: AUTO
2025-06-21 00:34:22,621 - SUAS - DEBUG - [SUAS_main.main:677] - Waiting for mode change to: AUTO
2025-06-21 00:34:23,122 - SUAS - DEBUG - [SUAS_main.main:677] - Waiting for mode change to: AUTO
2025-06-21 00:34:23,624 - SUAS - DEBUG - [SUAS_main.main:677] - Waiting for mode change to: AUTO
2025-06-21 00:34:24,125 - SUAS - DEBUG - [SUAS_main.main:677] - Waiting for mode change to: AUTO
2025-06-21 00:34:24,626 - SUAS - DEBUG - [SUAS_main.main:677] - Waiting for mode change to: AUTO
2025-06-21 00:34:25,128 - SUAS - DEBUG - [SUAS_main.main:677] - Waiting for mode change to: AUTO
2025-06-21 00:34:25,630 - SUAS - DEBUG - [SUAS_main.main:677] - Waiting for mode change to: AUTO
2025-06-21 00:34:26,132 - SUAS - DEBUG - [SUAS_main.main:677] - Waiting for mode change to: AUTO
2025-06-21 00:34:26,633 - SUAS - DEBUG - [SUAS_main.main:677] - Waiting for mode change to: AUTO
2025-06-21 00:34:27,135 - SUAS - DEBUG - [SUAS_main.main:677] - Waiting for mode change to: AUTO
2025-06-21 00:34:27,636 - SUAS - DEBUG - [SUAS_main.main:677] - Waiting for mode change to: AUTO
2025-06-21 00:34:28,137 - SUAS - DEBUG - [SUAS_main.main:677] - Waiting for mode change to: AUTO
2025-06-21 00:34:28,638 - SUAS - DEBUG - [SUAS_main.main:677] - Waiting for mode change to: AUTO
2025-06-21 00:34:29,140 - SUAS - DEBUG - [SUAS_main.main:677] - Waiting for mode change to: AUTO
2025-06-21 00:34:29,641 - SUAS - DEBUG - [SUAS_main.main:677] - Waiting for mode change to: AUTO
2025-06-21 00:34:30,143 - SUAS - DEBUG - [SUAS_main.main:677] - Waiting for mode change to: AUTO
2025-06-21 00:34:30,644 - SUAS - DEBUG - [SUAS_main.main:677] - Waiting for mode change to: AUTO
2025-06-21 00:34:31,146 - SUAS - DEBUG - [SUAS_main.main:677] - Waiting for mode change to: AUTO
2025-06-21 00:34:31,647 - SUAS - DEBUG - [SUAS_main.main:677] - Waiting for mode change to: AUTO
2025-06-21 00:34:32,149 - SUAS - DEBUG - [SUAS_main.main:677] - Waiting for mode change to: AUTO
2025-06-21 00:34:32,650 - SUAS - DEBUG - [SUAS_main.main:677] - Waiting for mode change to: AUTO
2025-06-21 00:34:33,152 - SUAS - DEBUG - [SUAS_main.main:677] - Waiting for mode change to: AUTO
2025-06-21 00:34:33,653 - SUAS - DEBUG - [SUAS_main.main:677] - Waiting for mode change to: AUTO
2025-06-21 00:34:34,155 - SUAS - DEBUG - [SUAS_main.main:677] - Waiting for mode change to: AUTO
2025-06-21 00:34:34,656 - SUAS - DEBUG - [SUAS_main.main:677] - Waiting for mode change to: AUTO
2025-06-21 00:34:35,158 - SUAS - DEBUG - [SUAS_main.main:677] - Waiting for mode change to: AUTO
2025-06-21 00:34:35,659 - SUAS - DEBUG - [SUAS_main.main:677] - Waiting for mode change to: AUTO
2025-06-21 00:34:36,161 - SUAS - DEBUG - [SUAS_main.main:677] - Waiting for mode change to: AUTO
2025-06-21 00:34:36,662 - SUAS - DEBUG - [SUAS_main.main:677] - Waiting for mode change to: AUTO
2025-06-21 00:34:37,164 - SUAS - DEBUG - [SUAS_main.main:677] - Waiting for mode change to: AUTO
2025-06-21 00:34:37,665 - SUAS - DEBUG - [SUAS_main.main:677] - Waiting for mode change to: AUTO
2025-06-21 00:34:38,166 - SUAS - DEBUG - [SUAS_main.main:677] - Waiting for mode change to: AUTO
2025-06-21 00:34:38,668 - SUAS - DEBUG - [SUAS_main.main:677] - Waiting for mode change to: AUTO
2025-06-21 00:34:39,170 - SUAS - DEBUG - [SUAS_main.main:677] - Waiting for mode change to: AUTO
2025-06-21 00:34:39,671 - SUAS - DEBUG - [SUAS_main.main:677] - Waiting for mode change to: AUTO
2025-06-21 00:34:40,173 - SUAS - DEBUG - [SUAS_main.main:677] - Waiting for mode change to: AUTO
2025-06-21 00:34:40,674 - SUAS - DEBUG - [SUAS_main.main:677] - Waiting for mode change to: AUTO
2025-06-21 00:34:41,176 - SUAS - DEBUG - [SUAS_main.main:677] - Waiting for mode change to: AUTO
2025-06-21 00:34:41,677 - SUAS - DEBUG - [SUAS_main.main:677] - Waiting for mode change to: AUTO
2025-06-21 00:34:42,179 - SUAS - DEBUG - [SUAS_main.main:677] - Waiting for mode change to: AUTO
2025-06-21 00:34:42,680 - SUAS - DEBUG - [SUAS_main.main:677] - Waiting for mode change to: AUTO
2025-06-21 00:34:43,182 - SUAS - DEBUG - [SUAS_main.main:677] - Waiting for mode change to: AUTO
2025-06-21 00:34:43,683 - SUAS - DEBUG - [SUAS_main.main:677] - Waiting for mode change to: AUTO
2025-06-21 00:34:44,185 - SUAS - DEBUG - [SUAS_main.main:677] - Waiting for mode change to: AUTO
2025-06-21 00:34:44,686 - SUAS - DEBUG - [SUAS_main.main:677] - Waiting for mode change to: AUTO
2025-06-21 00:34:45,188 - SUAS - DEBUG - [SUAS_main.main:677] - Waiting for mode change to: AUTO
2025-06-21 00:34:45,689 - SUAS - DEBUG - [SUAS_main.main:677] - Waiting for mode change to: AUTO
2025-06-21 00:34:46,191 - SUAS - DEBUG - [SUAS_main.main:677] - Waiting for mode change to: AUTO
2025-06-21 00:34:46,692 - SUAS - DEBUG - [SUAS_main.main:677] - Waiting for mode change to: AUTO
2025-06-21 00:34:47,194 - SUAS - DEBUG - [SUAS_main.main:677] - Waiting for mode change to: AUTO
2025-06-21 00:34:47,696 - SUAS - DEBUG - [SUAS_main.main:677] - Waiting for mode change to: AUTO
2025-06-21 00:34:48,197 - SUAS - DEBUG - [SUAS_main.main:677] - Waiting for mode change to: AUTO
2025-06-21 00:34:48,698 - SUAS - DEBUG - [SUAS_main.main:677] - Waiting for mode change to: AUTO
2025-06-21 00:34:49,200 - SUAS - DEBUG - [SUAS_main.main:677] - Waiting for mode change to: AUTO
2025-06-21 00:34:49,701 - SUAS - DEBUG - [SUAS_main.main:677] - Waiting for mode change to: AUTO
2025-06-21 00:34:50,203 - SUAS - DEBUG - [SUAS_main.main:677] - Waiting for mode change to: AUTO
2025-06-21 00:34:50,704 - SUAS - DEBUG - [SUAS_main.main:677] - Waiting for mode change to: AUTO
2025-06-21 00:34:51,205 - SUAS - DEBUG - [SUAS_main.main:677] - Waiting for mode change to: AUTO
2025-06-21 00:34:51,706 - SUAS - DEBUG - [SUAS_main.main:677] - Waiting for mode change to: AUTO
2025-06-21 00:34:52,208 - SUAS - DEBUG - [SUAS_main.main:677] - Waiting for mode change to: AUTO
2025-06-21 00:34:52,710 - SUAS - DEBUG - [SUAS_main.main:677] - Waiting for mode change to: AUTO
2025-06-21 00:34:53,211 - SUAS - DEBUG - [SUAS_main.main:677] - Waiting for mode change to: AUTO
2025-06-21 00:34:53,713 - SUAS - DEBUG - [SUAS_main.main:677] - Waiting for mode change to: AUTO
2025-06-21 00:34:54,214 - SUAS - DEBUG - [SUAS_main.main:677] - Waiting for mode change to: AUTO
2025-06-21 00:34:54,716 - SUAS - DEBUG - [SUAS_main.main:677] - Waiting for mode change to: AUTO
2025-06-21 00:34:55,217 - SUAS - DEBUG - [SUAS_main.main:677] - Waiting for mode change to: AUTO
2025-06-21 00:34:55,718 - SUAS - DEBUG - [SUAS_main.main:677] - Waiting for mode change to: AUTO
2025-06-21 00:34:56,220 - SUAS - DEBUG - [SUAS_main.main:677] - Waiting for mode change to: AUTO
2025-06-21 00:34:56,721 - SUAS - DEBUG - [SUAS_main.main:677] - Waiting for mode change to: AUTO
2025-06-21 00:34:57,222 - SUAS - DEBUG - [SUAS_main.main:677] - Waiting for mode change to: AUTO
2025-06-21 00:34:57,724 - SUAS - DEBUG - [SUAS_main.main:677] - Waiting for mode change to: AUTO
2025-06-21 00:34:58,225 - SUAS - DEBUG - [SUAS_main.main:677] - Waiting for mode change to: AUTO
2025-06-21 00:34:58,726 - SUAS - DEBUG - [SUAS_main.main:677] - Waiting for mode change to: AUTO
2025-06-21 00:34:59,228 - SUAS - DEBUG - [SUAS_main.main:677] - Waiting for mode change to: AUTO
2025-06-21 00:34:59,729 - SUAS - DEBUG - [SUAS_main.main:677] - Waiting for mode change to: AUTO
2025-06-21 00:35:00,231 - SUAS - DEBUG - [SUAS_main.main:677] - Waiting for mode change to: AUTO
2025-06-21 00:35:00,732 - SUAS - DEBUG - [SUAS_main.main:677] - Waiting for mode change to: AUTO
2025-06-21 00:35:01,234 - SUAS - DEBUG - [SUAS_main.main:677] - Waiting for mode change to: AUTO
2025-06-21 00:35:01,736 - SUAS - DEBUG - [SUAS_main.main:677] - Waiting for mode change to: AUTO
2025-06-21 00:35:02,237 - SUAS - DEBUG - [SUAS_main.main:677] - Waiting for mode change to: AUTO
2025-06-21 00:35:02,738 - SUAS - DEBUG - [SUAS_main.main:677] - Waiting for mode change to: AUTO
2025-06-21 00:35:03,240 - SUAS - DEBUG - [SUAS_main.main:677] - Waiting for mode change to: AUTO
2025-06-21 00:35:03,741 - SUAS - DEBUG - [SUAS_main.main:677] - Waiting for mode change to: AUTO
2025-06-21 00:35:04,242 - SUAS - DEBUG - [SUAS_main.main:677] - Waiting for mode change to: AUTO
2025-06-21 00:35:04,744 - SUAS - DEBUG - [SUAS_main.main:677] - Waiting for mode change to: AUTO
2025-06-21 00:35:05,245 - SUAS - DEBUG - [SUAS_main.main:677] - Waiting for mode change to: AUTO
2025-06-21 00:35:05,747 - SUAS - DEBUG - [SUAS_main.main:677] - Waiting for mode change to: AUTO
2025-06-21 00:35:06,248 - SUAS - DEBUG - [SUAS_main.main:677] - Waiting for mode change to: AUTO
2025-06-21 00:35:06,750 - SUAS - DEBUG - [SUAS_main.main:677] - Waiting for mode change to: AUTO
2025-06-21 00:35:07,252 - SUAS - DEBUG - [SUAS_main.main:677] - Waiting for mode change to: AUTO
2025-06-21 00:35:07,754 - SUAS - DEBUG - [SUAS_main.main:677] - Waiting for mode change to: AUTO
2025-06-21 00:35:08,255 - SUAS - DEBUG - [SUAS_main.main:677] - Waiting for mode change to: AUTO
2025-06-21 00:35:08,756 - SUAS - DEBUG - [SUAS_main.main:677] - Waiting for mode change to: AUTO
2025-06-21 00:35:09,258 - SUAS - DEBUG - [SUAS_main.main:677] - Waiting for mode change to: AUTO
2025-06-21 00:35:09,759 - SUAS - DEBUG - [SUAS_main.main:677] - Waiting for mode change to: AUTO
2025-06-21 00:35:10,261 - SUAS - DEBUG - [SUAS_main.main:677] - Waiting for mode change to: AUTO
2025-06-21 00:35:10,762 - SUAS - DEBUG - [SUAS_main.main:677] - Waiting for mode change to: AUTO
2025-06-21 00:35:11,264 - SUAS - DEBUG - [SUAS_main.main:677] - Waiting for mode change to: AUTO
2025-06-21 00:35:11,765 - SUAS - DEBUG - [SUAS_main.main:677] - Waiting for mode change to: AUTO
2025-06-21 00:35:12,266 - SUAS - DEBUG - [SUAS_main.main:677] - Waiting for mode change to: AUTO
2025-06-21 00:35:12,768 - SUAS - DEBUG - [SUAS_main.main:677] - Waiting for mode change to: AUTO
2025-06-21 00:35:13,269 - SUAS - DEBUG - [SUAS_main.main:677] - Waiting for mode change to: AUTO
2025-06-21 00:35:13,770 - SUAS - DEBUG - [SUAS_main.main:677] - Waiting for mode change to: AUTO
2025-06-21 00:35:14,272 - SUAS - DEBUG - [SUAS_main.main:677] - Waiting for mode change to: AUTO
2025-06-21 00:35:14,774 - SUAS - DEBUG - [SUAS_main.main:677] - Waiting for mode change to: AUTO
2025-06-21 00:35:15,276 - SUAS - DEBUG - [SUAS_main.main:677] - Waiting for mode change to: AUTO
2025-06-21 00:35:15,810 - SUAS - DEBUG - [SUAS_main.main:677] - Waiting for mode change to: AUTO
2025-06-21 00:35:16,312 - SUAS - DEBUG - [SUAS_main.main:677] - Waiting for mode change to: AUTO
2025-06-21 00:35:16,813 - SUAS - DEBUG - [SUAS_main.main:677] - Waiting for mode change to: AUTO
2025-06-21 00:35:17,314 - SUAS - DEBUG - [SUAS_main.main:677] - Waiting for mode change to: AUTO
2025-06-21 00:35:17,816 - SUAS - DEBUG - [SUAS_main.main:677] - Waiting for mode change to: AUTO
2025-06-21 00:35:18,317 - SUAS - DEBUG - [SUAS_main.main:677] - Waiting for mode change to: AUTO
2025-06-21 00:35:18,818 - SUAS - DEBUG - [SUAS_main.main:677] - Waiting for mode change to: AUTO
2025-06-21 00:35:19,320 - SUAS - DEBUG - [SUAS_main.main:677] - Waiting for mode change to: AUTO
2025-06-21 00:35:19,821 - SUAS - DEBUG - [SUAS_main.main:677] - Waiting for mode change to: AUTO
2025-06-21 00:35:20,323 - SUAS - DEBUG - [SUAS_main.main:677] - Waiting for mode change to: AUTO
2025-06-21 00:35:20,824 - SUAS - DEBUG - [SUAS_main.main:677] - Waiting for mode change to: AUTO
2025-06-21 00:35:21,325 - SUAS - DEBUG - [SUAS_main.main:677] - Waiting for mode change to: AUTO
2025-06-21 00:35:21,827 - SUAS - DEBUG - [SUAS_main.main:677] - Waiting for mode change to: AUTO
2025-06-21 00:35:22,328 - SUAS - DEBUG - [SUAS_main.main:677] - Waiting for mode change to: AUTO
2025-06-21 00:35:22,830 - SUAS - DEBUG - [SUAS_main.main:677] - Waiting for mode change to: AUTO
2025-06-21 00:35:23,331 - SUAS - DEBUG - [SUAS_main.main:677] - Waiting for mode change to: AUTO
2025-06-21 00:35:23,833 - SUAS - DEBUG - [SUAS_main.main:677] - Waiting for mode change to: AUTO
2025-06-21 00:35:24,335 - SUAS - DEBUG - [SUAS_main.main:677] - Waiting for mode change to: AUTO
2025-06-21 00:35:24,836 - SUAS - DEBUG - [SUAS_main.main:677] - Waiting for mode change to: AUTO
2025-06-21 00:35:25,338 - SUAS - DEBUG - [SUAS_main.main:677] - Waiting for mode change to: AUTO
2025-06-21 00:35:25,839 - SUAS - DEBUG - [SUAS_main.main:677] - Waiting for mode change to: AUTO
2025-06-21 00:35:26,341 - SUAS - DEBUG - [SUAS_main.main:677] - Waiting for mode change to: AUTO
2025-06-21 00:35:26,842 - SUAS - DEBUG - [SUAS_main.main:677] - Waiting for mode change to: AUTO
2025-06-21 00:35:27,343 - SUAS - DEBUG - [SUAS_main.main:677] - Waiting for mode change to: AUTO
2025-06-21 00:35:27,845 - SUAS - DEBUG - [SUAS_main.main:677] - Waiting for mode change to: AUTO
2025-06-21 00:35:28,346 - SUAS - DEBUG - [SUAS_main.main:677] - Waiting for mode change to: AUTO
2025-06-21 00:35:28,848 - SUAS - DEBUG - [SUAS_main.main:677] - Waiting for mode change to: AUTO
2025-06-21 00:35:29,349 - SUAS - DEBUG - [SUAS_main.main:677] - Waiting for mode change to: AUTO
2025-06-21 00:35:29,851 - SUAS - DEBUG - [SUAS_main.main:677] - Waiting for mode change to: AUTO
2025-06-21 00:35:30,352 - SUAS - DEBUG - [SUAS_main.main:677] - Waiting for mode change to: AUTO
2025-06-21 00:35:30,887 - SUAS - DEBUG - [SUAS_main.main:677] - Waiting for mode change to: AUTO
2025-06-21 00:35:31,388 - SUAS - DEBUG - [SUAS_main.main:677] - Waiting for mode change to: AUTO
2025-06-21 00:35:31,890 - SUAS - DEBUG - [SUAS_main.main:677] - Waiting for mode change to: AUTO
2025-06-21 00:35:32,392 - SUAS - DEBUG - [SUAS_main.main:677] - Waiting for mode change to: AUTO
2025-06-21 00:35:32,894 - SUAS - DEBUG - [SUAS_main.main:677] - Waiting for mode change to: AUTO
2025-06-21 00:35:33,396 - SUAS - DEBUG - [SUAS_main.main:677] - Waiting for mode change to: AUTO
2025-06-21 00:35:33,897 - SUAS - DEBUG - [SUAS_main.main:677] - Waiting for mode change to: AUTO
2025-06-21 00:35:34,398 - SUAS - DEBUG - [SUAS_main.main:677] - Waiting for mode change to: AUTO
2025-06-21 00:35:34,900 - SUAS - DEBUG - [SUAS_main.main:677] - Waiting for mode change to: AUTO
2025-06-21 00:35:35,401 - SUAS - DEBUG - [SUAS_main.main:677] - Waiting for mode change to: AUTO
2025-06-21 00:35:35,903 - SUAS - DEBUG - [SUAS_main.main:677] - Waiting for mode change to: AUTO
2025-06-21 00:35:36,404 - SUAS - DEBUG - [SUAS_main.main:677] - Waiting for mode change to: AUTO
2025-06-21 00:35:36,906 - SUAS - DEBUG - [SUAS_main.main:677] - Waiting for mode change to: AUTO
2025-06-21 00:35:37,407 - SUAS - DEBUG - [SUAS_main.main:677] - Waiting for mode change to: AUTO
2025-06-21 00:35:37,909 - SUAS - DEBUG - [SUAS_main.main:677] - Waiting for mode change to: AUTO
2025-06-21 00:35:38,411 - SUAS - DEBUG - [SUAS_main.main:677] - Waiting for mode change to: AUTO
2025-06-21 00:35:38,913 - SUAS - DEBUG - [SUAS_main.main:677] - Waiting for mode change to: AUTO
2025-06-21 00:35:39,415 - SUAS - DEBUG - [SUAS_main.main:677] - Waiting for mode change to: AUTO
2025-06-21 00:35:39,917 - SUAS - DEBUG - [SUAS_main.main:677] - Waiting for mode change to: AUTO
2025-06-21 00:35:40,418 - SUAS - DEBUG - [SUAS_main.main:677] - Waiting for mode change to: AUTO
2025-06-21 00:35:40,920 - SUAS - DEBUG - [SUAS_main.main:677] - Waiting for mode change to: AUTO
2025-06-21 00:35:41,421 - SUAS - DEBUG - [SUAS_main.main:677] - Waiting for mode change to: AUTO
2025-06-21 00:35:41,923 - SUAS - DEBUG - [SUAS_main.main:677] - Waiting for mode change to: AUTO
2025-06-21 00:35:42,424 - SUAS - DEBUG - [SUAS_main.main:677] - Waiting for mode change to: AUTO
2025-06-21 00:35:42,926 - SUAS - DEBUG - [SUAS_main.main:677] - Waiting for mode change to: AUTO
2025-06-21 00:35:43,427 - SUAS - DEBUG - [SUAS_main.main:677] - Waiting for mode change to: AUTO
2025-06-21 00:35:43,929 - SUAS - DEBUG - [SUAS_main.main:677] - Waiting for mode change to: AUTO
2025-06-21 00:35:44,430 - SUAS - DEBUG - [SUAS_main.main:677] - Waiting for mode change to: AUTO
2025-06-21 00:35:44,932 - SUAS - DEBUG - [SUAS_main.main:677] - Waiting for mode change to: AUTO
2025-06-21 00:35:45,433 - SUAS - DEBUG - [SUAS_main.main:677] - Waiting for mode change to: AUTO
2025-06-21 00:35:45,935 - SUAS - DEBUG - [SUAS_main.main:677] - Waiting for mode change to: AUTO
2025-06-21 00:35:46,437 - SUAS - DEBUG - [SUAS_main.main:677] - Waiting for mode change to: AUTO
2025-06-21 00:35:46,938 - SUAS - DEBUG - [SUAS_main.main:677] - Waiting for mode change to: AUTO
2025-06-21 00:35:47,440 - SUAS - DEBUG - [SUAS_main.main:677] - Waiting for mode change to: AUTO
2025-06-21 00:35:47,941 - SUAS - DEBUG - [SUAS_main.main:677] - Waiting for mode change to: AUTO
2025-06-21 00:35:48,443 - SUAS - DEBUG - [SUAS_main.main:677] - Waiting for mode change to: AUTO
2025-06-21 00:35:48,944 - SUAS - DEBUG - [SUAS_main.main:677] - Waiting for mode change to: AUTO
2025-06-21 00:35:49,445 - SUAS - DEBUG - [SUAS_main.main:677] - Waiting for mode change to: AUTO
2025-06-21 00:35:49,946 - SUAS - DEBUG - [SUAS_main.main:677] - Waiting for mode change to: AUTO
2025-06-21 00:35:50,448 - SUAS - DEBUG - [SUAS_main.main:677] - Waiting for mode change to: AUTO
2025-06-21 00:35:50,949 - SUAS - DEBUG - [SUAS_main.main:677] - Waiting for mode change to: AUTO
2025-06-21 00:35:51,451 - SUAS - DEBUG - [SUAS_main.main:677] - Waiting for mode change to: AUTO
2025-06-21 00:35:51,953 - SUAS - DEBUG - [SUAS_main.main:677] - Waiting for mode change to: AUTO
2025-06-21 00:35:52,454 - SUAS - DEBUG - [SUAS_main.main:677] - Waiting for mode change to: AUTO
2025-06-21 00:35:52,956 - SUAS - DEBUG - [SUAS_main.main:677] - Waiting for mode change to: AUTO
2025-06-21 00:35:53,457 - SUAS - DEBUG - [SUAS_main.main:677] - Waiting for mode change to: AUTO
2025-06-21 00:35:53,959 - SUAS - DEBUG - [SUAS_main.main:677] - Waiting for mode change to: AUTO
2025-06-21 00:35:54,460 - SUAS - DEBUG - [SUAS_main.main:677] - Waiting for mode change to: AUTO
2025-06-21 00:35:54,962 - SUAS - DEBUG - [SUAS_main.main:677] - Waiting for mode change to: AUTO
2025-06-21 00:35:55,463 - SUAS - DEBUG - [SUAS_main.main:677] - Waiting for mode change to: AUTO
2025-06-21 00:35:55,965 - SUAS - DEBUG - [SUAS_main.main:677] - Waiting for mode change to: AUTO
2025-06-21 00:35:56,466 - SUAS - DEBUG - [SUAS_main.main:677] - Waiting for mode change to: AUTO
2025-06-21 00:35:56,968 - SUAS - DEBUG - [SUAS_main.main:677] - Waiting for mode change to: AUTO
2025-06-21 00:35:57,469 - SUAS - DEBUG - [SUAS_main.main:677] - Waiting for mode change to: AUTO
2025-06-21 00:35:57,971 - SUAS - DEBUG - [SUAS_main.main:677] - Waiting for mode change to: AUTO
2025-06-21 00:35:58,472 - SUAS - DEBUG - [SUAS_main.main:677] - Waiting for mode change to: AUTO
2025-06-21 00:35:58,974 - SUAS - DEBUG - [SUAS_main.main:677] - Waiting for mode change to: AUTO
2025-06-21 00:35:59,475 - SUAS - DEBUG - [SUAS_main.main:677] - Waiting for mode change to: AUTO
2025-06-21 00:35:59,977 - SUAS - DEBUG - [SUAS_main.main:677] - Waiting for mode change to: AUTO
2025-06-21 00:36:00,479 - SUAS - DEBUG - [SUAS_main.main:677] - Waiting for mode change to: AUTO
2025-06-21 00:36:00,980 - SUAS - DEBUG - [SUAS_main.main:677] - Waiting for mode change to: AUTO
2025-06-21 00:36:01,482 - SUAS - DEBUG - [SUAS_main.main:677] - Waiting for mode change to: AUTO
2025-06-21 00:36:01,983 - SUAS - DEBUG - [SUAS_main.main:677] - Waiting for mode change to: AUTO
2025-06-21 00:36:02,485 - SUAS - DEBUG - [SUAS_main.main:677] - Waiting for mode change to: AUTO
2025-06-21 00:36:02,986 - SUAS - DEBUG - [SUAS_main.main:677] - Waiting for mode change to: AUTO
2025-06-21 00:36:03,488 - SUAS - DEBUG - [SUAS_main.main:677] - Waiting for mode change to: AUTO
2025-06-21 00:36:03,989 - SUAS - DEBUG - [SUAS_main.main:677] - Waiting for mode change to: AUTO
2025-06-21 00:36:04,491 - SUAS - DEBUG - [SUAS_main.main:677] - Waiting for mode change to: AUTO
2025-06-21 00:36:04,992 - SUAS - DEBUG - [SUAS_main.main:677] - Waiting for mode change to: AUTO
2025-06-21 00:36:05,494 - SUAS - DEBUG - [SUAS_main.main:677] - Waiting for mode change to: AUTO
2025-06-21 00:36:05,996 - SUAS - DEBUG - [SUAS_main.main:677] - Waiting for mode change to: AUTO
2025-06-21 00:36:06,498 - SUAS - DEBUG - [SUAS_main.main:677] - Waiting for mode change to: AUTO
2025-06-21 00:36:07,000 - SUAS - DEBUG - [SUAS_main.main:677] - Waiting for mode change to: AUTO
2025-06-21 00:36:07,501 - SUAS - DEBUG - [SUAS_main.main:677] - Waiting for mode change to: AUTO
2025-06-21 00:36:08,003 - SUAS - DEBUG - [SUAS_main.main:677] - Waiting for mode change to: AUTO
2025-06-21 00:36:08,504 - SUAS - DEBUG - [SUAS_main.main:677] - Waiting for mode change to: AUTO
2025-06-21 00:36:09,006 - SUAS - DEBUG - [SUAS_main.main:677] - Waiting for mode change to: AUTO
2025-06-21 00:36:09,508 - SUAS - DEBUG - [SUAS_main.main:677] - Waiting for mode change to: AUTO
2025-06-21 00:36:10,009 - SUAS - DEBUG - [SUAS_main.main:677] - Waiting for mode change to: AUTO
2025-06-21 00:36:10,511 - SUAS - DEBUG - [SUAS_main.main:677] - Waiting for mode change to: AUTO
2025-06-21 00:36:11,012 - SUAS - DEBUG - [SUAS_main.main:677] - Waiting for mode change to: AUTO
2025-06-21 00:36:11,429 - SUAS - DEBUG - [SUAS_main.watcher:148] - Mode changed: ALT_HOLD -> AUTO
2025-06-21 00:36:11,429 - SUAS - DEBUG - [SUAS_main.on_mode_change:166] - Unhandled mode change: AUTO
2025-06-21 00:36:11,514 - SUAS - DEBUG - [SUAS_main.main:682] - Land Location: (38.8507954, -76.6997772, -0.006)
2025-06-21 00:36:11,515 - SUAS - DEBUG - [SUAS_main.main:683] - Mode: AUTO
2025-06-21 00:36:11,516 - SUAS - DEBUG - [SUAS_main.main:685] - aga ilk otoyol
2025-06-21 00:36:12,519 - SUAS - DEBUG - [SUAS_main.main:691] - next wp: 1
2025-06-21 00:36:12,520 - SUAS - DEBUG - [SUAS_main.main:692] - wp_num:6
2025-06-21 00:36:13,522 - SUAS - DEBUG - [SUAS_main.main:691] - next wp: 1
2025-06-21 00:36:13,523 - SUAS - DEBUG - [SUAS_main.main:692] - wp_num:6
2025-06-21 00:36:14,525 - SUAS - DEBUG - [SUAS_main.main:691] - next wp: 1
2025-06-21 00:36:14,525 - SUAS - DEBUG - [SUAS_main.main:692] - wp_num:6
2025-06-21 00:36:15,527 - SUAS - DEBUG - [SUAS_main.main:691] - next wp: 1
2025-06-21 00:36:15,528 - SUAS - DEBUG - [SUAS_main.main:692] - wp_num:6
2025-06-21 00:36:16,529 - SUAS - DEBUG - [SUAS_main.main:691] - next wp: 1
2025-06-21 00:36:16,530 - SUAS - DEBUG - [SUAS_main.main:692] - wp_num:6
2025-06-21 00:36:17,532 - SUAS - DEBUG - [SUAS_main.main:691] - next wp: 1
2025-06-21 00:36:17,533 - SUAS - DEBUG - [SUAS_main.main:692] - wp_num:6
2025-06-21 00:36:18,535 - SUAS - DEBUG - [SUAS_main.main:691] - next wp: 1
2025-06-21 00:36:18,568 - SUAS - DEBUG - [SUAS_main.main:692] - wp_num:6
2025-06-21 00:36:19,569 - SUAS - DEBUG - [SUAS_main.main:691] - next wp: 1
2025-06-21 00:36:19,570 - SUAS - DEBUG - [SUAS_main.main:692] - wp_num:6
2025-06-21 00:36:20,572 - SUAS - DEBUG - [SUAS_main.main:691] - next wp: 1
2025-06-21 00:36:20,573 - SUAS - DEBUG - [SUAS_main.main:692] - wp_num:6
2025-06-21 00:36:21,574 - SUAS - DEBUG - [SUAS_main.main:691] - next wp: 1
2025-06-21 00:36:21,575 - SUAS - DEBUG - [SUAS_main.main:692] - wp_num:6
2025-06-21 00:36:22,577 - SUAS - DEBUG - [SUAS_main.main:691] - next wp: 1
2025-06-21 00:36:22,578 - SUAS - DEBUG - [SUAS_main.main:692] - wp_num:6
2025-06-21 00:36:23,580 - SUAS - DEBUG - [SUAS_main.main:691] - next wp: 1
2025-06-21 00:36:23,612 - SUAS - DEBUG - [SUAS_main.main:692] - wp_num:6
2025-06-21 00:36:24,613 - SUAS - DEBUG - [SUAS_main.main:691] - next wp: 2
2025-06-21 00:36:24,615 - SUAS - DEBUG - [SUAS_main.main:692] - wp_num:6
2025-06-21 00:36:25,617 - SUAS - DEBUG - [SUAS_main.main:691] - next wp: 2
2025-06-21 00:36:25,618 - SUAS - DEBUG - [SUAS_main.main:692] - wp_num:6
2025-06-21 00:36:26,620 - SUAS - DEBUG - [SUAS_main.main:691] - next wp: 2
2025-06-21 00:36:26,620 - SUAS - DEBUG - [SUAS_main.main:692] - wp_num:6
2025-06-21 00:36:27,622 - SUAS - DEBUG - [SUAS_main.main:691] - next wp: 2
2025-06-21 00:36:27,623 - SUAS - DEBUG - [SUAS_main.main:692] - wp_num:6
2025-06-21 00:36:28,625 - SUAS - DEBUG - [SUAS_main.main:691] - next wp: 2
2025-06-21 00:36:28,626 - SUAS - DEBUG - [SUAS_main.main:692] - wp_num:6
2025-06-21 00:36:29,657 - SUAS - DEBUG - [SUAS_main.main:691] - next wp: 2
2025-06-21 00:36:29,658 - SUAS - DEBUG - [SUAS_main.main:692] - wp_num:6
2025-06-21 00:36:30,661 - SUAS - DEBUG - [SUAS_main.main:691] - next wp: 2
2025-06-21 00:36:30,662 - SUAS - DEBUG - [SUAS_main.main:692] - wp_num:6
2025-06-21 00:36:31,663 - SUAS - DEBUG - [SUAS_main.main:691] - next wp: 2
2025-06-21 00:36:31,664 - SUAS - DEBUG - [SUAS_main.main:692] - wp_num:6
2025-06-21 00:36:32,665 - SUAS - DEBUG - [SUAS_main.main:691] - next wp: 2
2025-06-21 00:36:32,666 - SUAS - DEBUG - [SUAS_main.main:692] - wp_num:6
2025-06-21 00:36:33,668 - SUAS - DEBUG - [SUAS_main.main:691] - next wp: 3
2025-06-21 00:36:33,669 - SUAS - DEBUG - [SUAS_main.main:692] - wp_num:6
2025-06-21 00:36:34,671 - SUAS - DEBUG - [SUAS_main.main:691] - next wp: 3
2025-06-21 00:36:34,671 - SUAS - DEBUG - [SUAS_main.main:692] - wp_num:6
2025-06-21 00:36:35,673 - SUAS - DEBUG - [SUAS_main.main:691] - next wp: 3
2025-06-21 00:36:35,674 - SUAS - DEBUG - [SUAS_main.main:692] - wp_num:6
2025-06-21 00:36:36,676 - SUAS - DEBUG - [SUAS_main.main:691] - next wp: 3
2025-06-21 00:36:36,677 - SUAS - DEBUG - [SUAS_main.main:692] - wp_num:6
2025-06-21 00:36:37,679 - SUAS - DEBUG - [SUAS_main.main:691] - next wp: 3
2025-06-21 00:36:37,680 - SUAS - DEBUG - [SUAS_main.main:692] - wp_num:6
2025-06-21 00:36:38,681 - SUAS - DEBUG - [SUAS_main.main:691] - next wp: 3
2025-06-21 00:36:38,682 - SUAS - DEBUG - [SUAS_main.main:692] - wp_num:6
2025-06-21 00:36:39,684 - SUAS - DEBUG - [SUAS_main.main:691] - next wp: 4
2025-06-21 00:36:39,685 - SUAS - DEBUG - [SUAS_main.main:692] - wp_num:6
2025-06-21 00:36:40,687 - SUAS - DEBUG - [SUAS_main.main:691] - next wp: 4
2025-06-21 00:36:40,688 - SUAS - DEBUG - [SUAS_main.main:692] - wp_num:6
2025-06-21 00:36:41,689 - SUAS - DEBUG - [SUAS_main.main:691] - next wp: 4
2025-06-21 00:36:41,690 - SUAS - DEBUG - [SUAS_main.main:692] - wp_num:6
2025-06-21 00:36:42,692 - SUAS - DEBUG - [SUAS_main.main:691] - next wp: 4
2025-06-21 00:36:42,693 - SUAS - DEBUG - [SUAS_main.main:692] - wp_num:6
2025-06-21 00:36:43,695 - SUAS - DEBUG - [SUAS_main.main:691] - next wp: 4
2025-06-21 00:36:43,696 - SUAS - DEBUG - [SUAS_main.main:692] - wp_num:6
2025-06-21 00:36:44,697 - SUAS - DEBUG - [SUAS_main.main:691] - next wp: 4
2025-06-21 00:36:44,698 - SUAS - DEBUG - [SUAS_main.main:692] - wp_num:6
2025-06-21 00:36:45,700 - SUAS - DEBUG - [SUAS_main.main:691] - next wp: 4
2025-06-21 00:36:45,701 - SUAS - DEBUG - [SUAS_main.main:692] - wp_num:6
2025-06-21 00:36:46,702 - SUAS - DEBUG - [SUAS_main.main:691] - next wp: 5
2025-06-21 00:36:46,703 - SUAS - DEBUG - [SUAS_main.main:692] - wp_num:6
2025-06-21 00:36:47,705 - SUAS - DEBUG - [SUAS_main.main:691] - next wp: 5
2025-06-21 00:36:47,706 - SUAS - DEBUG - [SUAS_main.main:692] - wp_num:6
2025-06-21 00:36:48,708 - SUAS - DEBUG - [SUAS_main.main:691] - next wp: 5
2025-06-21 00:36:48,709 - SUAS - DEBUG - [SUAS_main.main:692] - wp_num:6
2025-06-21 00:36:49,710 - SUAS - DEBUG - [SUAS_main.main:691] - next wp: 5
2025-06-21 00:36:49,711 - SUAS - DEBUG - [SUAS_main.main:692] - wp_num:6
2025-06-21 00:36:50,713 - SUAS - DEBUG - [SUAS_main.main:691] - next wp: 5
2025-06-21 00:36:50,714 - SUAS - DEBUG - [SUAS_main.main:692] - wp_num:6
2025-06-21 00:36:51,716 - SUAS - DEBUG - [SUAS_main.main:691] - next wp: 5
2025-06-21 00:36:51,717 - SUAS - DEBUG - [SUAS_main.main:692] - wp_num:6
2025-06-21 00:36:52,719 - SUAS - DEBUG - [SUAS_main.main:691] - next wp: 5
2025-06-21 00:36:52,720 - SUAS - DEBUG - [SUAS_main.main:692] - wp_num:6
2025-06-21 00:36:53,722 - SUAS - DEBUG - [SUAS_main.main:691] - next wp: 5
2025-06-21 00:36:53,756 - SUAS - DEBUG - [SUAS_main.main:692] - wp_num:6
2025-06-21 00:36:54,758 - SUAS - DEBUG - [SUAS_main.main:691] - next wp: 5
2025-06-21 00:36:54,759 - SUAS - DEBUG - [SUAS_main.main:692] - wp_num:6
2025-06-21 00:36:55,761 - SUAS - DEBUG - [SUAS_main.main:691] - next wp: 5
2025-06-21 00:36:55,762 - SUAS - DEBUG - [SUAS_main.main:692] - wp_num:6
2025-06-21 00:36:56,764 - SUAS - DEBUG - [SUAS_main.main:691] - next wp: 6
2025-06-21 00:36:56,765 - SUAS - DEBUG - [SUAS_main.main:692] - wp_num:6
2025-06-21 00:36:56,765 - SUAS - DEBUG - [SUAS_main.main:694] - Air Drop Stage
2025-06-21 00:36:58,281 - SUAS - DEBUG - [SUAS_main.watcher:148] - Mode changed: AUTO -> GUIDED
2025-06-21 00:36:58,282 - SUAS - DEBUG - [SUAS_main.on_mode_change:166] - Unhandled mode change: GUIDED
2025-06-21 00:36:58,319 - SUAS - DEBUG - [SUAS_main.main:702] - VehicleMode:GUIDED moduna geçildi
2025-06-21 00:36:59,825 - SUAS - DEBUG - [SUAS_main.start_scanning:421] - SET Yaw Behaviour: 0, Never change yaw
2025-06-21 00:37:01,328 - SUAS - DEBUG - [SUAS_main.start_scanning:430] - point to go: 38.8511427 -76.6995765
2025-06-21 00:37:01,329 - SUAS - DEBUG - [SUAS_main.start_scanning:432] - scanning noktasına gidiliyor: timestamp: 2025-06-21 00:37:01
2025-06-21 00:37:01,330 - SUAS - DEBUG - [SUAS_main.start_scanning:434] - simplegoto verildi: timestamp: 2025-06-21 00:37:01
2025-06-21 00:37:01,331 - SUAS - DEBUG - [SUAS_main.wait:266] - waite girildi timestamp: 2025-06-21 00:37:01
2025-06-21 00:37:01,432 - SUAS - DEBUG - [SUAS_main.wait:268] - Waiting for the vehicle to reach the target point...
2025-06-21 00:37:12,538 - SUAS - DEBUG - [SUAS_main.wait:277] - Reached the target point after the break
2025-06-21 00:37:12,539 - SUAS - DEBUG - [SUAS_main.start_scanning:436] - wait fonksiyonu bitti: timestamp: 2025-06-21 00:37:12
2025-06-21 00:37:12,540 - SUAS - DEBUG - [SUAS_main.start_scanning:437] - Reached the target point and going to take photo
2025-06-21 00:37:12,541 - SUAS - DEBUG - [SUAS_main.start_scanning:450] - fotoğraf çekilecek. timestamp: 2025-06-21 00:37:12
2025-06-21 00:37:14,737 - SUAS - DEBUG - [SUAS_main.take_photo_opencv:365] - Saved photo to images15/image_1.jpg
2025-06-21 00:37:14,740 - SUAS - DEBUG - [SUAS_main.start_scanning:457] - fotoğraf çekildi. timestamp: 2025-06-21 00:37:14
2025-06-21 00:37:15,242 - SUAS - DEBUG - [SUAS_main.start_scanning:430] - point to go: 38.8509765 -76.6996658
2025-06-21 00:37:15,244 - SUAS - DEBUG - [SUAS_main.start_scanning:432] - scanning noktasına gidiliyor: timestamp: 2025-06-21 00:37:15
2025-06-21 00:37:15,248 - SUAS - DEBUG - [SUAS_main.start_scanning:434] - simplegoto verildi: timestamp: 2025-06-21 00:37:15
2025-06-21 00:37:15,250 - SUAS - DEBUG - [SUAS_main.wait:266] - waite girildi timestamp: 2025-06-21 00:37:15
2025-06-21 00:37:15,352 - SUAS - DEBUG - [SUAS_main.wait:268] - Waiting for the vehicle to reach the target point...
2025-06-21 00:37:25,022 - SUAS - DEBUG - [SUAS_main.wait:277] - Reached the target point after the break
2025-06-21 00:37:25,024 - SUAS - DEBUG - [SUAS_main.start_scanning:436] - wait fonksiyonu bitti: timestamp: 2025-06-21 00:37:25
2025-06-21 00:37:25,025 - SUAS - DEBUG - [SUAS_main.start_scanning:437] - Reached the target point and going to take photo
2025-06-21 00:37:25,026 - SUAS - DEBUG - [SUAS_main.start_scanning:450] - fotoğraf çekilecek. timestamp: 2025-06-21 00:37:25
2025-06-21 00:37:27,217 - SUAS - DEBUG - [SUAS_main.take_photo_opencv:365] - Saved photo to images15/image_2.jpg
2025-06-21 00:37:27,222 - SUAS - DEBUG - [SUAS_main.start_scanning:457] - fotoğraf çekildi. timestamp: 2025-06-21 00:37:27
2025-06-21 00:37:27,724 - SUAS - DEBUG - [SUAS_main.start_scanning:430] - point to go: 38.8508395 -76.6997469
2025-06-21 00:37:27,725 - SUAS - DEBUG - [SUAS_main.start_scanning:432] - scanning noktasına gidiliyor: timestamp: 2025-06-21 00:37:27
2025-06-21 00:37:27,726 - SUAS - DEBUG - [SUAS_main.start_scanning:434] - simplegoto verildi: timestamp: 2025-06-21 00:37:27
2025-06-21 00:37:27,727 - SUAS - DEBUG - [SUAS_main.wait:266] - waite girildi timestamp: 2025-06-21 00:37:27
2025-06-21 00:37:27,828 - SUAS - DEBUG - [SUAS_main.wait:268] - Waiting for the vehicle to reach the target point...
2025-06-21 00:37:39,395 - SUAS - DEBUG - [SUAS_main.wait:277] - Reached the target point after the break
2025-06-21 00:37:39,397 - SUAS - DEBUG - [SUAS_main.start_scanning:436] - wait fonksiyonu bitti: timestamp: 2025-06-21 00:37:39
2025-06-21 00:37:39,398 - SUAS - DEBUG - [SUAS_main.start_scanning:437] - Reached the target point and going to take photo
2025-06-21 00:37:39,399 - SUAS - DEBUG - [SUAS_main.start_scanning:450] - fotoğraf çekilecek. timestamp: 2025-06-21 00:37:39
2025-06-21 00:37:41,576 - SUAS - DEBUG - [SUAS_main.take_photo_opencv:365] - Saved photo to images15/image_3.jpg
2025-06-21 00:37:41,579 - SUAS - DEBUG - [SUAS_main.start_scanning:457] - fotoğraf çekildi. timestamp: 2025-06-21 00:37:41
2025-06-21 00:37:42,081 - SUAS - DEBUG - [SUAS_main.start_scanning:430] - point to go: 38.8507058 -76.6998308
2025-06-21 00:37:42,082 - SUAS - DEBUG - [SUAS_main.start_scanning:432] - scanning noktasına gidiliyor: timestamp: 2025-06-21 00:37:42
2025-06-21 00:37:42,083 - SUAS - DEBUG - [SUAS_main.start_scanning:434] - simplegoto verildi: timestamp: 2025-06-21 00:37:42
2025-06-21 00:37:42,084 - SUAS - DEBUG - [SUAS_main.wait:266] - waite girildi timestamp: 2025-06-21 00:37:42
2025-06-21 00:37:42,185 - SUAS - DEBUG - [SUAS_main.wait:268] - Waiting for the vehicle to reach the target point...
2025-06-21 00:37:55,601 - SUAS - DEBUG - [SUAS_main.wait:277] - Reached the target point after the break
2025-06-21 00:37:55,602 - SUAS - DEBUG - [SUAS_main.start_scanning:436] - wait fonksiyonu bitti: timestamp: 2025-06-21 00:37:55
2025-06-21 00:37:55,603 - SUAS - DEBUG - [SUAS_main.start_scanning:437] - Reached the target point and going to take photo
2025-06-21 00:37:55,606 - SUAS - DEBUG - [SUAS_main.start_scanning:450] - fotoğraf çekilecek. timestamp: 2025-06-21 00:37:55
2025-06-21 00:37:57,812 - SUAS - DEBUG - [SUAS_main.take_photo_opencv:365] - Saved photo to images15/image_4.jpg
2025-06-21 00:37:57,814 - SUAS - DEBUG - [SUAS_main.start_scanning:457] - fotoğraf çekildi. timestamp: 2025-06-21 00:37:57
2025-06-21 00:37:58,316 - SUAS - DEBUG - [SUAS_main.start_scanning:430] - point to go: 38.8505558 -76.6999015
2025-06-21 00:37:58,317 - SUAS - DEBUG - [SUAS_main.start_scanning:432] - scanning noktasına gidiliyor: timestamp: 2025-06-21 00:37:58
2025-06-21 00:37:58,318 - SUAS - DEBUG - [SUAS_main.start_scanning:434] - simplegoto verildi: timestamp: 2025-06-21 00:37:58
2025-06-21 00:37:58,320 - SUAS - DEBUG - [SUAS_main.wait:266] - waite girildi timestamp: 2025-06-21 00:37:58
2025-06-21 00:37:58,420 - SUAS - DEBUG - [SUAS_main.wait:268] - Waiting for the vehicle to reach the target point...
2025-06-21 00:38:12,172 - SUAS - DEBUG - [SUAS_main.wait:277] - Reached the target point after the break
2025-06-21 00:38:12,173 - SUAS - DEBUG - [SUAS_main.start_scanning:436] - wait fonksiyonu bitti: timestamp: 2025-06-21 00:38:12
2025-06-21 00:38:12,174 - SUAS - DEBUG - [SUAS_main.start_scanning:437] - Reached the target point and going to take photo
2025-06-21 00:38:12,175 - SUAS - DEBUG - [SUAS_main.start_scanning:450] - fotoğraf çekilecek. timestamp: 2025-06-21 00:38:12
2025-06-21 00:38:14,361 - SUAS - DEBUG - [SUAS_main.take_photo_opencv:365] - Saved photo to images15/image_5.jpg
2025-06-21 00:38:14,362 - SUAS - DEBUG - [SUAS_main.start_scanning:457] - fotoğraf çekildi. timestamp: 2025-06-21 00:38:14
2025-06-21 00:38:14,864 - SUAS - DEBUG - [SUAS_main.start_scanning:430] - point to go: 38.8504058 -76.6999904
2025-06-21 00:38:14,865 - SUAS - DEBUG - [SUAS_main.start_scanning:432] - scanning noktasına gidiliyor: timestamp: 2025-06-21 00:38:14
2025-06-21 00:38:14,866 - SUAS - DEBUG - [SUAS_main.start_scanning:434] - simplegoto verildi: timestamp: 2025-06-21 00:38:14
2025-06-21 00:38:14,867 - SUAS - DEBUG - [SUAS_main.wait:266] - waite girildi timestamp: 2025-06-21 00:38:14
2025-06-21 00:38:14,968 - SUAS - DEBUG - [SUAS_main.wait:268] - Waiting for the vehicle to reach the target point...
2025-06-21 00:38:27,300 - SUAS - DEBUG - [SUAS_main.wait:277] - Reached the target point after the break
2025-06-21 00:38:27,301 - SUAS - DEBUG - [SUAS_main.start_scanning:436] - wait fonksiyonu bitti: timestamp: 2025-06-21 00:38:27
2025-06-21 00:38:27,302 - SUAS - DEBUG - [SUAS_main.start_scanning:437] - Reached the target point and going to take photo
2025-06-21 00:38:27,303 - SUAS - DEBUG - [SUAS_main.start_scanning:450] - fotoğraf çekilecek. timestamp: 2025-06-21 00:38:27
2025-06-21 00:38:29,465 - SUAS - DEBUG - [SUAS_main.take_photo_opencv:365] - Saved photo to images15/image_6.jpg
2025-06-21 00:38:29,467 - SUAS - DEBUG - [SUAS_main.start_scanning:457] - fotoğraf çekildi. timestamp: 2025-06-21 00:38:29
2025-06-21 00:38:29,477 - SUAS - DEBUG - [SUAS_main.start_scanning:468] - position_data15.csv dosyası ya mevcut değil ya da zaten boş.
2025-06-21 00:38:29,489 - SUAS - DEBUG - [SUAS_main.start_scanning:471] - Position data saved to position_data15.csv
2025-06-21 00:38:29,731 - SUAS - DEBUG - [SUAS_main.start_scanning:483] - SET Yaw Behaviour: 0, Face next waypoint
2025-06-21 00:38:29,733 - SUAS - DEBUG - [SUAS_main.main:718] - Image processing done
2025-06-21 00:38:29,735 - SUAS - DEBUG - [SUAS_main.main:724] - Waiting for 'cf_done' signal...
2025-06-21 00:38:34,532 - SUAS - DEBUG - [SUAS_main.main:733] - CF DONE
2025-06-21 00:38:34,550 - SUAS - DEBUG - [SUAS_main.main:744] - best_rois: [(38.850779936345226, -76.69985704914305), (38.85106968353719, -76.69964495088554), (38.85103825586743, -76.69959365641847), (38.85104699654714, -76.69965008962754)]
2025-06-21 00:38:34,552 - SUAS - DEBUG - [SUAS_main.real_drop:498] - konuma gidiliyor: (38.850779936345226, -76.69985704914305)
2025-06-21 00:38:34,554 - SUAS - DEBUG - [SUAS_main.wait:266] - waite girildi timestamp: 2025-06-21 00:38:34
2025-06-21 00:38:34,655 - SUAS - DEBUG - [SUAS_main.wait:268] - Waiting for the vehicle to reach the target point...
2025-06-21 00:38:50,486 - SUAS - DEBUG - [SUAS_main.wait:277] - Reached the target point after the break
2025-06-21 00:38:50,488 - SUAS - DEBUG - [SUAS_main.set_servo:253] - set_servo function has successfully executed. With arguments: Channel: 14, PWM Value: 1100
2025-06-21 00:38:50,489 - SUAS - DEBUG - [SUAS_main.real_drop:514] - Servo activated: channel=(14, 1100)
2025-06-21 00:38:52,493 - SUAS - DEBUG - [SUAS_main.set_servo:253] - set_servo function has successfully executed. With arguments: Channel: 14, PWM Value: 0
2025-06-21 00:38:52,494 - SUAS - DEBUG - [SUAS_main.real_drop:517] - Servo deactivated: channel=14
2025-06-21 00:39:52,629 - SUAS - DEBUG - [SUAS_main.real_drop:498] - konuma gidiliyor: (38.85106968353719, -76.69964495088554)
2025-06-21 00:39:52,633 - SUAS - DEBUG - [SUAS_main.wait:266] - waite girildi timestamp: 2025-06-21 00:39:52
2025-06-21 00:39:52,735 - SUAS - DEBUG - [SUAS_main.wait:268] - Waiting for the vehicle to reach the target point...
2025-06-21 00:40:07,310 - SUAS - DEBUG - [SUAS_main.wait:277] - Reached the target point after the break
2025-06-21 00:40:07,312 - SUAS - DEBUG - [SUAS_main.set_servo:253] - set_servo function has successfully executed. With arguments: Channel: 14, PWM Value: 1400
2025-06-21 00:40:07,313 - SUAS - DEBUG - [SUAS_main.real_drop:514] - Servo activated: channel=(14, 1400)
2025-06-21 00:40:09,317 - SUAS - DEBUG - [SUAS_main.set_servo:253] - set_servo function has successfully executed. With arguments: Channel: 14, PWM Value: 0
2025-06-21 00:40:09,318 - SUAS - DEBUG - [SUAS_main.real_drop:517] - Servo deactivated: channel=14
2025-06-21 00:40:33,366 - SUAS - DEBUG - [SUAS_main.real_drop:498] - konuma gidiliyor: (38.85103825586743, -76.69959365641847)
2025-06-21 00:40:33,369 - SUAS - DEBUG - [SUAS_main.wait:266] - waite girildi timestamp: 2025-06-21 00:40:33
2025-06-21 00:40:33,470 - SUAS - DEBUG - [SUAS_main.wait:268] - Waiting for the vehicle to reach the target point...
2025-06-21 00:40:41,356 - SUAS - DEBUG - [SUAS_main.wait:277] - Reached the target point after the break
2025-06-21 00:40:41,358 - SUAS - DEBUG - [SUAS_main.set_servo:253] - set_servo function has successfully executed. With arguments: Channel: 14, PWM Value: 1650
2025-06-21 00:40:41,359 - SUAS - DEBUG - [SUAS_main.real_drop:514] - Servo activated: channel=(14, 1650)
2025-06-21 00:40:43,362 - SUAS - DEBUG - [SUAS_main.set_servo:253] - set_servo function has successfully executed. With arguments: Channel: 14, PWM Value: 0
2025-06-21 00:40:43,362 - SUAS - DEBUG - [SUAS_main.real_drop:517] - Servo deactivated: channel=14
2025-06-21 00:41:07,374 - SUAS - DEBUG - [SUAS_main.real_drop:498] - konuma gidiliyor: (38.85104699654714, -76.69965008962754)
2025-06-21 00:41:07,377 - SUAS - DEBUG - [SUAS_main.wait:266] - waite girildi timestamp: 2025-06-21 00:41:07
2025-06-21 00:41:07,478 - SUAS - DEBUG - [SUAS_main.wait:268] - Waiting for the vehicle to reach the target point...
2025-06-21 00:41:12,806 - SUAS - DEBUG - [SUAS_main.wait:277] - Reached the target point after the break
2025-06-21 00:41:12,808 - SUAS - DEBUG - [SUAS_main.set_servo:253] - set_servo function has successfully executed. With arguments: Channel: 14, PWM Value: 1900
2025-06-21 00:41:12,809 - SUAS - DEBUG - [SUAS_main.real_drop:514] - Servo activated: channel=(14, 1900)
2025-06-21 00:41:14,813 - SUAS - DEBUG - [SUAS_main.set_servo:253] - set_servo function has successfully executed. With arguments: Channel: 14, PWM Value: 0
2025-06-21 00:41:14,814 - SUAS - DEBUG - [SUAS_main.real_drop:517] - Servo deactivated: channel=14
2025-06-21 00:41:49,122 - SUAS - DEBUG - [SUAS_main.land:261] - Landing...
2025-06-21 00:41:49,124 - SUAS - DEBUG - [SUAS_main.main:777] - Landing completed
2025-06-21 00:41:49,125 - SUAS - DEBUG - [SUAS_main.main:778] - Görev tamamlandı
2025-06-21 00:41:49,130 - SUAS - DEBUG - [SUAS_main.watcher:148] - Mode changed: GUIDED -> LAND
2025-06-21 00:41:49,131 - SUAS - DEBUG - [SUAS_main.pasue:121] - Pausing execution in mode: LAND
