2025-06-21 00:30:47,432 - SUAS - DEBUG - [SUAS_main.__init__:204] - (38.8510359, -76.7003495, 4.307)
2025-06-21 00:30:47,433 - SUAS - DEBUG - [SUAS_main.__init__:210] - Opening camera with pipeline:
nvarguscamerasrc sensor-id=0 aelock=false awblock=True wbmode=6 exposurecompensation=-1.7 ! video/x-raw(memory:NVMM), width=(int)4032, height=(int)3040, framerate=(fraction)19/1 ! nvvidconv flip-method=0 ! video/x-raw, format=(string)BGRx ! videoconvert ! video/x-raw, format=(string)BGR ! appsink
2025-06-21 00:30:50,925 - SUAS - DEBUG - [SUAS_main.take_photo_opencv:365] - Saved photo to init_test_photo/image_1.jpg
2025-06-21 00:30:51,929 - SUAS - DEBUG - [SUAS_main.__init__:102] - Initial flight mode: LAND
2025-06-21 00:30:52,701 - SUAS - DEBUG - [SUAS_main.main:628] - Download Waypoints - Completed
2025-06-21 00:30:52,706 - SUAS - DEBUG - [SUAS_main.main:631] - WP SET TO 2
2025-06-21 00:30:53,712 - SUAS - DEBUG - [SUAS_main.main:643] - ------------------------------6---------------------------
2025-06-21 00:30:53,713 - SUAS - DEBUG - [SUAS_main.main:652] - ------------------------------------------------------------------------
2025-06-21 00:30:53,713 - SUAS - DEBUG - [SUAS_main.main:653] - No DOJUMP
2025-06-21 00:30:53,714 - SUAS - DEBUG - [SUAS_main.main:654] - ------------------------------------------------------------------------
2025-06-21 00:30:53,917 - SUAS - DEBUG - [SUAS_main.main:663] - Download Changed Waypoints - Completed
2025-06-21 00:30:53,919 - SUAS - DEBUG - [SUAS_main.main:670] - ------------------------------7 - updated---------------------------
2025-06-21 00:30:53,920 - SUAS - DEBUG - [SUAS_main.main:677] - Waiting for mode change to: AUTO
2025-06-21 00:30:54,421 - SUAS - DEBUG - [SUAS_main.main:677] - Waiting for mode change to: AUTO
2025-06-21 00:30:54,923 - SUAS - DEBUG - [SUAS_main.main:677] - Waiting for mode change to: AUTO
2025-06-21 00:30:55,424 - SUAS - DEBUG - [SUAS_main.main:677] - Waiting for mode change to: AUTO
2025-06-21 00:30:55,925 - SUAS - DEBUG - [SUAS_main.main:677] - Waiting for mode change to: AUTO
2025-06-21 00:30:56,426 - SUAS - DEBUG - [SUAS_main.main:677] - Waiting for mode change to: AUTO
2025-06-21 00:30:56,928 - SUAS - DEBUG - [SUAS_main.main:677] - Waiting for mode change to: AUTO
2025-06-21 00:30:57,429 - SUAS - DEBUG - [SUAS_main.main:677] - Waiting for mode change to: AUTO
2025-06-21 00:30:57,931 - SUAS - DEBUG - [SUAS_main.main:677] - Waiting for mode change to: AUTO
2025-06-21 00:30:58,432 - SUAS - DEBUG - [SUAS_main.main:677] - Waiting for mode change to: AUTO
2025-06-21 00:30:58,933 - SUAS - DEBUG - [SUAS_main.main:677] - Waiting for mode change to: AUTO
2025-06-21 00:30:59,435 - SUAS - DEBUG - [SUAS_main.main:677] - Waiting for mode change to: AUTO
