2025-06-22 00:44:53,423 - SUAS - DEBUG - [SUAS_main.__init__:204] - (38.8510323, -76.7003204, -1.429)
2025-06-22 00:44:53,424 - SUAS - DEBUG - [SUAS_main.__init__:210] - Opening camera with pipeline:
nvarguscamerasrc sensor-id=0 aelock=false awblock=True wbmode=6 exposurecompensation=-1.7 ! video/x-raw(memory:NVMM), width=(int)4032, height=(int)3040, framerate=(fraction)19/1 ! nvvidconv flip-method=0 ! video/x-raw, format=(string)BGRx ! videoconvert ! video/x-raw, format=(string)BGR ! appsink
2025-06-22 00:44:57,709 - SUAS - DEBUG - [SUAS_main.take_photo_opencv:426] - Saved photo to init_test_photo/image_1.jpg
2025-06-22 00:44:58,712 - SUAS - DEBUG - [SUAS_main.__init__:102] - Initial flight mode: ALT_HOLD
2025-06-22 00:44:59,301 - SUAS - DEBUG - [SUAS_main.main:690] - Download Waypoints - Completed
2025-06-22 00:44:59,302 - SUAS - DEBUG - [SUAS_main.main:693] - WP SET TO 2
2025-06-22 00:44:59,713 - SUAS - DEBUG - [SUAS_main._rc_listener_thread:288] - Failed to receive RC message: '9'
Traceback (most recent call last):
  File "/home/itunom/System/SUAS_main.py", line 285, in _rc_listener_thread
    ch9 = self.vehicle.channels['9']
  File "/home/itunom/.local/lib/python3.10/site-packages/dronekit/__init__.py", line 780, in __getitem__
    return dict.__getitem__(self, str(key))
KeyError: '9'
2025-06-22 00:45:00,305 - SUAS - DEBUG - [SUAS_main.main:705] - ------------------------------9---------------------------
2025-06-22 00:45:00,306 - SUAS - DEBUG - [SUAS_main.main:714] - ------------------------------------------------------------------------
2025-06-22 00:45:00,307 - SUAS - DEBUG - [SUAS_main.main:715] - No DOJUMP
2025-06-22 00:45:00,307 - SUAS - DEBUG - [SUAS_main.main:716] - ------------------------------------------------------------------------
2025-06-22 00:45:00,511 - SUAS - DEBUG - [SUAS_main.main:725] - Download Changed Waypoints - Completed
2025-06-22 00:45:00,512 - SUAS - DEBUG - [SUAS_main.main:732] - ------------------------------10 - updated---------------------------
2025-06-22 00:45:00,513 - SUAS - DEBUG - [SUAS_main.main:739] - Waiting for mode change to: AUTO
2025-06-22 00:45:00,717 - SUAS - DEBUG - [SUAS_main._rc_listener_thread:288] - Failed to receive RC message: '9'
Traceback (most recent call last):
  File "/home/itunom/System/SUAS_main.py", line 285, in _rc_listener_thread
    ch9 = self.vehicle.channels['9']
  File "/home/itunom/.local/lib/python3.10/site-packages/dronekit/__init__.py", line 780, in __getitem__
    return dict.__getitem__(self, str(key))
KeyError: '9'
2025-06-22 00:45:01,014 - SUAS - DEBUG - [SUAS_main.main:739] - Waiting for mode change to: AUTO
2025-06-22 00:45:01,516 - SUAS - DEBUG - [SUAS_main.main:739] - Waiting for mode change to: AUTO
2025-06-22 00:45:01,719 - SUAS - DEBUG - [SUAS_main._rc_listener_thread:288] - Failed to receive RC message: '9'
Traceback (most recent call last):
  File "/home/itunom/System/SUAS_main.py", line 285, in _rc_listener_thread
    ch9 = self.vehicle.channels['9']
  File "/home/itunom/.local/lib/python3.10/site-packages/dronekit/__init__.py", line 780, in __getitem__
    return dict.__getitem__(self, str(key))
KeyError: '9'
2025-06-22 00:45:02,017 - SUAS - DEBUG - [SUAS_main.main:739] - Waiting for mode change to: AUTO
2025-06-22 00:45:02,519 - SUAS - DEBUG - [SUAS_main.main:739] - Waiting for mode change to: AUTO
2025-06-22 00:45:02,721 - SUAS - DEBUG - [SUAS_main._rc_listener_thread:288] - Failed to receive RC message: '9'
Traceback (most recent call last):
  File "/home/itunom/System/SUAS_main.py", line 285, in _rc_listener_thread
    ch9 = self.vehicle.channels['9']
  File "/home/itunom/.local/lib/python3.10/site-packages/dronekit/__init__.py", line 780, in __getitem__
    return dict.__getitem__(self, str(key))
KeyError: '9'
