2025-06-22 00:48:14,696 - SUAS - DEBUG - [SUAS_main.__init__:204] - (38.8510336, -76.7002806, -0.882)
2025-06-22 00:48:14,697 - SUAS - DEBUG - [SUAS_main.__init__:210] - Opening camera with pipeline:
nvarguscamerasrc sensor-id=0 aelock=false awblock=True wbmode=6 exposurecompensation=-1.7 ! video/x-raw(memory:NVMM), width=(int)4032, height=(int)3040, framerate=(fraction)19/1 ! nvvidconv flip-method=0 ! video/x-raw, format=(string)BGRx ! videoconvert ! video/x-raw, format=(string)BGR ! appsink
2025-06-22 00:48:18,092 - SUAS - DEBUG - [SUAS_main.take_photo_opencv:426] - Saved photo to init_test_photo/image_1.jpg
2025-06-22 00:48:19,096 - SUAS - DEBUG - [SUAS_main.__init__:102] - Initial flight mode: ALT_HOLD
2025-06-22 00:48:19,550 - SUAS - DEBUG - [SUAS_main.main:690] - Download Waypoints - Completed
2025-06-22 00:48:19,554 - SUAS - DEBUG - [SUAS_main.main:693] - WP SET TO 2
2025-06-22 00:48:20,096 - SUAS - DEBUG - [SUAS_main._rc_listener_thread:286] - RC message: {'1': None, '2': None, '3': None, '4': None, '5': None, '6': None, '7': None, '8': None}
NoneType: None
2025-06-22 00:48:20,097 - SUAS - DEBUG - [SUAS_main._rc_listener_thread:318] - Exception in RC listener thread: '<' not supported between instances of 'Channels' and 'int'
Traceback (most recent call last):
  File "/home/itunom/System/SUAS_main.py", line 299, in _rc_listener_thread
    if ch9 < 1200:
TypeError: '<' not supported between instances of 'Channels' and 'int'
2025-06-22 00:48:20,557 - SUAS - DEBUG - [SUAS_main.main:705] - ------------------------------12---------------------------
2025-06-22 00:48:20,557 - SUAS - DEBUG - [SUAS_main.main:714] - ------------------------------------------------------------------------
2025-06-22 00:48:20,558 - SUAS - DEBUG - [SUAS_main.main:715] - No DOJUMP
2025-06-22 00:48:20,559 - SUAS - DEBUG - [SUAS_main.main:716] - ------------------------------------------------------------------------
2025-06-22 00:48:20,762 - SUAS - DEBUG - [SUAS_main.main:725] - Download Changed Waypoints - Completed
2025-06-22 00:48:20,763 - SUAS - DEBUG - [SUAS_main.main:732] - ------------------------------13 - updated---------------------------
2025-06-22 00:48:20,764 - SUAS - DEBUG - [SUAS_main.main:739] - Waiting for mode change to: AUTO
2025-06-22 00:48:21,099 - SUAS - DEBUG - [SUAS_main._rc_listener_thread:286] - RC message: {'1': None, '2': None, '3': None, '4': None, '5': None, '6': None, '7': None, '8': None}
NoneType: None
2025-06-22 00:48:21,099 - SUAS - DEBUG - [SUAS_main._rc_listener_thread:318] - Exception in RC listener thread: '<' not supported between instances of 'Channels' and 'int'
Traceback (most recent call last):
  File "/home/itunom/System/SUAS_main.py", line 299, in _rc_listener_thread
    if ch9 < 1200:
TypeError: '<' not supported between instances of 'Channels' and 'int'
