2025-06-19 21:52:03,606 - SUAS - DEBUG - [SUAS_main.__init__:213] - (38.8510243, -76.7007078, 9.344)
2025-06-19 21:52:03,606 - SUAS - DEBUG - [SUAS_main.__init__:219] - Opening camera with pipeline:
nvarguscamerasrc sensor-id=0 aelock=true awblock=true wbmode=0 exposurecompensation=-1 exposuretimerange="1000000 1000000" gainrange="1 1" ! video/x-raw(memory:NVMM), width=4032, height=3040, framerate=20/1 ! nvvideoconvert flip-method=0 ! video/x-raw, format=BGRx ! videoconvert ! video/x-raw, format=BGR ! appsink
2025-06-19 21:52:04,798 - SUAS - DEBUG - [SUAS_main.__init__:111] - Initial flight mode: ALT_HOLD
2025-06-19 21:52:07,742 - SUAS - DEBUG - [SUAS_main.main:632] - Download Waypoints - Completed
2025-06-19 21:52:07,743 - SUAS - DEBUG - [SUAS_main.main:635] - WP SET TO 2
2025-06-19 21:52:08,745 - SUAS - DEBUG - [SUAS_main.main:647] - ------------------------------5---------------------------
2025-06-19 21:52:08,746 - SUAS - DEBUG - [SUAS_main.main:656] - ------------------------------------------------------------------------
2025-06-19 21:52:08,747 - SUAS - DEBUG - [SUAS_main.main:657] - No DOJUMP
2025-06-19 21:52:08,747 - SUAS - DEBUG - [SUAS_main.main:658] - ------------------------------------------------------------------------
2025-06-19 21:52:08,950 - SUAS - DEBUG - [SUAS_main.main:667] - Download Changed Waypoints - Completed
2025-06-19 21:52:08,951 - SUAS - DEBUG - [SUAS_main.main:674] - ------------------------------6 - updated---------------------------
2025-06-19 21:52:08,952 - SUAS - DEBUG - [SUAS_main.main:681] - Waiting for mode change to: AUTO
2025-06-19 21:52:09,453 - SUAS - DEBUG - [SUAS_main.main:681] - Waiting for mode change to: AUTO
2025-06-19 21:52:09,955 - SUAS - DEBUG - [SUAS_main.main:681] - Waiting for mode change to: AUTO
2025-06-19 21:52:10,456 - SUAS - DEBUG - [SUAS_main.main:681] - Waiting for mode change to: AUTO
2025-06-19 21:52:10,957 - SUAS - DEBUG - [SUAS_main.main:681] - Waiting for mode change to: AUTO
2025-06-19 21:52:11,459 - SUAS - DEBUG - [SUAS_main.main:681] - Waiting for mode change to: AUTO
2025-06-19 21:52:11,960 - SUAS - DEBUG - [SUAS_main.main:681] - Waiting for mode change to: AUTO
2025-06-19 21:52:12,461 - SUAS - DEBUG - [SUAS_main.main:681] - Waiting for mode change to: AUTO
2025-06-19 21:52:12,963 - SUAS - DEBUG - [SUAS_main.main:681] - Waiting for mode change to: AUTO
2025-06-19 21:52:13,465 - SUAS - DEBUG - [SUAS_main.main:681] - Waiting for mode change to: AUTO
2025-06-19 21:52:13,967 - SUAS - DEBUG - [SUAS_main.main:681] - Waiting for mode change to: AUTO
2025-06-19 21:52:14,468 - SUAS - DEBUG - [SUAS_main.main:681] - Waiting for mode change to: AUTO
2025-06-19 21:52:14,969 - SUAS - DEBUG - [SUAS_main.main:681] - Waiting for mode change to: AUTO
2025-06-19 21:52:15,471 - SUAS - DEBUG - [SUAS_main.main:681] - Waiting for mode change to: AUTO
2025-06-19 21:52:15,972 - SUAS - DEBUG - [SUAS_main.main:681] - Waiting for mode change to: AUTO
2025-06-19 21:52:16,473 - SUAS - DEBUG - [SUAS_main.main:681] - Waiting for mode change to: AUTO
2025-06-19 21:52:16,975 - SUAS - DEBUG - [SUAS_main.main:681] - Waiting for mode change to: AUTO
2025-06-19 21:52:17,476 - SUAS - DEBUG - [SUAS_main.main:681] - Waiting for mode change to: AUTO
2025-06-19 21:52:17,978 - SUAS - DEBUG - [SUAS_main.main:681] - Waiting for mode change to: AUTO
2025-06-19 21:52:18,480 - SUAS - DEBUG - [SUAS_main.main:681] - Waiting for mode change to: AUTO
2025-06-19 21:52:18,981 - SUAS - DEBUG - [SUAS_main.main:681] - Waiting for mode change to: AUTO
2025-06-19 21:52:19,483 - SUAS - DEBUG - [SUAS_main.main:681] - Waiting for mode change to: AUTO
2025-06-19 21:52:19,984 - SUAS - DEBUG - [SUAS_main.main:681] - Waiting for mode change to: AUTO
2025-06-19 21:52:20,485 - SUAS - DEBUG - [SUAS_main.main:681] - Waiting for mode change to: AUTO
2025-06-19 21:52:20,987 - SUAS - DEBUG - [SUAS_main.main:681] - Waiting for mode change to: AUTO
2025-06-19 21:52:21,488 - SUAS - DEBUG - [SUAS_main.main:681] - Waiting for mode change to: AUTO
2025-06-19 21:52:21,990 - SUAS - DEBUG - [SUAS_main.main:681] - Waiting for mode change to: AUTO
2025-06-19 21:52:22,492 - SUAS - DEBUG - [SUAS_main.main:681] - Waiting for mode change to: AUTO
2025-06-19 21:52:22,993 - SUAS - DEBUG - [SUAS_main.main:681] - Waiting for mode change to: AUTO
2025-06-19 21:52:23,494 - SUAS - DEBUG - [SUAS_main.main:681] - Waiting for mode change to: AUTO
2025-06-19 21:52:23,996 - SUAS - DEBUG - [SUAS_main.main:681] - Waiting for mode change to: AUTO
2025-06-19 21:52:24,497 - SUAS - DEBUG - [SUAS_main.main:681] - Waiting for mode change to: AUTO
2025-06-19 21:52:24,999 - SUAS - DEBUG - [SUAS_main.main:681] - Waiting for mode change to: AUTO
2025-06-19 21:52:25,500 - SUAS - DEBUG - [SUAS_main.main:681] - Waiting for mode change to: AUTO
2025-06-19 21:52:26,002 - SUAS - DEBUG - [SUAS_main.main:681] - Waiting for mode change to: AUTO
2025-06-19 21:52:26,503 - SUAS - DEBUG - [SUAS_main.main:681] - Waiting for mode change to: AUTO
2025-06-19 21:52:27,004 - SUAS - DEBUG - [SUAS_main.main:681] - Waiting for mode change to: AUTO
2025-06-19 21:52:27,506 - SUAS - DEBUG - [SUAS_main.main:681] - Waiting for mode change to: AUTO
2025-06-19 21:52:28,007 - SUAS - DEBUG - [SUAS_main.main:681] - Waiting for mode change to: AUTO
2025-06-19 21:52:28,509 - SUAS - DEBUG - [SUAS_main.main:681] - Waiting for mode change to: AUTO
2025-06-19 21:52:29,010 - SUAS - DEBUG - [SUAS_main.main:681] - Waiting for mode change to: AUTO
2025-06-19 21:52:29,512 - SUAS - DEBUG - [SUAS_main.main:681] - Waiting for mode change to: AUTO
2025-06-19 21:52:30,013 - SUAS - DEBUG - [SUAS_main.main:681] - Waiting for mode change to: AUTO
2025-06-19 21:52:30,515 - SUAS - DEBUG - [SUAS_main.main:681] - Waiting for mode change to: AUTO
2025-06-19 21:52:31,016 - SUAS - DEBUG - [SUAS_main.main:681] - Waiting for mode change to: AUTO
2025-06-19 21:52:31,517 - SUAS - DEBUG - [SUAS_main.main:681] - Waiting for mode change to: AUTO
2025-06-19 21:52:32,019 - SUAS - DEBUG - [SUAS_main.main:681] - Waiting for mode change to: AUTO
2025-06-19 21:52:32,520 - SUAS - DEBUG - [SUAS_main.main:681] - Waiting for mode change to: AUTO
2025-06-19 21:52:33,022 - SUAS - DEBUG - [SUAS_main.main:681] - Waiting for mode change to: AUTO
2025-06-19 21:52:33,523 - SUAS - DEBUG - [SUAS_main.main:681] - Waiting for mode change to: AUTO
2025-06-19 21:52:34,025 - SUAS - DEBUG - [SUAS_main.main:681] - Waiting for mode change to: AUTO
2025-06-19 21:52:34,526 - SUAS - DEBUG - [SUAS_main.main:681] - Waiting for mode change to: AUTO
2025-06-19 21:52:35,028 - SUAS - DEBUG - [SUAS_main.main:681] - Waiting for mode change to: AUTO
2025-06-19 21:52:35,529 - SUAS - DEBUG - [SUAS_main.main:681] - Waiting for mode change to: AUTO
2025-06-19 21:52:36,031 - SUAS - DEBUG - [SUAS_main.main:681] - Waiting for mode change to: AUTO
2025-06-19 21:52:36,532 - SUAS - DEBUG - [SUAS_main.main:681] - Waiting for mode change to: AUTO
2025-06-19 21:52:37,033 - SUAS - DEBUG - [SUAS_main.main:681] - Waiting for mode change to: AUTO
2025-06-19 21:52:37,535 - SUAS - DEBUG - [SUAS_main.main:681] - Waiting for mode change to: AUTO
2025-06-19 21:52:38,036 - SUAS - DEBUG - [SUAS_main.main:681] - Waiting for mode change to: AUTO
2025-06-19 21:52:38,537 - SUAS - DEBUG - [SUAS_main.main:681] - Waiting for mode change to: AUTO
2025-06-19 21:52:39,039 - SUAS - DEBUG - [SUAS_main.main:681] - Waiting for mode change to: AUTO
2025-06-19 21:52:39,540 - SUAS - DEBUG - [SUAS_main.main:681] - Waiting for mode change to: AUTO
2025-06-19 21:52:40,042 - SUAS - DEBUG - [SUAS_main.main:681] - Waiting for mode change to: AUTO
2025-06-19 21:52:40,544 - SUAS - DEBUG - [SUAS_main.main:681] - Waiting for mode change to: AUTO
2025-06-19 21:52:41,045 - SUAS - DEBUG - [SUAS_main.main:681] - Waiting for mode change to: AUTO
2025-06-19 21:52:41,547 - SUAS - DEBUG - [SUAS_main.main:681] - Waiting for mode change to: AUTO
2025-06-19 21:52:42,048 - SUAS - DEBUG - [SUAS_main.main:681] - Waiting for mode change to: AUTO
2025-06-19 21:52:42,550 - SUAS - DEBUG - [SUAS_main.main:681] - Waiting for mode change to: AUTO
2025-06-19 21:52:43,051 - SUAS - DEBUG - [SUAS_main.main:681] - Waiting for mode change to: AUTO
2025-06-19 21:52:43,552 - SUAS - DEBUG - [SUAS_main.main:681] - Waiting for mode change to: AUTO
2025-06-19 21:52:44,053 - SUAS - DEBUG - [SUAS_main.main:681] - Waiting for mode change to: AUTO
2025-06-19 21:52:44,555 - SUAS - DEBUG - [SUAS_main.main:681] - Waiting for mode change to: AUTO
2025-06-19 21:52:45,056 - SUAS - DEBUG - [SUAS_main.main:681] - Waiting for mode change to: AUTO
2025-06-19 21:52:45,558 - SUAS - DEBUG - [SUAS_main.main:681] - Waiting for mode change to: AUTO
2025-06-19 21:52:46,059 - SUAS - DEBUG - [SUAS_main.main:681] - Waiting for mode change to: AUTO
2025-06-19 21:52:46,561 - SUAS - DEBUG - [SUAS_main.main:681] - Waiting for mode change to: AUTO
2025-06-19 21:52:47,062 - SUAS - DEBUG - [SUAS_main.main:681] - Waiting for mode change to: AUTO
2025-06-19 21:52:47,563 - SUAS - DEBUG - [SUAS_main.main:681] - Waiting for mode change to: AUTO
2025-06-19 21:52:48,065 - SUAS - DEBUG - [SUAS_main.main:681] - Waiting for mode change to: AUTO
2025-06-19 21:52:48,566 - SUAS - DEBUG - [SUAS_main.main:681] - Waiting for mode change to: AUTO
2025-06-19 21:52:49,068 - SUAS - DEBUG - [SUAS_main.main:681] - Waiting for mode change to: AUTO
2025-06-19 21:52:49,569 - SUAS - DEBUG - [SUAS_main.main:681] - Waiting for mode change to: AUTO
2025-06-19 21:52:50,071 - SUAS - DEBUG - [SUAS_main.main:681] - Waiting for mode change to: AUTO
2025-06-19 21:52:50,572 - SUAS - DEBUG - [SUAS_main.main:681] - Waiting for mode change to: AUTO
2025-06-19 21:52:51,074 - SUAS - DEBUG - [SUAS_main.main:681] - Waiting for mode change to: AUTO
2025-06-19 21:52:51,575 - SUAS - DEBUG - [SUAS_main.main:681] - Waiting for mode change to: AUTO
2025-06-19 21:52:52,077 - SUAS - DEBUG - [SUAS_main.main:681] - Waiting for mode change to: AUTO
2025-06-19 21:52:52,578 - SUAS - DEBUG - [SUAS_main.main:681] - Waiting for mode change to: AUTO
2025-06-19 21:52:53,080 - SUAS - DEBUG - [SUAS_main.main:681] - Waiting for mode change to: AUTO
2025-06-19 21:52:53,581 - SUAS - DEBUG - [SUAS_main.main:681] - Waiting for mode change to: AUTO
2025-06-19 21:52:54,083 - SUAS - DEBUG - [SUAS_main.main:681] - Waiting for mode change to: AUTO
2025-06-19 21:52:54,584 - SUAS - DEBUG - [SUAS_main.main:681] - Waiting for mode change to: AUTO
2025-06-19 21:52:55,085 - SUAS - DEBUG - [SUAS_main.main:681] - Waiting for mode change to: AUTO
2025-06-19 21:52:55,587 - SUAS - DEBUG - [SUAS_main.main:681] - Waiting for mode change to: AUTO
2025-06-19 21:52:56,088 - SUAS - DEBUG - [SUAS_main.main:681] - Waiting for mode change to: AUTO
2025-06-19 21:52:56,589 - SUAS - DEBUG - [SUAS_main.main:681] - Waiting for mode change to: AUTO
2025-06-19 21:52:57,091 - SUAS - DEBUG - [SUAS_main.main:681] - Waiting for mode change to: AUTO
2025-06-19 21:52:57,592 - SUAS - DEBUG - [SUAS_main.main:681] - Waiting for mode change to: AUTO
2025-06-19 21:52:58,093 - SUAS - DEBUG - [SUAS_main.main:681] - Waiting for mode change to: AUTO
2025-06-19 21:52:58,595 - SUAS - DEBUG - [SUAS_main.main:681] - Waiting for mode change to: AUTO
2025-06-19 21:52:59,096 - SUAS - DEBUG - [SUAS_main.main:681] - Waiting for mode change to: AUTO
2025-06-19 21:52:59,597 - SUAS - DEBUG - [SUAS_main.main:681] - Waiting for mode change to: AUTO
2025-06-19 21:53:00,099 - SUAS - DEBUG - [SUAS_main.main:681] - Waiting for mode change to: AUTO
2025-06-19 21:53:00,600 - SUAS - DEBUG - [SUAS_main.main:681] - Waiting for mode change to: AUTO
2025-06-19 21:53:01,102 - SUAS - DEBUG - [SUAS_main.main:681] - Waiting for mode change to: AUTO
2025-06-19 21:53:01,604 - SUAS - DEBUG - [SUAS_main.main:681] - Waiting for mode change to: AUTO
2025-06-19 21:53:02,105 - SUAS - DEBUG - [SUAS_main.main:681] - Waiting for mode change to: AUTO
2025-06-19 21:53:02,607 - SUAS - DEBUG - [SUAS_main.main:681] - Waiting for mode change to: AUTO
2025-06-19 21:53:03,108 - SUAS - DEBUG - [SUAS_main.main:681] - Waiting for mode change to: AUTO
2025-06-19 21:53:03,609 - SUAS - DEBUG - [SUAS_main.main:681] - Waiting for mode change to: AUTO
2025-06-19 21:53:04,111 - SUAS - DEBUG - [SUAS_main.main:681] - Waiting for mode change to: AUTO
2025-06-19 21:53:04,612 - SUAS - DEBUG - [SUAS_main.main:681] - Waiting for mode change to: AUTO
2025-06-19 21:53:05,113 - SUAS - DEBUG - [SUAS_main.main:681] - Waiting for mode change to: AUTO
2025-06-19 21:53:05,615 - SUAS - DEBUG - [SUAS_main.main:681] - Waiting for mode change to: AUTO
2025-06-19 21:53:06,116 - SUAS - DEBUG - [SUAS_main.main:681] - Waiting for mode change to: AUTO
2025-06-19 21:53:06,617 - SUAS - DEBUG - [SUAS_main.main:681] - Waiting for mode change to: AUTO
2025-06-19 21:53:07,119 - SUAS - DEBUG - [SUAS_main.main:681] - Waiting for mode change to: AUTO
2025-06-19 21:53:07,621 - SUAS - DEBUG - [SUAS_main.main:681] - Waiting for mode change to: AUTO
2025-06-19 21:53:08,122 - SUAS - DEBUG - [SUAS_main.main:681] - Waiting for mode change to: AUTO
2025-06-19 21:53:08,624 - SUAS - DEBUG - [SUAS_main.main:681] - Waiting for mode change to: AUTO
2025-06-19 21:53:09,125 - SUAS - DEBUG - [SUAS_main.main:681] - Waiting for mode change to: AUTO
2025-06-19 21:53:09,627 - SUAS - DEBUG - [SUAS_main.main:681] - Waiting for mode change to: AUTO
2025-06-19 21:53:10,128 - SUAS - DEBUG - [SUAS_main.main:681] - Waiting for mode change to: AUTO
2025-06-19 21:53:10,629 - SUAS - DEBUG - [SUAS_main.main:681] - Waiting for mode change to: AUTO
2025-06-19 21:53:11,131 - SUAS - DEBUG - [SUAS_main.main:681] - Waiting for mode change to: AUTO
2025-06-19 21:53:11,632 - SUAS - DEBUG - [SUAS_main.main:681] - Waiting for mode change to: AUTO
2025-06-19 21:53:12,133 - SUAS - DEBUG - [SUAS_main.main:681] - Waiting for mode change to: AUTO
2025-06-19 21:53:12,635 - SUAS - DEBUG - [SUAS_main.main:681] - Waiting for mode change to: AUTO
2025-06-19 21:53:13,136 - SUAS - DEBUG - [SUAS_main.main:681] - Waiting for mode change to: AUTO
2025-06-19 21:53:13,637 - SUAS - DEBUG - [SUAS_main.main:681] - Waiting for mode change to: AUTO
2025-06-19 21:53:14,139 - SUAS - DEBUG - [SUAS_main.main:681] - Waiting for mode change to: AUTO
2025-06-19 21:53:14,641 - SUAS - DEBUG - [SUAS_main.main:681] - Waiting for mode change to: AUTO
2025-06-19 21:53:15,142 - SUAS - DEBUG - [SUAS_main.main:681] - Waiting for mode change to: AUTO
2025-06-19 21:53:15,644 - SUAS - DEBUG - [SUAS_main.main:681] - Waiting for mode change to: AUTO
2025-06-19 21:53:16,145 - SUAS - DEBUG - [SUAS_main.main:681] - Waiting for mode change to: AUTO
2025-06-19 21:53:16,647 - SUAS - DEBUG - [SUAS_main.main:681] - Waiting for mode change to: AUTO
2025-06-19 21:53:17,148 - SUAS - DEBUG - [SUAS_main.main:681] - Waiting for mode change to: AUTO
2025-06-19 21:53:17,649 - SUAS - DEBUG - [SUAS_main.main:681] - Waiting for mode change to: AUTO
2025-06-19 21:53:18,151 - SUAS - DEBUG - [SUAS_main.main:681] - Waiting for mode change to: AUTO
2025-06-19 21:53:18,652 - SUAS - DEBUG - [SUAS_main.main:681] - Waiting for mode change to: AUTO
2025-06-19 21:53:19,154 - SUAS - DEBUG - [SUAS_main.main:681] - Waiting for mode change to: AUTO
2025-06-19 21:53:19,655 - SUAS - DEBUG - [SUAS_main.main:681] - Waiting for mode change to: AUTO
2025-06-19 21:53:20,156 - SUAS - DEBUG - [SUAS_main.main:681] - Waiting for mode change to: AUTO
2025-06-19 21:53:20,658 - SUAS - DEBUG - [SUAS_main.main:681] - Waiting for mode change to: AUTO
2025-06-19 21:53:21,159 - SUAS - DEBUG - [SUAS_main.main:681] - Waiting for mode change to: AUTO
2025-06-19 21:53:21,661 - SUAS - DEBUG - [SUAS_main.main:681] - Waiting for mode change to: AUTO
2025-06-19 21:53:22,162 - SUAS - DEBUG - [SUAS_main.main:681] - Waiting for mode change to: AUTO
2025-06-19 21:53:22,664 - SUAS - DEBUG - [SUAS_main.main:681] - Waiting for mode change to: AUTO
2025-06-19 21:53:23,165 - SUAS - DEBUG - [SUAS_main.main:681] - Waiting for mode change to: AUTO
2025-06-19 21:53:23,666 - SUAS - DEBUG - [SUAS_main.main:681] - Waiting for mode change to: AUTO
2025-06-19 21:53:24,168 - SUAS - DEBUG - [SUAS_main.main:681] - Waiting for mode change to: AUTO
2025-06-19 21:53:24,669 - SUAS - DEBUG - [SUAS_main.main:681] - Waiting for mode change to: AUTO
2025-06-19 21:53:25,171 - SUAS - DEBUG - [SUAS_main.main:681] - Waiting for mode change to: AUTO
2025-06-19 21:53:25,672 - SUAS - DEBUG - [SUAS_main.main:681] - Waiting for mode change to: AUTO
2025-06-19 21:53:26,173 - SUAS - DEBUG - [SUAS_main.main:681] - Waiting for mode change to: AUTO
2025-06-19 21:53:26,675 - SUAS - DEBUG - [SUAS_main.main:681] - Waiting for mode change to: AUTO
2025-06-19 21:53:27,176 - SUAS - DEBUG - [SUAS_main.main:681] - Waiting for mode change to: AUTO
2025-06-19 21:53:27,677 - SUAS - DEBUG - [SUAS_main.main:681] - Waiting for mode change to: AUTO
2025-06-19 21:53:28,179 - SUAS - DEBUG - [SUAS_main.main:681] - Waiting for mode change to: AUTO
2025-06-19 21:53:28,681 - SUAS - DEBUG - [SUAS_main.main:681] - Waiting for mode change to: AUTO
2025-06-19 21:53:29,183 - SUAS - DEBUG - [SUAS_main.main:681] - Waiting for mode change to: AUTO
2025-06-19 21:53:29,684 - SUAS - DEBUG - [SUAS_main.main:681] - Waiting for mode change to: AUTO
2025-06-19 21:53:30,185 - SUAS - DEBUG - [SUAS_main.main:681] - Waiting for mode change to: AUTO
2025-06-19 21:53:30,687 - SUAS - DEBUG - [SUAS_main.main:681] - Waiting for mode change to: AUTO
2025-06-19 21:53:31,188 - SUAS - DEBUG - [SUAS_main.main:681] - Waiting for mode change to: AUTO
2025-06-19 21:53:31,689 - SUAS - DEBUG - [SUAS_main.main:681] - Waiting for mode change to: AUTO
2025-06-19 21:53:32,191 - SUAS - DEBUG - [SUAS_main.main:681] - Waiting for mode change to: AUTO
2025-06-19 21:53:32,692 - SUAS - DEBUG - [SUAS_main.main:681] - Waiting for mode change to: AUTO
2025-06-19 21:53:33,193 - SUAS - DEBUG - [SUAS_main.main:681] - Waiting for mode change to: AUTO
2025-06-19 21:53:33,695 - SUAS - DEBUG - [SUAS_main.main:681] - Waiting for mode change to: AUTO
2025-06-19 21:53:34,196 - SUAS - DEBUG - [SUAS_main.main:681] - Waiting for mode change to: AUTO
2025-06-19 21:53:34,697 - SUAS - DEBUG - [SUAS_main.main:681] - Waiting for mode change to: AUTO
2025-06-19 21:53:35,199 - SUAS - DEBUG - [SUAS_main.main:681] - Waiting for mode change to: AUTO
2025-06-19 21:53:35,701 - SUAS - DEBUG - [SUAS_main.main:681] - Waiting for mode change to: AUTO
2025-06-19 21:53:36,202 - SUAS - DEBUG - [SUAS_main.main:681] - Waiting for mode change to: AUTO
2025-06-19 21:53:36,704 - SUAS - DEBUG - [SUAS_main.main:681] - Waiting for mode change to: AUTO
2025-06-19 21:53:37,205 - SUAS - DEBUG - [SUAS_main.main:681] - Waiting for mode change to: AUTO
2025-06-19 21:53:37,706 - SUAS - DEBUG - [SUAS_main.main:681] - Waiting for mode change to: AUTO
2025-06-19 21:53:38,208 - SUAS - DEBUG - [SUAS_main.main:681] - Waiting for mode change to: AUTO
2025-06-19 21:53:38,709 - SUAS - DEBUG - [SUAS_main.main:681] - Waiting for mode change to: AUTO
2025-06-19 21:53:39,211 - SUAS - DEBUG - [SUAS_main.main:681] - Waiting for mode change to: AUTO
2025-06-19 21:53:39,712 - SUAS - DEBUG - [SUAS_main.main:681] - Waiting for mode change to: AUTO
2025-06-19 21:53:40,214 - SUAS - DEBUG - [SUAS_main.main:681] - Waiting for mode change to: AUTO
2025-06-19 21:53:40,715 - SUAS - DEBUG - [SUAS_main.main:681] - Waiting for mode change to: AUTO
2025-06-19 21:53:41,216 - SUAS - DEBUG - [SUAS_main.main:681] - Waiting for mode change to: AUTO
2025-06-19 21:53:41,718 - SUAS - DEBUG - [SUAS_main.main:681] - Waiting for mode change to: AUTO
2025-06-19 21:53:42,220 - SUAS - DEBUG - [SUAS_main.main:681] - Waiting for mode change to: AUTO
2025-06-19 21:53:42,721 - SUAS - DEBUG - [SUAS_main.main:681] - Waiting for mode change to: AUTO
2025-06-19 21:53:43,223 - SUAS - DEBUG - [SUAS_main.main:681] - Waiting for mode change to: AUTO
2025-06-19 21:53:43,725 - SUAS - DEBUG - [SUAS_main.main:681] - Waiting for mode change to: AUTO
2025-06-19 21:53:44,226 - SUAS - DEBUG - [SUAS_main.main:681] - Waiting for mode change to: AUTO
2025-06-19 21:53:44,728 - SUAS - DEBUG - [SUAS_main.main:681] - Waiting for mode change to: AUTO
2025-06-19 21:53:45,229 - SUAS - DEBUG - [SUAS_main.main:681] - Waiting for mode change to: AUTO
2025-06-19 21:53:45,730 - SUAS - DEBUG - [SUAS_main.main:681] - Waiting for mode change to: AUTO
2025-06-19 21:53:46,232 - SUAS - DEBUG - [SUAS_main.main:681] - Waiting for mode change to: AUTO
2025-06-19 21:53:46,733 - SUAS - DEBUG - [SUAS_main.main:681] - Waiting for mode change to: AUTO
2025-06-19 21:53:47,235 - SUAS - DEBUG - [SUAS_main.main:681] - Waiting for mode change to: AUTO
2025-06-19 21:53:47,736 - SUAS - DEBUG - [SUAS_main.main:681] - Waiting for mode change to: AUTO
2025-06-19 21:53:48,237 - SUAS - DEBUG - [SUAS_main.main:681] - Waiting for mode change to: AUTO
2025-06-19 21:53:48,739 - SUAS - DEBUG - [SUAS_main.main:681] - Waiting for mode change to: AUTO
2025-06-19 21:53:49,240 - SUAS - DEBUG - [SUAS_main.main:681] - Waiting for mode change to: AUTO
2025-06-19 21:53:49,741 - SUAS - DEBUG - [SUAS_main.main:681] - Waiting for mode change to: AUTO
2025-06-19 21:53:50,243 - SUAS - DEBUG - [SUAS_main.main:681] - Waiting for mode change to: AUTO
2025-06-19 21:53:50,744 - SUAS - DEBUG - [SUAS_main.main:681] - Waiting for mode change to: AUTO
2025-06-19 21:53:51,245 - SUAS - DEBUG - [SUAS_main.main:681] - Waiting for mode change to: AUTO
2025-06-19 21:53:51,747 - SUAS - DEBUG - [SUAS_main.main:681] - Waiting for mode change to: AUTO
2025-06-19 21:53:52,248 - SUAS - DEBUG - [SUAS_main.main:681] - Waiting for mode change to: AUTO
2025-06-19 21:53:52,749 - SUAS - DEBUG - [SUAS_main.main:681] - Waiting for mode change to: AUTO
2025-06-19 21:53:53,251 - SUAS - DEBUG - [SUAS_main.main:681] - Waiting for mode change to: AUTO
2025-06-19 21:53:53,752 - SUAS - DEBUG - [SUAS_main.main:681] - Waiting for mode change to: AUTO
2025-06-19 21:53:54,253 - SUAS - DEBUG - [SUAS_main.main:681] - Waiting for mode change to: AUTO
2025-06-19 21:53:54,755 - SUAS - DEBUG - [SUAS_main.main:681] - Waiting for mode change to: AUTO
2025-06-19 21:53:55,256 - SUAS - DEBUG - [SUAS_main.main:681] - Waiting for mode change to: AUTO
2025-06-19 21:53:55,757 - SUAS - DEBUG - [SUAS_main.main:681] - Waiting for mode change to: AUTO
2025-06-19 21:53:56,259 - SUAS - DEBUG - [SUAS_main.main:681] - Waiting for mode change to: AUTO
2025-06-19 21:53:56,761 - SUAS - DEBUG - [SUAS_main.main:681] - Waiting for mode change to: AUTO
2025-06-19 21:53:57,262 - SUAS - DEBUG - [SUAS_main.main:681] - Waiting for mode change to: AUTO
2025-06-19 21:53:57,764 - SUAS - DEBUG - [SUAS_main.main:681] - Waiting for mode change to: AUTO
2025-06-19 21:53:58,265 - SUAS - DEBUG - [SUAS_main.main:681] - Waiting for mode change to: AUTO
2025-06-19 21:53:58,767 - SUAS - DEBUG - [SUAS_main.main:681] - Waiting for mode change to: AUTO
2025-06-19 21:53:59,268 - SUAS - DEBUG - [SUAS_main.main:681] - Waiting for mode change to: AUTO
2025-06-19 21:53:59,769 - SUAS - DEBUG - [SUAS_main.main:681] - Waiting for mode change to: AUTO
2025-06-19 21:54:00,270 - SUAS - DEBUG - [SUAS_main.main:681] - Waiting for mode change to: AUTO
2025-06-19 21:54:00,772 - SUAS - DEBUG - [SUAS_main.main:681] - Waiting for mode change to: AUTO
2025-06-19 21:54:01,273 - SUAS - DEBUG - [SUAS_main.main:681] - Waiting for mode change to: AUTO
2025-06-19 21:54:01,775 - SUAS - DEBUG - [SUAS_main.main:681] - Waiting for mode change to: AUTO
2025-06-19 21:54:02,276 - SUAS - DEBUG - [SUAS_main.main:681] - Waiting for mode change to: AUTO
2025-06-19 21:54:02,778 - SUAS - DEBUG - [SUAS_main.main:681] - Waiting for mode change to: AUTO
2025-06-19 21:54:03,280 - SUAS - DEBUG - [SUAS_main.main:681] - Waiting for mode change to: AUTO
2025-06-19 21:54:03,781 - SUAS - DEBUG - [SUAS_main.main:681] - Waiting for mode change to: AUTO
2025-06-19 21:54:04,283 - SUAS - DEBUG - [SUAS_main.main:681] - Waiting for mode change to: AUTO
2025-06-19 21:54:04,784 - SUAS - DEBUG - [SUAS_main.main:681] - Waiting for mode change to: AUTO
2025-06-19 21:54:05,285 - SUAS - DEBUG - [SUAS_main.main:681] - Waiting for mode change to: AUTO
2025-06-19 21:54:05,787 - SUAS - DEBUG - [SUAS_main.main:681] - Waiting for mode change to: AUTO
2025-06-19 21:54:06,288 - SUAS - DEBUG - [SUAS_main.main:681] - Waiting for mode change to: AUTO
2025-06-19 21:54:06,789 - SUAS - DEBUG - [SUAS_main.main:681] - Waiting for mode change to: AUTO
2025-06-19 21:54:07,291 - SUAS - DEBUG - [SUAS_main.main:681] - Waiting for mode change to: AUTO
2025-06-19 21:54:07,792 - SUAS - DEBUG - [SUAS_main.main:681] - Waiting for mode change to: AUTO
2025-06-19 21:54:08,293 - SUAS - DEBUG - [SUAS_main.main:681] - Waiting for mode change to: AUTO
2025-06-19 21:54:08,795 - SUAS - DEBUG - [SUAS_main.main:681] - Waiting for mode change to: AUTO
2025-06-19 21:54:09,296 - SUAS - DEBUG - [SUAS_main.main:681] - Waiting for mode change to: AUTO
2025-06-19 21:54:09,798 - SUAS - DEBUG - [SUAS_main.main:681] - Waiting for mode change to: AUTO
2025-06-19 21:54:10,299 - SUAS - DEBUG - [SUAS_main.main:681] - Waiting for mode change to: AUTO
2025-06-19 21:54:10,801 - SUAS - DEBUG - [SUAS_main.main:681] - Waiting for mode change to: AUTO
2025-06-19 21:54:11,302 - SUAS - DEBUG - [SUAS_main.main:681] - Waiting for mode change to: AUTO
2025-06-19 21:54:11,804 - SUAS - DEBUG - [SUAS_main.main:681] - Waiting for mode change to: AUTO
2025-06-19 21:54:12,305 - SUAS - DEBUG - [SUAS_main.main:681] - Waiting for mode change to: AUTO
2025-06-19 21:54:12,807 - SUAS - DEBUG - [SUAS_main.main:681] - Waiting for mode change to: AUTO
2025-06-19 21:54:13,308 - SUAS - DEBUG - [SUAS_main.main:681] - Waiting for mode change to: AUTO
2025-06-19 21:54:13,809 - SUAS - DEBUG - [SUAS_main.main:681] - Waiting for mode change to: AUTO
2025-06-19 21:54:14,311 - SUAS - DEBUG - [SUAS_main.main:681] - Waiting for mode change to: AUTO
2025-06-19 21:54:14,812 - SUAS - DEBUG - [SUAS_main.main:681] - Waiting for mode change to: AUTO
2025-06-19 21:54:15,313 - SUAS - DEBUG - [SUAS_main.main:681] - Waiting for mode change to: AUTO
2025-06-19 21:54:15,815 - SUAS - DEBUG - [SUAS_main.main:681] - Waiting for mode change to: AUTO
2025-06-19 21:54:16,316 - SUAS - DEBUG - [SUAS_main.main:681] - Waiting for mode change to: AUTO
2025-06-19 21:54:16,818 - SUAS - DEBUG - [SUAS_main.main:681] - Waiting for mode change to: AUTO
2025-06-19 21:54:17,320 - SUAS - DEBUG - [SUAS_main.main:681] - Waiting for mode change to: AUTO
2025-06-19 21:54:17,821 - SUAS - DEBUG - [SUAS_main.main:681] - Waiting for mode change to: AUTO
2025-06-19 21:54:18,323 - SUAS - DEBUG - [SUAS_main.main:681] - Waiting for mode change to: AUTO
2025-06-19 21:54:18,824 - SUAS - DEBUG - [SUAS_main.main:681] - Waiting for mode change to: AUTO
2025-06-19 21:54:19,325 - SUAS - DEBUG - [SUAS_main.main:681] - Waiting for mode change to: AUTO
2025-06-19 21:54:19,827 - SUAS - DEBUG - [SUAS_main.main:681] - Waiting for mode change to: AUTO
2025-06-19 21:54:20,328 - SUAS - DEBUG - [SUAS_main.main:681] - Waiting for mode change to: AUTO
2025-06-19 21:54:20,829 - SUAS - DEBUG - [SUAS_main.main:681] - Waiting for mode change to: AUTO
2025-06-19 21:54:21,331 - SUAS - DEBUG - [SUAS_main.main:681] - Waiting for mode change to: AUTO
2025-06-19 21:54:21,832 - SUAS - DEBUG - [SUAS_main.main:681] - Waiting for mode change to: AUTO
2025-06-19 21:54:22,333 - SUAS - DEBUG - [SUAS_main.main:681] - Waiting for mode change to: AUTO
2025-06-19 21:54:22,835 - SUAS - DEBUG - [SUAS_main.main:681] - Waiting for mode change to: AUTO
2025-06-19 21:54:23,336 - SUAS - DEBUG - [SUAS_main.main:681] - Waiting for mode change to: AUTO
2025-06-19 21:54:23,838 - SUAS - DEBUG - [SUAS_main.main:681] - Waiting for mode change to: AUTO
2025-06-19 21:54:24,339 - SUAS - DEBUG - [SUAS_main.main:681] - Waiting for mode change to: AUTO
2025-06-19 21:54:24,840 - SUAS - DEBUG - [SUAS_main.main:681] - Waiting for mode change to: AUTO
2025-06-19 21:54:25,342 - SUAS - DEBUG - [SUAS_main.main:681] - Waiting for mode change to: AUTO
2025-06-19 21:54:25,843 - SUAS - DEBUG - [SUAS_main.main:681] - Waiting for mode change to: AUTO
2025-06-19 21:54:26,345 - SUAS - DEBUG - [SUAS_main.main:681] - Waiting for mode change to: AUTO
2025-06-19 21:54:26,846 - SUAS - DEBUG - [SUAS_main.main:681] - Waiting for mode change to: AUTO
2025-06-19 21:54:27,348 - SUAS - DEBUG - [SUAS_main.main:681] - Waiting for mode change to: AUTO
2025-06-19 21:54:27,849 - SUAS - DEBUG - [SUAS_main.main:681] - Waiting for mode change to: AUTO
2025-06-19 21:54:28,351 - SUAS - DEBUG - [SUAS_main.main:681] - Waiting for mode change to: AUTO
2025-06-19 21:54:28,852 - SUAS - DEBUG - [SUAS_main.main:681] - Waiting for mode change to: AUTO
2025-06-19 21:54:29,353 - SUAS - DEBUG - [SUAS_main.main:681] - Waiting for mode change to: AUTO
2025-06-19 21:54:29,855 - SUAS - DEBUG - [SUAS_main.main:681] - Waiting for mode change to: AUTO
2025-06-19 21:54:30,356 - SUAS - DEBUG - [SUAS_main.main:681] - Waiting for mode change to: AUTO
2025-06-19 21:54:30,858 - SUAS - DEBUG - [SUAS_main.main:681] - Waiting for mode change to: AUTO
2025-06-19 21:54:31,360 - SUAS - DEBUG - [SUAS_main.main:681] - Waiting for mode change to: AUTO
2025-06-19 21:54:31,861 - SUAS - DEBUG - [SUAS_main.main:681] - Waiting for mode change to: AUTO
2025-06-19 21:54:32,362 - SUAS - DEBUG - [SUAS_main.main:681] - Waiting for mode change to: AUTO
2025-06-19 21:54:32,864 - SUAS - DEBUG - [SUAS_main.main:681] - Waiting for mode change to: AUTO
2025-06-19 21:54:33,365 - SUAS - DEBUG - [SUAS_main.main:681] - Waiting for mode change to: AUTO
2025-06-19 21:54:33,867 - SUAS - DEBUG - [SUAS_main.main:681] - Waiting for mode change to: AUTO
2025-06-19 21:54:34,368 - SUAS - DEBUG - [SUAS_main.main:681] - Waiting for mode change to: AUTO
2025-06-19 21:54:34,869 - SUAS - DEBUG - [SUAS_main.main:681] - Waiting for mode change to: AUTO
2025-06-19 21:54:35,371 - SUAS - DEBUG - [SUAS_main.main:681] - Waiting for mode change to: AUTO
2025-06-19 21:54:35,872 - SUAS - DEBUG - [SUAS_main.main:681] - Waiting for mode change to: AUTO
2025-06-19 21:54:36,373 - SUAS - DEBUG - [SUAS_main.main:681] - Waiting for mode change to: AUTO
2025-06-19 21:54:36,875 - SUAS - DEBUG - [SUAS_main.main:681] - Waiting for mode change to: AUTO
2025-06-19 21:54:37,376 - SUAS - DEBUG - [SUAS_main.main:681] - Waiting for mode change to: AUTO
2025-06-19 21:54:37,878 - SUAS - DEBUG - [SUAS_main.main:681] - Waiting for mode change to: AUTO
2025-06-19 21:54:38,379 - SUAS - DEBUG - [SUAS_main.main:681] - Waiting for mode change to: AUTO
2025-06-19 21:54:38,881 - SUAS - DEBUG - [SUAS_main.main:681] - Waiting for mode change to: AUTO
2025-06-19 21:54:39,382 - SUAS - DEBUG - [SUAS_main.main:681] - Waiting for mode change to: AUTO
2025-06-19 21:54:39,884 - SUAS - DEBUG - [SUAS_main.main:681] - Waiting for mode change to: AUTO
2025-06-19 21:54:40,385 - SUAS - DEBUG - [SUAS_main.main:681] - Waiting for mode change to: AUTO
2025-06-19 21:54:40,887 - SUAS - DEBUG - [SUAS_main.main:681] - Waiting for mode change to: AUTO
2025-06-19 21:54:41,388 - SUAS - DEBUG - [SUAS_main.main:681] - Waiting for mode change to: AUTO
2025-06-19 21:54:41,889 - SUAS - DEBUG - [SUAS_main.main:681] - Waiting for mode change to: AUTO
2025-06-19 21:54:42,391 - SUAS - DEBUG - [SUAS_main.main:681] - Waiting for mode change to: AUTO
2025-06-19 21:54:42,892 - SUAS - DEBUG - [SUAS_main.main:681] - Waiting for mode change to: AUTO
2025-06-19 21:54:43,394 - SUAS - DEBUG - [SUAS_main.main:681] - Waiting for mode change to: AUTO
2025-06-19 21:54:43,895 - SUAS - DEBUG - [SUAS_main.main:681] - Waiting for mode change to: AUTO
2025-06-19 21:54:44,397 - SUAS - DEBUG - [SUAS_main.main:681] - Waiting for mode change to: AUTO
2025-06-19 21:54:44,898 - SUAS - DEBUG - [SUAS_main.main:681] - Waiting for mode change to: AUTO
2025-06-19 21:54:45,400 - SUAS - DEBUG - [SUAS_main.main:681] - Waiting for mode change to: AUTO
2025-06-19 21:54:45,901 - SUAS - DEBUG - [SUAS_main.main:681] - Waiting for mode change to: AUTO
2025-06-19 21:54:46,403 - SUAS - DEBUG - [SUAS_main.main:681] - Waiting for mode change to: AUTO
2025-06-19 21:54:46,904 - SUAS - DEBUG - [SUAS_main.main:681] - Waiting for mode change to: AUTO
2025-06-19 21:54:47,405 - SUAS - DEBUG - [SUAS_main.main:681] - Waiting for mode change to: AUTO
2025-06-19 21:54:47,907 - SUAS - DEBUG - [SUAS_main.main:681] - Waiting for mode change to: AUTO
2025-06-19 21:54:48,408 - SUAS - DEBUG - [SUAS_main.main:681] - Waiting for mode change to: AUTO
2025-06-19 21:54:48,909 - SUAS - DEBUG - [SUAS_main.main:681] - Waiting for mode change to: AUTO
2025-06-19 21:54:49,411 - SUAS - DEBUG - [SUAS_main.main:681] - Waiting for mode change to: AUTO
2025-06-19 21:54:49,912 - SUAS - DEBUG - [SUAS_main.main:681] - Waiting for mode change to: AUTO
2025-06-19 21:54:50,413 - SUAS - DEBUG - [SUAS_main.main:681] - Waiting for mode change to: AUTO
2025-06-19 21:54:50,915 - SUAS - DEBUG - [SUAS_main.main:681] - Waiting for mode change to: AUTO
2025-06-19 21:54:51,417 - SUAS - DEBUG - [SUAS_main.main:681] - Waiting for mode change to: AUTO
2025-06-19 21:54:51,919 - SUAS - DEBUG - [SUAS_main.main:681] - Waiting for mode change to: AUTO
2025-06-19 21:54:52,420 - SUAS - DEBUG - [SUAS_main.main:681] - Waiting for mode change to: AUTO
2025-06-19 21:54:52,921 - SUAS - DEBUG - [SUAS_main.main:681] - Waiting for mode change to: AUTO
2025-06-19 21:54:53,423 - SUAS - DEBUG - [SUAS_main.main:681] - Waiting for mode change to: AUTO
2025-06-19 21:54:53,924 - SUAS - DEBUG - [SUAS_main.main:681] - Waiting for mode change to: AUTO
2025-06-19 21:54:54,425 - SUAS - DEBUG - [SUAS_main.main:681] - Waiting for mode change to: AUTO
2025-06-19 21:54:54,927 - SUAS - DEBUG - [SUAS_main.main:681] - Waiting for mode change to: AUTO
2025-06-19 21:54:55,428 - SUAS - DEBUG - [SUAS_main.main:681] - Waiting for mode change to: AUTO
2025-06-19 21:54:55,929 - SUAS - DEBUG - [SUAS_main.main:681] - Waiting for mode change to: AUTO
2025-06-19 21:54:56,431 - SUAS - DEBUG - [SUAS_main.main:681] - Waiting for mode change to: AUTO
2025-06-19 21:54:56,932 - SUAS - DEBUG - [SUAS_main.main:681] - Waiting for mode change to: AUTO
2025-06-19 21:54:57,433 - SUAS - DEBUG - [SUAS_main.main:681] - Waiting for mode change to: AUTO
2025-06-19 21:54:57,935 - SUAS - DEBUG - [SUAS_main.main:681] - Waiting for mode change to: AUTO
2025-06-19 21:54:58,437 - SUAS - DEBUG - [SUAS_main.main:681] - Waiting for mode change to: AUTO
2025-06-19 21:54:58,938 - SUAS - DEBUG - [SUAS_main.main:681] - Waiting for mode change to: AUTO
2025-06-19 21:54:59,440 - SUAS - DEBUG - [SUAS_main.main:681] - Waiting for mode change to: AUTO
2025-06-19 21:54:59,941 - SUAS - DEBUG - [SUAS_main.main:681] - Waiting for mode change to: AUTO
2025-06-19 21:55:00,443 - SUAS - DEBUG - [SUAS_main.main:681] - Waiting for mode change to: AUTO
2025-06-19 21:55:00,944 - SUAS - DEBUG - [SUAS_main.main:681] - Waiting for mode change to: AUTO
2025-06-19 21:55:01,445 - SUAS - DEBUG - [SUAS_main.main:681] - Waiting for mode change to: AUTO
2025-06-19 21:55:01,947 - SUAS - DEBUG - [SUAS_main.main:681] - Waiting for mode change to: AUTO
2025-06-19 21:55:02,448 - SUAS - DEBUG - [SUAS_main.main:681] - Waiting for mode change to: AUTO
2025-06-19 21:55:02,950 - SUAS - DEBUG - [SUAS_main.main:681] - Waiting for mode change to: AUTO
2025-06-19 21:55:03,451 - SUAS - DEBUG - [SUAS_main.main:681] - Waiting for mode change to: AUTO
2025-06-19 21:55:03,953 - SUAS - DEBUG - [SUAS_main.main:681] - Waiting for mode change to: AUTO
2025-06-19 21:55:04,454 - SUAS - DEBUG - [SUAS_main.main:681] - Waiting for mode change to: AUTO
2025-06-19 21:55:04,956 - SUAS - DEBUG - [SUAS_main.main:681] - Waiting for mode change to: AUTO
2025-06-19 21:55:05,457 - SUAS - DEBUG - [SUAS_main.main:681] - Waiting for mode change to: AUTO
2025-06-19 21:55:05,959 - SUAS - DEBUG - [SUAS_main.main:681] - Waiting for mode change to: AUTO
2025-06-19 21:55:06,460 - SUAS - DEBUG - [SUAS_main.main:681] - Waiting for mode change to: AUTO
2025-06-19 21:55:06,962 - SUAS - DEBUG - [SUAS_main.main:681] - Waiting for mode change to: AUTO
2025-06-19 21:55:07,463 - SUAS - DEBUG - [SUAS_main.main:681] - Waiting for mode change to: AUTO
2025-06-19 21:55:07,965 - SUAS - DEBUG - [SUAS_main.main:681] - Waiting for mode change to: AUTO
2025-06-19 21:55:08,466 - SUAS - DEBUG - [SUAS_main.main:681] - Waiting for mode change to: AUTO
2025-06-19 21:55:08,968 - SUAS - DEBUG - [SUAS_main.main:681] - Waiting for mode change to: AUTO
2025-06-19 21:55:09,469 - SUAS - DEBUG - [SUAS_main.main:681] - Waiting for mode change to: AUTO
2025-06-19 21:55:09,971 - SUAS - DEBUG - [SUAS_main.main:681] - Waiting for mode change to: AUTO
2025-06-19 21:55:10,472 - SUAS - DEBUG - [SUAS_main.main:681] - Waiting for mode change to: AUTO
2025-06-19 21:55:10,973 - SUAS - DEBUG - [SUAS_main.main:681] - Waiting for mode change to: AUTO
2025-06-19 21:55:11,475 - SUAS - DEBUG - [SUAS_main.main:681] - Waiting for mode change to: AUTO
2025-06-19 21:55:11,976 - SUAS - DEBUG - [SUAS_main.main:681] - Waiting for mode change to: AUTO
2025-06-19 21:55:12,477 - SUAS - DEBUG - [SUAS_main.main:681] - Waiting for mode change to: AUTO
2025-06-19 21:55:12,979 - SUAS - DEBUG - [SUAS_main.main:681] - Waiting for mode change to: AUTO
2025-06-19 21:55:13,480 - SUAS - DEBUG - [SUAS_main.main:681] - Waiting for mode change to: AUTO
2025-06-19 21:55:13,981 - SUAS - DEBUG - [SUAS_main.main:681] - Waiting for mode change to: AUTO
2025-06-19 21:55:14,483 - SUAS - DEBUG - [SUAS_main.main:681] - Waiting for mode change to: AUTO
2025-06-19 21:55:14,984 - SUAS - DEBUG - [SUAS_main.main:681] - Waiting for mode change to: AUTO
2025-06-19 21:55:15,485 - SUAS - DEBUG - [SUAS_main.main:681] - Waiting for mode change to: AUTO
2025-06-19 21:55:15,987 - SUAS - DEBUG - [SUAS_main.main:681] - Waiting for mode change to: AUTO
2025-06-19 21:55:16,488 - SUAS - DEBUG - [SUAS_main.main:681] - Waiting for mode change to: AUTO
2025-06-19 21:55:16,989 - SUAS - DEBUG - [SUAS_main.main:681] - Waiting for mode change to: AUTO
2025-06-19 21:55:17,491 - SUAS - DEBUG - [SUAS_main.main:681] - Waiting for mode change to: AUTO
2025-06-19 21:55:17,992 - SUAS - DEBUG - [SUAS_main.main:681] - Waiting for mode change to: AUTO
