2025-06-20 23:31:12,025 - SUAS - DEBUG - [SUAS_main.__init__:204] - (38.8510257, -76.7003079, 2.631)
2025-06-20 23:31:12,026 - SUAS - DEBUG - [SUAS_main.__init__:210] - Opening camera with pipeline:
nvarguscamerasrc sensor-id=0 aelock=false awblock=True wbmode=6 exposurecompensation=-1.7 ! video/x-raw(memory:NVMM), width=(int)4032, height=(int)3040, framerate=(fraction)19/1 ! nvvidconv flip-method=0 ! video/x-raw, format=(string)BGRx ! videoconvert ! video/x-raw, format=(string)BGR ! appsink
2025-06-20 23:31:16,830 - SUAS - DEBUG - [SUAS_main.take_photo_opencv:365] - Saved photo to init_test_photo/image_1.jpg
2025-06-20 23:31:17,832 - SUAS - DEBUG - [SUAS_main.__init__:102] - Initial flight mode: ALT_HOLD
2025-06-20 23:31:18,296 - SUAS - DEBUG - [SUAS_main.main:628] - Download Waypoints - Completed
2025-06-20 23:31:18,298 - SUAS - DEBUG - [SUAS_main.main:631] - WP SET TO 2
2025-06-20 23:31:19,301 - SUAS - DEBUG - [SUAS_main.main:643] - ------------------------------8---------------------------
2025-06-20 23:31:19,303 - SUAS - DEBUG - [SUAS_main.main:652] - ------------------------------------------------------------------------
2025-06-20 23:31:19,304 - SUAS - DEBUG - [SUAS_main.main:653] - No DOJUMP
2025-06-20 23:31:19,305 - SUAS - DEBUG - [SUAS_main.main:654] - ------------------------------------------------------------------------
2025-06-20 23:31:19,508 - SUAS - DEBUG - [SUAS_main.main:663] - Download Changed Waypoints - Completed
2025-06-20 23:31:19,509 - SUAS - DEBUG - [SUAS_main.main:670] - ------------------------------9 - updated---------------------------
2025-06-20 23:31:19,510 - SUAS - DEBUG - [SUAS_main.main:677] - Waiting for mode change to: AUTO
2025-06-20 23:31:20,011 - SUAS - DEBUG - [SUAS_main.main:677] - Waiting for mode change to: AUTO
2025-06-20 23:31:20,513 - SUAS - DEBUG - [SUAS_main.main:677] - Waiting for mode change to: AUTO
2025-06-20 23:31:21,015 - SUAS - DEBUG - [SUAS_main.main:677] - Waiting for mode change to: AUTO
2025-06-20 23:31:21,516 - SUAS - DEBUG - [SUAS_main.main:677] - Waiting for mode change to: AUTO
2025-06-20 23:31:22,018 - SUAS - DEBUG - [SUAS_main.main:677] - Waiting for mode change to: AUTO
2025-06-20 23:31:22,519 - SUAS - DEBUG - [SUAS_main.main:677] - Waiting for mode change to: AUTO
2025-06-20 23:31:23,021 - SUAS - DEBUG - [SUAS_main.main:677] - Waiting for mode change to: AUTO
2025-06-20 23:31:23,523 - SUAS - DEBUG - [SUAS_main.main:677] - Waiting for mode change to: AUTO
2025-06-20 23:31:24,025 - SUAS - DEBUG - [SUAS_main.main:677] - Waiting for mode change to: AUTO
2025-06-20 23:31:24,526 - SUAS - DEBUG - [SUAS_main.main:677] - Waiting for mode change to: AUTO
2025-06-20 23:31:25,028 - SUAS - DEBUG - [SUAS_main.main:677] - Waiting for mode change to: AUTO
2025-06-20 23:31:25,531 - SUAS - DEBUG - [SUAS_main.main:677] - Waiting for mode change to: AUTO
2025-06-20 23:31:26,032 - SUAS - DEBUG - [SUAS_main.main:677] - Waiting for mode change to: AUTO
2025-06-20 23:31:26,534 - SUAS - DEBUG - [SUAS_main.main:677] - Waiting for mode change to: AUTO
2025-06-20 23:31:27,035 - SUAS - DEBUG - [SUAS_main.main:677] - Waiting for mode change to: AUTO
2025-06-20 23:31:27,537 - SUAS - DEBUG - [SUAS_main.main:677] - Waiting for mode change to: AUTO
2025-06-20 23:31:28,039 - SUAS - DEBUG - [SUAS_main.main:677] - Waiting for mode change to: AUTO
