2025-06-22 00:37:04,731 - SUAS - DEBUG - [SUAS_main.__init__:204] - (38.8510167, -76.7002923, -0.49)
2025-06-22 00:37:04,732 - SUAS - DEBUG - [SUAS_main.__init__:210] - Opening camera with pipeline:
nvarguscamerasrc sensor-id=0 aelock=false awblock=True wbmode=6 exposurecompensation=-1.7 ! video/x-raw(memory:NVMM), width=(int)4032, height=(int)3040, framerate=(fraction)19/1 ! nvvidconv flip-method=0 ! video/x-raw, format=(string)BGRx ! videoconvert ! video/x-raw, format=(string)BGR ! appsink
2025-06-22 00:37:08,020 - SUAS - DEBUG - [SUAS_main.take_photo_opencv:431] - Saved photo to init_test_photo/image_1.jpg
2025-06-22 00:37:09,022 - SUAS - DEBUG - [SUAS_main.__init__:102] - Initial flight mode: ALT_HOLD
2025-06-22 00:37:09,789 - SUAS - DEBUG - [SUAS_main.main:695] - Download Waypoints - Completed
2025-06-22 00:37:09,791 - SUAS - DEBUG - [SUAS_main.main:698] - WP SET TO 2
2025-06-22 00:37:10,142 - SUAS - DEBUG - [SUAS_main._rc_listener_thread:318] - WPNAV_SPEED updated from None to 600
2025-06-22 00:37:10,793 - SUAS - DEBUG - [SUAS_main.main:710] - ------------------------------7---------------------------
2025-06-22 00:37:10,794 - SUAS - DEBUG - [SUAS_main.main:719] - ------------------------------------------------------------------------
2025-06-22 00:37:10,794 - SUAS - DEBUG - [SUAS_main.main:720] - No DOJUMP
2025-06-22 00:37:10,795 - SUAS - DEBUG - [SUAS_main.main:721] - ------------------------------------------------------------------------
2025-06-22 00:37:10,999 - SUAS - DEBUG - [SUAS_main.main:730] - Download Changed Waypoints - Completed
2025-06-22 00:37:11,000 - SUAS - DEBUG - [SUAS_main.main:737] - ------------------------------8 - updated---------------------------
2025-06-22 00:37:11,001 - SUAS - DEBUG - [SUAS_main.main:744] - Waiting for mode change to: AUTO
2025-06-22 00:37:11,502 - SUAS - DEBUG - [SUAS_main.main:744] - Waiting for mode change to: AUTO
2025-06-22 00:37:12,003 - SUAS - DEBUG - [SUAS_main.main:744] - Waiting for mode change to: AUTO
2025-06-22 00:37:12,505 - SUAS - DEBUG - [SUAS_main.main:744] - Waiting for mode change to: AUTO
2025-06-22 00:37:13,007 - SUAS - DEBUG - [SUAS_main.main:744] - Waiting for mode change to: AUTO
2025-06-22 00:37:13,508 - SUAS - DEBUG - [SUAS_main.main:744] - Waiting for mode change to: AUTO
2025-06-22 00:37:14,010 - SUAS - DEBUG - [SUAS_main.main:744] - Waiting for mode change to: AUTO
2025-06-22 00:37:14,445 - SUAS - DEBUG - [SUAS_main._rc_listener_thread:291] - Failed to receive RC message: Attempting to use a port that is not open
Traceback (most recent call last):
  File "/home/itunom/System/SUAS_main.py", line 285, in _rc_listener_thread
    msg = self.mavlink_handler.master._master.recv_match(
  File "/home/itunom/.local/lib/python3.10/site-packages/pymavlink/mavutil.py", line 513, in recv_match
    m = self.recv_msg()
  File "/home/itunom/.local/lib/python3.10/site-packages/pymavlink/mavutil.py", line 476, in recv_msg
    s = self.recv(n)
  File "/home/itunom/.local/lib/python3.10/site-packages/pymavlink/mavutil.py", line 1003, in recv
    ret = self.port.read(n)
  File "/home/itunom/.local/lib/python3.10/site-packages/serial/serialposix.py", line 560, in read
    raise PortNotOpenError()
serial.serialutil.PortNotOpenError: Attempting to use a port that is not open
2025-06-22 00:37:14,512 - SUAS - DEBUG - [SUAS_main.main:744] - Waiting for mode change to: AUTO
2025-06-22 00:37:15,013 - SUAS - DEBUG - [SUAS_main.main:744] - Waiting for mode change to: AUTO
2025-06-22 00:37:15,449 - SUAS - DEBUG - [SUAS_main._rc_listener_thread:291] - Failed to receive RC message: Attempting to use a port that is not open
Traceback (most recent call last):
  File "/home/itunom/System/SUAS_main.py", line 285, in _rc_listener_thread
    msg = self.mavlink_handler.master._master.recv_match(
  File "/home/itunom/.local/lib/python3.10/site-packages/pymavlink/mavutil.py", line 513, in recv_match
    m = self.recv_msg()
  File "/home/itunom/.local/lib/python3.10/site-packages/pymavlink/mavutil.py", line 476, in recv_msg
    s = self.recv(n)
  File "/home/itunom/.local/lib/python3.10/site-packages/pymavlink/mavutil.py", line 1003, in recv
    ret = self.port.read(n)
  File "/home/itunom/.local/lib/python3.10/site-packages/serial/serialposix.py", line 560, in read
    raise PortNotOpenError()
serial.serialutil.PortNotOpenError: Attempting to use a port that is not open
2025-06-22 00:37:15,515 - SUAS - DEBUG - [SUAS_main.main:744] - Waiting for mode change to: AUTO
2025-06-22 00:37:16,016 - SUAS - DEBUG - [SUAS_main.main:744] - Waiting for mode change to: AUTO
2025-06-22 00:37:16,451 - SUAS - DEBUG - [SUAS_main._rc_listener_thread:291] - Failed to receive RC message: Attempting to use a port that is not open
Traceback (most recent call last):
  File "/home/itunom/System/SUAS_main.py", line 285, in _rc_listener_thread
    msg = self.mavlink_handler.master._master.recv_match(
  File "/home/itunom/.local/lib/python3.10/site-packages/pymavlink/mavutil.py", line 513, in recv_match
    m = self.recv_msg()
  File "/home/itunom/.local/lib/python3.10/site-packages/pymavlink/mavutil.py", line 476, in recv_msg
    s = self.recv(n)
  File "/home/itunom/.local/lib/python3.10/site-packages/pymavlink/mavutil.py", line 1003, in recv
    ret = self.port.read(n)
  File "/home/itunom/.local/lib/python3.10/site-packages/serial/serialposix.py", line 560, in read
    raise PortNotOpenError()
serial.serialutil.PortNotOpenError: Attempting to use a port that is not open
2025-06-22 00:37:16,518 - SUAS - DEBUG - [SUAS_main.main:744] - Waiting for mode change to: AUTO
2025-06-22 00:37:17,019 - SUAS - DEBUG - [SUAS_main.main:744] - Waiting for mode change to: AUTO
2025-06-22 00:37:17,453 - SUAS - DEBUG - [SUAS_main._rc_listener_thread:291] - Failed to receive RC message: Attempting to use a port that is not open
Traceback (most recent call last):
  File "/home/itunom/System/SUAS_main.py", line 285, in _rc_listener_thread
    msg = self.mavlink_handler.master._master.recv_match(
  File "/home/itunom/.local/lib/python3.10/site-packages/pymavlink/mavutil.py", line 513, in recv_match
    m = self.recv_msg()
  File "/home/itunom/.local/lib/python3.10/site-packages/pymavlink/mavutil.py", line 476, in recv_msg
    s = self.recv(n)
  File "/home/itunom/.local/lib/python3.10/site-packages/pymavlink/mavutil.py", line 1003, in recv
    ret = self.port.read(n)
  File "/home/itunom/.local/lib/python3.10/site-packages/serial/serialposix.py", line 560, in read
    raise PortNotOpenError()
serial.serialutil.PortNotOpenError: Attempting to use a port that is not open
2025-06-22 00:37:17,521 - SUAS - DEBUG - [SUAS_main.main:744] - Waiting for mode change to: AUTO
2025-06-22 00:37:18,022 - SUAS - DEBUG - [SUAS_main.main:744] - Waiting for mode change to: AUTO
2025-06-22 00:37:18,454 - SUAS - DEBUG - [SUAS_main._rc_listener_thread:291] - Failed to receive RC message: Attempting to use a port that is not open
Traceback (most recent call last):
  File "/home/itunom/System/SUAS_main.py", line 285, in _rc_listener_thread
    msg = self.mavlink_handler.master._master.recv_match(
  File "/home/itunom/.local/lib/python3.10/site-packages/pymavlink/mavutil.py", line 513, in recv_match
    m = self.recv_msg()
  File "/home/itunom/.local/lib/python3.10/site-packages/pymavlink/mavutil.py", line 476, in recv_msg
    s = self.recv(n)
  File "/home/itunom/.local/lib/python3.10/site-packages/pymavlink/mavutil.py", line 1003, in recv
    ret = self.port.read(n)
  File "/home/itunom/.local/lib/python3.10/site-packages/serial/serialposix.py", line 560, in read
    raise PortNotOpenError()
serial.serialutil.PortNotOpenError: Attempting to use a port that is not open
2025-06-22 00:37:18,524 - SUAS - DEBUG - [SUAS_main.main:744] - Waiting for mode change to: AUTO
2025-06-22 00:37:19,025 - SUAS - DEBUG - [SUAS_main.main:744] - Waiting for mode change to: AUTO
2025-06-22 00:37:19,456 - SUAS - DEBUG - [SUAS_main._rc_listener_thread:291] - Failed to receive RC message: Attempting to use a port that is not open
Traceback (most recent call last):
  File "/home/itunom/System/SUAS_main.py", line 285, in _rc_listener_thread
    msg = self.mavlink_handler.master._master.recv_match(
  File "/home/itunom/.local/lib/python3.10/site-packages/pymavlink/mavutil.py", line 513, in recv_match
    m = self.recv_msg()
  File "/home/itunom/.local/lib/python3.10/site-packages/pymavlink/mavutil.py", line 476, in recv_msg
    s = self.recv(n)
  File "/home/itunom/.local/lib/python3.10/site-packages/pymavlink/mavutil.py", line 1003, in recv
    ret = self.port.read(n)
  File "/home/itunom/.local/lib/python3.10/site-packages/serial/serialposix.py", line 560, in read
    raise PortNotOpenError()
serial.serialutil.PortNotOpenError: Attempting to use a port that is not open
2025-06-22 00:37:19,526 - SUAS - DEBUG - [SUAS_main.main:744] - Waiting for mode change to: AUTO
2025-06-22 00:37:20,028 - SUAS - DEBUG - [SUAS_main.main:744] - Waiting for mode change to: AUTO
2025-06-22 00:37:20,457 - SUAS - DEBUG - [SUAS_main._rc_listener_thread:291] - Failed to receive RC message: Attempting to use a port that is not open
Traceback (most recent call last):
  File "/home/itunom/System/SUAS_main.py", line 285, in _rc_listener_thread
    msg = self.mavlink_handler.master._master.recv_match(
  File "/home/itunom/.local/lib/python3.10/site-packages/pymavlink/mavutil.py", line 513, in recv_match
    m = self.recv_msg()
  File "/home/itunom/.local/lib/python3.10/site-packages/pymavlink/mavutil.py", line 476, in recv_msg
    s = self.recv(n)
  File "/home/itunom/.local/lib/python3.10/site-packages/pymavlink/mavutil.py", line 1003, in recv
    ret = self.port.read(n)
  File "/home/itunom/.local/lib/python3.10/site-packages/serial/serialposix.py", line 560, in read
    raise PortNotOpenError()
serial.serialutil.PortNotOpenError: Attempting to use a port that is not open
2025-06-22 00:37:20,529 - SUAS - DEBUG - [SUAS_main.main:744] - Waiting for mode change to: AUTO
2025-06-22 00:37:21,031 - SUAS - DEBUG - [SUAS_main.main:744] - Waiting for mode change to: AUTO
2025-06-22 00:37:21,459 - SUAS - DEBUG - [SUAS_main._rc_listener_thread:291] - Failed to receive RC message: Attempting to use a port that is not open
Traceback (most recent call last):
  File "/home/itunom/System/SUAS_main.py", line 285, in _rc_listener_thread
    msg = self.mavlink_handler.master._master.recv_match(
  File "/home/itunom/.local/lib/python3.10/site-packages/pymavlink/mavutil.py", line 513, in recv_match
    m = self.recv_msg()
  File "/home/itunom/.local/lib/python3.10/site-packages/pymavlink/mavutil.py", line 476, in recv_msg
    s = self.recv(n)
  File "/home/itunom/.local/lib/python3.10/site-packages/pymavlink/mavutil.py", line 1003, in recv
    ret = self.port.read(n)
  File "/home/itunom/.local/lib/python3.10/site-packages/serial/serialposix.py", line 560, in read
    raise PortNotOpenError()
serial.serialutil.PortNotOpenError: Attempting to use a port that is not open
2025-06-22 00:37:21,532 - SUAS - DEBUG - [SUAS_main.main:744] - Waiting for mode change to: AUTO
2025-06-22 00:37:22,034 - SUAS - DEBUG - [SUAS_main.main:744] - Waiting for mode change to: AUTO
2025-06-22 00:37:22,460 - SUAS - DEBUG - [SUAS_main._rc_listener_thread:291] - Failed to receive RC message: Attempting to use a port that is not open
Traceback (most recent call last):
  File "/home/itunom/System/SUAS_main.py", line 285, in _rc_listener_thread
    msg = self.mavlink_handler.master._master.recv_match(
  File "/home/itunom/.local/lib/python3.10/site-packages/pymavlink/mavutil.py", line 513, in recv_match
    m = self.recv_msg()
  File "/home/itunom/.local/lib/python3.10/site-packages/pymavlink/mavutil.py", line 476, in recv_msg
    s = self.recv(n)
  File "/home/itunom/.local/lib/python3.10/site-packages/pymavlink/mavutil.py", line 1003, in recv
    ret = self.port.read(n)
  File "/home/itunom/.local/lib/python3.10/site-packages/serial/serialposix.py", line 560, in read
    raise PortNotOpenError()
serial.serialutil.PortNotOpenError: Attempting to use a port that is not open
2025-06-22 00:37:22,536 - SUAS - DEBUG - [SUAS_main.main:744] - Waiting for mode change to: AUTO
2025-06-22 00:37:23,037 - SUAS - DEBUG - [SUAS_main.main:744] - Waiting for mode change to: AUTO
2025-06-22 00:37:23,461 - SUAS - DEBUG - [SUAS_main._rc_listener_thread:291] - Failed to receive RC message: Attempting to use a port that is not open
Traceback (most recent call last):
  File "/home/itunom/System/SUAS_main.py", line 285, in _rc_listener_thread
    msg = self.mavlink_handler.master._master.recv_match(
  File "/home/itunom/.local/lib/python3.10/site-packages/pymavlink/mavutil.py", line 513, in recv_match
    m = self.recv_msg()
  File "/home/itunom/.local/lib/python3.10/site-packages/pymavlink/mavutil.py", line 476, in recv_msg
    s = self.recv(n)
  File "/home/itunom/.local/lib/python3.10/site-packages/pymavlink/mavutil.py", line 1003, in recv
    ret = self.port.read(n)
  File "/home/itunom/.local/lib/python3.10/site-packages/serial/serialposix.py", line 560, in read
    raise PortNotOpenError()
serial.serialutil.PortNotOpenError: Attempting to use a port that is not open
2025-06-22 00:37:23,539 - SUAS - DEBUG - [SUAS_main.main:744] - Waiting for mode change to: AUTO
2025-06-22 00:37:24,041 - SUAS - DEBUG - [SUAS_main.main:744] - Waiting for mode change to: AUTO
2025-06-22 00:37:24,463 - SUAS - DEBUG - [SUAS_main._rc_listener_thread:291] - Failed to receive RC message: Attempting to use a port that is not open
Traceback (most recent call last):
  File "/home/itunom/System/SUAS_main.py", line 285, in _rc_listener_thread
    msg = self.mavlink_handler.master._master.recv_match(
  File "/home/itunom/.local/lib/python3.10/site-packages/pymavlink/mavutil.py", line 513, in recv_match
    m = self.recv_msg()
  File "/home/itunom/.local/lib/python3.10/site-packages/pymavlink/mavutil.py", line 476, in recv_msg
    s = self.recv(n)
  File "/home/itunom/.local/lib/python3.10/site-packages/pymavlink/mavutil.py", line 1003, in recv
    ret = self.port.read(n)
  File "/home/itunom/.local/lib/python3.10/site-packages/serial/serialposix.py", line 560, in read
    raise PortNotOpenError()
serial.serialutil.PortNotOpenError: Attempting to use a port that is not open
2025-06-22 00:37:24,542 - SUAS - DEBUG - [SUAS_main.main:744] - Waiting for mode change to: AUTO
2025-06-22 00:37:25,043 - SUAS - DEBUG - [SUAS_main.main:744] - Waiting for mode change to: AUTO
2025-06-22 00:37:25,465 - SUAS - DEBUG - [SUAS_main._rc_listener_thread:291] - Failed to receive RC message: Attempting to use a port that is not open
Traceback (most recent call last):
  File "/home/itunom/System/SUAS_main.py", line 285, in _rc_listener_thread
    msg = self.mavlink_handler.master._master.recv_match(
  File "/home/itunom/.local/lib/python3.10/site-packages/pymavlink/mavutil.py", line 513, in recv_match
    m = self.recv_msg()
  File "/home/itunom/.local/lib/python3.10/site-packages/pymavlink/mavutil.py", line 476, in recv_msg
    s = self.recv(n)
  File "/home/itunom/.local/lib/python3.10/site-packages/pymavlink/mavutil.py", line 1003, in recv
    ret = self.port.read(n)
  File "/home/itunom/.local/lib/python3.10/site-packages/serial/serialposix.py", line 560, in read
    raise PortNotOpenError()
serial.serialutil.PortNotOpenError: Attempting to use a port that is not open
2025-06-22 00:37:25,545 - SUAS - DEBUG - [SUAS_main.main:744] - Waiting for mode change to: AUTO
2025-06-22 00:37:26,046 - SUAS - DEBUG - [SUAS_main.main:744] - Waiting for mode change to: AUTO
2025-06-22 00:37:26,467 - SUAS - DEBUG - [SUAS_main._rc_listener_thread:291] - Failed to receive RC message: Attempting to use a port that is not open
Traceback (most recent call last):
  File "/home/itunom/System/SUAS_main.py", line 285, in _rc_listener_thread
    msg = self.mavlink_handler.master._master.recv_match(
  File "/home/itunom/.local/lib/python3.10/site-packages/pymavlink/mavutil.py", line 513, in recv_match
    m = self.recv_msg()
  File "/home/itunom/.local/lib/python3.10/site-packages/pymavlink/mavutil.py", line 476, in recv_msg
    s = self.recv(n)
  File "/home/itunom/.local/lib/python3.10/site-packages/pymavlink/mavutil.py", line 1003, in recv
    ret = self.port.read(n)
  File "/home/itunom/.local/lib/python3.10/site-packages/serial/serialposix.py", line 560, in read
    raise PortNotOpenError()
serial.serialutil.PortNotOpenError: Attempting to use a port that is not open
