2025-06-22 00:44:24,691 - SUAS - DEBUG - [SUAS_main.__init__:204] - (38.8510336, -76.7003225, -1.497)
2025-06-22 00:44:24,692 - SUAS - DEBUG - [SUAS_main.__init__:210] - Opening camera with pipeline:
nvarguscamerasrc sensor-id=0 aelock=false awblock=True wbmode=6 exposurecompensation=-1.7 ! video/x-raw(memory:NVMM), width=(int)4032, height=(int)3040, framerate=(fraction)19/1 ! nvvidconv flip-method=0 ! video/x-raw, format=(string)BGRx ! videoconvert ! video/x-raw, format=(string)BGR ! appsink
2025-06-22 00:44:27,929 - SUAS - DEBUG - [SUAS_main.take_photo_opencv:426] - Saved photo to init_test_photo/image_1.jpg
2025-06-22 00:44:28,932 - SUAS - DEBUG - [SUAS_main.__init__:102] - Initial flight mode: ALT_HOLD
2025-06-22 00:44:29,402 - SUAS - DEBUG - [SUAS_main.main:690] - Download Waypoints - Completed
2025-06-22 00:44:29,404 - SUAS - DEBUG - [SUAS_main.main:693] - WP SET TO 2
2025-06-22 00:44:29,933 - SUAS - DEBUG - [SUAS_main._rc_listener_thread:288] - Failed to receive RC message: 'MAVLinkHandlerDronekit' object has no attribute 'vehicle'
Traceback (most recent call last):
  File "/home/itunom/System/SUAS_main.py", line 285, in _rc_listener_thread
    ch9 = self.mavlink_handler.vehicle.channels['9']
AttributeError: 'MAVLinkHandlerDronekit' object has no attribute 'vehicle'
2025-06-22 00:44:30,405 - SUAS - DEBUG - [SUAS_main.main:705] - ------------------------------8---------------------------
2025-06-22 00:44:30,406 - SUAS - DEBUG - [SUAS_main.main:714] - ------------------------------------------------------------------------
2025-06-22 00:44:30,407 - SUAS - DEBUG - [SUAS_main.main:715] - No DOJUMP
2025-06-22 00:44:30,408 - SUAS - DEBUG - [SUAS_main.main:716] - ------------------------------------------------------------------------
2025-06-22 00:44:30,611 - SUAS - DEBUG - [SUAS_main.main:725] - Download Changed Waypoints - Completed
2025-06-22 00:44:30,612 - SUAS - DEBUG - [SUAS_main.main:732] - ------------------------------9 - updated---------------------------
2025-06-22 00:44:30,613 - SUAS - DEBUG - [SUAS_main.main:739] - Waiting for mode change to: AUTO
2025-06-22 00:44:30,937 - SUAS - DEBUG - [SUAS_main._rc_listener_thread:288] - Failed to receive RC message: 'MAVLinkHandlerDronekit' object has no attribute 'vehicle'
Traceback (most recent call last):
  File "/home/itunom/System/SUAS_main.py", line 285, in _rc_listener_thread
    ch9 = self.mavlink_handler.vehicle.channels['9']
AttributeError: 'MAVLinkHandlerDronekit' object has no attribute 'vehicle'
2025-06-22 00:44:31,115 - SUAS - DEBUG - [SUAS_main.main:739] - Waiting for mode change to: AUTO
2025-06-22 00:44:31,616 - SUAS - DEBUG - [SUAS_main.main:739] - Waiting for mode change to: AUTO
2025-06-22 00:44:31,938 - SUAS - DEBUG - [SUAS_main._rc_listener_thread:288] - Failed to receive RC message: 'MAVLinkHandlerDronekit' object has no attribute 'vehicle'
Traceback (most recent call last):
  File "/home/itunom/System/SUAS_main.py", line 285, in _rc_listener_thread
    ch9 = self.mavlink_handler.vehicle.channels['9']
AttributeError: 'MAVLinkHandlerDronekit' object has no attribute 'vehicle'
2025-06-22 00:44:32,119 - SUAS - DEBUG - [SUAS_main.main:739] - Waiting for mode change to: AUTO
2025-06-22 00:44:32,621 - SUAS - DEBUG - [SUAS_main.main:739] - Waiting for mode change to: AUTO
2025-06-22 00:44:32,940 - SUAS - DEBUG - [SUAS_main._rc_listener_thread:288] - Failed to receive RC message: 'MAVLinkHandlerDronekit' object has no attribute 'vehicle'
Traceback (most recent call last):
  File "/home/itunom/System/SUAS_main.py", line 285, in _rc_listener_thread
    ch9 = self.mavlink_handler.vehicle.channels['9']
AttributeError: 'MAVLinkHandlerDronekit' object has no attribute 'vehicle'
2025-06-22 00:44:33,123 - SUAS - DEBUG - [SUAS_main.main:739] - Waiting for mode change to: AUTO
