2025-06-26 14:33:07,239 - SUAS - DEBUG - [SUAS_main.__init__:205] - (38.3140785, -76.5490895, -0.542)
2025-06-26 14:33:07,240 - SUAS - DEBUG - [SUAS_main.__init__:211] - Opening camera with pipeline:
nvarguscamerasrc sensor-id=0 aelock=false awblock=True wbmode=6 exposurecompensation=-1.6 ! video/x-raw(memory:NVMM), width=(int)4032, height=(int)3040, framerate=(fraction)19/1 ! nvvidconv flip-method=0 ! video/x-raw, format=(string)BGRx ! videoconvert ! video/x-raw, format=(string)BGR ! appsink
2025-06-26 14:33:10,402 - SUAS - DEBUG - [SUAS_main.take_photo_opencv:433] - Saved photo to init_test_photo/image_1.jpg
2025-06-26 14:33:11,404 - SUAS - DEBUG - [SUAS_main.__init__:102] - Initial flight mode: STABILIZE
2025-06-26 14:33:12,404 - SUAS - DEBUG - [SUAS_main._rc_listener_thread:323] - WPNAV_SPEED changed: None → 600
2025-06-26 14:33:12,850 - SUAS - DEBUG - [SUAS_main.main:710] - Download Waypoints - Completed
2025-06-26 14:33:12,851 - SUAS - DEBUG - [SUAS_main.main:713] - WP SET TO 2
2025-06-26 14:33:13,853 - SUAS - DEBUG - [SUAS_main.main:718] - waypoint required 
2025-06-26 14:33:13,904 - SUAS - DEBUG - [SUAS_main.main:718] - waypoint required 
2025-06-26 14:33:13,955 - SUAS - DEBUG - [SUAS_main.main:718] - waypoint required 
2025-06-26 14:33:14,007 - SUAS - DEBUG - [SUAS_main.main:718] - waypoint required 
2025-06-26 14:33:14,058 - SUAS - DEBUG - [SUAS_main.main:718] - waypoint required 
2025-06-26 14:33:14,109 - SUAS - DEBUG - [SUAS_main.main:718] - waypoint required 
2025-06-26 14:33:14,160 - SUAS - DEBUG - [SUAS_main.main:718] - waypoint required 
2025-06-26 14:33:14,211 - SUAS - DEBUG - [SUAS_main.main:718] - waypoint required 
2025-06-26 14:33:14,262 - SUAS - DEBUG - [SUAS_main.main:718] - waypoint required 
2025-06-26 14:33:14,313 - SUAS - DEBUG - [SUAS_main.main:718] - waypoint required 
2025-06-26 14:33:14,364 - SUAS - DEBUG - [SUAS_main.main:718] - waypoint required 
2025-06-26 14:33:14,415 - SUAS - DEBUG - [SUAS_main.main:718] - waypoint required 
2025-06-26 14:33:14,467 - SUAS - DEBUG - [SUAS_main.main:718] - waypoint required 
2025-06-26 14:33:14,518 - SUAS - DEBUG - [SUAS_main.main:718] - waypoint required 
2025-06-26 14:33:14,569 - SUAS - DEBUG - [SUAS_main.main:718] - waypoint required 
2025-06-26 14:33:14,620 - SUAS - DEBUG - [SUAS_main.main:718] - waypoint required 
2025-06-26 14:33:14,671 - SUAS - DEBUG - [SUAS_main.main:718] - waypoint required 
2025-06-26 14:33:14,722 - SUAS - DEBUG - [SUAS_main.main:718] - waypoint required 
2025-06-26 14:33:14,774 - SUAS - DEBUG - [SUAS_main.main:718] - waypoint required 
2025-06-26 14:33:14,825 - SUAS - DEBUG - [SUAS_main.main:718] - waypoint required 
2025-06-26 14:33:14,876 - SUAS - DEBUG - [SUAS_main.main:718] - waypoint required 
2025-06-26 14:33:14,927 - SUAS - DEBUG - [SUAS_main.main:718] - waypoint required 
2025-06-26 14:33:14,979 - SUAS - DEBUG - [SUAS_main.main:718] - waypoint required 
2025-06-26 14:33:15,030 - SUAS - DEBUG - [SUAS_main.main:718] - waypoint required 
2025-06-26 14:33:15,081 - SUAS - DEBUG - [SUAS_main.main:718] - waypoint required 
2025-06-26 14:33:15,132 - SUAS - DEBUG - [SUAS_main.main:718] - waypoint required 
2025-06-26 14:33:15,183 - SUAS - DEBUG - [SUAS_main.main:718] - waypoint required 
2025-06-26 14:33:15,235 - SUAS - DEBUG - [SUAS_main.main:718] - waypoint required 
2025-06-26 14:33:15,286 - SUAS - DEBUG - [SUAS_main.main:718] - waypoint required 
2025-06-26 14:33:15,337 - SUAS - DEBUG - [SUAS_main.main:718] - waypoint required 
2025-06-26 14:33:15,388 - SUAS - DEBUG - [SUAS_main.main:718] - waypoint required 
2025-06-26 14:33:15,439 - SUAS - DEBUG - [SUAS_main.main:718] - waypoint required 
2025-06-26 14:33:15,490 - SUAS - DEBUG - [SUAS_main.main:718] - waypoint required 
2025-06-26 14:33:15,541 - SUAS - DEBUG - [SUAS_main.main:718] - waypoint required 
2025-06-26 14:33:15,592 - SUAS - DEBUG - [SUAS_main.main:718] - waypoint required 
2025-06-26 14:33:15,643 - SUAS - DEBUG - [SUAS_main.main:718] - waypoint required 
2025-06-26 14:33:15,695 - SUAS - DEBUG - [SUAS_main.main:718] - waypoint required 
2025-06-26 14:33:15,746 - SUAS - DEBUG - [SUAS_main.main:718] - waypoint required 
2025-06-26 14:33:15,797 - SUAS - DEBUG - [SUAS_main.main:718] - waypoint required 
2025-06-26 14:33:15,848 - SUAS - DEBUG - [SUAS_main.main:718] - waypoint required 
2025-06-26 14:33:15,899 - SUAS - DEBUG - [SUAS_main.main:718] - waypoint required 
2025-06-26 14:33:15,951 - SUAS - DEBUG - [SUAS_main.main:718] - waypoint required 
2025-06-26 14:33:16,002 - SUAS - DEBUG - [SUAS_main.main:718] - waypoint required 
2025-06-26 14:33:16,053 - SUAS - DEBUG - [SUAS_main.main:718] - waypoint required 
2025-06-26 14:33:16,104 - SUAS - DEBUG - [SUAS_main.main:718] - waypoint required 
2025-06-26 14:33:16,156 - SUAS - DEBUG - [SUAS_main.main:718] - waypoint required 
2025-06-26 14:33:16,207 - SUAS - DEBUG - [SUAS_main.main:718] - waypoint required 
2025-06-26 14:33:16,258 - SUAS - DEBUG - [SUAS_main.main:718] - waypoint required 
2025-06-26 14:33:16,309 - SUAS - DEBUG - [SUAS_main.main:718] - waypoint required 
2025-06-26 14:33:16,360 - SUAS - DEBUG - [SUAS_main.main:718] - waypoint required 
2025-06-26 14:33:16,411 - SUAS - DEBUG - [SUAS_main.main:718] - waypoint required 
2025-06-26 14:33:16,462 - SUAS - DEBUG - [SUAS_main.main:718] - waypoint required 
2025-06-26 14:33:16,513 - SUAS - DEBUG - [SUAS_main.main:718] - waypoint required 
2025-06-26 14:33:16,564 - SUAS - DEBUG - [SUAS_main.main:718] - waypoint required 
2025-06-26 14:33:16,615 - SUAS - DEBUG - [SUAS_main.main:718] - waypoint required 
2025-06-26 14:33:16,666 - SUAS - DEBUG - [SUAS_main.main:718] - waypoint required 
2025-06-26 14:33:16,717 - SUAS - DEBUG - [SUAS_main.main:718] - waypoint required 
2025-06-26 14:33:16,768 - SUAS - DEBUG - [SUAS_main.main:718] - waypoint required 
2025-06-26 14:33:16,819 - SUAS - DEBUG - [SUAS_main.main:718] - waypoint required 
2025-06-26 14:33:16,870 - SUAS - DEBUG - [SUAS_main.main:718] - waypoint required 
2025-06-26 14:33:16,921 - SUAS - DEBUG - [SUAS_main.main:718] - waypoint required 
2025-06-26 14:33:16,972 - SUAS - DEBUG - [SUAS_main.main:718] - waypoint required 
2025-06-26 14:33:17,023 - SUAS - DEBUG - [SUAS_main.main:718] - waypoint required 
2025-06-26 14:33:17,074 - SUAS - DEBUG - [SUAS_main.main:718] - waypoint required 
2025-06-26 14:33:17,126 - SUAS - DEBUG - [SUAS_main.main:718] - waypoint required 
2025-06-26 14:33:17,177 - SUAS - DEBUG - [SUAS_main.main:718] - waypoint required 
2025-06-26 14:33:17,228 - SUAS - DEBUG - [SUAS_main.main:718] - waypoint required 
2025-06-26 14:33:17,279 - SUAS - DEBUG - [SUAS_main.main:718] - waypoint required 
2025-06-26 14:33:17,330 - SUAS - DEBUG - [SUAS_main.main:718] - waypoint required 
2025-06-26 14:33:17,381 - SUAS - DEBUG - [SUAS_main.main:718] - waypoint required 
2025-06-26 14:33:17,433 - SUAS - DEBUG - [SUAS_main.main:718] - waypoint required 
2025-06-26 14:33:17,484 - SUAS - DEBUG - [SUAS_main.main:718] - waypoint required 
2025-06-26 14:33:17,535 - SUAS - DEBUG - [SUAS_main.main:718] - waypoint required 
2025-06-26 14:33:17,586 - SUAS - DEBUG - [SUAS_main.main:718] - waypoint required 
2025-06-26 14:33:17,637 - SUAS - DEBUG - [SUAS_main.main:718] - waypoint required 
2025-06-26 14:33:17,688 - SUAS - DEBUG - [SUAS_main.main:718] - waypoint required 
2025-06-26 14:33:17,739 - SUAS - DEBUG - [SUAS_main.main:718] - waypoint required 
2025-06-26 14:33:17,790 - SUAS - DEBUG - [SUAS_main.main:718] - waypoint required 
2025-06-26 14:33:17,841 - SUAS - DEBUG - [SUAS_main.main:718] - waypoint required 
2025-06-26 14:33:17,892 - SUAS - DEBUG - [SUAS_main.main:718] - waypoint required 
2025-06-26 14:33:17,944 - SUAS - DEBUG - [SUAS_main.main:718] - waypoint required 
2025-06-26 14:33:17,996 - SUAS - DEBUG - [SUAS_main.main:718] - waypoint required 
2025-06-26 14:33:18,047 - SUAS - DEBUG - [SUAS_main.main:718] - waypoint required 
2025-06-26 14:33:18,099 - SUAS - DEBUG - [SUAS_main.main:718] - waypoint required 
2025-06-26 14:33:18,150 - SUAS - DEBUG - [SUAS_main.main:718] - waypoint required 
2025-06-26 14:33:18,201 - SUAS - DEBUG - [SUAS_main.main:718] - waypoint required 
2025-06-26 14:33:18,252 - SUAS - DEBUG - [SUAS_main.main:718] - waypoint required 
2025-06-26 14:33:18,304 - SUAS - DEBUG - [SUAS_main.main:718] - waypoint required 
2025-06-26 14:33:18,356 - SUAS - DEBUG - [SUAS_main.main:718] - waypoint required 
2025-06-26 14:33:18,407 - SUAS - DEBUG - [SUAS_main.main:718] - waypoint required 
2025-06-26 14:33:18,459 - SUAS - DEBUG - [SUAS_main.main:718] - waypoint required 
2025-06-26 14:33:18,510 - SUAS - DEBUG - [SUAS_main.main:718] - waypoint required 
2025-06-26 14:33:18,561 - SUAS - DEBUG - [SUAS_main.main:718] - waypoint required 
2025-06-26 14:33:18,612 - SUAS - DEBUG - [SUAS_main.main:718] - waypoint required 
2025-06-26 14:33:18,663 - SUAS - DEBUG - [SUAS_main.main:718] - waypoint required 
2025-06-26 14:33:18,715 - SUAS - DEBUG - [SUAS_main.main:718] - waypoint required 
2025-06-26 14:33:18,766 - SUAS - DEBUG - [SUAS_main.main:718] - waypoint required 
2025-06-26 14:33:18,818 - SUAS - DEBUG - [SUAS_main.main:718] - waypoint required 
2025-06-26 14:33:18,869 - SUAS - DEBUG - [SUAS_main.main:718] - waypoint required 
2025-06-26 14:33:18,920 - SUAS - DEBUG - [SUAS_main.main:718] - waypoint required 
2025-06-26 14:33:18,972 - SUAS - DEBUG - [SUAS_main.main:718] - waypoint required 
2025-06-26 14:33:19,027 - SUAS - DEBUG - [SUAS_main.main:718] - waypoint required 
2025-06-26 14:33:19,078 - SUAS - DEBUG - [SUAS_main.main:718] - waypoint required 
2025-06-26 14:33:19,130 - SUAS - DEBUG - [SUAS_main.main:718] - waypoint required 
2025-06-26 14:33:19,181 - SUAS - DEBUG - [SUAS_main.main:718] - waypoint required 
2025-06-26 14:33:19,232 - SUAS - DEBUG - [SUAS_main.main:718] - waypoint required 
2025-06-26 14:33:19,284 - SUAS - DEBUG - [SUAS_main.main:718] - waypoint required 
2025-06-26 14:33:19,336 - SUAS - DEBUG - [SUAS_main.main:718] - waypoint required 
2025-06-26 14:33:19,387 - SUAS - DEBUG - [SUAS_main.main:718] - waypoint required 
2025-06-26 14:33:19,438 - SUAS - DEBUG - [SUAS_main.main:718] - waypoint required 
2025-06-26 14:33:19,490 - SUAS - DEBUG - [SUAS_main.main:718] - waypoint required 
2025-06-26 14:33:19,541 - SUAS - DEBUG - [SUAS_main.main:718] - waypoint required 
2025-06-26 14:33:19,592 - SUAS - DEBUG - [SUAS_main.main:718] - waypoint required 
2025-06-26 14:33:19,643 - SUAS - DEBUG - [SUAS_main.main:718] - waypoint required 
2025-06-26 14:33:19,694 - SUAS - DEBUG - [SUAS_main.main:718] - waypoint required 
2025-06-26 14:33:19,745 - SUAS - DEBUG - [SUAS_main.main:718] - waypoint required 
2025-06-26 14:33:19,796 - SUAS - DEBUG - [SUAS_main.main:718] - waypoint required 
2025-06-26 14:33:19,847 - SUAS - DEBUG - [SUAS_main.main:718] - waypoint required 
2025-06-26 14:33:19,898 - SUAS - DEBUG - [SUAS_main.main:718] - waypoint required 
2025-06-26 14:33:19,949 - SUAS - DEBUG - [SUAS_main.main:718] - waypoint required 
2025-06-26 14:33:20,000 - SUAS - DEBUG - [SUAS_main.main:718] - waypoint required 
2025-06-26 14:33:20,051 - SUAS - DEBUG - [SUAS_main.main:718] - waypoint required 
2025-06-26 14:33:20,103 - SUAS - DEBUG - [SUAS_main.main:718] - waypoint required 
2025-06-26 14:33:20,154 - SUAS - DEBUG - [SUAS_main.main:718] - waypoint required 
2025-06-26 14:33:20,205 - SUAS - DEBUG - [SUAS_main.main:718] - waypoint required 
2025-06-26 14:33:20,257 - SUAS - DEBUG - [SUAS_main.main:718] - waypoint required 
2025-06-26 14:33:20,308 - SUAS - DEBUG - [SUAS_main.main:718] - waypoint required 
2025-06-26 14:33:20,359 - SUAS - DEBUG - [SUAS_main.main:718] - waypoint required 
2025-06-26 14:33:20,410 - SUAS - DEBUG - [SUAS_main.main:718] - waypoint required 
2025-06-26 14:33:20,461 - SUAS - DEBUG - [SUAS_main.main:718] - waypoint required 
2025-06-26 14:33:20,512 - SUAS - DEBUG - [SUAS_main.main:718] - waypoint required 
2025-06-26 14:33:20,563 - SUAS - DEBUG - [SUAS_main.main:718] - waypoint required 
2025-06-26 14:33:20,614 - SUAS - DEBUG - [SUAS_main.main:718] - waypoint required 
2025-06-26 14:33:20,665 - SUAS - DEBUG - [SUAS_main.main:718] - waypoint required 
2025-06-26 14:33:20,717 - SUAS - DEBUG - [SUAS_main.main:718] - waypoint required 
2025-06-26 14:33:20,768 - SUAS - DEBUG - [SUAS_main.main:718] - waypoint required 
2025-06-26 14:33:20,819 - SUAS - DEBUG - [SUAS_main.main:718] - waypoint required 
2025-06-26 14:33:20,870 - SUAS - DEBUG - [SUAS_main.main:718] - waypoint required 
2025-06-26 14:33:20,921 - SUAS - DEBUG - [SUAS_main.main:718] - waypoint required 
2025-06-26 14:33:20,972 - SUAS - DEBUG - [SUAS_main.main:718] - waypoint required 
2025-06-26 14:33:21,023 - SUAS - DEBUG - [SUAS_main.main:718] - waypoint required 
2025-06-26 14:33:21,074 - SUAS - DEBUG - [SUAS_main.main:718] - waypoint required 
2025-06-26 14:33:21,125 - SUAS - DEBUG - [SUAS_main.main:718] - waypoint required 
2025-06-26 14:33:21,176 - SUAS - DEBUG - [SUAS_main.main:718] - waypoint required 
2025-06-26 14:33:21,227 - SUAS - DEBUG - [SUAS_main.main:718] - waypoint required 
2025-06-26 14:33:21,279 - SUAS - DEBUG - [SUAS_main.main:718] - waypoint required 
2025-06-26 14:33:21,330 - SUAS - DEBUG - [SUAS_main.main:718] - waypoint required 
2025-06-26 14:33:21,381 - SUAS - DEBUG - [SUAS_main.main:718] - waypoint required 
2025-06-26 14:33:21,432 - SUAS - DEBUG - [SUAS_main.main:718] - waypoint required 
2025-06-26 14:33:21,483 - SUAS - DEBUG - [SUAS_main.main:718] - waypoint required 
2025-06-26 14:33:21,534 - SUAS - DEBUG - [SUAS_main.main:718] - waypoint required 
2025-06-26 14:33:21,585 - SUAS - DEBUG - [SUAS_main.main:718] - waypoint required 
2025-06-26 14:33:21,637 - SUAS - DEBUG - [SUAS_main.main:718] - waypoint required 
2025-06-26 14:33:21,688 - SUAS - DEBUG - [SUAS_main.main:718] - waypoint required 
2025-06-26 14:33:21,739 - SUAS - DEBUG - [SUAS_main.main:718] - waypoint required 
2025-06-26 14:33:21,790 - SUAS - DEBUG - [SUAS_main.main:718] - waypoint required 
2025-06-26 14:33:21,841 - SUAS - DEBUG - [SUAS_main.main:718] - waypoint required 
2025-06-26 14:33:21,892 - SUAS - DEBUG - [SUAS_main.main:718] - waypoint required 
2025-06-26 14:33:21,943 - SUAS - DEBUG - [SUAS_main.main:718] - waypoint required 
2025-06-26 14:33:21,994 - SUAS - DEBUG - [SUAS_main.main:718] - waypoint required 
2025-06-26 14:33:22,045 - SUAS - DEBUG - [SUAS_main.main:718] - waypoint required 
2025-06-26 14:33:22,096 - SUAS - DEBUG - [SUAS_main.main:718] - waypoint required 
2025-06-26 14:33:22,147 - SUAS - DEBUG - [SUAS_main.main:718] - waypoint required 
2025-06-26 14:33:22,198 - SUAS - DEBUG - [SUAS_main.main:718] - waypoint required 
2025-06-26 14:33:22,249 - SUAS - DEBUG - [SUAS_main.main:718] - waypoint required 
2025-06-26 14:33:22,301 - SUAS - DEBUG - [SUAS_main.main:718] - waypoint required 
2025-06-26 14:33:22,352 - SUAS - DEBUG - [SUAS_main.main:718] - waypoint required 
2025-06-26 14:33:22,403 - SUAS - DEBUG - [SUAS_main.main:718] - waypoint required 
2025-06-26 14:33:22,455 - SUAS - DEBUG - [SUAS_main.main:718] - waypoint required 
2025-06-26 14:33:22,506 - SUAS - DEBUG - [SUAS_main.main:718] - waypoint required 
2025-06-26 14:33:22,557 - SUAS - DEBUG - [SUAS_main.main:718] - waypoint required 
2025-06-26 14:33:22,608 - SUAS - DEBUG - [SUAS_main.main:718] - waypoint required 
2025-06-26 14:33:22,659 - SUAS - DEBUG - [SUAS_main.main:718] - waypoint required 
2025-06-26 14:33:22,710 - SUAS - DEBUG - [SUAS_main.main:718] - waypoint required 
2025-06-26 14:33:22,761 - SUAS - DEBUG - [SUAS_main.main:718] - waypoint required 
2025-06-26 14:33:22,812 - SUAS - DEBUG - [SUAS_main.main:718] - waypoint required 
2025-06-26 14:33:22,863 - SUAS - DEBUG - [SUAS_main.main:718] - waypoint required 
2025-06-26 14:33:22,914 - SUAS - DEBUG - [SUAS_main.main:718] - waypoint required 
2025-06-26 14:33:22,965 - SUAS - DEBUG - [SUAS_main.main:718] - waypoint required 
2025-06-26 14:33:23,017 - SUAS - DEBUG - [SUAS_main.main:718] - waypoint required 
2025-06-26 14:33:23,068 - SUAS - DEBUG - [SUAS_main.main:718] - waypoint required 
2025-06-26 14:33:23,119 - SUAS - DEBUG - [SUAS_main.main:718] - waypoint required 
2025-06-26 14:33:23,170 - SUAS - DEBUG - [SUAS_main.main:718] - waypoint required 
2025-06-26 14:33:23,221 - SUAS - DEBUG - [SUAS_main.main:718] - waypoint required 
2025-06-26 14:33:23,272 - SUAS - DEBUG - [SUAS_main.main:718] - waypoint required 
2025-06-26 14:33:23,323 - SUAS - DEBUG - [SUAS_main.main:718] - waypoint required 
2025-06-26 14:33:23,374 - SUAS - DEBUG - [SUAS_main.main:718] - waypoint required 
2025-06-26 14:33:23,425 - SUAS - DEBUG - [SUAS_main.main:718] - waypoint required 
2025-06-26 14:33:23,476 - SUAS - DEBUG - [SUAS_main.main:718] - waypoint required 
2025-06-26 14:33:23,527 - SUAS - DEBUG - [SUAS_main.main:718] - waypoint required 
2025-06-26 14:33:23,579 - SUAS - DEBUG - [SUAS_main.main:718] - waypoint required 
2025-06-26 14:33:23,630 - SUAS - DEBUG - [SUAS_main.main:718] - waypoint required 
2025-06-26 14:33:23,681 - SUAS - DEBUG - [SUAS_main.main:718] - waypoint required 
2025-06-26 14:33:23,732 - SUAS - DEBUG - [SUAS_main.main:718] - waypoint required 
2025-06-26 14:33:23,783 - SUAS - DEBUG - [SUAS_main.main:718] - waypoint required 
2025-06-26 14:33:23,834 - SUAS - DEBUG - [SUAS_main.main:718] - waypoint required 
2025-06-26 14:33:23,885 - SUAS - DEBUG - [SUAS_main.main:718] - waypoint required 
2025-06-26 14:33:23,937 - SUAS - DEBUG - [SUAS_main.main:718] - waypoint required 
2025-06-26 14:33:23,988 - SUAS - DEBUG - [SUAS_main.main:718] - waypoint required 
2025-06-26 14:33:24,039 - SUAS - DEBUG - [SUAS_main.main:718] - waypoint required 
2025-06-26 14:33:24,090 - SUAS - DEBUG - [SUAS_main.main:718] - waypoint required 
2025-06-26 14:33:24,141 - SUAS - DEBUG - [SUAS_main.main:718] - waypoint required 
2025-06-26 14:33:24,192 - SUAS - DEBUG - [SUAS_main.main:718] - waypoint required 
2025-06-26 14:33:24,243 - SUAS - DEBUG - [SUAS_main.main:718] - waypoint required 
2025-06-26 14:33:24,295 - SUAS - DEBUG - [SUAS_main.main:718] - waypoint required 
2025-06-26 14:33:24,346 - SUAS - DEBUG - [SUAS_main.main:718] - waypoint required 
2025-06-26 14:33:24,397 - SUAS - DEBUG - [SUAS_main.main:718] - waypoint required 
2025-06-26 14:33:24,448 - SUAS - DEBUG - [SUAS_main.main:718] - waypoint required 
2025-06-26 14:33:24,499 - SUAS - DEBUG - [SUAS_main.main:718] - waypoint required 
2025-06-26 14:33:24,550 - SUAS - DEBUG - [SUAS_main.main:718] - waypoint required 
2025-06-26 14:33:24,601 - SUAS - DEBUG - [SUAS_main.main:718] - waypoint required 
2025-06-26 14:33:24,652 - SUAS - DEBUG - [SUAS_main.main:718] - waypoint required 
2025-06-26 14:33:24,703 - SUAS - DEBUG - [SUAS_main.main:718] - waypoint required 
2025-06-26 14:33:24,755 - SUAS - DEBUG - [SUAS_main.main:718] - waypoint required 
2025-06-26 14:33:24,806 - SUAS - DEBUG - [SUAS_main.main:718] - waypoint required 
2025-06-26 14:33:24,857 - SUAS - DEBUG - [SUAS_main.main:718] - waypoint required 
2025-06-26 14:33:24,908 - SUAS - DEBUG - [SUAS_main.main:718] - waypoint required 
2025-06-26 14:33:24,959 - SUAS - DEBUG - [SUAS_main.main:718] - waypoint required 
2025-06-26 14:33:25,010 - SUAS - DEBUG - [SUAS_main.main:718] - waypoint required 
2025-06-26 14:33:25,061 - SUAS - DEBUG - [SUAS_main.main:718] - waypoint required 
2025-06-26 14:33:25,112 - SUAS - DEBUG - [SUAS_main.main:718] - waypoint required 
2025-06-26 14:33:25,163 - SUAS - DEBUG - [SUAS_main.main:718] - waypoint required 
2025-06-26 14:33:25,215 - SUAS - DEBUG - [SUAS_main.main:718] - waypoint required 
2025-06-26 14:33:25,266 - SUAS - DEBUG - [SUAS_main.main:718] - waypoint required 
2025-06-26 14:33:25,317 - SUAS - DEBUG - [SUAS_main.main:718] - waypoint required 
2025-06-26 14:33:25,368 - SUAS - DEBUG - [SUAS_main.main:718] - waypoint required 
2025-06-26 14:33:25,420 - SUAS - DEBUG - [SUAS_main.main:718] - waypoint required 
2025-06-26 14:33:25,471 - SUAS - DEBUG - [SUAS_main.main:718] - waypoint required 
2025-06-26 14:33:25,522 - SUAS - DEBUG - [SUAS_main.main:718] - waypoint required 
2025-06-26 14:33:25,573 - SUAS - DEBUG - [SUAS_main.main:718] - waypoint required 
2025-06-26 14:33:25,624 - SUAS - DEBUG - [SUAS_main.main:718] - waypoint required 
2025-06-26 14:33:25,675 - SUAS - DEBUG - [SUAS_main.main:718] - waypoint required 
2025-06-26 14:33:25,726 - SUAS - DEBUG - [SUAS_main.main:718] - waypoint required 
2025-06-26 14:33:25,777 - SUAS - DEBUG - [SUAS_main.main:718] - waypoint required 
2025-06-26 14:33:25,828 - SUAS - DEBUG - [SUAS_main.main:718] - waypoint required 
2025-06-26 14:33:25,880 - SUAS - DEBUG - [SUAS_main.main:718] - waypoint required 
2025-06-26 14:33:25,931 - SUAS - DEBUG - [SUAS_main.main:718] - waypoint required 
2025-06-26 14:33:25,982 - SUAS - DEBUG - [SUAS_main.main:718] - waypoint required 
2025-06-26 14:33:26,034 - SUAS - DEBUG - [SUAS_main.main:718] - waypoint required 
2025-06-26 14:33:26,086 - SUAS - DEBUG - [SUAS_main.main:718] - waypoint required 
2025-06-26 14:33:26,137 - SUAS - DEBUG - [SUAS_main.main:718] - waypoint required 
2025-06-26 14:33:26,188 - SUAS - DEBUG - [SUAS_main.main:718] - waypoint required 
2025-06-26 14:33:26,239 - SUAS - DEBUG - [SUAS_main.main:718] - waypoint required 
2025-06-26 14:33:26,290 - SUAS - DEBUG - [SUAS_main.main:718] - waypoint required 
2025-06-26 14:33:26,342 - SUAS - DEBUG - [SUAS_main.main:718] - waypoint required 
2025-06-26 14:33:26,393 - SUAS - DEBUG - [SUAS_main.main:718] - waypoint required 
2025-06-26 14:33:26,444 - SUAS - DEBUG - [SUAS_main.main:718] - waypoint required 
2025-06-26 14:33:26,496 - SUAS - DEBUG - [SUAS_main.main:718] - waypoint required 
2025-06-26 14:33:26,547 - SUAS - DEBUG - [SUAS_main.main:718] - waypoint required 
2025-06-26 14:33:26,598 - SUAS - DEBUG - [SUAS_main.main:718] - waypoint required 
2025-06-26 14:33:26,649 - SUAS - DEBUG - [SUAS_main.main:718] - waypoint required 
2025-06-26 14:33:26,700 - SUAS - DEBUG - [SUAS_main.main:718] - waypoint required 
2025-06-26 14:33:26,751 - SUAS - DEBUG - [SUAS_main.main:718] - waypoint required 
2025-06-26 14:33:26,802 - SUAS - DEBUG - [SUAS_main.main:718] - waypoint required 
2025-06-26 14:33:26,853 - SUAS - DEBUG - [SUAS_main.main:718] - waypoint required 
2025-06-26 14:33:26,904 - SUAS - DEBUG - [SUAS_main.main:718] - waypoint required 
2025-06-26 14:33:26,955 - SUAS - DEBUG - [SUAS_main.main:718] - waypoint required 
2025-06-26 14:33:27,006 - SUAS - DEBUG - [SUAS_main.main:718] - waypoint required 
2025-06-26 14:33:27,058 - SUAS - DEBUG - [SUAS_main.main:718] - waypoint required 
2025-06-26 14:33:27,109 - SUAS - DEBUG - [SUAS_main.main:718] - waypoint required 
2025-06-26 14:33:27,160 - SUAS - DEBUG - [SUAS_main.main:718] - waypoint required 
2025-06-26 14:33:27,211 - SUAS - DEBUG - [SUAS_main.main:718] - waypoint required 
2025-06-26 14:33:27,262 - SUAS - DEBUG - [SUAS_main.main:718] - waypoint required 
