2025-06-22 01:17:09,525 - SUAS - DEBUG - [SUAS_main.__init__:204] - (38.851019, -76.7003061, 0.667)
2025-06-22 01:17:09,526 - SUAS - DEBUG - [SUAS_main.__init__:210] - Opening camera with pipeline:
nvarguscamerasrc sensor-id=0 aelock=false awblock=True wbmode=6 exposurecompensation=-1.7 ! video/x-raw(memory:NVMM), width=(int)4032, height=(int)3040, framerate=(fraction)19/1 ! nvvidconv flip-method=0 ! video/x-raw, format=(string)BGRx ! videoconvert ! video/x-raw, format=(string)BGR ! appsink
2025-06-22 01:17:12,844 - SUAS - DEBUG - [SUAS_main.take_photo_opencv:423] - Saved photo to init_test_photo/image_1.jpg
2025-06-22 01:17:13,846 - SUAS - DEBUG - [SUAS_main.__init__:102] - Initial flight mode: ALT_HOLD
2025-06-22 01:17:14,323 - SUAS - DEBUG - [SUAS_main.main:687] - Download Waypoints - Completed
2025-06-22 01:17:14,325 - SUAS - DEBUG - [SUAS_main.main:690] - WP SET TO 2
2025-06-22 01:17:14,847 - SUAS - DEBUG - [SUAS_main._rc_listener_thread:300] - RC channel 9 raw = 982
2025-06-22 01:17:14,948 - SUAS - DEBUG - [SUAS_main._rc_listener_thread:313] - WPNAV_SPEED changed: None → 600
2025-06-22 01:17:15,329 - SUAS - DEBUG - [SUAS_main.main:702] - ------------------------------16---------------------------
2025-06-22 01:17:15,331 - SUAS - DEBUG - [SUAS_main.main:711] - ------------------------------------------------------------------------
2025-06-22 01:17:15,339 - SUAS - DEBUG - [SUAS_main.main:712] - No DOJUMP
2025-06-22 01:17:15,340 - SUAS - DEBUG - [SUAS_main.main:713] - ------------------------------------------------------------------------
2025-06-22 01:17:15,558 - SUAS - DEBUG - [SUAS_main.main:722] - Download Changed Waypoints - Completed
2025-06-22 01:17:15,560 - SUAS - DEBUG - [SUAS_main.main:729] - ------------------------------17 - updated---------------------------
2025-06-22 01:17:15,561 - SUAS - DEBUG - [SUAS_main.main:736] - Waiting for mode change to: AUTO
2025-06-22 01:17:15,949 - SUAS - DEBUG - [SUAS_main._rc_listener_thread:300] - RC channel 9 raw = 982
2025-06-22 01:17:16,062 - SUAS - DEBUG - [SUAS_main.main:736] - Waiting for mode change to: AUTO
2025-06-22 01:17:16,563 - SUAS - DEBUG - [SUAS_main.main:736] - Waiting for mode change to: AUTO
2025-06-22 01:17:16,950 - SUAS - DEBUG - [SUAS_main._rc_listener_thread:300] - RC channel 9 raw = 982
2025-06-22 01:17:17,065 - SUAS - DEBUG - [SUAS_main.main:736] - Waiting for mode change to: AUTO
2025-06-22 01:17:17,566 - SUAS - DEBUG - [SUAS_main.main:736] - Waiting for mode change to: AUTO
2025-06-22 01:17:17,952 - SUAS - DEBUG - [SUAS_main._rc_listener_thread:300] - RC channel 9 raw = 982
2025-06-22 01:17:18,068 - SUAS - DEBUG - [SUAS_main.main:736] - Waiting for mode change to: AUTO
2025-06-22 01:17:18,569 - SUAS - DEBUG - [SUAS_main.main:736] - Waiting for mode change to: AUTO
2025-06-22 01:17:18,953 - SUAS - DEBUG - [SUAS_main._rc_listener_thread:300] - RC channel 9 raw = 982
2025-06-22 01:17:19,071 - SUAS - DEBUG - [SUAS_main.main:736] - Waiting for mode change to: AUTO
2025-06-22 01:17:19,572 - SUAS - DEBUG - [SUAS_main.main:736] - Waiting for mode change to: AUTO
2025-06-22 01:17:19,956 - SUAS - DEBUG - [SUAS_main._rc_listener_thread:300] - RC channel 9 raw = 982
2025-06-22 01:17:20,074 - SUAS - DEBUG - [SUAS_main.main:736] - Waiting for mode change to: AUTO
2025-06-22 01:17:20,577 - SUAS - DEBUG - [SUAS_main.main:736] - Waiting for mode change to: AUTO
2025-06-22 01:17:20,956 - SUAS - DEBUG - [SUAS_main._rc_listener_thread:300] - RC channel 9 raw = 1020
2025-06-22 01:17:21,078 - SUAS - DEBUG - [SUAS_main.main:736] - Waiting for mode change to: AUTO
2025-06-22 01:17:21,580 - SUAS - DEBUG - [SUAS_main.main:736] - Waiting for mode change to: AUTO
2025-06-22 01:17:21,957 - SUAS - DEBUG - [SUAS_main._rc_listener_thread:300] - RC channel 9 raw = 1495
2025-06-22 01:17:22,059 - SUAS - DEBUG - [SUAS_main._rc_listener_thread:313] - WPNAV_SPEED changed: 600 → 800
2025-06-22 01:17:22,081 - SUAS - DEBUG - [SUAS_main.main:736] - Waiting for mode change to: AUTO
2025-06-22 01:17:22,583 - SUAS - DEBUG - [SUAS_main.main:736] - Waiting for mode change to: AUTO
2025-06-22 01:17:23,061 - SUAS - DEBUG - [SUAS_main._rc_listener_thread:300] - RC channel 9 raw = 1495
2025-06-22 01:17:23,084 - SUAS - DEBUG - [SUAS_main.main:736] - Waiting for mode change to: AUTO
2025-06-22 01:17:23,586 - SUAS - DEBUG - [SUAS_main.main:736] - Waiting for mode change to: AUTO
2025-06-22 01:17:24,062 - SUAS - DEBUG - [SUAS_main._rc_listener_thread:300] - RC channel 9 raw = 1495
2025-06-22 01:17:24,087 - SUAS - DEBUG - [SUAS_main.main:736] - Waiting for mode change to: AUTO
2025-06-22 01:17:24,589 - SUAS - DEBUG - [SUAS_main.main:736] - Waiting for mode change to: AUTO
2025-06-22 01:17:25,062 - SUAS - DEBUG - [SUAS_main._rc_listener_thread:300] - RC channel 9 raw = 1495
2025-06-22 01:17:25,090 - SUAS - DEBUG - [SUAS_main.main:736] - Waiting for mode change to: AUTO
2025-06-22 01:17:25,591 - SUAS - DEBUG - [SUAS_main.main:736] - Waiting for mode change to: AUTO
2025-06-22 01:17:26,064 - SUAS - DEBUG - [SUAS_main._rc_listener_thread:300] - RC channel 9 raw = 1495
2025-06-22 01:17:26,093 - SUAS - DEBUG - [SUAS_main.main:736] - Waiting for mode change to: AUTO
2025-06-22 01:17:26,595 - SUAS - DEBUG - [SUAS_main.main:736] - Waiting for mode change to: AUTO
2025-06-22 01:17:27,065 - SUAS - DEBUG - [SUAS_main._rc_listener_thread:300] - RC channel 9 raw = 1495
2025-06-22 01:17:27,096 - SUAS - DEBUG - [SUAS_main.main:736] - Waiting for mode change to: AUTO
2025-06-22 01:17:27,597 - SUAS - DEBUG - [SUAS_main.main:736] - Waiting for mode change to: AUTO
2025-06-22 01:17:28,066 - SUAS - DEBUG - [SUAS_main._rc_listener_thread:300] - RC channel 9 raw = 2006
2025-06-22 01:17:28,099 - SUAS - DEBUG - [SUAS_main.main:736] - Waiting for mode change to: AUTO
2025-06-22 01:17:28,167 - SUAS - DEBUG - [SUAS_main._rc_listener_thread:313] - WPNAV_SPEED changed: 800 → 1000
2025-06-22 01:17:28,601 - SUAS - DEBUG - [SUAS_main.main:736] - Waiting for mode change to: AUTO
2025-06-22 01:17:29,102 - SUAS - DEBUG - [SUAS_main.main:736] - Waiting for mode change to: AUTO
2025-06-22 01:17:29,168 - SUAS - DEBUG - [SUAS_main._rc_listener_thread:300] - RC channel 9 raw = 2006
2025-06-22 01:17:29,604 - SUAS - DEBUG - [SUAS_main.main:736] - Waiting for mode change to: AUTO
2025-06-22 01:17:30,105 - SUAS - DEBUG - [SUAS_main.main:736] - Waiting for mode change to: AUTO
2025-06-22 01:17:30,170 - SUAS - DEBUG - [SUAS_main._rc_listener_thread:300] - RC channel 9 raw = 2006
2025-06-22 01:17:30,608 - SUAS - DEBUG - [SUAS_main.main:736] - Waiting for mode change to: AUTO
2025-06-22 01:17:31,110 - SUAS - DEBUG - [SUAS_main.main:736] - Waiting for mode change to: AUTO
2025-06-22 01:17:31,173 - SUAS - DEBUG - [SUAS_main._rc_listener_thread:300] - RC channel 9 raw = 2006
2025-06-22 01:17:31,611 - SUAS - DEBUG - [SUAS_main.main:736] - Waiting for mode change to: AUTO
2025-06-22 01:17:32,113 - SUAS - DEBUG - [SUAS_main.main:736] - Waiting for mode change to: AUTO
2025-06-22 01:17:32,174 - SUAS - DEBUG - [SUAS_main._rc_listener_thread:300] - RC channel 9 raw = 2006
2025-06-22 01:17:32,614 - SUAS - DEBUG - [SUAS_main.main:736] - Waiting for mode change to: AUTO
2025-06-22 01:17:33,115 - SUAS - DEBUG - [SUAS_main.main:736] - Waiting for mode change to: AUTO
2025-06-22 01:17:33,176 - SUAS - DEBUG - [SUAS_main._rc_listener_thread:300] - RC channel 9 raw = 2006
2025-06-22 01:17:33,617 - SUAS - DEBUG - [SUAS_main.main:736] - Waiting for mode change to: AUTO
2025-06-22 01:17:34,119 - SUAS - DEBUG - [SUAS_main.main:736] - Waiting for mode change to: AUTO
2025-06-22 01:17:34,177 - SUAS - DEBUG - [SUAS_main._rc_listener_thread:300] - RC channel 9 raw = 2006
2025-06-22 01:17:34,621 - SUAS - DEBUG - [SUAS_main.main:736] - Waiting for mode change to: AUTO
2025-06-22 01:17:35,122 - SUAS - DEBUG - [SUAS_main.main:736] - Waiting for mode change to: AUTO
2025-06-22 01:17:35,178 - SUAS - DEBUG - [SUAS_main._rc_listener_thread:300] - RC channel 9 raw = 2006
2025-06-22 01:17:35,624 - SUAS - DEBUG - [SUAS_main.main:736] - Waiting for mode change to: AUTO
2025-06-22 01:17:36,125 - SUAS - DEBUG - [SUAS_main.main:736] - Waiting for mode change to: AUTO
2025-06-22 01:17:36,180 - SUAS - DEBUG - [SUAS_main._rc_listener_thread:300] - RC channel 9 raw = 2006
2025-06-22 01:17:36,627 - SUAS - DEBUG - [SUAS_main.main:736] - Waiting for mode change to: AUTO
2025-06-22 01:17:37,128 - SUAS - DEBUG - [SUAS_main.main:736] - Waiting for mode change to: AUTO
2025-06-22 01:17:37,181 - SUAS - DEBUG - [SUAS_main._rc_listener_thread:300] - RC channel 9 raw = 1495
2025-06-22 01:17:37,282 - SUAS - DEBUG - [SUAS_main._rc_listener_thread:313] - WPNAV_SPEED changed: 1000 → 800
2025-06-22 01:17:37,630 - SUAS - DEBUG - [SUAS_main.main:736] - Waiting for mode change to: AUTO
2025-06-22 01:17:38,131 - SUAS - DEBUG - [SUAS_main.main:736] - Waiting for mode change to: AUTO
2025-06-22 01:17:38,283 - SUAS - DEBUG - [SUAS_main._rc_listener_thread:300] - RC channel 9 raw = 1495
2025-06-22 01:17:38,633 - SUAS - DEBUG - [SUAS_main.main:736] - Waiting for mode change to: AUTO
2025-06-22 01:17:39,134 - SUAS - DEBUG - [SUAS_main.main:736] - Waiting for mode change to: AUTO
2025-06-22 01:17:39,284 - SUAS - DEBUG - [SUAS_main._rc_listener_thread:300] - RC channel 9 raw = 1495
2025-06-22 01:17:39,636 - SUAS - DEBUG - [SUAS_main.main:736] - Waiting for mode change to: AUTO
2025-06-22 01:17:40,137 - SUAS - DEBUG - [SUAS_main.main:736] - Waiting for mode change to: AUTO
2025-06-22 01:17:40,285 - SUAS - DEBUG - [SUAS_main._rc_listener_thread:300] - RC channel 9 raw = 1495
2025-06-22 01:17:40,638 - SUAS - DEBUG - [SUAS_main.main:736] - Waiting for mode change to: AUTO
2025-06-22 01:17:41,140 - SUAS - DEBUG - [SUAS_main.main:736] - Waiting for mode change to: AUTO
2025-06-22 01:17:41,286 - SUAS - DEBUG - [SUAS_main._rc_listener_thread:300] - RC channel 9 raw = 1495
2025-06-22 01:17:41,641 - SUAS - DEBUG - [SUAS_main.main:736] - Waiting for mode change to: AUTO
2025-06-22 01:17:42,143 - SUAS - DEBUG - [SUAS_main.main:736] - Waiting for mode change to: AUTO
2025-06-22 01:17:42,288 - SUAS - DEBUG - [SUAS_main._rc_listener_thread:300] - RC channel 9 raw = 1495
2025-06-22 01:17:42,644 - SUAS - DEBUG - [SUAS_main.main:736] - Waiting for mode change to: AUTO
2025-06-22 01:17:43,145 - SUAS - DEBUG - [SUAS_main.main:736] - Waiting for mode change to: AUTO
2025-06-22 01:17:43,289 - SUAS - DEBUG - [SUAS_main._rc_listener_thread:300] - RC channel 9 raw = 982
2025-06-22 01:17:43,390 - SUAS - DEBUG - [SUAS_main._rc_listener_thread:313] - WPNAV_SPEED changed: 800 → 600
2025-06-22 01:17:43,646 - SUAS - DEBUG - [SUAS_main.main:736] - Waiting for mode change to: AUTO
2025-06-22 01:17:44,148 - SUAS - DEBUG - [SUAS_main.main:736] - Waiting for mode change to: AUTO
2025-06-22 01:17:44,391 - SUAS - DEBUG - [SUAS_main._rc_listener_thread:300] - RC channel 9 raw = 982
2025-06-22 01:17:44,649 - SUAS - DEBUG - [SUAS_main.main:736] - Waiting for mode change to: AUTO
2025-06-22 01:17:45,151 - SUAS - DEBUG - [SUAS_main.main:736] - Waiting for mode change to: AUTO
2025-06-22 01:17:45,392 - SUAS - DEBUG - [SUAS_main._rc_listener_thread:300] - RC channel 9 raw = 1495
2025-06-22 01:17:45,492 - SUAS - DEBUG - [SUAS_main._rc_listener_thread:313] - WPNAV_SPEED changed: 600 → 800
2025-06-22 01:17:45,652 - SUAS - DEBUG - [SUAS_main.main:736] - Waiting for mode change to: AUTO
2025-06-22 01:17:46,154 - SUAS - DEBUG - [SUAS_main.main:736] - Waiting for mode change to: AUTO
2025-06-22 01:17:46,493 - SUAS - DEBUG - [SUAS_main._rc_listener_thread:300] - RC channel 9 raw = 2006
2025-06-22 01:17:46,594 - SUAS - DEBUG - [SUAS_main._rc_listener_thread:313] - WPNAV_SPEED changed: 800 → 1000
2025-06-22 01:17:46,656 - SUAS - DEBUG - [SUAS_main.main:736] - Waiting for mode change to: AUTO
2025-06-22 01:17:47,157 - SUAS - DEBUG - [SUAS_main.main:736] - Waiting for mode change to: AUTO
2025-06-22 01:17:47,595 - SUAS - DEBUG - [SUAS_main._rc_listener_thread:300] - RC channel 9 raw = 2006
2025-06-22 01:17:47,658 - SUAS - DEBUG - [SUAS_main.main:736] - Waiting for mode change to: AUTO
2025-06-22 01:17:48,160 - SUAS - DEBUG - [SUAS_main.main:736] - Waiting for mode change to: AUTO
2025-06-22 01:17:48,597 - SUAS - DEBUG - [SUAS_main._rc_listener_thread:300] - RC channel 9 raw = 2006
2025-06-22 01:17:48,661 - SUAS - DEBUG - [SUAS_main.main:736] - Waiting for mode change to: AUTO
2025-06-22 01:17:49,163 - SUAS - DEBUG - [SUAS_main.main:736] - Waiting for mode change to: AUTO
2025-06-22 01:17:49,598 - SUAS - DEBUG - [SUAS_main._rc_listener_thread:300] - RC channel 9 raw = 2006
2025-06-22 01:17:49,664 - SUAS - DEBUG - [SUAS_main.main:736] - Waiting for mode change to: AUTO
2025-06-22 01:17:50,165 - SUAS - DEBUG - [SUAS_main.main:736] - Waiting for mode change to: AUTO
2025-06-22 01:17:50,600 - SUAS - DEBUG - [SUAS_main._rc_listener_thread:300] - RC channel 9 raw = 2006
2025-06-22 01:17:50,667 - SUAS - DEBUG - [SUAS_main.main:736] - Waiting for mode change to: AUTO
2025-06-22 01:17:51,168 - SUAS - DEBUG - [SUAS_main.main:736] - Waiting for mode change to: AUTO
2025-06-22 01:17:51,601 - SUAS - DEBUG - [SUAS_main._rc_listener_thread:300] - RC channel 9 raw = 2006
2025-06-22 01:17:51,670 - SUAS - DEBUG - [SUAS_main.main:736] - Waiting for mode change to: AUTO
2025-06-22 01:17:52,172 - SUAS - DEBUG - [SUAS_main.main:736] - Waiting for mode change to: AUTO
2025-06-22 01:17:52,602 - SUAS - DEBUG - [SUAS_main._rc_listener_thread:300] - RC channel 9 raw = 2006
2025-06-22 01:17:52,673 - SUAS - DEBUG - [SUAS_main.main:736] - Waiting for mode change to: AUTO
2025-06-22 01:17:53,176 - SUAS - DEBUG - [SUAS_main.main:736] - Waiting for mode change to: AUTO
2025-06-22 01:17:53,604 - SUAS - DEBUG - [SUAS_main._rc_listener_thread:300] - RC channel 9 raw = 2006
2025-06-22 01:17:53,677 - SUAS - DEBUG - [SUAS_main.main:736] - Waiting for mode change to: AUTO
2025-06-22 01:17:54,179 - SUAS - DEBUG - [SUAS_main.main:736] - Waiting for mode change to: AUTO
2025-06-22 01:17:54,605 - SUAS - DEBUG - [SUAS_main._rc_listener_thread:300] - RC channel 9 raw = 2006
2025-06-22 01:17:54,680 - SUAS - DEBUG - [SUAS_main.main:736] - Waiting for mode change to: AUTO
2025-06-22 01:17:55,181 - SUAS - DEBUG - [SUAS_main.main:736] - Waiting for mode change to: AUTO
2025-06-22 01:17:55,606 - SUAS - DEBUG - [SUAS_main._rc_listener_thread:300] - RC channel 9 raw = 1137
2025-06-22 01:17:55,683 - SUAS - DEBUG - [SUAS_main.main:736] - Waiting for mode change to: AUTO
2025-06-22 01:17:55,707 - SUAS - DEBUG - [SUAS_main._rc_listener_thread:313] - WPNAV_SPEED changed: 1000 → 600
2025-06-22 01:17:56,184 - SUAS - DEBUG - [SUAS_main.main:736] - Waiting for mode change to: AUTO
2025-06-22 01:17:56,685 - SUAS - DEBUG - [SUAS_main.main:736] - Waiting for mode change to: AUTO
2025-06-22 01:17:56,709 - SUAS - DEBUG - [SUAS_main._rc_listener_thread:300] - RC channel 9 raw = 982
2025-06-22 01:17:57,187 - SUAS - DEBUG - [SUAS_main.main:736] - Waiting for mode change to: AUTO
2025-06-22 01:17:57,688 - SUAS - DEBUG - [SUAS_main.main:736] - Waiting for mode change to: AUTO
2025-06-22 01:17:57,711 - SUAS - DEBUG - [SUAS_main._rc_listener_thread:300] - RC channel 9 raw = 982
2025-06-22 01:17:58,190 - SUAS - DEBUG - [SUAS_main.main:736] - Waiting for mode change to: AUTO
2025-06-22 01:17:58,692 - SUAS - DEBUG - [SUAS_main.main:736] - Waiting for mode change to: AUTO
2025-06-22 01:17:58,713 - SUAS - DEBUG - [SUAS_main._rc_listener_thread:300] - RC channel 9 raw = 982
2025-06-22 01:17:59,193 - SUAS - DEBUG - [SUAS_main.main:736] - Waiting for mode change to: AUTO
2025-06-22 01:17:59,695 - SUAS - DEBUG - [SUAS_main.main:736] - Waiting for mode change to: AUTO
2025-06-22 01:17:59,714 - SUAS - DEBUG - [SUAS_main._rc_listener_thread:300] - RC channel 9 raw = 982
2025-06-22 01:18:00,197 - SUAS - DEBUG - [SUAS_main.main:736] - Waiting for mode change to: AUTO
2025-06-22 01:18:00,698 - SUAS - DEBUG - [SUAS_main.main:736] - Waiting for mode change to: AUTO
2025-06-22 01:18:00,716 - SUAS - DEBUG - [SUAS_main._rc_listener_thread:300] - RC channel 9 raw = 982
2025-06-22 01:18:01,200 - SUAS - DEBUG - [SUAS_main.main:736] - Waiting for mode change to: AUTO
2025-06-22 01:18:01,701 - SUAS - DEBUG - [SUAS_main.main:736] - Waiting for mode change to: AUTO
2025-06-22 01:18:01,717 - SUAS - DEBUG - [SUAS_main._rc_listener_thread:300] - RC channel 9 raw = 982
2025-06-22 01:18:02,203 - SUAS - DEBUG - [SUAS_main.main:736] - Waiting for mode change to: AUTO
2025-06-22 01:18:02,704 - SUAS - DEBUG - [SUAS_main.main:736] - Waiting for mode change to: AUTO
2025-06-22 01:18:02,718 - SUAS - DEBUG - [SUAS_main._rc_listener_thread:300] - RC channel 9 raw = 982
2025-06-22 01:18:03,205 - SUAS - DEBUG - [SUAS_main.main:736] - Waiting for mode change to: AUTO
2025-06-22 01:18:03,707 - SUAS - DEBUG - [SUAS_main.main:736] - Waiting for mode change to: AUTO
2025-06-22 01:18:03,720 - SUAS - DEBUG - [SUAS_main._rc_listener_thread:300] - RC channel 9 raw = 982
2025-06-22 01:18:04,208 - SUAS - DEBUG - [SUAS_main.main:736] - Waiting for mode change to: AUTO
2025-06-22 01:18:04,709 - SUAS - DEBUG - [SUAS_main.main:736] - Waiting for mode change to: AUTO
2025-06-22 01:18:04,721 - SUAS - DEBUG - [SUAS_main._rc_listener_thread:300] - RC channel 9 raw = 982
2025-06-22 01:18:05,211 - SUAS - DEBUG - [SUAS_main.main:736] - Waiting for mode change to: AUTO
2025-06-22 01:18:05,713 - SUAS - DEBUG - [SUAS_main.main:736] - Waiting for mode change to: AUTO
2025-06-22 01:18:05,722 - SUAS - DEBUG - [SUAS_main._rc_listener_thread:300] - RC channel 9 raw = 982
2025-06-22 01:18:06,214 - SUAS - DEBUG - [SUAS_main.main:736] - Waiting for mode change to: AUTO
2025-06-22 01:18:06,716 - SUAS - DEBUG - [SUAS_main.main:736] - Waiting for mode change to: AUTO
2025-06-22 01:18:06,723 - SUAS - DEBUG - [SUAS_main._rc_listener_thread:300] - RC channel 9 raw = 982
2025-06-22 01:18:07,217 - SUAS - DEBUG - [SUAS_main.main:736] - Waiting for mode change to: AUTO
2025-06-22 01:18:07,719 - SUAS - DEBUG - [SUAS_main.main:736] - Waiting for mode change to: AUTO
2025-06-22 01:18:07,725 - SUAS - DEBUG - [SUAS_main._rc_listener_thread:300] - RC channel 9 raw = 982
2025-06-22 01:18:08,220 - SUAS - DEBUG - [SUAS_main.main:736] - Waiting for mode change to: AUTO
2025-06-22 01:18:08,721 - SUAS - DEBUG - [SUAS_main.main:736] - Waiting for mode change to: AUTO
2025-06-22 01:18:08,726 - SUAS - DEBUG - [SUAS_main._rc_listener_thread:300] - RC channel 9 raw = 982
2025-06-22 01:18:09,222 - SUAS - DEBUG - [SUAS_main.main:736] - Waiting for mode change to: AUTO
2025-06-22 01:18:09,724 - SUAS - DEBUG - [SUAS_main.main:736] - Waiting for mode change to: AUTO
2025-06-22 01:18:09,728 - SUAS - DEBUG - [SUAS_main._rc_listener_thread:300] - RC channel 9 raw = 982
2025-06-22 01:18:10,225 - SUAS - DEBUG - [SUAS_main.main:736] - Waiting for mode change to: AUTO
2025-06-22 01:18:10,727 - SUAS - DEBUG - [SUAS_main.main:736] - Waiting for mode change to: AUTO
2025-06-22 01:18:10,729 - SUAS - DEBUG - [SUAS_main._rc_listener_thread:300] - RC channel 9 raw = 982
2025-06-22 01:18:11,228 - SUAS - DEBUG - [SUAS_main.main:736] - Waiting for mode change to: AUTO
2025-06-22 01:18:11,730 - SUAS - DEBUG - [SUAS_main.main:736] - Waiting for mode change to: AUTO
2025-06-22 01:18:11,731 - SUAS - DEBUG - [SUAS_main._rc_listener_thread:300] - RC channel 9 raw = 982
2025-06-22 01:18:12,232 - SUAS - DEBUG - [SUAS_main.main:736] - Waiting for mode change to: AUTO
2025-06-22 01:18:12,733 - SUAS - DEBUG - [SUAS_main._rc_listener_thread:300] - RC channel 9 raw = 982
2025-06-22 01:18:12,733 - SUAS - DEBUG - [SUAS_main.main:736] - Waiting for mode change to: AUTO
2025-06-22 01:18:13,234 - SUAS - DEBUG - [SUAS_main.main:736] - Waiting for mode change to: AUTO
2025-06-22 01:18:13,733 - SUAS - DEBUG - [SUAS_main._rc_listener_thread:300] - RC channel 9 raw = 982
2025-06-22 01:18:13,736 - SUAS - DEBUG - [SUAS_main.main:736] - Waiting for mode change to: AUTO
2025-06-22 01:18:14,237 - SUAS - DEBUG - [SUAS_main.main:736] - Waiting for mode change to: AUTO
2025-06-22 01:18:14,734 - SUAS - DEBUG - [SUAS_main._rc_listener_thread:300] - RC channel 9 raw = 982
2025-06-22 01:18:14,738 - SUAS - DEBUG - [SUAS_main.main:736] - Waiting for mode change to: AUTO
2025-06-22 01:18:15,240 - SUAS - DEBUG - [SUAS_main.main:736] - Waiting for mode change to: AUTO
2025-06-22 01:18:15,736 - SUAS - DEBUG - [SUAS_main._rc_listener_thread:300] - RC channel 9 raw = 982
2025-06-22 01:18:15,741 - SUAS - DEBUG - [SUAS_main.main:736] - Waiting for mode change to: AUTO
2025-06-22 01:18:16,242 - SUAS - DEBUG - [SUAS_main.main:736] - Waiting for mode change to: AUTO
2025-06-22 01:18:16,737 - SUAS - DEBUG - [SUAS_main._rc_listener_thread:300] - RC channel 9 raw = 982
2025-06-22 01:18:16,744 - SUAS - DEBUG - [SUAS_main.main:736] - Waiting for mode change to: AUTO
2025-06-22 01:18:17,245 - SUAS - DEBUG - [SUAS_main.main:736] - Waiting for mode change to: AUTO
2025-06-22 01:18:17,738 - SUAS - DEBUG - [SUAS_main._rc_listener_thread:300] - RC channel 9 raw = 982
2025-06-22 01:18:17,747 - SUAS - DEBUG - [SUAS_main.main:736] - Waiting for mode change to: AUTO
2025-06-22 01:18:18,248 - SUAS - DEBUG - [SUAS_main.main:736] - Waiting for mode change to: AUTO
2025-06-22 01:18:18,740 - SUAS - DEBUG - [SUAS_main._rc_listener_thread:300] - RC channel 9 raw = 982
2025-06-22 01:18:18,750 - SUAS - DEBUG - [SUAS_main.main:736] - Waiting for mode change to: AUTO
2025-06-22 01:18:19,252 - SUAS - DEBUG - [SUAS_main.main:736] - Waiting for mode change to: AUTO
2025-06-22 01:18:19,741 - SUAS - DEBUG - [SUAS_main._rc_listener_thread:300] - RC channel 9 raw = 982
2025-06-22 01:18:19,754 - SUAS - DEBUG - [SUAS_main.main:736] - Waiting for mode change to: AUTO
2025-06-22 01:18:20,256 - SUAS - DEBUG - [SUAS_main.main:736] - Waiting for mode change to: AUTO
2025-06-22 01:18:20,742 - SUAS - DEBUG - [SUAS_main._rc_listener_thread:300] - RC channel 9 raw = 982
2025-06-22 01:18:20,757 - SUAS - DEBUG - [SUAS_main.main:736] - Waiting for mode change to: AUTO
2025-06-22 01:18:21,259 - SUAS - DEBUG - [SUAS_main.main:736] - Waiting for mode change to: AUTO
2025-06-22 01:18:21,744 - SUAS - DEBUG - [SUAS_main._rc_listener_thread:300] - RC channel 9 raw = 982
2025-06-22 01:18:21,760 - SUAS - DEBUG - [SUAS_main.main:736] - Waiting for mode change to: AUTO
2025-06-22 01:18:22,261 - SUAS - DEBUG - [SUAS_main.main:736] - Waiting for mode change to: AUTO
2025-06-22 01:18:22,745 - SUAS - DEBUG - [SUAS_main._rc_listener_thread:300] - RC channel 9 raw = 982
2025-06-22 01:18:22,763 - SUAS - DEBUG - [SUAS_main.main:736] - Waiting for mode change to: AUTO
2025-06-22 01:18:23,264 - SUAS - DEBUG - [SUAS_main.main:736] - Waiting for mode change to: AUTO
2025-06-22 01:18:23,746 - SUAS - DEBUG - [SUAS_main._rc_listener_thread:300] - RC channel 9 raw = 982
2025-06-22 01:18:23,765 - SUAS - DEBUG - [SUAS_main.main:736] - Waiting for mode change to: AUTO
2025-06-22 01:18:24,267 - SUAS - DEBUG - [SUAS_main.main:736] - Waiting for mode change to: AUTO
2025-06-22 01:18:24,748 - SUAS - DEBUG - [SUAS_main._rc_listener_thread:300] - RC channel 9 raw = 982
2025-06-22 01:18:24,768 - SUAS - DEBUG - [SUAS_main.main:736] - Waiting for mode change to: AUTO
2025-06-22 01:18:25,270 - SUAS - DEBUG - [SUAS_main.main:736] - Waiting for mode change to: AUTO
2025-06-22 01:18:25,749 - SUAS - DEBUG - [SUAS_main._rc_listener_thread:300] - RC channel 9 raw = 982
2025-06-22 01:18:25,772 - SUAS - DEBUG - [SUAS_main.main:736] - Waiting for mode change to: AUTO
2025-06-22 01:18:26,274 - SUAS - DEBUG - [SUAS_main.main:736] - Waiting for mode change to: AUTO
2025-06-22 01:18:26,750 - SUAS - DEBUG - [SUAS_main._rc_listener_thread:300] - RC channel 9 raw = 982
2025-06-22 01:18:26,775 - SUAS - DEBUG - [SUAS_main.main:736] - Waiting for mode change to: AUTO
2025-06-22 01:18:27,277 - SUAS - DEBUG - [SUAS_main.main:736] - Waiting for mode change to: AUTO
2025-06-22 01:18:27,752 - SUAS - DEBUG - [SUAS_main._rc_listener_thread:300] - RC channel 9 raw = 982
2025-06-22 01:18:27,778 - SUAS - DEBUG - [SUAS_main.main:736] - Waiting for mode change to: AUTO
2025-06-22 01:18:28,280 - SUAS - DEBUG - [SUAS_main.main:736] - Waiting for mode change to: AUTO
2025-06-22 01:18:28,753 - SUAS - DEBUG - [SUAS_main._rc_listener_thread:300] - RC channel 9 raw = 982
2025-06-22 01:18:28,781 - SUAS - DEBUG - [SUAS_main.main:736] - Waiting for mode change to: AUTO
2025-06-22 01:18:29,282 - SUAS - DEBUG - [SUAS_main.main:736] - Waiting for mode change to: AUTO
2025-06-22 01:18:29,754 - SUAS - DEBUG - [SUAS_main._rc_listener_thread:300] - RC channel 9 raw = 982
2025-06-22 01:18:29,784 - SUAS - DEBUG - [SUAS_main.main:736] - Waiting for mode change to: AUTO
2025-06-22 01:18:30,285 - SUAS - DEBUG - [SUAS_main.main:736] - Waiting for mode change to: AUTO
2025-06-22 01:18:30,756 - SUAS - DEBUG - [SUAS_main._rc_listener_thread:300] - RC channel 9 raw = 982
2025-06-22 01:18:30,787 - SUAS - DEBUG - [SUAS_main.main:736] - Waiting for mode change to: AUTO
2025-06-22 01:18:31,288 - SUAS - DEBUG - [SUAS_main.main:736] - Waiting for mode change to: AUTO
2025-06-22 01:18:31,757 - SUAS - DEBUG - [SUAS_main._rc_listener_thread:300] - RC channel 9 raw = 982
2025-06-22 01:18:31,789 - SUAS - DEBUG - [SUAS_main.main:736] - Waiting for mode change to: AUTO
2025-06-22 01:18:32,291 - SUAS - DEBUG - [SUAS_main.main:736] - Waiting for mode change to: AUTO
2025-06-22 01:18:32,758 - SUAS - DEBUG - [SUAS_main._rc_listener_thread:300] - RC channel 9 raw = 982
2025-06-22 01:18:32,792 - SUAS - DEBUG - [SUAS_main.main:736] - Waiting for mode change to: AUTO
2025-06-22 01:18:33,294 - SUAS - DEBUG - [SUAS_main.main:736] - Waiting for mode change to: AUTO
2025-06-22 01:18:33,760 - SUAS - DEBUG - [SUAS_main._rc_listener_thread:300] - RC channel 9 raw = 982
2025-06-22 01:18:33,795 - SUAS - DEBUG - [SUAS_main.main:736] - Waiting for mode change to: AUTO
2025-06-22 01:18:34,297 - SUAS - DEBUG - [SUAS_main.main:736] - Waiting for mode change to: AUTO
2025-06-22 01:18:34,761 - SUAS - DEBUG - [SUAS_main._rc_listener_thread:300] - RC channel 9 raw = 982
2025-06-22 01:18:34,798 - SUAS - DEBUG - [SUAS_main.main:736] - Waiting for mode change to: AUTO
2025-06-22 01:18:35,300 - SUAS - DEBUG - [SUAS_main.main:736] - Waiting for mode change to: AUTO
2025-06-22 01:18:35,762 - SUAS - DEBUG - [SUAS_main._rc_listener_thread:300] - RC channel 9 raw = 982
2025-06-22 01:18:35,801 - SUAS - DEBUG - [SUAS_main.main:736] - Waiting for mode change to: AUTO
2025-06-22 01:18:36,303 - SUAS - DEBUG - [SUAS_main.main:736] - Waiting for mode change to: AUTO
2025-06-22 01:18:36,764 - SUAS - DEBUG - [SUAS_main._rc_listener_thread:300] - RC channel 9 raw = 982
2025-06-22 01:18:36,804 - SUAS - DEBUG - [SUAS_main.main:736] - Waiting for mode change to: AUTO
2025-06-22 01:18:37,305 - SUAS - DEBUG - [SUAS_main.main:736] - Waiting for mode change to: AUTO
2025-06-22 01:18:37,765 - SUAS - DEBUG - [SUAS_main._rc_listener_thread:300] - RC channel 9 raw = 982
2025-06-22 01:18:37,807 - SUAS - DEBUG - [SUAS_main.main:736] - Waiting for mode change to: AUTO
2025-06-22 01:18:38,309 - SUAS - DEBUG - [SUAS_main.main:736] - Waiting for mode change to: AUTO
2025-06-22 01:18:38,766 - SUAS - DEBUG - [SUAS_main._rc_listener_thread:300] - RC channel 9 raw = 982
2025-06-22 01:18:38,810 - SUAS - DEBUG - [SUAS_main.main:736] - Waiting for mode change to: AUTO
2025-06-22 01:18:39,312 - SUAS - DEBUG - [SUAS_main.main:736] - Waiting for mode change to: AUTO
2025-06-22 01:18:39,768 - SUAS - DEBUG - [SUAS_main._rc_listener_thread:300] - RC channel 9 raw = 982
2025-06-22 01:18:39,814 - SUAS - DEBUG - [SUAS_main.main:736] - Waiting for mode change to: AUTO
2025-06-22 01:18:40,315 - SUAS - DEBUG - [SUAS_main.main:736] - Waiting for mode change to: AUTO
2025-06-22 01:18:40,769 - SUAS - DEBUG - [SUAS_main._rc_listener_thread:300] - RC channel 9 raw = 982
2025-06-22 01:18:40,817 - SUAS - DEBUG - [SUAS_main.main:736] - Waiting for mode change to: AUTO
2025-06-22 01:18:41,318 - SUAS - DEBUG - [SUAS_main.main:736] - Waiting for mode change to: AUTO
2025-06-22 01:18:41,770 - SUAS - DEBUG - [SUAS_main._rc_listener_thread:300] - RC channel 9 raw = 982
2025-06-22 01:18:41,820 - SUAS - DEBUG - [SUAS_main.main:736] - Waiting for mode change to: AUTO
2025-06-22 01:18:42,321 - SUAS - DEBUG - [SUAS_main.main:736] - Waiting for mode change to: AUTO
2025-06-22 01:18:42,772 - SUAS - DEBUG - [SUAS_main._rc_listener_thread:300] - RC channel 9 raw = 982
2025-06-22 01:18:42,822 - SUAS - DEBUG - [SUAS_main.main:736] - Waiting for mode change to: AUTO
2025-06-22 01:18:43,324 - SUAS - DEBUG - [SUAS_main.main:736] - Waiting for mode change to: AUTO
2025-06-22 01:18:43,773 - SUAS - DEBUG - [SUAS_main._rc_listener_thread:300] - RC channel 9 raw = 982
2025-06-22 01:18:43,825 - SUAS - DEBUG - [SUAS_main.main:736] - Waiting for mode change to: AUTO
2025-06-22 01:18:44,327 - SUAS - DEBUG - [SUAS_main.main:736] - Waiting for mode change to: AUTO
2025-06-22 01:18:44,774 - SUAS - DEBUG - [SUAS_main._rc_listener_thread:300] - RC channel 9 raw = 982
2025-06-22 01:18:44,829 - SUAS - DEBUG - [SUAS_main.main:736] - Waiting for mode change to: AUTO
2025-06-22 01:18:45,331 - SUAS - DEBUG - [SUAS_main.main:736] - Waiting for mode change to: AUTO
2025-06-22 01:18:45,776 - SUAS - DEBUG - [SUAS_main._rc_listener_thread:300] - RC channel 9 raw = 982
2025-06-22 01:18:45,832 - SUAS - DEBUG - [SUAS_main.main:736] - Waiting for mode change to: AUTO
2025-06-22 01:18:46,333 - SUAS - DEBUG - [SUAS_main.main:736] - Waiting for mode change to: AUTO
2025-06-22 01:18:46,777 - SUAS - DEBUG - [SUAS_main._rc_listener_thread:300] - RC channel 9 raw = 982
2025-06-22 01:18:46,834 - SUAS - DEBUG - [SUAS_main.main:736] - Waiting for mode change to: AUTO
2025-06-22 01:18:47,336 - SUAS - DEBUG - [SUAS_main.main:736] - Waiting for mode change to: AUTO
2025-06-22 01:18:47,778 - SUAS - DEBUG - [SUAS_main._rc_listener_thread:300] - RC channel 9 raw = 982
2025-06-22 01:18:47,837 - SUAS - DEBUG - [SUAS_main.main:736] - Waiting for mode change to: AUTO
2025-06-22 01:18:48,339 - SUAS - DEBUG - [SUAS_main.main:736] - Waiting for mode change to: AUTO
2025-06-22 01:18:48,780 - SUAS - DEBUG - [SUAS_main._rc_listener_thread:300] - RC channel 9 raw = 982
2025-06-22 01:18:48,840 - SUAS - DEBUG - [SUAS_main.main:736] - Waiting for mode change to: AUTO
2025-06-22 01:18:49,342 - SUAS - DEBUG - [SUAS_main.main:736] - Waiting for mode change to: AUTO
2025-06-22 01:18:49,781 - SUAS - DEBUG - [SUAS_main._rc_listener_thread:300] - RC channel 9 raw = 982
2025-06-22 01:18:49,843 - SUAS - DEBUG - [SUAS_main.main:736] - Waiting for mode change to: AUTO
2025-06-22 01:18:50,345 - SUAS - DEBUG - [SUAS_main.main:736] - Waiting for mode change to: AUTO
2025-06-22 01:18:50,782 - SUAS - DEBUG - [SUAS_main._rc_listener_thread:300] - RC channel 9 raw = 982
2025-06-22 01:18:50,846 - SUAS - DEBUG - [SUAS_main.main:736] - Waiting for mode change to: AUTO
2025-06-22 01:18:51,348 - SUAS - DEBUG - [SUAS_main.main:736] - Waiting for mode change to: AUTO
2025-06-22 01:18:51,784 - SUAS - DEBUG - [SUAS_main._rc_listener_thread:300] - RC channel 9 raw = 982
2025-06-22 01:18:51,849 - SUAS - DEBUG - [SUAS_main.main:736] - Waiting for mode change to: AUTO
2025-06-22 01:18:52,351 - SUAS - DEBUG - [SUAS_main.main:736] - Waiting for mode change to: AUTO
2025-06-22 01:18:52,785 - SUAS - DEBUG - [SUAS_main._rc_listener_thread:300] - RC channel 9 raw = 982
2025-06-22 01:18:52,852 - SUAS - DEBUG - [SUAS_main.main:736] - Waiting for mode change to: AUTO
2025-06-22 01:18:53,354 - SUAS - DEBUG - [SUAS_main.main:736] - Waiting for mode change to: AUTO
2025-06-22 01:18:53,786 - SUAS - DEBUG - [SUAS_main._rc_listener_thread:300] - RC channel 9 raw = 982
2025-06-22 01:18:53,855 - SUAS - DEBUG - [SUAS_main.main:736] - Waiting for mode change to: AUTO
2025-06-22 01:18:54,357 - SUAS - DEBUG - [SUAS_main.main:736] - Waiting for mode change to: AUTO
2025-06-22 01:18:54,788 - SUAS - DEBUG - [SUAS_main._rc_listener_thread:300] - RC channel 9 raw = 982
2025-06-22 01:18:54,858 - SUAS - DEBUG - [SUAS_main.main:736] - Waiting for mode change to: AUTO
2025-06-22 01:18:55,360 - SUAS - DEBUG - [SUAS_main.main:736] - Waiting for mode change to: AUTO
2025-06-22 01:18:55,789 - SUAS - DEBUG - [SUAS_main._rc_listener_thread:300] - RC channel 9 raw = 982
2025-06-22 01:18:55,861 - SUAS - DEBUG - [SUAS_main.main:736] - Waiting for mode change to: AUTO
2025-06-22 01:18:56,362 - SUAS - DEBUG - [SUAS_main.main:736] - Waiting for mode change to: AUTO
2025-06-22 01:18:56,790 - SUAS - DEBUG - [SUAS_main._rc_listener_thread:300] - RC channel 9 raw = 982
2025-06-22 01:18:56,864 - SUAS - DEBUG - [SUAS_main.main:736] - Waiting for mode change to: AUTO
2025-06-22 01:18:57,365 - SUAS - DEBUG - [SUAS_main.main:736] - Waiting for mode change to: AUTO
2025-06-22 01:18:57,792 - SUAS - DEBUG - [SUAS_main._rc_listener_thread:300] - RC channel 9 raw = 982
2025-06-22 01:18:57,867 - SUAS - DEBUG - [SUAS_main.main:736] - Waiting for mode change to: AUTO
2025-06-22 01:18:58,368 - SUAS - DEBUG - [SUAS_main.main:736] - Waiting for mode change to: AUTO
2025-06-22 01:18:58,793 - SUAS - DEBUG - [SUAS_main._rc_listener_thread:300] - RC channel 9 raw = 982
2025-06-22 01:18:58,870 - SUAS - DEBUG - [SUAS_main.main:736] - Waiting for mode change to: AUTO
2025-06-22 01:18:59,371 - SUAS - DEBUG - [SUAS_main.main:736] - Waiting for mode change to: AUTO
2025-06-22 01:18:59,795 - SUAS - DEBUG - [SUAS_main._rc_listener_thread:300] - RC channel 9 raw = 982
2025-06-22 01:18:59,873 - SUAS - DEBUG - [SUAS_main.main:736] - Waiting for mode change to: AUTO
2025-06-22 01:19:00,374 - SUAS - DEBUG - [SUAS_main.main:736] - Waiting for mode change to: AUTO
2025-06-22 01:19:00,796 - SUAS - DEBUG - [SUAS_main._rc_listener_thread:300] - RC channel 9 raw = 982
2025-06-22 01:19:00,876 - SUAS - DEBUG - [SUAS_main.main:736] - Waiting for mode change to: AUTO
2025-06-22 01:19:01,377 - SUAS - DEBUG - [SUAS_main.main:736] - Waiting for mode change to: AUTO
2025-06-22 01:19:01,797 - SUAS - DEBUG - [SUAS_main._rc_listener_thread:300] - RC channel 9 raw = 982
2025-06-22 01:19:01,879 - SUAS - DEBUG - [SUAS_main.main:736] - Waiting for mode change to: AUTO
2025-06-22 01:19:02,380 - SUAS - DEBUG - [SUAS_main.main:736] - Waiting for mode change to: AUTO
2025-06-22 01:19:02,798 - SUAS - DEBUG - [SUAS_main._rc_listener_thread:300] - RC channel 9 raw = 982
2025-06-22 01:19:02,881 - SUAS - DEBUG - [SUAS_main.main:736] - Waiting for mode change to: AUTO
2025-06-22 01:19:03,383 - SUAS - DEBUG - [SUAS_main.main:736] - Waiting for mode change to: AUTO
2025-06-22 01:19:03,800 - SUAS - DEBUG - [SUAS_main._rc_listener_thread:300] - RC channel 9 raw = 982
2025-06-22 01:19:03,884 - SUAS - DEBUG - [SUAS_main.main:736] - Waiting for mode change to: AUTO
2025-06-22 01:19:04,386 - SUAS - DEBUG - [SUAS_main.main:736] - Waiting for mode change to: AUTO
2025-06-22 01:19:04,801 - SUAS - DEBUG - [SUAS_main._rc_listener_thread:300] - RC channel 9 raw = 982
2025-06-22 01:19:04,887 - SUAS - DEBUG - [SUAS_main.main:736] - Waiting for mode change to: AUTO
2025-06-22 01:19:05,389 - SUAS - DEBUG - [SUAS_main.main:736] - Waiting for mode change to: AUTO
2025-06-22 01:19:05,802 - SUAS - DEBUG - [SUAS_main._rc_listener_thread:300] - RC channel 9 raw = 982
2025-06-22 01:19:05,890 - SUAS - DEBUG - [SUAS_main.main:736] - Waiting for mode change to: AUTO
2025-06-22 01:19:06,392 - SUAS - DEBUG - [SUAS_main.main:736] - Waiting for mode change to: AUTO
2025-06-22 01:19:06,803 - SUAS - DEBUG - [SUAS_main._rc_listener_thread:300] - RC channel 9 raw = 982
2025-06-22 01:19:06,894 - SUAS - DEBUG - [SUAS_main.main:736] - Waiting for mode change to: AUTO
2025-06-22 01:19:07,395 - SUAS - DEBUG - [SUAS_main.main:736] - Waiting for mode change to: AUTO
2025-06-22 01:19:07,804 - SUAS - DEBUG - [SUAS_main._rc_listener_thread:300] - RC channel 9 raw = 982
2025-06-22 01:19:07,897 - SUAS - DEBUG - [SUAS_main.main:736] - Waiting for mode change to: AUTO
2025-06-22 01:19:08,431 - SUAS - DEBUG - [SUAS_main.main:736] - Waiting for mode change to: AUTO
2025-06-22 01:19:08,805 - SUAS - DEBUG - [SUAS_main._rc_listener_thread:300] - RC channel 9 raw = 982
2025-06-22 01:19:08,932 - SUAS - DEBUG - [SUAS_main.main:736] - Waiting for mode change to: AUTO
2025-06-22 01:19:09,433 - SUAS - DEBUG - [SUAS_main.main:736] - Waiting for mode change to: AUTO
2025-06-22 01:19:09,806 - SUAS - DEBUG - [SUAS_main._rc_listener_thread:300] - RC channel 9 raw = 982
2025-06-22 01:19:09,935 - SUAS - DEBUG - [SUAS_main.main:736] - Waiting for mode change to: AUTO
2025-06-22 01:19:10,436 - SUAS - DEBUG - [SUAS_main.main:736] - Waiting for mode change to: AUTO
2025-06-22 01:19:10,808 - SUAS - DEBUG - [SUAS_main._rc_listener_thread:300] - RC channel 9 raw = 982
2025-06-22 01:19:10,937 - SUAS - DEBUG - [SUAS_main.main:736] - Waiting for mode change to: AUTO
2025-06-22 01:19:11,439 - SUAS - DEBUG - [SUAS_main.main:736] - Waiting for mode change to: AUTO
2025-06-22 01:19:11,809 - SUAS - DEBUG - [SUAS_main._rc_listener_thread:300] - RC channel 9 raw = 982
2025-06-22 01:19:11,940 - SUAS - DEBUG - [SUAS_main.main:736] - Waiting for mode change to: AUTO
2025-06-22 01:19:12,441 - SUAS - DEBUG - [SUAS_main.main:736] - Waiting for mode change to: AUTO
2025-06-22 01:19:12,810 - SUAS - DEBUG - [SUAS_main._rc_listener_thread:300] - RC channel 9 raw = 982
2025-06-22 01:19:12,942 - SUAS - DEBUG - [SUAS_main.main:736] - Waiting for mode change to: AUTO
2025-06-22 01:19:13,444 - SUAS - DEBUG - [SUAS_main.main:736] - Waiting for mode change to: AUTO
2025-06-22 01:19:13,812 - SUAS - DEBUG - [SUAS_main._rc_listener_thread:300] - RC channel 9 raw = 1495
2025-06-22 01:19:13,912 - SUAS - DEBUG - [SUAS_main._rc_listener_thread:313] - WPNAV_SPEED changed: 600 → 800
2025-06-22 01:19:13,945 - SUAS - DEBUG - [SUAS_main.main:736] - Waiting for mode change to: AUTO
2025-06-22 01:19:14,447 - SUAS - DEBUG - [SUAS_main.main:736] - Waiting for mode change to: AUTO
2025-06-22 01:19:14,914 - SUAS - DEBUG - [SUAS_main._rc_listener_thread:300] - RC channel 9 raw = 1495
2025-06-22 01:19:14,948 - SUAS - DEBUG - [SUAS_main.main:736] - Waiting for mode change to: AUTO
2025-06-22 01:19:15,450 - SUAS - DEBUG - [SUAS_main.main:736] - Waiting for mode change to: AUTO
2025-06-22 01:19:15,915 - SUAS - DEBUG - [SUAS_main._rc_listener_thread:300] - RC channel 9 raw = 1495
2025-06-22 01:19:15,952 - SUAS - DEBUG - [SUAS_main.main:736] - Waiting for mode change to: AUTO
2025-06-22 01:19:16,453 - SUAS - DEBUG - [SUAS_main.main:736] - Waiting for mode change to: AUTO
2025-06-22 01:19:16,917 - SUAS - DEBUG - [SUAS_main._rc_listener_thread:300] - RC channel 9 raw = 1495
2025-06-22 01:19:16,955 - SUAS - DEBUG - [SUAS_main.main:736] - Waiting for mode change to: AUTO
2025-06-22 01:19:17,456 - SUAS - DEBUG - [SUAS_main.main:736] - Waiting for mode change to: AUTO
2025-06-22 01:19:17,918 - SUAS - DEBUG - [SUAS_main._rc_listener_thread:300] - RC channel 9 raw = 1495
2025-06-22 01:19:17,958 - SUAS - DEBUG - [SUAS_main.main:736] - Waiting for mode change to: AUTO
2025-06-22 01:19:18,459 - SUAS - DEBUG - [SUAS_main.main:736] - Waiting for mode change to: AUTO
2025-06-22 01:19:18,920 - SUAS - DEBUG - [SUAS_main._rc_listener_thread:300] - RC channel 9 raw = 1495
2025-06-22 01:19:18,961 - SUAS - DEBUG - [SUAS_main.main:736] - Waiting for mode change to: AUTO
2025-06-22 01:19:19,462 - SUAS - DEBUG - [SUAS_main.main:736] - Waiting for mode change to: AUTO
2025-06-22 01:19:19,921 - SUAS - DEBUG - [SUAS_main._rc_listener_thread:300] - RC channel 9 raw = 1495
2025-06-22 01:19:19,964 - SUAS - DEBUG - [SUAS_main.main:736] - Waiting for mode change to: AUTO
2025-06-22 01:19:20,465 - SUAS - DEBUG - [SUAS_main.main:736] - Waiting for mode change to: AUTO
2025-06-22 01:19:20,922 - SUAS - DEBUG - [SUAS_main._rc_listener_thread:300] - RC channel 9 raw = 1495
2025-06-22 01:19:20,967 - SUAS - DEBUG - [SUAS_main.main:736] - Waiting for mode change to: AUTO
2025-06-22 01:19:21,468 - SUAS - DEBUG - [SUAS_main.main:736] - Waiting for mode change to: AUTO
2025-06-22 01:19:21,924 - SUAS - DEBUG - [SUAS_main._rc_listener_thread:300] - RC channel 9 raw = 1391
2025-06-22 01:19:21,969 - SUAS - DEBUG - [SUAS_main.main:736] - Waiting for mode change to: AUTO
2025-06-22 01:19:22,471 - SUAS - DEBUG - [SUAS_main.main:736] - Waiting for mode change to: AUTO
2025-06-22 01:19:22,925 - SUAS - DEBUG - [SUAS_main._rc_listener_thread:300] - RC channel 9 raw = 982
2025-06-22 01:19:22,973 - SUAS - DEBUG - [SUAS_main.main:736] - Waiting for mode change to: AUTO
2025-06-22 01:19:23,026 - SUAS - DEBUG - [SUAS_main._rc_listener_thread:313] - WPNAV_SPEED changed: 800 → 600
2025-06-22 01:19:23,475 - SUAS - DEBUG - [SUAS_main.main:736] - Waiting for mode change to: AUTO
2025-06-22 01:19:23,976 - SUAS - DEBUG - [SUAS_main.main:736] - Waiting for mode change to: AUTO
2025-06-22 01:19:24,027 - SUAS - DEBUG - [SUAS_main._rc_listener_thread:300] - RC channel 9 raw = 982
2025-06-22 01:19:24,477 - SUAS - DEBUG - [SUAS_main.main:736] - Waiting for mode change to: AUTO
2025-06-22 01:19:24,979 - SUAS - DEBUG - [SUAS_main.main:736] - Waiting for mode change to: AUTO
2025-06-22 01:19:25,029 - SUAS - DEBUG - [SUAS_main._rc_listener_thread:300] - RC channel 9 raw = 982
2025-06-22 01:19:25,480 - SUAS - DEBUG - [SUAS_main.main:736] - Waiting for mode change to: AUTO
2025-06-22 01:19:25,981 - SUAS - DEBUG - [SUAS_main.main:736] - Waiting for mode change to: AUTO
2025-06-22 01:19:26,030 - SUAS - DEBUG - [SUAS_main._rc_listener_thread:300] - RC channel 9 raw = 982
2025-06-22 01:19:26,483 - SUAS - DEBUG - [SUAS_main.main:736] - Waiting for mode change to: AUTO
2025-06-22 01:19:26,984 - SUAS - DEBUG - [SUAS_main.main:736] - Waiting for mode change to: AUTO
2025-06-22 01:19:27,032 - SUAS - DEBUG - [SUAS_main._rc_listener_thread:300] - RC channel 9 raw = 982
2025-06-22 01:19:27,485 - SUAS - DEBUG - [SUAS_main.main:736] - Waiting for mode change to: AUTO
2025-06-22 01:19:27,987 - SUAS - DEBUG - [SUAS_main.main:736] - Waiting for mode change to: AUTO
2025-06-22 01:19:28,033 - SUAS - DEBUG - [SUAS_main._rc_listener_thread:300] - RC channel 9 raw = 982
2025-06-22 01:19:28,488 - SUAS - DEBUG - [SUAS_main.main:736] - Waiting for mode change to: AUTO
2025-06-22 01:19:28,989 - SUAS - DEBUG - [SUAS_main.main:736] - Waiting for mode change to: AUTO
2025-06-22 01:19:29,034 - SUAS - DEBUG - [SUAS_main._rc_listener_thread:300] - RC channel 9 raw = 982
2025-06-22 01:19:29,491 - SUAS - DEBUG - [SUAS_main.main:736] - Waiting for mode change to: AUTO
2025-06-22 01:19:29,992 - SUAS - DEBUG - [SUAS_main.main:736] - Waiting for mode change to: AUTO
2025-06-22 01:19:30,036 - SUAS - DEBUG - [SUAS_main._rc_listener_thread:300] - RC channel 9 raw = 982
2025-06-22 01:19:30,494 - SUAS - DEBUG - [SUAS_main.main:736] - Waiting for mode change to: AUTO
2025-06-22 01:19:30,995 - SUAS - DEBUG - [SUAS_main.main:736] - Waiting for mode change to: AUTO
2025-06-22 01:19:31,037 - SUAS - DEBUG - [SUAS_main._rc_listener_thread:300] - RC channel 9 raw = 982
2025-06-22 01:19:31,497 - SUAS - DEBUG - [SUAS_main.main:736] - Waiting for mode change to: AUTO
2025-06-22 01:19:31,998 - SUAS - DEBUG - [SUAS_main.main:736] - Waiting for mode change to: AUTO
2025-06-22 01:19:32,038 - SUAS - DEBUG - [SUAS_main._rc_listener_thread:300] - RC channel 9 raw = 1040
2025-06-22 01:19:32,499 - SUAS - DEBUG - [SUAS_main.main:736] - Waiting for mode change to: AUTO
2025-06-22 01:19:33,001 - SUAS - DEBUG - [SUAS_main.main:736] - Waiting for mode change to: AUTO
2025-06-22 01:19:33,039 - SUAS - DEBUG - [SUAS_main._rc_listener_thread:300] - RC channel 9 raw = 1495
2025-06-22 01:19:33,140 - SUAS - DEBUG - [SUAS_main._rc_listener_thread:313] - WPNAV_SPEED changed: 600 → 800
2025-06-22 01:19:33,502 - SUAS - DEBUG - [SUAS_main.main:736] - Waiting for mode change to: AUTO
2025-06-22 01:19:34,004 - SUAS - DEBUG - [SUAS_main.main:736] - Waiting for mode change to: AUTO
2025-06-22 01:19:34,141 - SUAS - DEBUG - [SUAS_main._rc_listener_thread:300] - RC channel 9 raw = 1495
2025-06-22 01:19:34,505 - SUAS - DEBUG - [SUAS_main.main:736] - Waiting for mode change to: AUTO
2025-06-22 01:19:35,007 - SUAS - DEBUG - [SUAS_main.main:736] - Waiting for mode change to: AUTO
2025-06-22 01:19:35,142 - SUAS - DEBUG - [SUAS_main._rc_listener_thread:300] - RC channel 9 raw = 1495
2025-06-22 01:19:35,508 - SUAS - DEBUG - [SUAS_main.main:736] - Waiting for mode change to: AUTO
2025-06-22 01:19:36,009 - SUAS - DEBUG - [SUAS_main.main:736] - Waiting for mode change to: AUTO
2025-06-22 01:19:36,144 - SUAS - DEBUG - [SUAS_main._rc_listener_thread:300] - RC channel 9 raw = 1495
2025-06-22 01:19:36,511 - SUAS - DEBUG - [SUAS_main.main:736] - Waiting for mode change to: AUTO
2025-06-22 01:19:37,012 - SUAS - DEBUG - [SUAS_main.main:736] - Waiting for mode change to: AUTO
2025-06-22 01:19:37,145 - SUAS - DEBUG - [SUAS_main._rc_listener_thread:300] - RC channel 9 raw = 2006
2025-06-22 01:19:37,246 - SUAS - DEBUG - [SUAS_main._rc_listener_thread:313] - WPNAV_SPEED changed: 800 → 1000
2025-06-22 01:19:37,514 - SUAS - DEBUG - [SUAS_main.main:736] - Waiting for mode change to: AUTO
2025-06-22 01:19:38,015 - SUAS - DEBUG - [SUAS_main.main:736] - Waiting for mode change to: AUTO
2025-06-22 01:19:38,247 - SUAS - DEBUG - [SUAS_main._rc_listener_thread:300] - RC channel 9 raw = 2006
2025-06-22 01:19:38,517 - SUAS - DEBUG - [SUAS_main.main:736] - Waiting for mode change to: AUTO
2025-06-22 01:19:39,018 - SUAS - DEBUG - [SUAS_main.main:736] - Waiting for mode change to: AUTO
2025-06-22 01:19:39,248 - SUAS - DEBUG - [SUAS_main._rc_listener_thread:300] - RC channel 9 raw = 2006
2025-06-22 01:19:39,520 - SUAS - DEBUG - [SUAS_main.main:736] - Waiting for mode change to: AUTO
2025-06-22 01:19:40,021 - SUAS - DEBUG - [SUAS_main.main:736] - Waiting for mode change to: AUTO
2025-06-22 01:19:40,249 - SUAS - DEBUG - [SUAS_main._rc_listener_thread:300] - RC channel 9 raw = 2006
2025-06-22 01:19:40,523 - SUAS - DEBUG - [SUAS_main.main:736] - Waiting for mode change to: AUTO
2025-06-22 01:19:41,024 - SUAS - DEBUG - [SUAS_main.main:736] - Waiting for mode change to: AUTO
2025-06-22 01:19:41,250 - SUAS - DEBUG - [SUAS_main._rc_listener_thread:300] - RC channel 9 raw = 2006
2025-06-22 01:19:41,525 - SUAS - DEBUG - [SUAS_main.main:736] - Waiting for mode change to: AUTO
2025-06-22 01:19:42,027 - SUAS - DEBUG - [SUAS_main.main:736] - Waiting for mode change to: AUTO
2025-06-22 01:19:42,252 - SUAS - DEBUG - [SUAS_main._rc_listener_thread:300] - RC channel 9 raw = 1495
2025-06-22 01:19:42,353 - SUAS - DEBUG - [SUAS_main._rc_listener_thread:313] - WPNAV_SPEED changed: 1000 → 800
2025-06-22 01:19:42,528 - SUAS - DEBUG - [SUAS_main.main:736] - Waiting for mode change to: AUTO
2025-06-22 01:19:43,030 - SUAS - DEBUG - [SUAS_main.main:736] - Waiting for mode change to: AUTO
2025-06-22 01:19:43,354 - SUAS - DEBUG - [SUAS_main._rc_listener_thread:300] - RC channel 9 raw = 1495
2025-06-22 01:19:43,531 - SUAS - DEBUG - [SUAS_main.main:736] - Waiting for mode change to: AUTO
2025-06-22 01:19:44,033 - SUAS - DEBUG - [SUAS_main.main:736] - Waiting for mode change to: AUTO
2025-06-22 01:19:44,356 - SUAS - DEBUG - [SUAS_main._rc_listener_thread:300] - RC channel 9 raw = 1495
2025-06-22 01:19:44,535 - SUAS - DEBUG - [SUAS_main.main:736] - Waiting for mode change to: AUTO
2025-06-22 01:19:45,036 - SUAS - DEBUG - [SUAS_main.main:736] - Waiting for mode change to: AUTO
2025-06-22 01:19:45,357 - SUAS - DEBUG - [SUAS_main._rc_listener_thread:300] - RC channel 9 raw = 982
2025-06-22 01:19:45,458 - SUAS - DEBUG - [SUAS_main._rc_listener_thread:313] - WPNAV_SPEED changed: 800 → 600
2025-06-22 01:19:45,537 - SUAS - DEBUG - [SUAS_main.main:736] - Waiting for mode change to: AUTO
2025-06-22 01:19:46,039 - SUAS - DEBUG - [SUAS_main.main:736] - Waiting for mode change to: AUTO
2025-06-22 01:19:46,459 - SUAS - DEBUG - [SUAS_main._rc_listener_thread:300] - RC channel 9 raw = 982
2025-06-22 01:19:46,540 - SUAS - DEBUG - [SUAS_main.main:736] - Waiting for mode change to: AUTO
2025-06-22 01:19:47,041 - SUAS - DEBUG - [SUAS_main.main:736] - Waiting for mode change to: AUTO
2025-06-22 01:19:47,461 - SUAS - DEBUG - [SUAS_main._rc_listener_thread:300] - RC channel 9 raw = 982
2025-06-22 01:19:47,543 - SUAS - DEBUG - [SUAS_main.main:736] - Waiting for mode change to: AUTO
2025-06-22 01:19:48,044 - SUAS - DEBUG - [SUAS_main.main:736] - Waiting for mode change to: AUTO
2025-06-22 01:19:48,462 - SUAS - DEBUG - [SUAS_main._rc_listener_thread:300] - RC channel 9 raw = 982
2025-06-22 01:19:48,545 - SUAS - DEBUG - [SUAS_main.main:736] - Waiting for mode change to: AUTO
2025-06-22 01:19:49,047 - SUAS - DEBUG - [SUAS_main.main:736] - Waiting for mode change to: AUTO
2025-06-22 01:19:49,463 - SUAS - DEBUG - [SUAS_main._rc_listener_thread:300] - RC channel 9 raw = 982
2025-06-22 01:19:49,548 - SUAS - DEBUG - [SUAS_main.main:736] - Waiting for mode change to: AUTO
2025-06-22 01:19:50,049 - SUAS - DEBUG - [SUAS_main.main:736] - Waiting for mode change to: AUTO
2025-06-22 01:19:50,464 - SUAS - DEBUG - [SUAS_main._rc_listener_thread:300] - RC channel 9 raw = 982
2025-06-22 01:19:50,551 - SUAS - DEBUG - [SUAS_main.main:736] - Waiting for mode change to: AUTO
2025-06-22 01:19:51,052 - SUAS - DEBUG - [SUAS_main.main:736] - Waiting for mode change to: AUTO
2025-06-22 01:19:51,466 - SUAS - DEBUG - [SUAS_main._rc_listener_thread:300] - RC channel 9 raw = 988
2025-06-22 01:19:51,554 - SUAS - DEBUG - [SUAS_main.main:736] - Waiting for mode change to: AUTO
2025-06-22 01:19:52,056 - SUAS - DEBUG - [SUAS_main.main:736] - Waiting for mode change to: AUTO
2025-06-22 01:19:52,467 - SUAS - DEBUG - [SUAS_main._rc_listener_thread:300] - RC channel 9 raw = 988
2025-06-22 01:19:52,558 - SUAS - DEBUG - [SUAS_main.main:736] - Waiting for mode change to: AUTO
2025-06-22 01:19:53,059 - SUAS - DEBUG - [SUAS_main.main:736] - Waiting for mode change to: AUTO
2025-06-22 01:19:53,469 - SUAS - DEBUG - [SUAS_main._rc_listener_thread:300] - RC channel 9 raw = 1001
2025-06-22 01:19:53,561 - SUAS - DEBUG - [SUAS_main.main:736] - Waiting for mode change to: AUTO
2025-06-22 01:19:54,062 - SUAS - DEBUG - [SUAS_main.main:736] - Waiting for mode change to: AUTO
2025-06-22 01:19:54,469 - SUAS - DEBUG - [SUAS_main._rc_listener_thread:300] - RC channel 9 raw = 1495
2025-06-22 01:19:54,564 - SUAS - DEBUG - [SUAS_main.main:736] - Waiting for mode change to: AUTO
2025-06-22 01:19:54,570 - SUAS - DEBUG - [SUAS_main._rc_listener_thread:313] - WPNAV_SPEED changed: 600 → 800
2025-06-22 01:19:55,065 - SUAS - DEBUG - [SUAS_main.main:736] - Waiting for mode change to: AUTO
2025-06-22 01:19:55,567 - SUAS - DEBUG - [SUAS_main.main:736] - Waiting for mode change to: AUTO
2025-06-22 01:19:55,571 - SUAS - DEBUG - [SUAS_main._rc_listener_thread:300] - RC channel 9 raw = 1495
2025-06-22 01:19:56,068 - SUAS - DEBUG - [SUAS_main.main:736] - Waiting for mode change to: AUTO
2025-06-22 01:19:56,569 - SUAS - DEBUG - [SUAS_main.main:736] - Waiting for mode change to: AUTO
2025-06-22 01:19:56,572 - SUAS - DEBUG - [SUAS_main._rc_listener_thread:300] - RC channel 9 raw = 1495
2025-06-22 01:19:57,071 - SUAS - DEBUG - [SUAS_main.main:736] - Waiting for mode change to: AUTO
2025-06-22 01:19:57,572 - SUAS - DEBUG - [SUAS_main.main:736] - Waiting for mode change to: AUTO
2025-06-22 01:19:57,573 - SUAS - DEBUG - [SUAS_main._rc_listener_thread:300] - RC channel 9 raw = 1495
2025-06-22 01:19:58,075 - SUAS - DEBUG - [SUAS_main.main:736] - Waiting for mode change to: AUTO
2025-06-22 01:19:58,575 - SUAS - DEBUG - [SUAS_main._rc_listener_thread:300] - RC channel 9 raw = 1495
2025-06-22 01:19:58,577 - SUAS - DEBUG - [SUAS_main.main:736] - Waiting for mode change to: AUTO
2025-06-22 01:19:59,078 - SUAS - DEBUG - [SUAS_main.main:736] - Waiting for mode change to: AUTO
2025-06-22 01:19:59,577 - SUAS - DEBUG - [SUAS_main._rc_listener_thread:300] - RC channel 9 raw = 1495
2025-06-22 01:19:59,579 - SUAS - DEBUG - [SUAS_main.main:736] - Waiting for mode change to: AUTO
2025-06-22 01:20:00,081 - SUAS - DEBUG - [SUAS_main.main:736] - Waiting for mode change to: AUTO
2025-06-22 01:20:00,578 - SUAS - DEBUG - [SUAS_main._rc_listener_thread:300] - RC channel 9 raw = 2001
2025-06-22 01:20:00,582 - SUAS - DEBUG - [SUAS_main.main:736] - Waiting for mode change to: AUTO
2025-06-22 01:20:00,679 - SUAS - DEBUG - [SUAS_main._rc_listener_thread:313] - WPNAV_SPEED changed: 800 → 1000
2025-06-22 01:20:01,084 - SUAS - DEBUG - [SUAS_main.main:736] - Waiting for mode change to: AUTO
2025-06-22 01:20:01,585 - SUAS - DEBUG - [SUAS_main.main:736] - Waiting for mode change to: AUTO
2025-06-22 01:20:01,680 - SUAS - DEBUG - [SUAS_main._rc_listener_thread:300] - RC channel 9 raw = 2006
2025-06-22 01:20:02,086 - SUAS - DEBUG - [SUAS_main.main:736] - Waiting for mode change to: AUTO
2025-06-22 01:20:02,588 - SUAS - DEBUG - [SUAS_main.main:736] - Waiting for mode change to: AUTO
2025-06-22 01:20:02,681 - SUAS - DEBUG - [SUAS_main._rc_listener_thread:300] - RC channel 9 raw = 2006
2025-06-22 01:20:03,089 - SUAS - DEBUG - [SUAS_main.main:736] - Waiting for mode change to: AUTO
2025-06-22 01:20:03,591 - SUAS - DEBUG - [SUAS_main.main:736] - Waiting for mode change to: AUTO
2025-06-22 01:20:03,681 - SUAS - DEBUG - [SUAS_main._rc_listener_thread:300] - RC channel 9 raw = 2006
2025-06-22 01:20:04,092 - SUAS - DEBUG - [SUAS_main.main:736] - Waiting for mode change to: AUTO
2025-06-22 01:20:04,594 - SUAS - DEBUG - [SUAS_main.main:736] - Waiting for mode change to: AUTO
2025-06-22 01:20:04,682 - SUAS - DEBUG - [SUAS_main._rc_listener_thread:300] - RC channel 9 raw = 2006
2025-06-22 01:20:05,096 - SUAS - DEBUG - [SUAS_main.main:736] - Waiting for mode change to: AUTO
2025-06-22 01:20:05,597 - SUAS - DEBUG - [SUAS_main.main:736] - Waiting for mode change to: AUTO
2025-06-22 01:20:05,683 - SUAS - DEBUG - [SUAS_main._rc_listener_thread:300] - RC channel 9 raw = 1495
2025-06-22 01:20:05,784 - SUAS - DEBUG - [SUAS_main._rc_listener_thread:313] - WPNAV_SPEED changed: 1000 → 800
2025-06-22 01:20:06,099 - SUAS - DEBUG - [SUAS_main.main:736] - Waiting for mode change to: AUTO
2025-06-22 01:20:06,600 - SUAS - DEBUG - [SUAS_main.main:736] - Waiting for mode change to: AUTO
2025-06-22 01:20:06,785 - SUAS - DEBUG - [SUAS_main._rc_listener_thread:300] - RC channel 9 raw = 1495
2025-06-22 01:20:07,102 - SUAS - DEBUG - [SUAS_main.main:736] - Waiting for mode change to: AUTO
2025-06-22 01:20:07,603 - SUAS - DEBUG - [SUAS_main.main:736] - Waiting for mode change to: AUTO
2025-06-22 01:20:07,786 - SUAS - DEBUG - [SUAS_main._rc_listener_thread:300] - RC channel 9 raw = 1495
2025-06-22 01:20:08,104 - SUAS - DEBUG - [SUAS_main.main:736] - Waiting for mode change to: AUTO
2025-06-22 01:20:08,606 - SUAS - DEBUG - [SUAS_main.main:736] - Waiting for mode change to: AUTO
2025-06-22 01:20:08,788 - SUAS - DEBUG - [SUAS_main._rc_listener_thread:300] - RC channel 9 raw = 1495
2025-06-22 01:20:09,107 - SUAS - DEBUG - [SUAS_main.main:736] - Waiting for mode change to: AUTO
2025-06-22 01:20:09,609 - SUAS - DEBUG - [SUAS_main.main:736] - Waiting for mode change to: AUTO
2025-06-22 01:20:09,789 - SUAS - DEBUG - [SUAS_main._rc_listener_thread:300] - RC channel 9 raw = 1410
2025-06-22 01:20:10,110 - SUAS - DEBUG - [SUAS_main.main:736] - Waiting for mode change to: AUTO
2025-06-22 01:20:10,612 - SUAS - DEBUG - [SUAS_main.main:736] - Waiting for mode change to: AUTO
2025-06-22 01:20:10,790 - SUAS - DEBUG - [SUAS_main._rc_listener_thread:300] - RC channel 9 raw = 982
2025-06-22 01:20:10,891 - SUAS - DEBUG - [SUAS_main._rc_listener_thread:313] - WPNAV_SPEED changed: 800 → 600
2025-06-22 01:20:11,113 - SUAS - DEBUG - [SUAS_main.main:736] - Waiting for mode change to: AUTO
2025-06-22 01:20:11,615 - SUAS - DEBUG - [SUAS_main.main:736] - Waiting for mode change to: AUTO
2025-06-22 01:20:11,893 - SUAS - DEBUG - [SUAS_main._rc_listener_thread:300] - RC channel 9 raw = 982
2025-06-22 01:20:12,116 - SUAS - DEBUG - [SUAS_main.main:736] - Waiting for mode change to: AUTO
2025-06-22 01:20:12,617 - SUAS - DEBUG - [SUAS_main.main:736] - Waiting for mode change to: AUTO
2025-06-22 01:20:12,894 - SUAS - DEBUG - [SUAS_main._rc_listener_thread:300] - RC channel 9 raw = 982
2025-06-22 01:20:13,119 - SUAS - DEBUG - [SUAS_main.main:736] - Waiting for mode change to: AUTO
2025-06-22 01:20:13,620 - SUAS - DEBUG - [SUAS_main.main:736] - Waiting for mode change to: AUTO
2025-06-22 01:20:13,896 - SUAS - DEBUG - [SUAS_main._rc_listener_thread:300] - RC channel 9 raw = 982
2025-06-22 01:20:14,121 - SUAS - DEBUG - [SUAS_main.main:736] - Waiting for mode change to: AUTO
2025-06-22 01:20:14,623 - SUAS - DEBUG - [SUAS_main.main:736] - Waiting for mode change to: AUTO
2025-06-22 01:20:14,897 - SUAS - DEBUG - [SUAS_main._rc_listener_thread:300] - RC channel 9 raw = 982
2025-06-22 01:20:15,124 - SUAS - DEBUG - [SUAS_main.main:736] - Waiting for mode change to: AUTO
2025-06-22 01:20:15,625 - SUAS - DEBUG - [SUAS_main.main:736] - Waiting for mode change to: AUTO
2025-06-22 01:20:15,898 - SUAS - DEBUG - [SUAS_main._rc_listener_thread:300] - RC channel 9 raw = 982
2025-06-22 01:20:16,126 - SUAS - DEBUG - [SUAS_main.main:736] - Waiting for mode change to: AUTO
2025-06-22 01:20:16,628 - SUAS - DEBUG - [SUAS_main.main:736] - Waiting for mode change to: AUTO
2025-06-22 01:20:16,899 - SUAS - DEBUG - [SUAS_main._rc_listener_thread:300] - RC channel 9 raw = 982
2025-06-22 01:20:17,129 - SUAS - DEBUG - [SUAS_main.main:736] - Waiting for mode change to: AUTO
2025-06-22 01:20:17,631 - SUAS - DEBUG - [SUAS_main.main:736] - Waiting for mode change to: AUTO
2025-06-22 01:20:17,901 - SUAS - DEBUG - [SUAS_main._rc_listener_thread:300] - RC channel 9 raw = 1133
2025-06-22 01:20:18,132 - SUAS - DEBUG - [SUAS_main.main:736] - Waiting for mode change to: AUTO
2025-06-22 01:20:18,634 - SUAS - DEBUG - [SUAS_main.main:736] - Waiting for mode change to: AUTO
2025-06-22 01:20:18,902 - SUAS - DEBUG - [SUAS_main._rc_listener_thread:300] - RC channel 9 raw = 1133
2025-06-22 01:20:19,135 - SUAS - DEBUG - [SUAS_main.main:736] - Waiting for mode change to: AUTO
2025-06-22 01:20:19,637 - SUAS - DEBUG - [SUAS_main.main:736] - Waiting for mode change to: AUTO
2025-06-22 01:20:19,903 - SUAS - DEBUG - [SUAS_main._rc_listener_thread:300] - RC channel 9 raw = 1133
2025-06-22 01:20:20,138 - SUAS - DEBUG - [SUAS_main.main:736] - Waiting for mode change to: AUTO
2025-06-22 01:20:20,640 - SUAS - DEBUG - [SUAS_main.main:736] - Waiting for mode change to: AUTO
2025-06-22 01:20:20,905 - SUAS - DEBUG - [SUAS_main._rc_listener_thread:300] - RC channel 9 raw = 1132
2025-06-22 01:20:21,141 - SUAS - DEBUG - [SUAS_main.main:736] - Waiting for mode change to: AUTO
2025-06-22 01:20:21,642 - SUAS - DEBUG - [SUAS_main.main:736] - Waiting for mode change to: AUTO
2025-06-22 01:20:21,906 - SUAS - DEBUG - [SUAS_main._rc_listener_thread:300] - RC channel 9 raw = 1132
2025-06-22 01:20:22,144 - SUAS - DEBUG - [SUAS_main.main:736] - Waiting for mode change to: AUTO
2025-06-22 01:20:22,645 - SUAS - DEBUG - [SUAS_main.main:736] - Waiting for mode change to: AUTO
2025-06-22 01:20:22,908 - SUAS - DEBUG - [SUAS_main._rc_listener_thread:300] - RC channel 9 raw = 1132
2025-06-22 01:20:23,147 - SUAS - DEBUG - [SUAS_main.main:736] - Waiting for mode change to: AUTO
2025-06-22 01:20:23,648 - SUAS - DEBUG - [SUAS_main.main:736] - Waiting for mode change to: AUTO
2025-06-22 01:20:23,909 - SUAS - DEBUG - [SUAS_main._rc_listener_thread:300] - RC channel 9 raw = 1132
2025-06-22 01:20:24,150 - SUAS - DEBUG - [SUAS_main.main:736] - Waiting for mode change to: AUTO
2025-06-22 01:20:24,651 - SUAS - DEBUG - [SUAS_main.main:736] - Waiting for mode change to: AUTO
2025-06-22 01:20:24,910 - SUAS - DEBUG - [SUAS_main._rc_listener_thread:300] - RC channel 9 raw = 1132
2025-06-22 01:20:25,153 - SUAS - DEBUG - [SUAS_main.main:736] - Waiting for mode change to: AUTO
2025-06-22 01:20:25,655 - SUAS - DEBUG - [SUAS_main.main:736] - Waiting for mode change to: AUTO
2025-06-22 01:20:25,912 - SUAS - DEBUG - [SUAS_main._rc_listener_thread:300] - RC channel 9 raw = 1132
2025-06-22 01:20:26,156 - SUAS - DEBUG - [SUAS_main.main:736] - Waiting for mode change to: AUTO
2025-06-22 01:20:26,661 - SUAS - DEBUG - [SUAS_main.main:736] - Waiting for mode change to: AUTO
2025-06-22 01:20:26,914 - SUAS - DEBUG - [SUAS_main._rc_listener_thread:300] - RC channel 9 raw = 1132
2025-06-22 01:20:27,162 - SUAS - DEBUG - [SUAS_main.main:736] - Waiting for mode change to: AUTO
2025-06-22 01:20:27,917 - SUAS - DEBUG - [SUAS_main._rc_listener_thread:300] - RC channel 9 raw = 1133
